===== 1 ===== 
[gi[Event, "Wch, U10"]] ...
U10"] Gives us inValid move: 
8 ♖  ♘  ♗  ♕  ♔  ♗  ♘  ♖  
7 ♙  ♙  ♙  ♙  ♙  ♙  ♙  ♙  
6 .  .  .  .  .  .  .  .  
5 .  .  .  .  .  .  .  .  
4 .  .  .  .  .  .  .  .  
3 .  .  .  .  .  .  .  .  
2 ♟  ♟  ♟  ♟  ♟  ♟  ♟  ♟  
1 ♜  ♞  ♝  ♛  ♚  ♝  ♞  ♜  
  a  b  c  d  e  f  g  h

===== 4 ===== 
[e4, e6, d4, d5, Nd2, c5, exd5, exd5, Ngf3, Nc6, Bb5, Bd6, O-O, Ne7] ...
Ne7 Gives us inValid move: more than one valid move, The notation is disambiguous
8 ♖  .  ♗  ♕  ♔  .  ♘  ♖  
7 ♙  ♙  .  .  .  ♙  ♙  ♙  
6 .  .  ♘  ♗  .  .  .  .  
5 .  ♝  ♙  ♙  .  .  .  .  
4 .  .  .  ♟  .  .  .  .  
3 .  .  .  .  .  ♞  .  .  
2 ♟  ♟  ♟  ♞  .  ♟  ♟  ♟  
1 ♜  .  ♝  ♛  .  ♜  ♚  .  
  a  b  c  d  e  f  g  h

===== 35 ===== 
[e4, e6, d4, d5, Nd2, Nc6, Ngf3, Nf6, e5, Nd7, Be2, f6, exf6, Nxf6, O-O, Bd6, c4, O-O, Re1, Ne4, cxd5, exd5, Nxe4, dxe4, Bc4+, Kh8, Rxe4, Bf5, Bg5, Bxe4, Bxd8, Bxf3, gxf3, Raxd8, Bd5, Bxh2+, Kxh2, Rxd5, Rc1, Rf6, Kg2, Rxd4, Qb3, Rb4, Re1, h6, Re8+, Kh7, Qd3+, Rg6+, Kh3, Nd4, Re4, c5, Rg4, Rb6] ...
Rb6 Gives us inValid move: more than one valid move, The notation is disambiguous
8 .  .  .  .  .  .  .  .  
7 ♙  ♙  .  .  .  .  ♙  ♔  
6 .  .  .  .  .  .  ♖  ♙  
5 .  .  ♙  .  .  .  .  .  
4 .  ♖  .  ♘  .  .  ♜  .  
3 .  .  .  ♛  .  ♟  .  ♚  
2 ♟  ♟  .  .  .  ♟  .  .  
1 .  .  .  .  .  .  .  .  
  a  b  c  d  e  f  g  h

===== 40 ===== 
[e4, g6, d4, Bg7, Nc3, d6, Bg5, c6, Qd2, b5, a3, Nd7, f4, Nb6, Nf3, Nf6, Bd3, Nc4, Bxc4, bxc4, O-O, O-O, Rae1, Re8, f5, Rb8, Bh6, Rxb2, Nd1, Rb1, Qg5, e5, fxe6] ...
fxe6 Gives us inValid move: No such move for piece found: []
8 .  .  ♗  ♕  ♖  .  ♔  .  
7 ♙  .  .  .  .  ♙  ♗  ♙  
6 .  .  ♙  ♙  .  ♘  ♙  ♝  
5 .  .  .  .  ♙  ♟  ♛  .  
4 .  .  ♙  ♟  ♟  .  .  .  
3 ♟  .  .  .  .  ♞  .  .  
2 .  .  ♟  .  .  .  ♟  ♟  
1 .  ♖  .  ♞  ♜  ♜  ♚  .  
  a  b  c  d  e  f  g  h

===== 47 ===== 
[e4, e6, d4, d5, Nd2, Nc6, Ngf3, Nf6, e5, Nd7, Be2, f6, exf6, Qxf6, Nf1, Bd6, Ne3, O-O, O-O, Qg6, c4, Nf6, g3, b6, Nh4, Qe8, f4, Ne7, Nf3, c5, Re1, Qd8, Bf1, Nc6, a3, a5, b3, cxd4, Nxd4, Nxd4, Qxd4, Bc5, Qd3, Ra7, cxd5, exd5, Bb2, Ba6, Qd1, d4, Bxa6, dxe3, Bc4+, Kh8, Qxd8, Rxd8, Re2, Rad7, Rae1, Ne4, Kg2, Nd2, Be6, Rd3, b4, axb4, axb4, Bxb4, Rxe3, Rxe3, Rxe3, h6, f5, Be7, Be5, b5, Rc3, Ne4, Rc7, Bf6, Bxf6, Nxf6, Rb7, Rd2+, Kh3, Rb2, Bf7, g5, fxg6] ...
fxg6 Gives us inValid move: No such move for piece found: []
8 .  .  .  .  .  .  .  ♔  
7 .  ♜  .  .  .  ♝  .  .  
6 .  .  .  .  .  ♘  .  ♙  
5 .  ♙  .  .  .  ♟  ♙  .  
4 .  .  .  .  .  .  .  .  
3 .  .  .  .  .  .  ♟  ♚  
2 .  ♖  .  .  .  .  .  ♟  
1 .  .  .  .  .  .  .  .  
  a  b  c  d  e  f  g  h

===== 75 ===== 
[e4, e5, Nf3, Nc6, Bb5, f5, Nc3, fxe4, Nxe4, Nf6, Qe2, Qe7, O-O, d5, Ng3, e4, Nd4, Qc5, Nb3, Bg4, Nxc5, Bxe2, Nxe2, Bxc5, d4, exd3] ...
exd3 Gives us inValid move: No such move for piece found: []
8 ♖  .  .  .  ♔  .  .  ♖  
7 ♙  ♙  ♙  .  .  .  ♙  ♙  
6 .  .  ♘  .  .  ♘  .  .  
5 .  ♝  ♗  ♙  .  .  .  .  
4 .  .  .  ♟  ♙  .  .  .  
3 .  .  .  .  .  .  .  .  
2 ♟  ♟  ♟  .  ♞  ♟  ♟  ♟  
1 ♜  .  ♝  .  .  ♜  ♚  .  
  a  b  c  d  e  f  g  h

===== 102 ===== 
[e4, e6, d4, d5, Nd2, Nf6, e5, Nfd7, Bd3, c5, c3, b6, f4, Ba6, Ndf3, Bxd3, Qxd3, Nc6, Ne2, Rc8, O-O, cxd4, cxd4, Be7, Bd2, O-O, f5, Ndb8, Nf4, Qd7, g4, Na5, Nh5, exf5, gxf5, Nc4, Kh1, Nxb2, Qb1, Nc4, f6, Nxd2, Nxd2, gxf6, Rxf6, Kh8, Rh6, f5, exf6] ...
exf6 Gives us inValid move: No such move for piece found: []
8 .  ♘  ♖  .  .  ♖  .  ♔  
7 ♙  .  .  ♕  ♗  .  .  ♙  
6 .  ♙  .  .  .  .  .  ♜  
5 .  .  .  ♙  ♟  ♙  .  ♞  
4 .  .  .  ♟  .  .  .  .  
3 .  .  .  .  .  .  .  .  
2 ♟  .  .  ♞  .  .  .  ♟  
1 ♜  ♛  .  .  .  .  .  ♚  
  a  b  c  d  e  f  g  h

===== 110 ===== 
[e4, e5, Nf3, Nc6, Nc3, Nf6, g3, Bc5, Bg2, d6, d3, Bb6, O-O, O-O, h3, Be6, Ng5, Bd7, Kh2, h6, Nf3, Be6, Na4, d5, Nxb6, axb6, Qe2, Re8, b3, b5, Bb2, Qd6, Rfd1, b4, d4, Nxe4, dxe5, Qc5, Nd4, Nxd4, Bxd4, Qc6, Qe3, Ra3, c4, bxc3] ...
bxc3 Gives us inValid move: No such move for piece found: [Black pawn can only capture down diagonally]
8 .  .  .  .  ♖  .  ♔  .  
7 .  ♙  ♙  .  .  ♙  ♙  .  
6 .  .  ♕  .  ♗  .  .  ♙  
5 .  .  .  ♙  ♟  .  .  .  
4 .  ♙  ♟  ♝  ♘  .  .  .  
3 ♖  ♟  .  .  ♛  .  ♟  ♟  
2 ♟  .  .  .  .  ♟  ♝  ♚  
1 ♜  .  .  ♜  .  .  .  .  
  a  b  c  d  e  f  g  h

===== 114 ===== 
[e4, e6, d4, d5, Nd2, Nf6, e5, Nfd7, Bd3, c5, c3, b6, Nh3, Ba6, Bxa6, Nxa6, O-O, Nc7, Nf4, Be7, Qg4, g6, Re1, c4, Nf3, b5, h4, h6, Nh3, a5, h5, g5, Nh2, f5, exf6] ...
exf6 Gives us inValid move: No such move for piece found: []
8 ♖  .  .  ♕  ♔  .  .  ♖  
7 .  .  ♘  ♘  ♗  .  .  .  
6 .  .  .  .  ♙  .  .  ♙  
5 ♙  ♙  .  ♙  ♟  ♙  ♙  ♟  
4 .  .  ♙  ♟  .  .  ♛  .  
3 .  .  ♟  .  .  .  .  ♞  
2 ♟  ♟  .  .  .  ♟  ♟  ♞  
1 ♜  .  ♝  .  ♜  .  ♚  .  
  a  b  c  d  e  f  g  h

===== 123 ===== 
[Nf3, d5, g3, c6, Bg2, Nf6, b3, Bg4, Bb2, Nbd7, d3, e6, Nbd2, Bd6, h3, Bxf3, Bxf3, O-O, O-O, a5, a4, Qb6, Kh1, Bc5, e3, e5, Bg2, Rfe8, Qe2, Rad8, Rac1, Bb4, Qd1, e4, d4, h5, c3, Bd6, f4, exf3] ...
exf3 Gives us inValid move: No such move for piece found: []
8 .  .  .  ♖  ♖  .  ♔  .  
7 .  ♙  .  ♘  .  ♙  ♙  .  
6 .  ♕  ♙  ♗  .  ♘  .  .  
5 ♙  .  .  ♙  .  .  .  ♙  
4 ♟  .  .  ♟  ♙  ♟  .  .  
3 .  ♟  ♟  .  ♟  .  ♟  ♟  
2 .  ♝  .  ♞  .  .  ♝  .  
1 .  .  ♜  ♛  .  ♜  .  ♚  
  a  b  c  d  e  f  g  h

===== 147 ===== 
[e4, c5, Nf3, Nc6, d4, cxd4, Nxd4, Nf6, Nc3, d6, Bc4, e6, Be3, Be7, Qe2, O-O, O-O-O, a6, Bb3, Qc7, g4, Nxd4, Rxd4, b5, g5, Nd7, Rg1, Nc5, Qh5, Rd8, e5, g6, Qh6, Bf8, Qh3, d5, Rh4, Qxe5, Bd4, Qf5, Qg3, Bd6, f4, Bb7, Kb1, h5, gxh6] ...
gxh6 Gives us inValid move: No such move for piece found: []
8 ♖  .  .  ♖  .  .  ♔  .  
7 .  ♗  .  .  .  ♙  .  .  
6 ♙  .  .  ♗  ♙  .  ♙  .  
5 .  ♙  ♘  ♙  .  ♕  ♟  ♙  
4 .  .  .  ♝  .  ♟  .  ♜  
3 .  ♝  ♞  .  .  .  ♛  .  
2 ♟  ♟  ♟  .  .  .  .  ♟  
1 .  ♚  .  .  .  .  ♜  .  
  a  b  c  d  e  f  g  h

===== 164 ===== 
[e4, b6, d4, Bb7, Bd3, Nf6, Qe2, e6, Nf3, c5, c3, d5, e5, Nfd7, Bg5, Qc8, Nbd2, h6, Be3, cxd4, cxd4, Ba6, O-O, Bxd3, Qxd3, Qa6, Qc3, Nc6, Rfc1, Rc8, Rc2, Be7, Rac1, O-O, a3, f5, exf6] ...
exf6 Gives us inValid move: No such move for piece found: []
8 .  .  ♖  .  .  ♖  ♔  .  
7 ♙  .  .  ♘  ♗  .  ♙  .  
6 ♕  ♙  ♘  .  ♙  .  .  ♙  
5 .  .  .  ♙  ♟  ♙  .  .  
4 .  .  .  ♟  .  .  .  .  
3 ♟  .  ♛  .  ♝  ♞  .  .  
2 .  ♟  ♜  ♞  .  ♟  ♟  ♟  
1 .  .  ♜  .  .  .  ♚  .  
  a  b  c  d  e  f  g  h

===== 173 ===== 
[e4, e5, Nf3, Nc6, Bc4, Bc5, c3, Nf6, d3, a6, Nbd2, O-O, Nf1, Ng4, d4, exd4, cxd4, Bb4+, N1d2, Nf6, d5, Ne7, O-O, d6, a3, Bc5, b4, Ba7, Bb2, Ng6, h3, Re8, Re1, Nh5, Bf1, Bd7, Rc1, Rc8, Nc4, Nhf4, Bd4, Bxd4, Qxd4, Bb5, g3, Nh5, Re3, Nf6, Na5, Bxf1, Kxf1, c5, dxc6] ...
dxc6 Gives us inValid move: No such move for piece found: []
8 .  .  ♖  ♕  ♖  .  ♔  .  
7 .  ♙  .  .  .  ♙  ♙  ♙  
6 ♙  .  .  ♙  .  ♘  ♘  .  
5 ♞  .  ♙  ♟  .  .  .  .  
4 .  ♟  .  ♛  ♟  .  .  .  
3 ♟  .  .  .  ♜  ♞  ♟  ♟  
2 .  .  .  .  .  ♟  .  .  
1 .  .  ♜  .  .  ♚  .  .  
  a  b  c  d  e  f  g  h

===== 188 ===== 
[e4, e5, Nf3, Nc6, Bb5, a6, Ba4, Nf6, O-O, Be7, Re1, b5, Bb3, d6, c3, O-O, h3, Na5, Bc2, c5, d4, Qc7, Nbd2, cxd4, cxd4, Nc6, Nb3, a5, Be3, a4, Nbd2, Bd7, Rc1, Qb7, Qe2, Rfe8, Bd3, Rab8, d5, Nb4, Bb1, Bd8, a3, Na6, Bd3, h6, Kh1, Qa8, Rg1, Nh7, b4, axb3] ...
axb3 Gives us inValid move: No such move for piece found: []
8 ♕  ♖  .  ♗  ♖  .  ♔  .  
7 .  .  .  ♗  .  ♙  ♙  ♘  
6 ♘  .  .  ♙  .  .  .  ♙  
5 .  ♙  .  ♟  ♙  .  .  .  
4 ♙  ♟  .  .  ♟  .  .  .  
3 ♟  .  .  ♝  ♝  ♞  .  ♟  
2 .  .  .  ♞  ♛  ♟  ♟  .  
1 .  .  ♜  .  .  .  ♜  ♚  
  a  b  c  d  e  f  g  h

===== 190 ===== 
[d4, d5, c4, e6, Nc3, c6, e3, Nf6, Nf3, Nbd7, Qc2, Bd6, Be2, O-O, O-O, dxc4, Bxc4, Qe7, e4, e5, h3, exd4, Nxd4, Ne5, Be2, Ng6, f4, Re8, Nf5, Bc5+, Kh2, Bxf5, exf5, Nf8, Bf3, Rad8, Bd2, Be3, Bxe3, Qxe3, Kh1, Rd2, Qb3, Qb6, Qxb6, axb6, b4, Re3, Rac1, b5, a4, bxa4, Nxa4, Rd4, Rb1, Rxf4, Nc5, b6, Na6, Rc3, Rfc1, Rfc4, Rxc3, Rxc3, Nb8, c5, bxc5, bxc5, Rb6, Rc1+, Kh2, c4, Rc6, h5, Rc8, g5, fxg6] ...
fxg6 Gives us inValid move: No such move for piece found: []
8 .  ♞  ♜  .  .  ♘  ♔  .  
7 .  .  .  .  .  ♙  .  .  
6 .  .  .  .  .  ♘  .  .  
5 .  .  .  .  .  ♟  ♙  ♙  
4 .  .  ♙  .  .  .  .  .  
3 .  .  .  .  .  ♝  .  ♟  
2 .  .  .  .  .  .  ♟  ♚  
1 .  .  ♖  .  .  .  .  .  
  a  b  c  d  e  f  g  h

===== 193 ===== 
[e4, c5, Nf3, Nc6, Bb5, g6, O-O, Bg7, Re1, Nf6, Nc3, O-O, e5, Ne8, Bxc6, dxc6, d3, Nc7, h3, Be6, Bg5, Re8, Qc1, Bd5, Ne4, Ne6, Bh6, f5, exf6] ...
exf6 Gives us inValid move: No such move for piece found: []
8 ♖  .  .  ♕  ♖  .  ♔  .  
7 ♙  ♙  .  .  ♙  .  ♗  ♙  
6 .  .  ♙  .  ♘  .  ♙  ♝  
5 .  .  ♙  ♗  ♟  ♙  .  .  
4 .  .  .  .  ♞  .  .  .  
3 .  .  .  ♟  .  ♞  .  ♟  
2 ♟  ♟  ♟  .  .  ♟  ♟  .  
1 ♜  .  ♛  .  ♜  .  ♚  .  
  a  b  c  d  e  f  g  h

===== 197 ===== 
[e4, c5, c3, Nf6, e5, Nd5, d4, cxd4, Nf3, Nc6, Bc4, Nb6, Bb3, g6, Ng5, d5, exd6] ...
exd6 Gives us inValid move: No such move for piece found: []
8 ♖  .  ♗  ♕  ♔  ♗  .  ♖  
7 ♙  ♙  .  .  ♙  ♙  .  ♙  
6 .  ♘  ♘  .  .  .  ♙  .  
5 .  .  .  ♙  ♟  .  ♞  .  
4 .  .  .  ♙  .  .  .  .  
3 .  ♝  ♟  .  .  .  .  .  
2 ♟  ♟  .  .  .  ♟  ♟  ♟  
1 ♜  ♞  ♝  ♛  ♚  .  .  ♜  
  a  b  c  d  e  f  g  h

===== 200 ===== 
[e4, c5, Nf3, g6, d4, Bg7, d5, Nf6, Nc3, d6, Bc4, O-O, O-O, Na6, h3, Nc7, Re1, e5, dxe6] ...
dxe6 Gives us inValid move: No such move for piece found: []
8 ♖  .  ♗  ♕  .  ♖  ♔  .  
7 ♙  ♙  ♘  .  .  ♙  ♗  ♙  
6 .  .  .  ♙  .  ♘  ♙  .  
5 .  .  ♙  ♟  ♙  .  .  .  
4 .  .  ♝  .  ♟  .  .  .  
3 .  .  ♞  .  .  ♞  .  ♟  
2 ♟  ♟  ♟  .  .  ♟  ♟  .  
1 ♜  .  ♝  ♛  ♜  .  ♚  .  
  a  b  c  d  e  f  g  h

===== 222 ===== 
[e4, c5, Nf3, d6, d4, cxd4, Nxd4, Nf6, Nc3, Nc6, Bg5, e6, Qd2, a6, O-O-O, Nxd4, Qxd4, Be7, f4, b5, Bxf6, gxf6, Be2, Qc7, f5, Qc5, fxe6, fxe6, Qxc5, dxc5, Bh5+, Kf8, e5, f5, g4, Ra7, gxf5, exf5, Nd5, Bg5+, Kb1, Be6, Rhg1, Rd7, Rxg5, Rxd5, Rxf5+, Ke7, Rg5, Rg8, Rxg8, Rxd1+, Bxd1, Bxg8, Bg4, Be6, Bf3, Bf7, a4, bxa4, Be2, a5, Kc1, Bd5, Bg4, Be6, Bf3, Bc4, Kd2, Ke6, Kc3, Ba2, Be2, Bd5, Bb5, Kxe5, Bxa4, h5, Bb3, Kd6, h4, Bxb3, Kxb3, Kc6, Ka4, Kb6, c4, Ka6, Kb3, Kb6, Kc3, a4, b4, axb3] ...
axb3 Gives us inValid move: No such move for piece found: []
8 .  .  .  .  .  .  .  .  
7 .  .  .  .  .  .  .  .  
6 .  ♔  .  .  .  .  .  .  
5 .  .  ♙  .  .  .  .  ♙  
4 ♙  ♟  ♟  .  .  .  .  ♟  
3 .  .  ♚  .  .  .  .  .  
2 .  .  .  .  .  .  .  .  
1 .  .  .  .  .  .  .  .  
  a  b  c  d  e  f  g  h

===== 225 ===== 
[e4, c5, Nf3, d6, d4, cxd4, Nxd4, Nf6, Nc3, Nc6, Bg5, e6, Qd2, a6, O-O-O, Nxd4, Qxd4, Be7, f4, b5, Bxf6, gxf6, Be2, Qc7, f5, Qc5, fxe6, fxe6, Qxc5, dxc5, Bh5+, Kf8, e5, f5, g4, Ra7, gxf5, exf5, Nd5, Bg5+, Kb1, Be6, Rhg1, Rd7, Rxg5, Rxd5, Rxf5+, Ke7, Rg5, Rg8, Rxg8, Rxd1+, Bxd1, Bxg8, Bg4, Be6, Bf3, Bf7, a4, bxa4, Be2, a5, Kc1, Bd5, Bg4, Be6, Bf3, Bc4, Kd2, Ke6, Kc3, Ba2, Be2, Bd5, Bb5, Kxe5, Bxa4, h5, Bb3, Kd6, h4, Bxb3, Kxb3, Kc6, Ka4, Kb6, c4, Ka6, Kb3, Kb6, Kc3, a4, b4, axb3] ...
axb3 Gives us inValid move: No such move for piece found: []
8 .  .  .  .  .  .  .  .  
7 .  .  .  .  .  .  .  .  
6 .  ♔  .  .  .  .  .  .  
5 .  .  ♙  .  .  .  .  ♙  
4 ♙  ♟  ♟  .  .  .  .  ♟  
3 .  .  ♚  .  .  .  .  .  
2 .  .  .  .  .  .  .  .  
1 .  .  .  .  .  .  .  .  
  a  b  c  d  e  f  g  h

===== 236 ===== 
[e4, c5, Nf3, Nc6, c3, Nf6, e5, Nd5, d4, cxd4, cxd4, d6, Bc4, Nb6, Bb5, dxe5, Nxe5, Bd7, Bxc6, Bxc6, Nxc6, bxc6, O-O, g6, Nc3, Bg7, Be3, O-O, Re1, Nd5, Qa4, Qb6, Rab1, e6, Ne4, Qb5, Qc2, Rfd8, Rec1, Rac8, a3, Qb6, Nc5, Nxe3, fxe3, e5, Rf1, exd4, Qc4, Qc7, Rf3, dxe3, Rbf1, e2, Re1, Rd1, Kf2, Rxe1, Kxe1, Bxb2, Qxe2, Bd4, Ne4, Qe7, Rd3, c5, Nd2, Qxe2+, Kxe2, Re8+, Kf3, Kg7, Nc4, Rb8, Nd6, Rb6, Nc4, Rb1, Ke4, Rc1, Kd5, Rc2, Rg3, h5, h4, Bf2, Rh3, Bd4, Rg3, Bf2, Rh3, Bd4, Rb3, Rxg2, Rb7, Rh2, Nd6, Rxh4, Rxf7+, Kg8, Rxa7, Rf4, a4, h4, Rb7, h3, Rb1, h2, Rh1, Bg1, a5, Ra4, Nc4, g5, Nd2, Rxa5, Nf3, g4, Nxg1, hxg1=N, Rxg1] ...
Rxg1 Gives us inValid move: Pawn can move diagonally only when capturing
8 .  .  .  .  .  .  ♔  .  
7 .  .  .  .  .  .  .  .  
6 .  .  .  .  .  .  .  .  
5 ♖  .  ♙  ♚  .  .  .  .  
4 .  .  .  .  .  .  ♙  .  
3 .  .  .  .  .  .  .  .  
2 .  .  .  .  .  .  .  ♙  
1 .  .  .  .  .  .  ♞  ♜  
  a  b  c  d  e  f  g  h

===== 240 ===== 
[e4, c5, Nf3, e6, d4, cxd4, Nxd4, a6, c4, Nf6, Nc3, Bb4, Bd3, Nc6, Ne2] ...
Ne2 Gives us inValid move: more than one valid move, The notation is disambiguous
8 ♖  .  ♗  ♕  ♔  .  .  ♖  
7 .  ♙  .  ♙  .  ♙  ♙  ♙  
6 ♙  .  ♘  .  ♙  ♘  .  .  
5 .  .  .  .  .  .  .  .  
4 .  ♗  ♟  ♞  ♟  .  .  .  
3 .  .  ♞  ♝  .  .  .  .  
2 ♟  ♟  .  .  .  ♟  ♟  ♟  
1 ♜  .  ♝  ♛  ♚  .  .  ♜  
  a  b  c  d  e  f  g  h

===== 252 ===== 
[e4, Nf6, e5, Nd5, d4, d6, Nf3, Bg4, Be2, c6, c4, Nb6, Nbd2, N8d7, O-O, Bxf3, Nxf3, dxe5, dxe5, e6, Bd2, Nc5, Qc2, Be7, b4, Ncd7, Qe4, Qc7, Bc3, Na4, Bd2, O-O, Bd1, Nab6, Bc2, g6, h4, Rfd8, h5, Nf8, Rad1, Rd7, hxg6, hxg6, g3, Rad8, Kg2, a6, Rh1, f5, exf6] ...
exf6 Gives us inValid move: No such move for piece found: []
8 .  .  .  ♖  .  ♘  ♔  .  
7 .  ♙  ♕  ♖  ♗  .  .  .  
6 ♙  ♘  ♙  .  ♙  .  ♙  .  
5 .  .  .  .  ♟  ♙  .  .  
4 .  ♟  ♟  .  ♛  .  .  .  
3 .  .  .  .  .  ♞  ♟  .  
2 ♟  .  ♝  ♝  .  ♟  ♚  .  
1 .  .  .  ♜  .  .  .  ♜  
  a  b  c  d  e  f  g  h

===== 261 ===== 
[e4, e5, Nf3, Nc6, Bb5, a6, Bxc6, dxc6, O-O, f6, d4, Bg4, dxe5, Qxd1, Rxd1, fxe5, Nbd2, O-O-O, Re1, Bd6, h3, Bh5, Nh4, Bf7, Ndf3, g6, b3, h6, Bb2, Re8, c4, c5, Nh2, Rh7, Ng4, h5, Ne3, Ne7, Nd5, Rh6, Nxe7+, Bxe7, Nf3, Bf6, h4, Rh7, g3, Bg8, Kg2, Rd7, Rac1, b6, Rc2, Kb7, Ng5, Bxg5, hxg5, Kc6, Re3, Rd6, f4, exf4, gxf4, Be6, Rf2, Bg4, Be5, Rd1, Kg3, Rg1+, Kh2, Rd1, Bc3, Re7, Rd2, Rxd2+, Bxd2, Rd7, Be1, Kd6, Rd3+, Ke6, Rxd7, Kxd7, Kg3, Ke6, Bc3, Be2, Kh4, Bf3, f5+, gxf5, e5, f4, g6, Bg4, Kg5, f3, g7, Kf7, Kh6, f2, Kh7, f1=Q, g8=Q+, Ke7, Qg5+] ...
Qg5+ Gives us inValid move: Pawn can move diagonally only when capturing
8 .  .  .  .  .  .  .  .  
7 .  .  ♙  .  ♔  .  ♟  ♚  
6 ♙  ♙  .  .  .  .  .  .  
5 .  .  ♙  .  ♟  .  .  ♙  
4 .  .  ♟  .  .  .  ♗  .  
3 .  ♟  ♝  .  .  .  .  .  
2 ♟  .  .  .  .  ♙  .  .  
1 .  .  .  .  .  .  .  .  
  a  b  c  d  e  f  g  h

===== 267 ===== 
[e4, c5, Nf3, e6, d4, cxd4, Nxd4, Nc6, Nc3, Qc7, Be2, a6, O-O, Nf6, Kh1, Nxd4, Qxd4, Bc5, Qd3, b5, f4, Bb7, Bf3, h5, e5, Ng4, Bxb7, Qxb7, Ne4, Be7, Be3, Rc8, c3, Qc6, Bd4, Nh6, b3, Nf5, Bf2, O-O, Rad1, Rfd8, Qe2, d5, exd6] ...
exd6 Gives us inValid move: No such move for piece found: []
8 .  .  ♖  ♖  .  .  ♔  .  
7 .  .  .  .  ♗  ♙  ♙  .  
6 ♙  .  ♕  .  ♙  .  .  .  
5 .  ♙  .  ♙  ♟  ♘  .  ♙  
4 .  .  .  .  ♞  ♟  .  .  
3 .  ♟  ♟  .  .  .  .  .  
2 ♟  .  .  .  ♛  ♝  ♟  ♟  
1 .  .  .  ♜  .  ♜  .  ♚  
  a  b  c  d  e  f  g  h

===== 275 ===== 
[e4, g6, d4, Bg7, Nc3, d6, f4, Nf6, Nf3, O-O, Bd3, Na6, O-O, c5, d5, Bg4, Bc4, Nc7, h3, Bxf3, Qxf3, a6, a4, b6, Qd3, Qb8, Be3, Qb7, Rab1, e6, b4, exd5, exd5, cxb4, Rxb4, b5, axb5, axb5, Bb3, Ra5, f5, Qa6, fxg6, hxg6, Ne4, Ra1, Nxf6+, Bxf6, Rf4] ...
Rf4 Gives us inValid move: more than one valid move, The notation is disambiguous
8 .  .  .  .  .  ♖  ♔  .  
7 .  .  ♘  .  .  ♙  .  .  
6 ♕  .  .  ♙  .  ♗  ♙  .  
5 .  ♙  .  ♟  .  .  .  .  
4 .  ♜  .  .  .  .  .  .  
3 .  ♝  .  ♛  ♝  .  .  ♟  
2 .  .  ♟  .  .  .  ♟  .  
1 ♖  .  .  .  .  ♜  ♚  .  
  a  b  c  d  e  f  g  h

===== 291 ===== 
[e4, c5, Nf3, Nc6, Bb5, e6, O-O, Nge7, c3, a6, Ba4, b5, Bc2, Bb7, Qe2, Qb6, Rd1, d5, e5, d4, Be4, Rd8, d3, h6, Nbd2, Nd5, cxd4, cxd4, a4, Be7, axb5, axb5, Nb3, O-O, Bd2, b4, Bc1, Ba6, Nbxd4, Nxd4, Nxd4, f5, exf6] ...
exf6 Gives us inValid move: No such move for piece found: []
8 .  .  .  ♖  .  ♖  ♔  .  
7 .  .  .  .  ♗  .  ♙  .  
6 ♗  ♕  .  .  ♙  .  .  ♙  
5 .  .  .  ♘  ♟  ♙  .  .  
4 .  ♙  .  ♞  ♝  .  .  .  
3 .  .  .  ♟  .  .  .  .  
2 .  ♟  .  .  ♛  ♟  ♟  ♟  
1 ♜  .  ♝  ♜  .  .  ♚  .  
  a  b  c  d  e  f  g  h

===== 292 ===== 
[e4, e5, Nf3, Nc6, Bb5, a6, Ba4, Nf6, O-O, Bc5, c3, Ba7, d4, O-O, Bg5, Ne7, Bxf6, gxf6, dxe5, Ng6, exf6, Qxf6, Nd4, d5, exd5, Rd8, Bb3, c5, dxc6] ...
dxc6 Gives us inValid move: No such move for piece found: []
8 ♖  .  ♗  ♖  .  .  ♔  .  
7 ♗  ♙  .  .  .  ♙  .  ♙  
6 ♙  .  .  .  .  ♕  ♘  .  
5 .  .  ♙  ♟  .  .  .  .  
4 .  .  .  ♞  .  .  .  .  
3 .  ♝  ♟  .  .  .  .  .  
2 ♟  ♟  .  .  .  ♟  ♟  ♟  
1 ♜  ♞  .  ♛  .  ♜  ♚  .  
  a  b  c  d  e  f  g  h

===== 296 ===== 
[e4, c5, Nf3, d6, d4, cxd4, Nxd4, Nf6, Nc3, a6, f3, Qb6, Nb3, e6, Qe2, Nc6, Be3, Qc7, g4, h6, O-O-O, b5, h4, Bb7, Rg1, Ne5, g5, hxg5, hxg5, Nfd7, f4, Nc4, Bd4, e5, Nd5, Bxd5, exd5, O-O-O, fxe5, dxe5, Bf2, f5, gxf6] ...
gxf6 Gives us inValid move: No such move for piece found: []
8 .  .  ♔  ♖  .  ♗  .  ♖  
7 .  .  ♕  ♘  .  .  ♙  .  
6 ♙  .  .  .  .  .  .  .  
5 .  ♙  .  ♟  ♙  ♙  ♟  .  
4 .  .  ♘  .  .  .  .  .  
3 .  ♞  .  .  .  .  .  .  
2 ♟  ♟  ♟  .  ♛  ♝  .  .  
1 .  .  ♚  ♜  .  ♝  ♜  .  
  a  b  c  d  e  f  g  h

===== 302 ===== 
[e4, e5, Nf3, Nc6, Bb5, a6, Ba4, Nf6, O-O, b5, Bb3, Bc5, a4, Bb7, d3, O-O, Nc3, b4, Nd5, h6, Be3, Nd4, Bxd4, exd4, Ne5, Nxd5, exd5, Bd6, f4, Bxe5, fxe5, Qg5, Qe1, c5, Qe4, Rae8, Rf5, Qe3+, Qxe3, dxe3, Re1, g6, Rf3, Rxe5, Rfxe3, Rg5, Re5, d6, Rxg5, hxg5, Re7, Bc8, Bc4, Kg7, a5, g4, Ra7, Kf6, Ra8, Ke7, Bxa6, Bxa6, Rxa6, f5, Rb6, Ra8, a6, g5, c4, bxc3] ...
bxc3 Gives us inValid move: No such move for piece found: []
8 ♖  .  .  .  .  .  .  .  
7 .  .  .  .  ♔  .  .  .  
6 ♟  ♜  .  ♙  .  .  .  .  
5 .  .  ♙  ♟  .  ♙  ♙  .  
4 .  ♙  ♟  .  .  .  ♙  .  
3 .  .  .  ♟  .  .  .  .  
2 .  ♟  .  .  .  .  ♟  ♟  
1 .  .  .  .  .  .  ♚  .  
  a  b  c  d  e  f  g  h

===== 320 ===== 
[g3, d5, Bg2, Nf6, d3, g6, Nf3, Bg7, O-O, O-O, Nbd2, c5, e4, Nc6, Re1, e5, c3, Re8, a4, h6, exd5, Nxd5, Nc4, Qc7, a5, Be6, Qa4, Rab8, Nfd2, b5, axb6] ...
axb6 Gives us inValid move: No such move for piece found: []
8 .  ♖  .  .  ♖  .  ♔  .  
7 ♙  .  ♕  .  .  ♙  ♗  .  
6 .  .  ♘  .  ♗  .  ♙  ♙  
5 ♟  ♙  ♙  ♘  ♙  .  .  .  
4 ♛  .  ♞  .  .  .  .  .  
3 .  .  ♟  ♟  .  .  ♟  .  
2 .  ♟  .  ♞  .  ♟  ♝  ♟  
1 ♜  .  ♝  .  ♜  .  ♚  .  
  a  b  c  d  e  f  g  h

===== 358 ===== 
[c4, Nf6, Nc3, g6, g3, Bg7, Bg2, O-O, d3, d6, e3, e5, Nge2, c6, O-O, Na6, e4, Nh5, Be3, Qe7, Qd2, Nc5, d4, Nd7, Rad1, Re8, b3, a6, dxe5, dxe5, Na4, f5, Nb6, Nxb6, Bxb6, Be6, Rfe1, Nf6, exf5, gxf5, Nc3, Nd7, Be3, Qf7, Na4, Nf6, Bh6, Bxh6, Qxh6, Nd7, Rd6, Re7, Bf3, Qg6, Qh4, Qg7, c5, Rf8, Be2, Kh8, Bc4, Bxc4, Qxc4, e4, f4, exf3] ...
exf3 Gives us inValid move: No such move for piece found: []
8 .  .  .  .  .  ♖  .  ♔  
7 .  ♙  .  ♘  ♖  .  ♕  ♙  
6 ♙  .  ♙  ♜  .  .  .  .  
5 .  .  ♟  .  .  ♙  .  .  
4 ♞  .  ♛  .  ♙  ♟  .  .  
3 .  ♟  .  .  .  .  ♟  .  
2 ♟  .  .  .  .  .  .  ♟  
1 .  .  .  .  ♜  .  ♚  .  
  a  b  c  d  e  f  g  h

===== 390 ===== 
[e4, e6, d4, d5, e5, c5, c3, Nc6, Nf3, Qb6, a3, c4, Nbd2, f6, Be2, fxe5, Nxe5, Nxe5, dxe5, Bc5, O-O, Ne7, b4, cxb3] ...
cxb3 Gives us inValid move: No such move for piece found: []
8 ♖  .  ♗  .  ♔  .  .  ♖  
7 ♙  ♙  .  .  ♘  .  ♙  ♙  
6 .  ♕  .  .  ♙  .  .  .  
5 .  .  ♗  ♙  ♟  .  .  .  
4 .  ♟  ♙  .  .  .  .  .  
3 ♟  .  ♟  .  .  .  .  .  
2 .  .  .  ♞  ♝  ♟  ♟  ♟  
1 ♜  .  ♝  ♛  .  ♜  ♚  .  
  a  b  c  d  e  f  g  h

===== 394 ===== 
[e4, e6, d4, d5, e5, c5, c3, Qb6, Nf3, Nc6, a3, c4, Nbd2, Na5, g3, Be7, h4, Bd7, Bh3, f5, exf6] ...
exf6 Gives us inValid move: No such move for piece found: []
8 ♖  .  .  .  ♔  .  ♘  ♖  
7 ♙  ♙  .  ♗  ♗  .  ♙  ♙  
6 .  ♕  .  .  ♙  .  .  .  
5 ♘  .  .  ♙  ♟  ♙  .  .  
4 .  .  ♙  ♟  .  .  .  ♟  
3 ♟  .  ♟  .  .  ♞  ♟  ♝  
2 .  ♟  .  ♞  .  ♟  .  .  
1 ♜  .  ♝  ♛  ♚  .  .  ♜  
  a  b  c  d  e  f  g  h

===== 424 ===== 
[e4, e6, d4, d5, e5, c5, c3, Bd7, Nf3, Qb6, Bd3, cxd4, Nxd4, Nc6, Nxc6, Bxc6, Qe2, Ne7, Nd2, Ng6, Nf3, Be7, O-O, Qc7, Bd2, Bd7, Rae1, O-O, Nd4, Bc5, Qh5, Bxd4, cxd4, f5, exf6] ...
exf6 Gives us inValid move: No such move for piece found: []
8 ♖  .  .  .  .  ♖  ♔  .  
7 ♙  ♙  ♕  ♗  .  .  ♙  ♙  
6 .  .  .  .  ♙  .  ♘  .  
5 .  .  .  ♙  ♟  ♙  .  ♛  
4 .  .  .  ♟  .  .  .  .  
3 .  .  .  ♝  .  .  .  .  
2 ♟  ♟  .  ♝  .  ♟  ♟  ♟  
1 .  .  .  .  ♜  ♜  ♚  .  
  a  b  c  d  e  f  g  h

===== 454 ===== 
[e4, g6, d4, Bg7, Nc3, d6, f4, a6, Nf3, b5, Bd3, Nd7, e5, c5, Be3, Bb7, Be4, Qc8, Bxb7, Qxb7, dxc5, dxe5, Qd5, Qxd5, Nxd5, Rc8, Nb6, Nxb6, cxb6, e4, Ne5, Bxe5, fxe5, e6, Bc5, Ne7, Bd6, Rxc2, b7, Nc6, O-O, f5, exf6] ...
exf6 Gives us inValid move: No such move for piece found: []
8 .  .  .  .  ♔  .  .  ♖  
7 .  ♟  .  .  .  .  .  ♙  
6 ♙  .  ♘  ♝  ♙  .  ♙  .  
5 .  ♙  .  .  ♟  ♙  .  .  
4 .  .  .  .  ♙  .  .  .  
3 .  .  .  .  .  .  .  .  
2 ♟  ♟  ♖  .  .  .  ♟  ♟  
1 ♜  .  .  .  .  ♜  ♚  .  
  a  b  c  d  e  f  g  h

===== 497 ===== 
[e4, e5, Nf3, Nc6, Bb5, Nf6, O-O, Nxe4, d4, Nd6, Bxc6, dxc6, dxe5, Nf5, Qxd8+, Kxd8, Nc3, Ke8, h3, Be7, Ne2, b6, g4, Nh4, Nxh4, Bxh4, Nf4, g6, Kg2, f5, exf6] ...
exf6 Gives us inValid move: No such move for piece found: []
8 ♖  .  ♗  .  ♔  .  .  ♖  
7 ♙  .  ♙  .  .  .  .  ♙  
6 .  ♙  ♙  .  .  .  ♙  .  
5 .  .  .  .  ♟  ♙  .  .  
4 .  .  .  .  .  ♞  ♟  ♗  
3 .  .  .  .  .  .  .  ♟  
2 ♟  ♟  ♟  .  .  ♟  ♚  .  
1 ♜  .  ♝  .  .  ♜  .  .  
  a  b  c  d  e  f  g  h

===== 507 ===== 
[d4, Nf6, c4, e6, Nf3, b6, a3, Bb7, Nc3, d5, Bg5, Be7, Rc1, O-O, e3, Nbd7, cxd5, exd5, Bd3, c5, O-O, Ne4, Bxe7, Qxe7, dxc5, bxc5, Qe2, Rab8, Bxe4, dxe4, Nd2, f5, f3, Qe6, b4, exf3, Nxf3, Kh8, b5, Rbe8, Na4, f4, Nxc5, Nxc5, Rxc5, fxe3, Rc3, Bxf3, gxf3, Qe5, Rfc1, h6, Kh1, Rf5, a4, Re7, Rd3, Qf4, Rb1, Kh7, a5, Qc4, b6, Rxa5, Rxe3, Qxe2, Rxe2, Rxe2, b7, Re8, b8=Q, Rxb8] ...
Rxb8 Gives us inValid move: Invalid Rook move
8 .  .  .  .  ♖  .  .  .  
7 ♙  ♟  .  .  .  .  ♙  ♔  
6 .  .  .  .  .  .  .  ♙  
5 ♖  .  .  .  .  .  .  .  
4 .  .  .  .  .  .  .  .  
3 .  .  .  .  .  ♟  .  .  
2 .  .  .  .  .  .  .  ♟  
1 .  ♜  .  .  .  .  .  ♚  
  a  b  c  d  e  f  g  h

===== 511 ===== 
[e4, e6, d4, d5, e5, c5, c3, Nc6, Nf3, Bd7, Be2, Nge7, Na3, Ng6, h4, cxd4, cxd4, Bxa3, bxa3, h6, h5, Nge7, O-O, Na5, Rb1, Bc6, Bd3, Nc4, Nh4, Qa5, Qg4, Kd7, Rb4, Rag8, f4, f5, exf6] ...
exf6 Gives us inValid move: No such move for piece found: []
8 .  .  .  .  .  .  ♖  ♖  
7 ♙  ♙  .  ♔  ♘  .  ♙  .  
6 .  .  ♗  .  ♙  .  .  ♙  
5 ♕  .  .  ♙  ♟  ♙  .  ♟  
4 .  ♜  ♘  ♟  .  ♟  ♛  ♞  
3 ♟  .  .  ♝  .  .  .  .  
2 ♟  .  .  .  .  .  ♟  .  
1 .  .  ♝  .  .  ♜  ♚  .  
  a  b  c  d  e  f  g  h

===== 533 ===== 
[e4, c5, Nf3, Nc6, d4, cxd4, Nxd4, Nf6, Nc3, e5, Ndb5, d6, Bg5, a6, Na3, b5, Bxf6, gxf6, Nd5, f5, Bd3, Be6, O-O, Bxd5, exd5, Ne7, Qh5, e4, Be2, Bg7, c3, Qc8, Rad1, O-O, Nc2, Ng6, f4, exf3] ...
exf3 Gives us inValid move: No such move for piece found: []
8 ♖  .  ♕  .  .  ♖  ♔  .  
7 .  .  .  .  .  ♙  ♗  ♙  
6 ♙  .  .  ♙  .  .  ♘  .  
5 .  ♙  .  ♟  .  ♙  .  ♛  
4 .  .  .  .  ♙  ♟  .  .  
3 .  .  ♟  .  .  .  .  .  
2 ♟  ♟  ♞  .  ♝  .  ♟  ♟  
1 .  .  .  ♜  .  ♜  ♚  .  
  a  b  c  d  e  f  g  h

===== 545 ===== 
[e4, e6, d4, d5, e5, c5, c3, Bd7, Nf3, Qb6, a3, Bb5, b4, cxd4, Bxb5+, Qxb5, cxd4, Nd7, Nc3, Qc6, Na4, Ne7, Be3, Nb6, Nxb6, Qxb6, O-O, Nc6, Ne1, Be7, Qg4, g6, Nd3, O-O, Nc5, Qc7, Rac1, Rfc8, h4, b6, Nd3, Qd7, h5, Bf8, Nf4, Bg7, h6, Bxh6, Nh5, Bg7, Nxg7, Kxg7, Qh4, Kg8, Bg5, f5, exf6] ...
exf6 Gives us inValid move: No such move for piece found: []
8 ♖  .  ♖  .  .  .  ♔  .  
7 ♙  .  .  ♕  .  .  .  ♙  
6 .  ♙  ♘  .  ♙  .  ♙  .  
5 .  .  .  ♙  ♟  ♙  ♝  .  
4 .  ♟  .  ♟  .  .  .  ♛  
3 ♟  .  .  .  .  .  .  .  
2 .  .  .  .  .  ♟  ♟  .  
1 .  .  ♜  .  .  ♜  ♚  .  
  a  b  c  d  e  f  g  h

===== 544 ===== 
[e4, e6, d4, d5, e5, c5, c3, Nc6, Nf3, Qb6, a3, c4, Nbd2, Na5, g3, Bd7, h4, f5, exf6] ...
exf6 Gives us inValid move: No such move for piece found: []
8 ♖  .  .  .  ♔  ♗  ♘  ♖  
7 ♙  ♙  .  ♗  .  .  ♙  ♙  
6 .  ♕  .  .  ♙  .  .  .  
5 ♘  .  .  ♙  ♟  ♙  .  .  
4 .  .  ♙  ♟  .  .  .  ♟  
3 ♟  .  ♟  .  .  ♞  ♟  .  
2 .  ♟  .  ♞  .  ♟  .  .  
1 ♜  .  ♝  ♛  ♚  ♝  .  ♜  
  a  b  c  d  e  f  g  h

===== 553 ===== 
[d4, Nf6, Nf3, d5, c4, e6, Nc3, c6, Bg5, h6, Bh4, dxc4, e4, g5, Bg3, b5, Be2, Bb7, Ne5, Nbd7, Qc2, Bg7, Rd1, Qb6, O-O, Rd8, f4, Nxe5, fxe5, Nd7, Bf2, O-O, b4, cxb3] ...
cxb3 Gives us inValid move: No such move for piece found: [Black pawn can only capture down diagonally]
8 .  .  .  ♖  .  ♖  ♔  .  
7 ♙  ♗  .  ♘  .  ♙  ♗  .  
6 .  ♕  ♙  .  ♙  .  .  ♙  
5 .  ♙  .  .  ♟  .  ♙  .  
4 .  ♟  ♙  ♟  ♟  .  .  .  
3 .  .  ♞  .  .  .  .  .  
2 ♟  .  ♛  .  ♝  ♝  ♟  ♟  
1 .  .  .  ♜  .  ♜  ♚  .  
  a  b  c  d  e  f  g  h

===== 568 ===== 
[e4, c5, Nf3, Nc6, Bb5, e6, Bxc6, bxc6, b3, Ne7, Bb2, Ng6, h4, h5, e5, c4, bxc4, Rb8, Bc3, c5, d3, Be7, Nbd2, f5, g3, Bb7, Qe2, Qb6, Rg1, Qc6, a4, Ba8, Nh2, Rh6, f4, Nh8, Ndf3, Nf7, Kd2, Rh8, Ne1, g6, Nhf3, Kf8, Kc1, Qc7, Nd2, Nd8, Nb3, Nc6, Nf3, Nb4, Nfd2, Kf7, Kb2, a5, Nb1, Bc6, Be1, Rhe8, Nc3, d5, exd6] ...
exd6 Gives us inValid move: No such move for piece found: []
8 .  ♖  .  .  ♖  .  .  .  
7 .  .  ♕  .  ♗  ♔  .  .  
6 .  .  ♗  .  ♙  .  ♙  .  
5 ♙  .  ♙  ♙  ♟  ♙  .  ♙  
4 ♟  ♘  ♟  .  .  ♟  .  ♟  
3 .  ♞  ♞  ♟  .  .  ♟  .  
2 .  ♚  ♟  .  ♛  .  .  .  
1 ♜  .  .  .  ♝  .  ♜  .  
  a  b  c  d  e  f  g  h

===== 576 ===== 
[e4, e5, Nf3, Nc6, Bb5, a6, Ba4, Nf6, O-O, Be7, Re1, b5, Bb3, d6, c3, O-O, d4, Bg4, Be3, Bh5, h3, exd4, cxd4, d5, e5, Ne4, Nc3, Nxc3, bxc3, Na5, Bc2, Nc4, g4, Bg6, Bf5, Bxf5, gxf5, f6, e6, Qe8, Nh4, g5, fxg6] ...
fxg6 Gives us inValid move: No such move for piece found: [White pawn can only capture up diagonally]
8 ♖  .  .  .  ♕  ♖  ♔  .  
7 .  .  ♙  .  ♗  .  .  ♙  
6 ♙  .  .  .  ♟  ♙  .  .  
5 .  ♙  .  ♙  .  ♟  ♙  .  
4 .  .  ♘  ♟  .  .  .  ♞  
3 .  .  ♟  .  ♝  .  .  ♟  
2 ♟  .  .  .  .  ♟  .  .  
1 ♜  .  .  ♛  ♜  .  ♚  .  
  a  b  c  d  e  f  g  h

===== 580 ===== 
[d4, Nf6, c4, e6, Nf3, d5, Nc3, c6, e3, Nbd7, Bd3, dxc4, Bxc4, b5, Bd3, b4, Ne4, Nxe4, Bxe4, Bb7, O-O, Bd6, Qc2, Rc8, a3, f5, Bd3, c5, Qe2, c4, Bb1, bxa3, e4, fxe4, Bxe4, Bxe4, Qxe4, Qe7, Ng5, axb2, Bxb2, Qxg5, Qxe6+, Qe7, Rfe1, Kd8, Qh3, Qf7, Re6, c3, Bc1, Bf4, d5, Bxc1, Rxc1, Qf4, Re3, Rf8, Rc2, Qf5, Qh4+, g5, Qa4, Qxd5, h3, Rf4, Qa3, Qd1+, Kh2, Qxc2, Qa5+, Rc7, Qxg5+, Rf6, Qg8+, Rf8, Qd5, Qf5, Qa8+, Rc8, Qxa7, c2, Qa3, c1=Q, Qe7+, Kc7, Rg3, Qcc5] ...
Qcc5 Gives us inValid move: No such move for piece found: []
8 .  .  ♖  .  .  ♖  .  .  
7 .  .  ♔  ♘  ♛  .  .  ♙  
6 .  .  .  .  .  .  .  .  
5 .  .  .  .  .  ♕  .  .  
4 .  .  .  .  .  .  .  .  
3 .  .  .  .  .  .  ♜  ♟  
2 .  .  ♙  .  .  ♟  ♟  ♚  
1 .  .  .  .  .  .  .  .  
  a  b  c  d  e  f  g  h

===== 579 ===== 
[e4, d6, d4, Nf6, Nc3, e5, Nge2, Nbd7, g3, Be7, Bg2, O-O, O-O, c6, a4, b6, h3, Bb7, Be3, a6, g4, b5, Ng3, exd4, Qxd4, c5, Qd2, b4, Nce2, Ne5, b3, g6, Rad1, Qc7, f4, Nc6, g5, Nd7, e5, Nd4, Bxb7, Nxe2+, Qxe2, Qxb7, exd6, Bd8, Qg2, Qxg2+, Kxg2, Re8, Kf3, Bb6, Rfe1, f5, gxf6] ...
gxf6 Gives us inValid move: No such move for piece found: []
8 ♖  .  .  .  ♖  .  ♔  .  
7 .  .  .  ♘  .  .  .  ♙  
6 ♙  ♗  .  ♟  .  .  ♙  .  
5 .  .  ♙  .  .  ♙  ♟  .  
4 ♟  ♙  .  .  .  ♟  .  .  
3 .  ♟  .  .  ♝  ♚  ♞  ♟  
2 .  .  ♟  .  .  .  .  .  
1 .  .  .  ♜  ♜  .  .  .  
  a  b  c  d  e  f  g  h

===== 589 ===== 
[e4, e5, Nf3, Nc6, Bb5, a6, Ba4, Nf6, O-O, Be7, Re1, b5, Bb3, d6, c3, O-O, h3, Nb8, d4, Nbd7, Nbd2, Bb7, Bc2, Re8, Nf1, Bf8, Ng3, c5, d5, c4, Nf5, Qc7, g4, Reb8, g5, Nh5, Nxe5, Nxe5, Qxh5, g6, Nh6+, Bxh6, Qxh6, Nf3+, Kf1, Nxe1, Kxe1, Re8, Be3, Re5, Kd2, Rae8, Bd4, f5, gxf6] ...
gxf6 Gives us inValid move: No such move for piece found: []
8 .  .  .  .  ♖  .  ♔  .  
7 .  ♗  ♕  .  .  .  .  ♙  
6 ♙  .  .  ♙  .  .  ♙  ♛  
5 .  ♙  .  ♟  ♖  ♙  ♟  .  
4 .  .  ♙  ♝  ♟  .  .  .  
3 .  .  ♟  .  .  .  .  ♟  
2 ♟  ♟  ♝  ♚  .  ♟  .  .  
1 ♜  .  .  .  .  .  .  .  
  a  b  c  d  e  f  g  h

===== 609 ===== 
[d4, Nf6, Nf3, e6, c4, b6, Nc3, Bb7, a3, d5, Bg5, Be7, Bxf6, Bxf6, cxd5, exd5, Qa4+, Qd7, Qb3, c5, Rd1, c4, Qc2, O-O, g3, Re8, Bg2, Na6, O-O, Nc7, Rfe1, Rad8, h4, h5, e4, dxe4, Nxe4, Bxe4, Rxe4, Rxe4, Qxe4, Re8, Qb7, Re7, Qxa7, Qb5, d5, Na6, Qa8+, Re8, Qb7, Nc5, Qc7, Re7, Qc8+, Re8, Qf5, Qxb2, d6, c3, d7, Rd8, Re1, Nxd7, Ng5, Bxg5, hxg5, g6, Qe4, c2, Qe7, Rf8, Qe3, Nc5, Bd5, Kg7, Kg2, Nd3, Qxd3, c1=Q, Rxc1] ...
Rxc1 Gives us inValid move: Pawn can move diagonally only when capturing
8 .  .  .  .  .  ♖  .  .  
7 .  .  .  .  .  ♙  ♔  .  
6 .  ♙  .  .  .  .  ♙  .  
5 .  .  .  ♝  .  .  ♟  ♙  
4 .  .  .  .  .  .  .  .  
3 ♟  .  .  ♛  .  .  ♟  .  
2 .  ♕  ♙  .  .  ♟  ♚  .  
1 .  .  .  .  ♜  .  .  .  
  a  b  c  d  e  f  g  h

===== 626 ===== 
[d4, Nf6, c4, e6, g3, Bb4+, Bd2, a5, Bg2, d6, Nf3, Nbd7, O-O, e5, e3, Bxd2, Qxd2, O-O, Nc3, c6, e4, Re8, Rfe1, a4, Rab1, Qa5, b4, axb3] ...
axb3 Gives us inValid move: No such move for piece found: []
8 ♖  .  ♗  .  ♖  .  ♔  .  
7 .  ♙  .  ♘  .  ♙  ♙  ♙  
6 .  .  ♙  ♙  .  ♘  .  .  
5 ♕  .  .  .  ♙  .  .  .  
4 ♙  ♟  ♟  ♟  ♟  .  .  .  
3 .  .  ♞  .  .  ♞  ♟  .  
2 ♟  .  .  ♛  .  ♟  ♝  ♟  
1 .  ♜  .  .  ♜  .  ♚  .  
  a  b  c  d  e  f  g  h

===== 661 ===== 
[e4, e5, Nf3, Nc6, Bb5, a6, Ba4, Nf6, O-O, Be7, Re1, b5, Bb3, O-O, a3, Bc5, d3, d6, Nc3, Bg4, Be3, Bxe3, fxe3, Ne7, h3, Bd7, d4, Ng6, Qd3, c6, Rad1, Qe7, dxe5, dxe5, Qd6, Qxd6, Rxd6, Rfc8, Red1, Ra7, g4, h6, g5, hxg5, Nxg5, Be8, Rd8, Rcc7, Ne2, Kf8, Ng3, Nh4, Kf2, Ke7, Nf3, Nxf3, Nf5+, Kf8, Kxf3, g6, Nd6, Rd7, Rb8, Re7, Rc8, Rac7, Nxe8, Nxe8, Rdd8, Rxc8, Rxc8, Rc7, Ra8, Ke7, Rxa6, Nd6, a4, bxa4, Bxa4, c5, Bc6, c4, Ke2, f5, exf5, gxf5, b4, cxb3] ...
cxb3 Gives us inValid move: No such move for piece found: []
8 .  .  .  .  .  .  .  .  
7 .  .  ♖  .  ♔  .  .  .  
6 ♜  .  ♝  ♘  .  .  .  .  
5 .  .  .  .  ♙  ♙  .  .  
4 .  ♟  ♙  .  .  .  .  .  
3 .  .  .  .  ♟  .  .  ♟  
2 .  .  ♟  .  ♚  .  .  .  
1 .  .  .  .  .  .  .  .  
  a  b  c  d  e  f  g  h

===== 680 ===== 
[d4, d5, c4, c6, Nf3, Nf6, Nc3, e6, Bg5, Nbd7, e3, Qa5, cxd5, Nxd5, Qd2, h6, Bh4, Bb4, Rc1, c5, a3, Bxc3, bxc3, b6, c4, Qxd2+, Nxd2, N5f6, Be2, Bb7, f3, O-O, O-O, cxd4, exd4, e5, c5, bxc5, dxe5, Rfe8, Bb5, Rxe5, Nc4, Re6, Na5, Ba6, Bc4, Bxc4, Nxc4, Rae8, Rfd1, Re2, Bf2, R8e6, Kf1, Ra2, Rd2, Rxd2, Nxd2, Ra6, Rc3, Kf8, h4, Ke7, Bxc5+, Nxc5, Rxc5, Rxa3, Ne4, Nxe4, Re5+, Kd6, Rxe4, a5, h5, a4, Kf2, Ra1, Rf4, Ke6, g4, a3, Ra4, Kd5, Kg3, g5, hxg6] ...
hxg6 Gives us inValid move: No such move for piece found: []
8 .  .  .  .  .  .  .  .  
7 .  .  .  .  .  ♙  .  .  
6 .  .  .  .  .  .  .  ♙  
5 .  .  .  ♔  .  .  ♙  ♟  
4 ♜  .  .  .  .  .  ♟  .  
3 ♙  .  .  .  .  ♟  ♚  .  
2 .  .  .  .  .  .  .  .  
1 ♖  .  .  .  .  .  .  .  
  a  b  c  d  e  f  g  h

===== 678 ===== 
[e4, e5, Nf3, Nc6, Bb5, a6, Ba4, Nf6, O-O, Be7, Re1, b5, Bb3, O-O, a4, b4, d4, Nxd4, Nxd4, exd4, e5, Ne8, Qxd4, Bb7, Bf4, c5, Qe3, d5, exd6] ...
exd6 Gives us inValid move: No such move for piece found: []
8 ♖  .  .  ♕  ♘  ♖  ♔  .  
7 .  ♗  .  .  ♗  ♙  ♙  ♙  
6 ♙  .  .  .  .  .  .  .  
5 .  .  ♙  ♙  ♟  .  .  .  
4 ♟  ♙  .  .  .  ♝  .  .  
3 .  ♝  .  .  ♛  .  .  .  
2 .  ♟  ♟  .  .  ♟  ♟  ♟  
1 ♜  ♞  .  .  ♜  .  ♚  .  
  a  b  c  d  e  f  g  h

===== 686 ===== 
[e4, e5, Nf3, Nc6, Bb5, a6, Ba4, Nf6, O-O, Be7, Re1, b5, Bb3, O-O, a4, b4, d3, d6, a5, Be6, Nbd2, Qc8, Bc4, Re8, b3, Bf8, Bb2, h6, h3, Rb8, Nf1, g6, Ne3, Bg7, Nd2, Bxc4, dxc4, Nd4, Nd5, Nxd5, exd5, c5, dxc6] ...
dxc6 Gives us inValid move: No such move for piece found: []
8 .  ♖  ♕  .  ♖  .  ♔  .  
7 .  .  .  .  .  ♙  ♗  .  
6 ♙  .  .  ♙  .  .  ♙  ♙  
5 ♟  .  ♙  ♟  ♙  .  .  .  
4 .  ♙  ♟  ♘  .  .  .  .  
3 .  ♟  .  .  .  .  .  ♟  
2 .  ♝  ♟  ♞  .  ♟  ♟  .  
1 ♜  .  .  ♛  ♜  .  ♚  .  
  a  b  c  d  e  f  g  h

===== 698 ===== 
[e4, c5, Nf3, d6, d4, cxd4, Nxd4, Nf6, Nc3, a6, f3, e5, Nb3, Be6, Be3, Be7, Qd2, O-O, O-O-O, Nbd7, g4, Qc7, Kb1, b5, g5, Nh5, Nd5, Bxd5, exd5, Nb6, Na5, Nxd5, Qxd5, Qxa5, Rg1, g6, Bd3, Rfe8, c4, Rab8, cxb5, axb5, Rg4, Ng7, f4, Bf8, Rf1, e4, Bxe4, Nf5, Bd2, Qc7, Rc1, Qd7, Rgg1, b4, Rge1, Ne7, Qd3, d5, Bg2, Bg7, Bh3, Qd6, Re2, Red8, Be3, d4, Bd2, Nd5, Ka1, Nxf4, Bxf4, Qxf4, Rg1, Re8, Kb1, Re3, Rxe3, dxe3, Qc2, Re8, Bd7, Qf2, Rc1, Rd8, Qxf2, exf2, Bb5, Rd5, Bf1, Rxg5, Rd1, Rg1, a4, bxa3] ...
bxa3 Gives us inValid move: No such move for piece found: []
8 .  .  .  .  .  .  ♔  .  
7 .  .  .  .  .  ♙  ♗  ♙  
6 .  .  .  .  .  .  ♙  .  
5 .  .  .  .  .  .  .  .  
4 ♟  ♙  .  .  .  .  .  .  
3 .  .  .  .  .  .  .  .  
2 .  ♟  .  .  .  ♙  .  ♟  
1 .  ♚  .  ♜  .  ♝  ♖  .  
  a  b  c  d  e  f  g  h

===== 714 ===== 
[e4, c5, Nf3, Nc6, Nc3, e5, Bc4, d6, d3, Be7, O-O, Nf6, Ng5, O-O, f4, Bg4, Qe1, exf4, Bxf4, Nd4, Qd2, h6, Nf3, Bxf3, gxf3, Qd7, Be3, b5, Bxd4, bxc4, Bxf6, Bxf6, dxc4, Bd4+, Kh1, f5, Nd5, fxe4, c3, Be5, f4, Bf6, Rae1, Rae8, Qg2, Qf5, Re3, Re6, Rh3, Bd8, Ne3, Qh7, Qg4, Qg6, Qd1, Qf7, Rg3, Kh8, Qd5, Ree8, Qxd6, Bc7, Qxc5, Bxf4, Nd5, Qh5, Rg2, e3, Rfg1, Bxh2, Rxh2, Qf3+, Rhg2, Rf5, Re1, Rg5, Re2] ...
Re2 Gives us inValid move: more than one valid move, The notation is disambiguous
8 .  .  .  .  ♖  .  .  ♔  
7 ♙  .  .  .  .  .  ♙  .  
6 .  .  .  .  .  .  .  ♙  
5 .  .  ♛  ♞  .  .  ♖  .  
4 .  .  ♟  .  .  .  .  .  
3 .  .  ♟  .  ♙  ♕  .  .  
2 ♟  ♟  .  .  .  .  ♜  .  
1 .  .  .  .  ♜  .  .  ♚  
  a  b  c  d  e  f  g  h

===== 734 ===== 
[Nf3, Nf6, c4, b6, Nc3, Bb7, g3, c5, Bg2, g6, O-O, Bg7, d4, cxd4, Qxd4, d6, Rd1, Nbd7, Be3, a6, Rac1, Rc8, b3, O-O, Qh4, Rc7, Bh3, Qb8, g4, e6, g5, Nh5, Bg4, b5, Bxh5, gxh5, Qxh5, bxc4, b4, Bxf3, exf3, Qxb4, Bf4, Rc6, Ne4, d5, Nf6+, Nxf6, gxf6, Bxf6, Kh1, Kh8, Rg1, Qe7, Bh6, Rcc8, Rg3, Rg8, Rh3, Qd8, Bf8, Bh4, Rxh4, Qxh4, Qxh4, Rcxf8, Qf6+, Rg7, Rg1, Rg8] ...
Rg8 Gives us inValid move: more than one valid move, The notation is disambiguous
8 .  .  .  .  .  ♖  .  ♔  
7 .  .  .  .  .  ♙  ♖  ♙  
6 ♙  .  .  .  ♙  ♛  .  .  
5 .  .  .  ♙  .  .  .  .  
4 .  .  ♙  .  .  .  .  .  
3 .  .  .  .  .  ♟  .  .  
2 ♟  .  .  .  .  ♟  .  ♟  
1 .  .  .  .  .  .  ♜  ♚  
  a  b  c  d  e  f  g  h

===== 738 ===== 
[e4, e6, d4, d5, Nc3, Bb4, e5, c5, Qg4, Ne7, a3, Qa5, Bd2, cxd4, axb4, Qxa1+, Nd1, O-O, Nf3, f5, exf6] ...
exf6 Gives us inValid move: No such move for piece found: []
8 ♖  ♘  ♗  .  .  ♖  ♔  .  
7 ♙  ♙  .  .  ♘  .  ♙  ♙  
6 .  .  .  .  ♙  .  .  .  
5 .  .  .  ♙  ♟  ♙  .  .  
4 .  ♟  .  ♙  .  .  ♛  .  
3 .  .  .  .  .  ♞  .  .  
2 .  ♟  ♟  ♝  .  ♟  ♟  ♟  
1 ♕  .  .  ♞  ♚  ♝  .  ♜  
  a  b  c  d  e  f  g  h

===== 739 ===== 
[e4, e5, Nf3, Nc6, Bb5, Nf6, d3, Ne7, O-O, Ng6, d4, Be7, Re1, exd4, e5, Nd5, Qxd4, c6, Bc4, Nb6, Bb3, O-O, Nc3, d5, exd6] ...
exd6 Gives us inValid move: No such move for piece found: []
8 ♖  .  ♗  ♕  .  ♖  ♔  .  
7 ♙  ♙  .  .  ♗  ♙  ♙  ♙  
6 .  ♘  ♙  .  .  .  ♘  .  
5 .  .  .  ♙  ♟  .  .  .  
4 .  .  .  ♛  .  .  .  .  
3 .  ♝  ♞  .  .  ♞  .  .  
2 ♟  ♟  ♟  .  .  ♟  ♟  ♟  
1 ♜  .  ♝  .  ♜  .  ♚  .  
  a  b  c  d  e  f  g  h

===== 746 ===== 
[e4, c5, f4, e6, Nf3, d5, d3, Nc6, c3, Be7, Be2, Nh6, Ne5, Nxe5, fxe5, Bh4+, g3, Bg5, h4, Bxc1, Qxc1, O-O, Na3, Bd7, Qg5, dxe4, dxe4, Bc6, O-O, Bxe4, g4, f5, exf6] ...
exf6 Gives us inValid move: No such move for piece found: []
8 ♖  .  .  ♕  .  ♖  ♔  .  
7 ♙  ♙  .  .  .  .  ♙  ♙  
6 .  .  .  .  ♙  .  .  ♘  
5 .  .  ♙  .  ♟  ♙  ♛  .  
4 .  .  .  .  ♗  .  ♟  ♟  
3 ♞  .  ♟  .  .  .  .  .  
2 ♟  ♟  .  .  ♝  .  .  .  
1 ♜  .  .  .  .  ♜  ♚  .  
  a  b  c  d  e  f  g  h

===== 791 ===== 
[d4, Nf6, c4, e6, Nf3, d5, g3, Bb4+, Bd2, a5, Bg2, dxc4, a3, Be7, Qa4+, Bd7, Qxc4, Bc6, O-O, O-O, Bf4, Nd5, Nc3, Nxf4, gxf4, Nd7, e4, Nf6, Qe2, b5, Ne5, Bb7, Nxb5, c6, Nc3, Qxd4, Rfd1, Qa7, Qc4, Bc5, Rd2, a4, Nxa4, Bxf2+, Rxf2, Qxa4, Rd2, c5, Qxa4, Rxa4, b3, Ra6, Nd7, Nxd7, Rxd7, Rb6, Rb1, g6, b4, Ra8, Rc7, Rxa3, Rxc5, Ra4, Rc4, Ra2, Rd4, Kg7, b5, Rc2, Rdb4, h6, h4, Kf8, R1b2, Rc1+, Kf2, Ke7, e5, Bxg2, Kxg2, Rc5, Kf3, h5, Ke4, Rd5, R4b3, Ke8, Rb4, Kf8, R4b3, Ke7, Rb4, f6, exf6+, Kxf6, R4b3, Ke7, Rb4, Kf7, R4b3, Kf6, Rb4, Rf5, R4b3, Rd5, Rb4, Rc5, R2b3, e5, Rf3, exf4, Rxf4+, Ke6, Ke3, Rbxb5, Rbe4+, Re5, Kd4, Rb4+, Kd3, Rb3+, Kd4, Rb5] ...
Rb5 Gives us inValid move: more than one valid move, The notation is disambiguous
8 .  .  .  .  .  .  .  .  
7 .  .  .  .  .  .  .  .  
6 .  .  .  .  ♔  .  ♙  .  
5 .  .  .  .  ♖  .  .  ♙  
4 .  .  .  ♚  ♜  ♜  .  ♟  
3 .  ♖  .  .  .  .  .  .  
2 .  .  .  .  .  .  .  .  
1 .  .  .  .  .  .  .  .  
  a  b  c  d  e  f  g  h

===== 794 ===== 
[e4, c5, Nf3, d6, d4, cxd4, Nxd4, Nf6, Nc3, a6, f3, Qb6, a4, Nc6, Nb3, Na5, Nxa5, Qxa5, Bd2, Qc7, Nd5, Nxd5, exd5, e5, dxe6] ...
dxe6 Gives us inValid move: No such move for piece found: []
8 ♖  .  ♗  .  ♔  ♗  .  ♖  
7 .  ♙  ♕  .  .  ♙  ♙  ♙  
6 ♙  .  .  ♙  .  .  .  .  
5 .  .  .  ♟  ♙  .  .  .  
4 ♟  .  .  .  .  .  .  .  
3 .  .  .  .  .  ♟  .  .  
2 .  ♟  ♟  ♝  .  .  ♟  ♟  
1 ♜  .  .  ♛  ♚  ♝  .  ♜  
  a  b  c  d  e  f  g  h

===== 815 ===== 
[e4, c5, Nf3, Nc6, Bb5, e6, Bxc6, bxc6, d3, Qc7, O-O, d6, c3, Nf6, Re1, e5, d4, cxd4, cxd4, Bg4, Nbd2, Be7, h3, Bh5, Qc2, O-O, b3, Rac8, Bb2, Nd7, Rac1, Rfe8, Re3, f6, Rc3, c5, dxc5, dxc5, b4, Bf7, Ba3, Nb8, bxc5, Nc6, Rd3, Na5, Qa4, Red8, Rxd8+, Rxd8, Nb3, Nc6, Qa6, h6, Nfd2, Nd4, Nxd4, exd4, Bb4, Rc8, a3, Bf8, c6, Rb8, Ba5, Qc8, c7, Qxa6, cxb8=Q, Qxa5, Rc8] ...
Rc8 Gives us inValid move: Path is blocked by another piece
8 .  ♖  .  .  .  ♗  ♔  .  
7 ♙  .  ♟  .  .  ♗  ♙  .  
6 .  .  .  .  .  ♙  .  ♙  
5 ♕  .  .  .  .  .  .  .  
4 .  .  .  ♙  ♟  .  .  .  
3 ♟  .  .  .  .  .  .  ♟  
2 .  .  .  ♞  .  ♟  ♟  .  
1 .  .  ♜  .  .  .  ♚  .  
  a  b  c  d  e  f  g  h

===== 818 ===== 
[d4, Nf6, c4, e6, Nc3, Bb4, e3, O-O, Ne2] ...
Ne2 Gives us inValid move: more than one valid move, The notation is disambiguous
8 ♖  ♘  ♗  ♕  .  ♖  ♔  .  
7 ♙  ♙  ♙  ♙  .  ♙  ♙  ♙  
6 .  .  .  .  ♙  ♘  .  .  
5 .  .  .  .  .  .  .  .  
4 .  ♗  ♟  ♟  .  .  .  .  
3 .  .  ♞  .  ♟  .  .  .  
2 ♟  ♟  .  .  .  ♟  ♟  ♟  
1 ♜  .  ♝  ♛  ♚  ♝  ♞  ♜  
  a  b  c  d  e  f  g  h

===== 835 ===== 
[d4, Nf6, c4, e6, Nf3, b6, Nc3, Bb7, Bg5, Be7, e3, c5, Be2, cxd4, exd4, O-O, O-O, d5, Bxf6, Bxf6, cxd5, exd5, Re1, Re8, Bb5, Rxe1+, Qxe1, a6, Bf1, Nc6, Qe3, b5, Re1, g6, g3, Bg7, Bg2, Qd7, h4, h5, Kh2, Rd8, Bh3, Qd6, Ne2, Qe7, Nf4, Qxe3, fxe3, Na5, b3, Bf8, Rc1, Re8, Ne5, Bd6, Bg2, Kg7, Nxd5, Bxe5, dxe5, Rxe5, e4, Nc6, Kg1, Nd4, Rc7, Bxd5, exd5, Re1+, Kf2, Re2+, Kf1, Rd2, d6, Kf6, d7, Ke7, d8=Q+, Kxd8] ...
Kxd8 Gives us inValid move: Pawn can move diagonally only when capturing
8 .  .  .  .  .  .  .  .  
7 .  .  ♜  ♟  ♔  ♙  .  .  
6 ♙  .  .  .  .  .  ♙  .  
5 .  ♙  .  .  .  .  .  ♙  
4 .  .  .  ♘  .  .  .  ♟  
3 .  ♟  .  .  .  .  ♟  .  
2 ♟  .  .  ♖  .  .  ♝  .  
1 .  .  .  .  .  ♚  .  .  
  a  b  c  d  e  f  g  h

===== 840 ===== 
[d4, Nf6, c4, g6, g3, c5, Nf3, Bg7, Bg2, O-O, Nc3, cxd4, Nxd4, Qc7, Nd5, Nxd5, cxd5, Qa5+, Bd2, Qb6, Bc3, e5, dxe6] ...
dxe6 Gives us inValid move: No such move for piece found: []
8 ♖  ♘  ♗  .  .  ♖  ♔  .  
7 ♙  ♙  .  ♙  .  ♙  ♗  ♙  
6 .  ♕  .  .  .  .  ♙  .  
5 .  .  .  ♟  ♙  .  .  .  
4 .  .  .  ♞  .  .  .  .  
3 .  .  ♝  .  .  .  ♟  .  
2 ♟  ♟  .  .  ♟  ♟  ♝  ♟  
1 ♜  .  .  ♛  ♚  .  .  ♜  
  a  b  c  d  e  f  g  h

===== 845 ===== 
[e4, c5, Nf3, d6, d4, cxd4, Nxd4, Nf6, Nc3, a6, Be2, e5, Nb3, Be7, O-O, O-O, a4, Be6, f4, exf4, Nd4, f3, Bxf3, Nc6, Nf5, Re8, Kh1, Bf8, Bg5, h6, Bh4, g6, Nxd6, Bxd6, Bxf6, Qxf6, Qxd6, Rad8, Qg3, Qg5, Nd5, Bxd5, exd5, Ne5, Rad1, Nc4, Rd4, Ne3, Qxg5, hxg5, Rc1, Nxc2, Rd2, Ne3, d6, Nc4, d7, Nxd2, dxe8=Q+, Rxe8] ...
Rxe8 Gives us inValid move: Pawn can move diagonally only when capturing
8 .  .  .  ♖  ♖  .  ♔  .  
7 .  ♙  .  ♟  .  ♙  .  .  
6 ♙  .  .  .  .  .  ♙  .  
5 .  .  .  .  .  .  ♙  .  
4 ♟  .  .  .  .  .  .  .  
3 .  .  .  .  .  ♝  .  .  
2 .  ♟  .  ♘  .  .  ♟  ♟  
1 .  .  ♜  .  .  .  .  ♚  
  a  b  c  d  e  f  g  h

===== 864 ===== 
[d4, d5, c4, e6, Nf3, c5, cxd5, exd5, Nc3, Nc6, dxc5, d4, Na4, Bxc5, Nxc5, Qa5+, Qd2, Qxc5, e3, dxe3, Qxe3+, Qxe3+, Bxe3, Be6, Bb5, Ne7] ...
Ne7 Gives us inValid move: more than one valid move, The notation is disambiguous
8 ♖  .  .  .  ♔  .  ♘  ♖  
7 ♙  ♙  .  .  .  ♙  ♙  ♙  
6 .  .  ♘  .  ♗  .  .  .  
5 .  ♝  .  .  .  .  .  .  
4 .  .  .  .  .  .  .  .  
3 .  .  .  .  ♝  ♞  .  .  
2 ♟  ♟  .  .  .  ♟  ♟  ♟  
1 ♜  .  .  .  ♚  .  .  ♜  
  a  b  c  d  e  f  g  h

===== 875 ===== 
[e4, c5, Nf3, d6, Bb5+, Nc6, O-O, Bd7, Re1, Nf6, c3, a6, Bf1, Bg4, h3, Bxf3, Qxf3, g6, Na3, Nd7, Nc2, Bg7, Qd1, Qb6, a3, Na5, Ne3, Qb3, a4, Qxd1, Rxd1, Nb3, Ra3, Nxc1, Rxc1, Bh6, Nc4, Rb8, a5, O-O, Re1, Rfd8, Rb3, Ne5, Nxe5, dxe5, Rd1, Rd6, Bc4, b5, axb6] ...
axb6 Gives us inValid move: No such move for piece found: []
8 .  ♖  .  .  .  .  ♔  .  
7 .  .  .  .  ♙  ♙  .  ♙  
6 ♙  .  .  ♖  .  .  ♙  ♗  
5 ♟  ♙  ♙  .  ♙  .  .  .  
4 .  .  ♝  .  ♟  .  .  .  
3 .  ♜  ♟  .  .  .  .  ♟  
2 .  ♟  .  ♟  .  ♟  ♟  .  
1 .  .  .  ♜  .  .  ♚  .  
  a  b  c  d  e  f  g  h

===== 918 ===== 
[d4, d5, c4, c6, Nf3, Nf6, Nc3, a6, a4, e6, Bg5, a5, e3, Be7, Be2, O-O, O-O, Na6, Qb3, Nb4, Rfd1, b6, Na2, Nxa2, Rxa2, Nd7, Bxe7, Qxe7, cxd5, exd5, Rc1, Bb7, Qa3, Rfe8, Qxe7, Rxe7, Ra3, Kf8, Bd3, g6, g4, Ree8, Rb3, Rec8, g5, c5, Bb5, Bc6, Bxc6, Rxc6, Rd3, Rac8, Kg2, Ke7, Rcd1, c4, Rc3, R6c7, Nd2, f5, gxf6+] ...
gxf6+ Gives us inValid move: No such move for piece found: []
8 .  .  ♖  .  .  .  .  .  
7 .  .  ♖  ♘  ♔  .  .  ♙  
6 .  ♙  .  .  .  .  ♙  .  
5 ♙  .  .  ♙  .  ♙  ♟  .  
4 ♟  .  ♙  ♟  .  .  .  .  
3 .  .  ♜  .  ♟  .  .  .  
2 .  ♟  .  ♞  .  ♟  ♚  ♟  
1 .  .  .  ♜  .  .  .  .  
  a  b  c  d  e  f  g  h

===== 920 ===== 
[d4, Nf6, c4, e6, Nc3, Bb4, Qc2, d6, Bg5, Nbd7, e3, c5, Bd3, h6, Bh4, cxd4, exd4, e5, Ne2] ...
Ne2 Gives us inValid move: more than one valid move, The notation is disambiguous
8 ♖  .  ♗  ♕  ♔  .  .  ♖  
7 ♙  ♙  .  ♘  .  ♙  ♙  .  
6 .  .  .  ♙  .  ♘  .  ♙  
5 .  .  .  .  ♙  .  .  .  
4 .  ♗  ♟  ♟  .  .  .  ♝  
3 .  .  ♞  ♝  .  .  .  .  
2 ♟  ♟  ♛  .  .  ♟  ♟  ♟  
1 ♜  .  .  .  ♚  .  ♞  ♜  
  a  b  c  d  e  f  g  h

===== 932 ===== 
[e4, e6, d4, d5, Nc3, Nf6, e5, Nfd7, f4, c5, Nf3, Nc6, Be3, a6, Qd2, b5, a3, Qa5, Ra2, Qc7, Bd3, c4, Be2, Ne7, O-O, h5, Bd1, Nf5, Bf2, Be7, Ne2, Nf8, c3, a5, Bc2, a4, Raa1, Qd8, g3, Nh6, Rae1, Kd7, h3, Kc6, Kg2, Kb7, Nh2, f5, exf6] ...
exf6 Gives us inValid move: No such move for piece found: []
8 ♖  .  ♗  ♕  .  ♘  .  ♖  
7 .  ♔  .  .  ♗  .  ♙  .  
6 .  .  .  .  ♙  .  .  ♘  
5 .  ♙  .  ♙  ♟  ♙  .  ♙  
4 ♙  .  ♙  ♟  .  ♟  .  .  
3 ♟  .  ♟  .  .  .  ♟  ♟  
2 .  ♟  ♝  ♛  ♞  ♝  ♚  ♞  
1 .  .  .  .  ♜  ♜  .  .  
  a  b  c  d  e  f  g  h

===== 936 ===== 
[d4, Nf6, c4, e6, Nc3, Bb4, Nf3, d5, cxd5, exd5, Bg5, Nbd7, e3, c5, Bd3, Qa5, Qc2, c4, Bf5, O-O, O-O, g6, Bxd7, Nxd7, e4, Nb6, e5, Bf5, Qd2, Rfe8, a3, Bf8, a4, Nd7, h3, a6, g4, Be6, Bh6, Bb4, Ng5, Qb6, a5, Bxa5, f4, f5, exf6] ...
exf6 Gives us inValid move: No such move for piece found: []
8 ♖  .  .  .  ♖  .  ♔  .  
7 .  ♙  .  ♘  .  .  .  ♙  
6 ♙  ♕  .  .  ♗  .  ♙  ♝  
5 ♗  .  .  ♙  ♟  ♙  ♞  .  
4 .  .  ♙  ♟  .  ♟  ♟  .  
3 .  .  ♞  .  .  .  .  ♟  
2 .  ♟  .  ♛  .  .  .  .  
1 ♜  .  .  .  .  ♜  ♚  .  
  a  b  c  d  e  f  g  h

===== 940 ===== 
[e4, c5, Nf3, d6, d4, cxd4, Nxd4, Nf6, Nc3, a6, f3, e6, Be3, b5, Qd2, b4, Na4, Nbd7, c4, bxc3] ...
bxc3 Gives us inValid move: No such move for piece found: []
8 ♖  .  ♗  ♕  ♔  ♗  .  ♖  
7 .  .  .  ♘  .  ♙  ♙  ♙  
6 ♙  .  .  ♙  ♙  ♘  .  .  
5 .  .  .  .  .  .  .  .  
4 ♞  ♙  ♟  ♞  ♟  .  .  .  
3 .  .  .  .  ♝  ♟  .  .  
2 ♟  ♟  .  ♛  .  .  ♟  ♟  
1 ♜  .  .  .  ♚  ♝  .  ♜  
  a  b  c  d  e  f  g  h

===== 948 ===== 
[d4, d5, c4, dxc4, Nf3, Nf6, Nc3, a6, e4, b5, e5, Nd5, a4, e6, axb5, Nb6, Be3, Bb4, Nd2, axb5, Rxa8, Nxa8, Bxc4, c6, Bd3, Nd7, Nde4, Nc7, O-O, O-O, Qh5, g6, Qf3, Be7, Bh6, Re8, h4, b4, Na4, Nd5, Rc1, Qa5, b3, Qa7, Rc4, Ba6, Rc1, Ra8, Bxa6, Qxa6, Nac5, Nxc5, dxc5, Bxh4, Kh2, Be7, Nd6, Bxd6, cxd6, Qb7, Rd1, f5, exf6] ...
exf6 Gives us inValid move: No such move for piece found: []
8 ♖  .  .  .  .  .  ♔  .  
7 .  ♕  .  .  .  .  .  ♙  
6 .  .  ♙  ♟  ♙  .  ♙  ♝  
5 .  .  .  ♘  ♟  ♙  .  .  
4 .  ♙  .  .  .  .  .  .  
3 .  ♟  .  .  .  ♛  .  .  
2 .  .  .  .  .  ♟  ♟  ♚  
1 .  .  .  ♜  .  .  .  .  
  a  b  c  d  e  f  g  h

===== 978 ===== 
[d4, Nf6, c4, e6, Nf3, d5, Nc3, dxc4, Qa4+, c6, Qxc4, b5, Qd3, Nbd7, Bg5, Bb7, a3, a6, e4, c5, d5, c4, Qc2, Qc7, dxe6, fxe6, Be2, Bc5, O-O, O-O, b4, cxb3] ...
cxb3 Gives us inValid move: No such move for piece found: []
8 ♖  .  .  .  .  ♖  ♔  .  
7 .  ♗  ♕  ♘  .  .  ♙  ♙  
6 ♙  .  .  .  ♙  ♘  .  .  
5 .  ♙  ♗  .  .  .  ♝  .  
4 .  ♟  ♙  .  ♟  .  .  .  
3 ♟  .  ♞  .  .  ♞  .  .  
2 .  .  ♛  .  ♝  ♟  ♟  ♟  
1 ♜  .  .  .  .  ♜  ♚  .  
  a  b  c  d  e  f  g  h

===== 1040 ===== 
[d4, Nf6, c4, e6, Nc3, Bb4, Qc2, O-O, a3, Bxc3+, Qxc3, b6, e3, Bb7, Nf3, d6, Be2, Nbd7, O-O, Ne4, Qc2, f5, b4, Rf6, d5, Rg6, Bb2, c5, dxc6] ...
dxc6 Gives us inValid move: No such move for piece found: []
8 ♖  .  .  ♕  .  .  ♔  .  
7 ♙  ♗  .  ♘  .  .  ♙  ♙  
6 .  ♙  .  ♙  ♙  .  ♖  .  
5 .  .  ♙  ♟  .  ♙  .  .  
4 .  ♟  ♟  .  ♘  .  .  .  
3 ♟  .  .  .  ♟  ♞  .  .  
2 .  ♝  ♛  .  ♝  ♟  ♟  ♟  
1 ♜  .  .  .  .  ♜  ♚  .  
  a  b  c  d  e  f  g  h

===== 1058 ===== 
[e4, d6, d4, Nf6, Nc3, g6, Be3, a6, f3, b5, Qd2, Nbd7, Rd1, Bb7, Nh3, Nb6, Be2, Bg7, Bh6, O-O, Bxg7, Kxg7, Qe3, b4, Nb1, e6, Nf2, Qe7, O-O, Rfd8, c4, bxc3] ...
bxc3 Gives us inValid move: No such move for piece found: []
8 ♖  .  .  ♖  .  .  .  .  
7 .  ♗  ♙  .  ♕  ♙  ♔  ♙  
6 ♙  ♘  .  ♙  ♙  ♘  ♙  .  
5 .  .  .  .  .  .  .  .  
4 .  ♙  ♟  ♟  ♟  .  .  .  
3 .  .  .  .  ♛  ♟  .  .  
2 ♟  ♟  .  .  ♝  ♞  ♟  ♟  
1 .  ♞  .  ♜  .  ♜  ♚  .  
  a  b  c  d  e  f  g  h

===== 1066 ===== 
[e4, c5, Nf3, e6, d4, cxd4, Nxd4, a6, Nc3, b5, Bd3, Qb6, Nf3, Nc6, O-O, Nge7, Re1, Ng6, e5, Bb7, Qe2, Be7, Be4, Rc8, a3, Na5, Be3, Qc7, Bd4, Nc6, Rad1, O-O, h4, h6, g3, Nxd4, Rxd4, Bc5, Rd3, f5, exf6] ...
exf6 Gives us inValid move: No such move for piece found: []
8 .  .  ♖  .  .  ♖  ♔  .  
7 .  ♗  ♕  ♙  .  .  ♙  .  
6 ♙  .  .  .  ♙  .  ♘  ♙  
5 .  ♙  ♗  .  ♟  ♙  .  .  
4 .  .  .  .  ♝  .  .  ♟  
3 ♟  .  ♞  ♜  .  ♞  ♟  .  
2 .  ♟  ♟  .  ♛  ♟  .  .  
1 .  .  .  .  ♜  .  ♚  .  
  a  b  c  d  e  f  g  h

===== 1075 ===== 
[d4, Nf6, c4, c5, d5, e5, Nc3, d6, e4, Nbd7, g3, g6, Bg2, Bg7, Nf3, O-O, O-O, a6, a4, Ng4, Bd2, Kh8, a5, Qe7, Na4, f5, Ng5, Ndf6, Nb6, Rb8, Nxc8, Rfxc8, f3, Nh6, Ne6, Nf7, exf5, gxf5, Qc2, Bh6, f4, e4, Bc3, Kg8, Bh3, Re8, Bxf5, Nd8, Rae1, Nxe6, Bxe6+, Kh8, Rxe4, Bg7, Re2, Qf8, Rfe1, b5, axb6] ...
axb6 Gives us inValid move: No such move for piece found: []
8 .  ♖  .  .  ♖  ♕  .  ♔  
7 .  .  .  .  .  .  ♗  ♙  
6 ♙  .  .  ♙  ♝  ♘  .  .  
5 ♟  ♙  ♙  ♟  .  .  .  .  
4 .  .  ♟  .  .  ♟  .  .  
3 .  .  ♝  .  .  .  ♟  .  
2 .  ♟  ♛  .  ♜  .  .  ♟  
1 .  .  .  .  ♜  .  ♚  .  
  a  b  c  d  e  f  g  h

===== 1078 ===== 
[Nf3, Nf6, c4, c5, Nc3, Nc6, d4, cxd4, Nxd4, e6, a3, d5, cxd5, Nxd5, Nxc6, bxc6, Bd2, Be7, e4, Nb6, Be3, O-O, Qc2, Qc7, Be2, c5, O-O, Bb7, Rac1, Rfc8, Rfd1, a6, Rd2, Bc6, Rcd1, Qb7, Bf1, Bf8, Bf4, c4, Bd6, Bxd6, Rxd6, Rab8, R1d2, h6, Qd1, Qc7, h4, Be8, R6d4, Kf8, g3, Qc5, Kh2, Rc7, Bg2, e5, Rd6, Rc6, Rxc6, Qxc6, Bf1, Qc5, Kg1, Rb7, b4, cxb3] ...
cxb3 Gives us inValid move: No such move for piece found: []
8 .  .  .  .  ♗  ♔  .  .  
7 .  ♖  .  .  .  ♙  ♙  .  
6 ♙  ♘  .  .  .  .  .  ♙  
5 .  .  ♕  .  ♙  .  .  .  
4 .  ♟  ♙  .  ♟  .  .  ♟  
3 ♟  .  ♞  .  .  .  ♟  .  
2 .  .  .  ♜  .  ♟  .  .  
1 .  .  .  ♛  .  ♝  ♚  .  
  a  b  c  d  e  f  g  h

===== 1087 ===== 
[e4, c5, Nf3, d6, d4, cxd4, Nxd4, Nf6, Nc3, a6, f3, e5, Nb3, Be6, Be3, Nbd7, Qd2, Be7, g4, O-O, O-O-O, b5, g5, Nh5, Nd5, Bxd5, exd5, f5, gxf6] ...
gxf6 Gives us inValid move: No such move for piece found: []
8 ♖  .  .  ♕  .  ♖  ♔  .  
7 .  .  .  ♘  ♗  .  ♙  ♙  
6 ♙  .  .  ♙  .  .  .  .  
5 .  ♙  .  ♟  ♙  ♙  ♟  ♘  
4 .  .  .  .  .  .  .  .  
3 .  ♞  .  .  ♝  ♟  .  .  
2 ♟  ♟  ♟  ♛  .  .  .  ♟  
1 .  .  ♚  ♜  .  ♝  .  ♜  
  a  b  c  d  e  f  g  h

===== 1094 ===== 
[e4, c6, d4, d5, e5, Bf5, Be3, e6, Nd2, Nd7, c3, f6, Ngf3, Bg6, h4, Bh5, Be2, Ne7, Bf4, Qb6, O-O, Bf7, b4, Qd8, Re1, f5, Ng5, Bg8, h5, h6, Nh3, g5, hxg6] ...
hxg6 Gives us inValid move: No such move for piece found: []
8 ♖  .  .  ♕  ♔  ♗  ♗  ♖  
7 ♙  ♙  .  ♘  ♘  .  .  .  
6 .  .  ♙  .  ♙  .  .  ♙  
5 .  .  .  ♙  ♟  ♙  ♙  ♟  
4 .  ♟  .  ♟  .  ♝  .  .  
3 .  .  ♟  .  .  .  .  ♞  
2 ♟  .  .  ♞  ♝  ♟  ♟  .  
1 ♜  .  .  ♛  ♜  .  ♚  .  
  a  b  c  d  e  f  g  h

===== 1122 ===== 
[c4, Nf6, d4, c6, Nf3, d5, e3, Bf5, Nc3, e6, Nh4, Bg6, Be2, Nbd7, O-O, Bd6, g3, O-O, Nxg6, hxg6, b3, Qe7, a3, Rfd8, Bf3, Rac8, Bb2, Bb8, Rc1, Bd6, c5, Bb8, Bg2, e5, b4, e4, f4, exf3] ...
exf3 Gives us inValid move: No such move for piece found: []
8 .  ♗  ♖  ♖  .  .  ♔  .  
7 ♙  ♙  .  ♘  ♕  ♙  ♙  .  
6 .  .  ♙  .  .  ♘  ♙  .  
5 .  .  ♟  ♙  .  .  .  .  
4 .  ♟  .  ♟  ♙  ♟  .  .  
3 ♟  .  ♞  .  ♟  .  ♟  .  
2 .  ♝  .  .  .  .  ♝  ♟  
1 .  .  ♜  ♛  .  ♜  ♚  .  
  a  b  c  d  e  f  g  h

===== 1128 ===== 
[Nf3, d5, d4, Nf6, c4, c6, Nc3, a6, g3, dxc4, Ne5, Nbd7, Nxc4, b5, Nd2, Bb7, Bg2, e6, O-O, Be7, e4, O-O, e5, Nd5, Nxd5, cxd5, Re1, Rc8, Bf1, b4, Nf3, a5, Bd3, Qb6, Bg5, Rfe8, Bxe7, Rxe7, Qe2, h6, Rad1, Nf8, h4, Rec7, h5, Rc6, Qe3, Ba6, Bb1, Qd8, Kh1, Bb5, g4, Ba4, b3, Rc3, Qf4, Be8, Rg1, f6, Rg3, Qc7, Rdg1, Rc1, Kh2, Rxg1, Rxg1, Bb5, Qe3, Qc3, exf6, Qxe3, f7+, Kxf7, fxe3, Rc3, Re1, g5, hxg6+] ...
hxg6+ Gives us inValid move: No such move for piece found: []
8 .  .  .  .  .  ♘  .  .  
7 .  .  .  .  .  ♔  .  .  
6 .  .  .  .  ♙  .  .  ♙  
5 ♙  ♗  .  ♙  .  .  ♙  ♟  
4 .  ♙  .  ♟  .  .  ♟  .  
3 .  ♟  ♖  .  ♟  ♞  .  .  
2 ♟  .  .  .  .  .  .  ♚  
1 .  ♝  .  .  ♜  .  .  .  
  a  b  c  d  e  f  g  h

===== 1125 ===== 
[e4, e5, Nf3, Nc6, Bb5, a6, Ba4, d6, O-O, Bg4, h3, h5, c3, Qf6, d3, Bxf3, Qxf3, Qxf3, gxf3, Ne7] ...
Ne7 Gives us inValid move: more than one valid move, The notation is disambiguous
8 ♖  .  .  .  ♔  ♗  ♘  ♖  
7 .  ♙  ♙  .  .  ♙  ♙  .  
6 ♙  .  ♘  ♙  .  .  .  .  
5 .  .  .  .  ♙  .  .  ♙  
4 ♝  .  .  .  ♟  .  .  .  
3 .  .  ♟  ♟  .  ♟  .  ♟  
2 ♟  ♟  .  .  .  ♟  .  .  
1 ♜  ♞  ♝  .  .  ♜  ♚  .  
  a  b  c  d  e  f  g  h

===== 1130 ===== 
[e4, e5, Nf3, Nc6, Bb5, a6, Ba4, d6, O-O, Bg4, h3, h5, d4, b5, Bb3, Nxd4, hxg4, Nxb3, axb3, hxg4, Ng5, Qd7, Qd3, Rb8, Rxa6, f6, Nc3, fxg5, Bxg5, Be7, f4, gxf3] ...
gxf3 Gives us inValid move: No such move for piece found: [Black pawn can only capture down diagonally]
8 .  ♖  .  .  ♔  .  ♘  ♖  
7 .  .  ♙  ♕  ♗  .  ♙  .  
6 ♜  .  .  ♙  .  .  .  .  
5 .  ♙  .  .  ♙  .  ♝  .  
4 .  .  .  .  ♟  ♟  ♙  .  
3 .  ♟  ♞  ♛  .  .  .  .  
2 .  ♟  ♟  .  .  .  ♟  .  
1 .  .  .  .  .  ♜  ♚  .  
  a  b  c  d  e  f  g  h

===== 1133 ===== 
[d4, d5, c4, c6, Nf3, Nf6, Nc3, e6, Bg5, h6, Bh4, dxc4, e4, g5, Bg3, b5, Ne5, h5, h4, g4, Be2, Bb7, O-O, Nbd7, Qc2, Nxe5, Bxe5, Bg7, b3, cxb3, axb3, O-O, Bg3, c5, e5, Nd5, Nxb5, cxd4, Nd6, Rb8, Qd2, Nc3, Bd3, a5, Ra3, Bd5, Bc2, Rb6, Re1, a4, Qd3, f5, exf6] ...
exf6 Gives us inValid move: No such move for piece found: []
8 .  .  .  ♕  .  ♖  ♔  .  
7 .  .  .  .  .  .  ♗  .  
6 .  ♖  .  ♞  ♙  .  .  .  
5 .  .  .  ♗  ♟  ♙  .  ♙  
4 ♙  .  .  ♙  .  .  ♙  ♟  
3 ♜  ♟  ♘  ♛  .  .  ♝  .  
2 .  .  ♝  .  .  ♟  ♟  .  
1 .  .  .  .  ♜  .  ♚  .  
  a  b  c  d  e  f  g  h

===== 1136 ===== 
[d4, Nf6, c4, e6, g3, d5, Nf3, dxc4, Bg2, Nc6, Qa4, Bb4+, Bd2, Nd5, Bxb4, Nxb4] ...
Nxb4 Gives us inValid move: more than one valid move, The notation is disambiguous
8 ♖  .  ♗  ♕  ♔  .  .  ♖  
7 ♙  ♙  ♙  .  .  ♙  ♙  ♙  
6 .  .  ♘  .  ♙  .  .  .  
5 .  .  .  ♘  .  .  .  .  
4 ♛  ♝  ♙  ♟  .  .  .  .  
3 .  .  .  .  .  ♞  ♟  .  
2 ♟  ♟  .  .  ♟  ♟  ♝  ♟  
1 ♜  ♞  .  .  ♚  .  .  ♜  
  a  b  c  d  e  f  g  h

===== 1143 ===== 
[c4, c6, e4, d5, exd5, cxd5, d4, Nf6, Nc3, Nc6, Bg5, dxc4, Nf3, h6, Bxf6, exf6, Bxc4, Bd6, O-O, O-O, h3, Bf5, Re1, a6, Bd3, Qd7, Bxf5, Qxf5, Qb3, Bb4, Rec1, Bxc3, bxc3, b5, a4, Na5, Qa2, Rfc8, d5, Rc4, axb5, axb5, Nd4, Qd7, Rab1, Ra4, Qc2, Nc4, Nxb5, R4a5, Qe2, Rxb5, Qxc4, Rxd5, Qf4, Rc8, Rb8, Rc5] ...
Rc5 Gives us inValid move: more than one valid move, The notation is disambiguous
8 .  ♜  ♖  .  .  .  ♔  .  
7 .  .  .  ♕  .  ♙  ♙  .  
6 .  .  .  .  .  ♙  .  ♙  
5 .  .  .  ♖  .  .  .  .  
4 .  .  .  .  .  ♛  .  .  
3 .  .  ♟  .  .  .  .  ♟  
2 .  .  .  .  .  ♟  ♟  .  
1 .  .  ♜  .  .  .  ♚  .  
  a  b  c  d  e  f  g  h

===== 1141 ===== 
[e4, c5, Nf3, e6, d4, cxd4, Nxd4, a6, Nc3, Qc7, Bd3, Nf6, O-O, Bc5, Nb3, Be7, f4, d6, a4, Nc6, a5, b5, axb6] ...
axb6 Gives us inValid move: No such move for piece found: []
8 ♖  .  ♗  .  ♔  .  .  ♖  
7 .  .  ♕  .  ♗  ♙  ♙  ♙  
6 ♙  .  ♘  ♙  ♙  ♘  .  .  
5 ♟  ♙  .  .  .  .  .  .  
4 .  .  .  .  ♟  ♟  .  .  
3 .  ♞  ♞  ♝  .  .  .  .  
2 .  ♟  ♟  .  .  .  ♟  ♟  
1 ♜  .  ♝  ♛  .  ♜  ♚  .  
  a  b  c  d  e  f  g  h

===== 1171 ===== 
[d4, d5, c4, c6, Nf3, Nf6, Nc3, e6, Bg5, Nbd7, e3, Be7, Bd3, O-O, O-O, dxc4, Bxc4, Nd5, Bxe7, Qxe7, Ne4, N5f6, Ng3, c5, e4, Nb6, Bb3, Rd8, e5, Nfd5, Qe2, cxd4, Rfd1, Bd7, Rxd4, Bc6, Rg4, Nd7, Nh5, g6, Ng3, Nc5, Bc2, a5, a3, f5, exf6] ...
exf6 Gives us inValid move: No such move for piece found: []
8 ♖  .  .  ♖  .  .  ♔  .  
7 .  ♙  .  .  ♕  .  .  ♙  
6 .  .  ♗  .  ♙  .  ♙  .  
5 ♙  .  ♘  ♘  ♟  ♙  .  .  
4 .  .  .  .  .  .  ♜  .  
3 ♟  .  .  .  .  ♞  ♞  .  
2 .  ♟  ♝  .  ♛  ♟  ♟  ♟  
1 ♜  .  .  .  .  .  ♚  .  
  a  b  c  d  e  f  g  h

===== 1177 ===== 
[c4, e6, d4, d5, Nc3, c6, e3, Nf6, Nf3, Nbd7, Bd3, dxc4, Bxc4, b5, Bd3, Bb7, a3, a5, e4, b4, Na4, c5, e5, Nd5, O-O, cxd4, Nxd4, Nxe5, Bb5+, Nd7, Qh5, Nf6] ...
Nf6 Gives us inValid move: more than one valid move, The notation is disambiguous
8 ♖  .  .  ♕  ♔  ♗  .  ♖  
7 .  ♗  .  ♘  .  ♙  ♙  ♙  
6 .  .  .  .  ♙  .  .  .  
5 ♙  ♝  .  ♘  .  .  .  ♛  
4 ♞  ♙  .  ♞  .  .  .  .  
3 ♟  .  .  .  .  .  .  .  
2 .  ♟  .  .  .  ♟  ♟  ♟  
1 ♜  .  ♝  .  .  ♜  ♚  .  
  a  b  c  d  e  f  g  h

===== 1186 ===== 
[e4, c5, Nf3, d6, d4, cxd4, Nxd4, Nf6, Nc3, a6, Be2, e5, Nb3, Be7, O-O, O-O, Kh1, Nc6, f4, b5, Bf3, Na5, Nxa5, Qxa5, Qe1, Qc7, a3, Be6, f5, Bc4, Be2, d5, Bxc4, Qxc4, Bg5, d4, Bxf6, Bxf6, Nd5, Qxc2, Nxf6+, gxf6, Qh4, Kg7, Qg4+, Kh8, Qh4, Kg7, Qg4+, Kh8, Qh4, Rg8, Qxf6+, Rg7, Rg1, Re8, Qxa6, Qxe4, Qxb5, Reg8, Qf1, Qd5, a4, e4, a5, e3, a6, d3, a7, e2, Qf2, f6, b4, h6, b5, Kh7, b6, Re7, Qh4, d2, a8=Q, Rxa8] ...
Rxa8 Gives us inValid move: Invalid Rook move
8 .  .  .  .  .  .  ♖  .  
7 ♟  .  .  .  ♖  .  .  ♔  
6 .  ♟  .  .  .  ♙  .  ♙  
5 .  .  .  ♕  .  ♟  .  .  
4 .  .  .  .  .  .  .  ♛  
3 .  .  .  .  .  .  .  .  
2 .  .  .  ♙  ♙  .  ♟  ♟  
1 ♜  .  .  .  .  .  ♜  ♚  
  a  b  c  d  e  f  g  h

===== 1185 ===== 
[d4, Nf6, c4, g6, Nc3, Bg7, e4, d6, Nf3, O-O, Be2, e5, O-O, Nc6, d5, Ne7, Nd2, a5, a3, Nd7, Rb1, f5, b4, Kh8, f3, Ng8, Qc2, Ngf6, Bd3, f4, Nb5, b6, Be2, g5, g4, fxg3] ...
fxg3 Gives us inValid move: No such move for piece found: []
8 ♖  .  ♗  ♕  .  ♖  .  ♔  
7 .  .  ♙  ♘  .  .  ♗  ♙  
6 .  ♙  .  ♙  .  ♘  .  .  
5 ♙  ♞  .  ♟  ♙  .  ♙  .  
4 .  ♟  ♟  .  ♟  ♙  ♟  .  
3 ♟  .  .  .  .  ♟  .  .  
2 .  .  ♛  ♞  ♝  .  .  ♟  
1 .  ♜  ♝  .  .  ♜  ♚  .  
  a  b  c  d  e  f  g  h

===== 1202 ===== 
[d4, Nf6, c4, e6, Nf3, d5, g3, dxc4, Bg2, c5, O-O, Nc6, Qa4, Bd7, Qxc4, cxd4, Nxd4, Rc8, Nc3, Nxd4, Qxd4, Bc5, Qh4, O-O, Rd1, Qb6, Bg5, Bxf2+, Kh1, Nd5, Be4, f5, Nxd5, exd5, Bxd5+, Kh8, Rd2, Bc6, Qc4, h6, Bf4, Rfd8, Bxc6, Rxd2, Bxd2, Qxb2, Bc3, Rxc6, Qxc6, Qxa1+, Bxa1, bxc6, Kg2, Bc5, Kf3, Kg8, e4, fxe4+, Kxe4, Kf7, g4, Be7, Be5, Bf6, Bb8, a6, Kd3, Ke6, Kc4, Be5, Bxe5, Kxe5, Kc5, Kf4, a4, Kxg4, a5, Kh3, Kxc6, Kxh2, Kb6, g5, Kxa6, g4, Kb5, g3, a6, g2, a7, g1=Q, a8=Q, h5, Qe4, Qg5+] ...
Qg5+ Gives us inValid move: Pawn can move diagonally only when capturing
8 .  .  .  .  .  .  .  .  
7 .  .  .  .  .  .  .  .  
6 .  .  .  .  .  .  .  .  
5 .  ♚  .  .  .  .  .  ♙  
4 .  .  .  .  ♛  .  .  .  
3 .  .  .  .  .  .  .  .  
2 .  .  .  .  .  .  ♙  ♔  
1 .  .  .  .  .  .  .  .  
  a  b  c  d  e  f  g  h

===== 1213 ===== 
[e4, e5, Nf3, Nc6, Bb5, Nf6, O-O, Nxe4, d4, Nd6, Bxc6, dxc6, dxe5, Nf5, Qxd8+, Kxd8, Nc3, Be7, Rd1+, Ke8, g4, Nh4, Nxh4, Bxh4, h3, Be7, Kg2, h5, f3, hxg4, hxg4, f5, exf6] ...
exf6 Gives us inValid move: No such move for piece found: []
8 ♖  .  ♗  .  ♔  .  .  ♖  
7 ♙  ♙  ♙  .  ♗  .  ♙  .  
6 .  .  ♙  .  .  .  .  .  
5 .  .  .  .  ♟  ♙  .  .  
4 .  .  .  .  .  .  ♟  .  
3 .  .  ♞  .  .  ♟  .  .  
2 ♟  ♟  ♟  .  .  .  ♚  .  
1 ♜  .  ♝  ♜  .  .  .  .  
  a  b  c  d  e  f  g  h

===== 1261 ===== 
[e4, c6, d4, d5, Nc3, dxe4, Nxe4, Bf5, Ng3, Bg6, Nf3, Nd7, h4, h6, Bd3, Bxd3, Qxd3, e6, Bf4, Qa5+, Bd2, Bb4, a3, Bxd2+, Qxd2, Qxd2+, Nxd2, O-O-O, O-O-O, Ngf6, Nde4, Kc7, f3, Nd5, Rhe1, b5, Rd3, Rhe8, Nc3, Nf4, Rd2, a5, Re4, Nd5, Nxd5+, cxd5, Re3, g5, hxg5, hxg5, b3, Rh8, Kb2, Kd6, Ne2, b4, axb4, axb4, Nc1, Nb8, c4, bxc3+] ...
bxc3+ Gives us inValid move: No such move for piece found: []
8 .  ♘  .  ♖  .  .  .  ♖  
7 .  .  .  .  .  ♙  .  .  
6 .  .  .  ♔  ♙  .  .  .  
5 .  .  .  ♙  .  .  ♙  .  
4 .  ♙  ♟  ♟  .  .  .  .  
3 .  ♟  .  .  ♜  ♟  .  .  
2 .  ♚  .  ♜  .  .  ♟  .  
1 .  .  ♞  .  .  .  .  .  
  a  b  c  d  e  f  g  h

===== 1266 ===== 
[Nf3, d5, c4, e6, d4, Nf6, g3, dxc4, Bg2, a6, O-O, Nc6, Bg5, Be7, e3, Bd7, Nc3, O-O, Rc1, Rb8, Bxf6, Bxf6, Ne4, b5, b3, Be7, bxc4, bxc4, Rxc4, Nb4, a4, Qe8, Nc3, Nc6, d5, exd5, Nxd5, Bd6, Qc2, Na5, Rh4, h6, Rxh6, f5, Rh4, Nb3, Nxc7, Qe7, Ng5, Qxg5, Bd5+, Rf7, Qc4, Rf8] ...
Rf8 Gives us inValid move: more than one valid move, The notation is disambiguous
8 .  ♖  .  .  .  .  ♔  .  
7 .  .  ♞  ♗  .  ♖  ♙  .  
6 ♙  .  .  ♗  .  .  .  .  
5 .  .  .  ♝  .  ♙  ♕  .  
4 ♟  .  ♛  .  .  .  .  ♜  
3 .  ♘  .  .  ♟  .  ♟  .  
2 .  .  .  .  .  ♟  .  ♟  
1 .  .  .  .  .  ♜  ♚  .  
  a  b  c  d  e  f  g  h

===== 1299 ===== 
[d4, Nf6, c4, e6, Nc3, Bb4, e3, c5, Ne2] ...
Ne2 Gives us inValid move: more than one valid move, The notation is disambiguous
8 ♖  ♘  ♗  ♕  ♔  .  .  ♖  
7 ♙  ♙  .  ♙  .  ♙  ♙  ♙  
6 .  .  .  .  ♙  ♘  .  .  
5 .  .  ♙  .  .  .  .  .  
4 .  ♗  ♟  ♟  .  .  .  .  
3 .  .  ♞  .  ♟  .  .  .  
2 ♟  ♟  .  .  .  ♟  ♟  ♟  
1 ♜  .  ♝  ♛  ♚  ♝  ♞  ♜  
  a  b  c  d  e  f  g  h

===== 1300 ===== 
[e4, c5, Nf3, Nc6, Bb5, e6, c3, d5, Qe2, Ne7] ...
Ne7 Gives us inValid move: more than one valid move, The notation is disambiguous
8 ♖  .  ♗  ♕  ♔  ♗  ♘  ♖  
7 ♙  ♙  .  .  .  ♙  ♙  ♙  
6 .  .  ♘  .  ♙  .  .  .  
5 .  ♝  ♙  ♙  .  .  .  .  
4 .  .  .  .  ♟  .  .  .  
3 .  .  ♟  .  .  ♞  .  .  
2 ♟  ♟  .  ♟  ♛  ♟  ♟  ♟  
1 ♜  ♞  ♝  .  ♚  .  .  ♜  
  a  b  c  d  e  f  g  h

===== 1322 ===== 
[d4, Nf6, c4, e6, Nc3, Bb4, Qc2, O-O, a3, Bxc3+, Qxc3, b6, Bg5, Bb7, Nf3, d6, Nd2, Nbd7, f3, h6, Bh4, c5, e4, Re8, Bd3, e5, d5, Nf8, Bf2, N6d7, Nf1, Ng6, g3, Qf6, Be2, Ne7, h4, Qg6, h5, Qg5, g4, Nc8, Bh4, Qf4, Ne3, g5, hxg6] ...
hxg6 Gives us inValid move: No such move for piece found: []
8 ♖  .  ♘  .  ♖  .  ♔  .  
7 ♙  ♗  .  ♘  .  ♙  .  .  
6 .  ♙  .  ♙  .  .  .  ♙  
5 .  .  ♙  ♟  ♙  .  ♙  ♟  
4 .  .  ♟  .  ♟  ♕  ♟  ♝  
3 ♟  .  ♛  .  ♞  ♟  .  .  
2 .  ♟  .  .  ♝  .  .  .  
1 ♜  .  .  .  ♚  .  .  ♜  
  a  b  c  d  e  f  g  h

===== 1324 ===== 
[e4, c5, Nf3, d6, d4, cxd4, Nxd4, Nf6, Nc3, a6, Be2, e5, Nb3, Be7, O-O, O-O, Kh1, Nc6, f3, a5, Nd5, a4, Nd2, Nxd5, exd5, Nb4, Nc4, Bf5, Ne3, Bd7, c3, Na6, b4, axb3] ...
axb3 Gives us inValid move: No such move for piece found: []
8 ♖  .  .  ♕  .  ♖  ♔  .  
7 .  ♙  .  ♗  ♗  ♙  ♙  ♙  
6 ♘  .  .  ♙  .  .  .  .  
5 .  .  .  ♟  ♙  .  .  .  
4 ♙  ♟  .  .  .  .  .  .  
3 .  .  ♟  .  ♞  ♟  .  .  
2 ♟  .  .  .  ♝  .  ♟  ♟  
1 ♜  .  ♝  ♛  .  ♜  .  ♚  
  a  b  c  d  e  f  g  h

===== 1330 ===== 
[d4, Nf6, c4, e6, Nc3, Bb4, e3, O-O, Bd3, d5, cxd5, exd5, Ne2] ...
Ne2 Gives us inValid move: more than one valid move, The notation is disambiguous
8 ♖  ♘  ♗  ♕  .  ♖  ♔  .  
7 ♙  ♙  ♙  .  .  ♙  ♙  ♙  
6 .  .  .  .  .  ♘  .  .  
5 .  .  .  ♙  .  .  .  .  
4 .  ♗  .  ♟  .  .  .  .  
3 .  .  ♞  ♝  ♟  .  .  .  
2 ♟  ♟  .  .  .  ♟  ♟  ♟  
1 ♜  .  ♝  ♛  ♚  .  ♞  ♜  
  a  b  c  d  e  f  g  h

===== 1336 ===== 
[d4, Nf6, c4, e6, Nf3, d5, Nc3, c6, e3, Nbd7, Bd3, dxc4, Bxc4, b5, Bd3, Bd6, O-O, O-O, Qc2, Bb7, h3, Rc8, Ng5, h6, Nge4, Be7, Rd1, Nxe4, Nxe4, Qb6, Qe2, Rfd8, b3, c5, Ba3, b4, Bb2, Bxe4, Bxe4, Bf6, Rac1, cxd4, Rxc8, Rxc8, Bxd4, Bxd4, Rxd4, Nf6, Qd2, a5, Bf3, g6, g3, Kg7, Kg2, Rc3, Rd6, Qc7, Qd4, Rc2, e4, Qc5, Qxc5, Rxc5, Ra6, g5, Ra7, h5, Be2, g4, hxg4, hxg4, Bc4, Re5, Bd3, Nxe4, Bxe4, Rxe4, Rxa5, f5, a4, bxa3] ...
bxa3 Gives us inValid move: No such move for piece found: []
8 .  .  .  .  .  .  .  .  
7 .  .  .  .  .  .  ♔  .  
6 .  .  .  .  ♙  .  .  .  
5 ♜  .  .  .  .  ♙  .  .  
4 ♟  ♙  .  .  ♖  .  ♙  .  
3 .  ♟  .  .  .  .  ♟  .  
2 .  .  .  .  .  ♟  ♚  .  
1 .  .  .  .  .  .  .  .  
  a  b  c  d  e  f  g  h

===== 1349 ===== 
[e4, e5, Nf3, Nc6, Bc4, Bc5, b4, Bb6, a4, a6, c3, Nf6, d3, d6, O-O, Ne7, a5, Ba7, Be3, Ng6, Bxa7, Rxa7, Nbd2, O-O, Re1, Ra8, g3, c6, Bb3, Re8, Nc4, Bg4, h3, Bxh3, Nb6, Rb8, Bxf7+, Kxf7, Ng5+, Kg8, Qb3+, d5, Nxh3, h6, Kg2, Qd6, Na4, Re7, Nc5, Rf8, Rad1, Kh8, Qc2, Qc7, Rh1, Qc8, Qe2, Kg8, Rhe1, Ref7, Rf1, Kh8, c4, d4, f3, Nd7, Nb3, Nf6, Nd2, Qe6, c5, Nh5, Qf2, Kg8, Rh1, Nf6, Qe2, Nh5, Qf2, Nf6, Qe1, Nh5, Ra1, Qf6, Ra2, Qe6, Rc2, Qf6, Rf1, Qe6, Kh2, Rf6, Kg2, R6f7, Rb2, Rf6, Rh1, R6f7, Rc2, Qf6, Kf2, Qe6, Ke2, Nf6, Kd1, Nh7, Qe2, Qf6, Ng1, Qg5, Qe1, Qe7, Kc1, Ng5, Kb2, Rf6, Qe2, R8f7, Rc1, Qf8, Rf1, b5, axb6] ...
axb6 Gives us inValid move: No such move for piece found: []
8 .  .  .  .  .  ♕  ♔  .  
7 .  .  .  .  .  ♖  ♙  .  
6 ♙  .  ♙  .  .  ♖  ♘  ♙  
5 ♟  ♙  ♟  .  ♙  .  ♘  .  
4 .  ♟  .  ♙  ♟  .  .  .  
3 .  .  .  ♟  .  ♟  ♟  .  
2 .  ♚  .  ♞  ♛  .  .  .  
1 .  .  .  .  .  ♜  ♞  ♜  
  a  b  c  d  e  f  g  h

===== 1376 ===== 
[c4, Nf6, Nc3, e5, Nf3, Nc6, g3, Nd4, Bg2, Nxf3+, Bxf3, Bb4, O-O, O-O, Bg2, Re8, d3, h6, Bd2, c6, Rc1, Bc5, a3, a6, Na4, Ba7, c5, d5, cxd6] ...
cxd6 Gives us inValid move: No such move for piece found: []
8 ♖  .  ♗  ♕  ♖  .  ♔  .  
7 ♗  ♙  .  .  .  ♙  ♙  .  
6 ♙  .  ♙  .  .  ♘  .  ♙  
5 .  .  ♟  ♙  ♙  .  .  .  
4 ♞  .  .  .  .  .  .  .  
3 ♟  .  .  ♟  .  .  ♟  .  
2 .  ♟  .  ♝  ♟  ♟  ♝  ♟  
1 .  .  ♜  ♛  .  ♜  ♚  .  
  a  b  c  d  e  f  g  h

===== 1391 ===== 
[d4, Nf6, c4, g6, Nc3, d5, cxd5, Nxd5, e4, Nxc3, bxc3, Bg7, Nf3, c5, Be3, Bg4, Qa4+, Nc6, Ne5, Bxe5, dxe5, O-O, h3, Be6, f4, Rc8, Be2, Qa5, Qxa5, Nxa5, Rf1, f5, exf6] ...
exf6 Gives us inValid move: No such move for piece found: [White pawn can only capture up diagonally]
8 .  .  ♖  .  .  ♖  ♔  .  
7 ♙  ♙  .  .  ♙  .  .  ♙  
6 .  .  .  .  ♗  .  ♙  .  
5 ♘  .  ♙  .  ♟  ♙  .  .  
4 .  .  .  .  ♟  ♟  .  .  
3 .  .  ♟  .  ♝  .  .  ♟  
2 ♟  .  .  .  ♝  .  ♟  .  
1 ♜  .  .  .  ♚  ♜  .  .  
  a  b  c  d  e  f  g  h

===== 1430 ===== 
[d4, Nf6, Nf3, e6, c4, c5, d5, d6, Nc3, g6, g3, exd5, cxd5, Bg7, Bg2, O-O, O-O, Re8, Nd2, a6, a4, Nbd7, h3, Rb8, Nc4, Ne5, Na3, Nh5, e4, Bd7, a5, b5, axb6] ...
axb6 Gives us inValid move: No such move for piece found: []
8 .  ♖  .  ♕  ♖  .  ♔  .  
7 .  .  .  ♗  .  ♙  ♗  ♙  
6 ♙  .  .  ♙  .  .  ♙  .  
5 ♟  ♙  ♙  ♟  ♘  .  .  ♘  
4 .  .  .  .  ♟  .  .  .  
3 ♞  .  ♞  .  .  .  ♟  ♟  
2 .  ♟  .  .  .  ♟  ♝  .  
1 ♜  .  ♝  ♛  .  ♜  ♚  .  
  a  b  c  d  e  f  g  h

===== 1433 ===== 
[d4, Nf6, c4, e6, Nf3, d5, g3, dxc4, Bg2, Nc6, Qa4, Bb4+, Bd2, Nd5, Bxb4, Nxb4] ...
Nxb4 Gives us inValid move: more than one valid move, The notation is disambiguous
8 ♖  .  ♗  ♕  ♔  .  .  ♖  
7 ♙  ♙  ♙  .  .  ♙  ♙  ♙  
6 .  .  ♘  .  ♙  .  .  .  
5 .  .  .  ♘  .  .  .  .  
4 ♛  ♝  ♙  ♟  .  .  .  .  
3 .  .  .  .  .  ♞  ♟  .  
2 ♟  ♟  .  .  ♟  ♟  ♝  ♟  
1 ♜  ♞  .  .  ♚  .  .  ♜  
  a  b  c  d  e  f  g  h

===== 1449 ===== 
[d4, Nf6, c4, g6, f3, d5, cxd5, Nxd5, e4, Nb6, Nc3, Bg7, Be3, O-O, Qd2, Nc6, O-O-O, Qd6, h4, Rd8, Nb5, Qd7, h5, a6, Nc3, Nxd4, hxg6, fxg6, g4, Qc6, Qf2, Ne6, Rxd8+, Nxd8, Ne2] ...
Ne2 Gives us inValid move: more than one valid move, The notation is disambiguous
8 ♖  .  ♗  ♘  .  .  ♔  .  
7 .  ♙  ♙  .  ♙  .  ♗  ♙  
6 ♙  ♘  ♕  .  .  .  ♙  .  
5 .  .  .  .  .  .  .  .  
4 .  .  .  .  ♟  .  ♟  .  
3 .  .  ♞  .  ♝  ♟  .  .  
2 ♟  ♟  .  .  .  ♛  .  .  
1 .  .  ♚  .  .  ♝  ♞  ♜  
  a  b  c  d  e  f  g  h

===== 1454 ===== 
[d4, d5, Nf3, c6, c4, Nf6, Nc3, e6, Bg5, Nbd7, e3, Qa5, Nd2, Bb4, Qc2, O-O, Be2, c5, O-O, cxd4, Nb3, Qb6, Na4, Qc7, Nxd4, dxc4, Bxc4, Bd6, Rac1, Bxh2+, Kh1, Bd6, Nb5, Qc6, Nxd6, Qxd6, Rfd1, Qe5, Bf4, Qa5, b4, Qxb4, Bd6, Qa5, Bxf8, Nxf8, Bb3, Qh5+, Kg1, Bd7, Qc7, Bc6, Qh2, Qg5, Rc5, Qg6, Qh3, N8d7, Bc2, Be4, Bxe4, Qxe4, Nc3, Qb4, Rc7, Qa5, Rcxd7, Nxd7, Rxd7, Qxc3, Qf3, Rf8, g3, Qa1+, Kg2, Qxa2, Qxb7, a5, Qb5, Qc2, Kg1, Qc1+, Kh2, Qe1, Kg2, h6, Ra7, Qc3, Rxa5, Rd8, Ra7, Qf6, Qc6, Qg6, Rc7, h5, Qa4, e5, Qc6, f6, Qe6+, Kh7, Qf7, e4, Qxg6+, Kxg6, Re7, f5, Re6+, Kg5, f4+, exf3+] ...
exf3+ Gives us inValid move: No such move for piece found: []
8 .  .  .  ♖  .  .  .  .  
7 .  .  .  .  .  .  ♙  .  
6 .  .  .  .  ♜  .  .  .  
5 .  .  .  .  .  ♙  ♔  ♙  
4 .  .  .  .  ♙  ♟  .  .  
3 .  .  .  .  ♟  .  ♟  .  
2 .  .  .  .  .  .  ♚  .  
1 .  .  .  .  .  .  .  .  
  a  b  c  d  e  f  g  h

===== 1464 ===== 
[e4, c5, Nf3, d6, d4, cxd4, Nxd4, Nf6, Nc3, a6, Bg5, e6, f4, Qb6, Qd2, Qxb2, Nb3, Qa3, Be2, Be7, O-O, Nc6, Qe3, h6, Bh4, O-O, Bf2, b5, Nb1, Qb4, Nc3, Qa3, Nb1, Qb4, Bd3, Ng4, Qb6, Nxf2, a3, Qxb3, cxb3, Nxd3, Qxc6, Rb8, b4, Bb7, Qc2, Bxe4, Qe2, Bf5, g4, Bh7, f5, Bf6, Ra2, Ne5, Nc3, d5, fxe6, fxe6, Rd2, Rbc8, Nd1, Kh8, h3, Nc4, Ra2, e5, Ne3, Nxe3, Qxe3, d4, Qg3, e4, Qd6, d3, Rd2, Rfd8, Qe6, Bd4+, Kh2, e3, Rg2, e2, Re1, Re8, Qxa6, d2, Rgxe2, dxe1=Q, Rxe1] ...
Rxe1 Gives us inValid move: Pawn can move diagonally only when capturing
8 .  .  ♖  .  ♖  .  .  ♔  
7 .  .  .  .  .  .  ♙  ♗  
6 ♛  .  .  .  .  .  .  ♙  
5 .  ♙  .  .  .  .  .  .  
4 .  ♟  .  ♗  .  .  ♟  .  
3 ♟  .  .  .  .  .  .  ♟  
2 .  .  .  ♙  ♜  .  .  ♚  
1 .  .  .  .  ♜  .  .  .  
  a  b  c  d  e  f  g  h

===== 1461 ===== 
[d4, Nf6, c4, e6, Nc3, Bb4, e3, O-O, Ne2] ...
Ne2 Gives us inValid move: more than one valid move, The notation is disambiguous
8 ♖  ♘  ♗  ♕  .  ♖  ♔  .  
7 ♙  ♙  ♙  ♙  .  ♙  ♙  ♙  
6 .  .  .  .  ♙  ♘  .  .  
5 .  .  .  .  .  .  .  .  
4 .  ♗  ♟  ♟  .  .  .  .  
3 .  .  ♞  .  ♟  .  .  .  
2 ♟  ♟  .  .  .  ♟  ♟  ♟  
1 ♜  .  ♝  ♛  ♚  ♝  ♞  ♜  
  a  b  c  d  e  f  g  h

===== 1470 ===== 
[d4, Nf6, c4, g6, Nc3, Bg7, e4, d6, h3, O-O, Be3, c5, d5, e6, Nf3, exd5, exd5, Nfd7, Bd3, f5, O-O, Ne5, Nxe5, Bxe5, f4, Bxc3, bxc3, Qf6, Qd2, Na6, a4, Bd7, a5, Nc7, Bf2, Rfe8, Kh2, Rad8, Rg1, Rf8, Rab1, Bc8, Bg3, Rde8, Rbc1, Qe7, Rge1, Qf6, Rf1, Kg7, Rf3, h6, Qf2, Kh8, Bb1, Re7, Re3, Rxe3, Qxe3, Re8, Qd2, Kg7, Qf2, Qe7, Bh4, Qe2, Qxe2, Rxe2, Bd3, Re3, Rd1, Kf7, Kg1, Re8, Kf2, Bd7, Rb1, Bc8, Rg1, Bd7, g4, b5, axb6] ...
axb6 Gives us inValid move: No such move for piece found: []
8 .  .  .  .  ♖  .  .  .  
7 ♙  .  ♘  ♗  .  ♔  .  .  
6 .  .  .  ♙  .  .  ♙  ♙  
5 ♟  ♙  ♙  ♟  .  ♙  .  .  
4 .  .  ♟  .  .  ♟  ♟  ♝  
3 .  .  ♟  ♝  .  .  .  ♟  
2 .  .  .  .  .  ♚  .  .  
1 .  .  .  .  .  .  ♜  .  
  a  b  c  d  e  f  g  h

===== 1474 ===== 
[d4, Nf6, c4, g6, g3, Bg7, Bg2, O-O, Nc3, d6, Nf3, Nc6, O-O, a6, Qd3, Bd7, d5, Nb4, Qd1, a5, Be3, e5, dxe6] ...
dxe6 Gives us inValid move: No such move for piece found: []
8 ♖  .  .  ♕  .  ♖  ♔  .  
7 .  ♙  ♙  ♗  .  ♙  ♗  ♙  
6 .  .  .  ♙  .  ♘  ♙  .  
5 ♙  .  .  ♟  ♙  .  .  .  
4 .  ♘  ♟  .  .  .  .  .  
3 .  .  ♞  .  ♝  ♞  ♟  .  
2 ♟  ♟  .  .  ♟  ♟  ♝  ♟  
1 ♜  .  .  ♛  .  ♜  ♚  .  
  a  b  c  d  e  f  g  h

===== 1493 ===== 
[e4, e6, d4, d5, e5, c5, c3, Qb6, Nf3, Nc6, a3, c4, Nbd2, Na5, g3, Bd7, Bg2, O-O-O, O-O, f5, exf6] ...
exf6 Gives us inValid move: No such move for piece found: []
8 .  .  ♔  ♖  .  ♗  ♘  ♖  
7 ♙  ♙  .  ♗  .  .  ♙  ♙  
6 .  ♕  .  .  ♙  .  .  .  
5 ♘  .  .  ♙  ♟  ♙  .  .  
4 .  .  ♙  ♟  .  .  .  .  
3 ♟  .  ♟  .  .  ♞  ♟  .  
2 .  ♟  .  ♞  .  ♟  ♝  ♟  
1 ♜  .  ♝  ♛  .  ♜  ♚  .  
  a  b  c  d  e  f  g  h

===== 1497 ===== 
[d4, Nf6, c4, g6, f3, Nc6, d5, Ne5, e4, d6, Nc3, Bg7, f4, Ned7, Nh3, O-O, Be2, Nc5, Nf2, Re8, O-O, e5, dxe6] ...
dxe6 Gives us inValid move: No such move for piece found: []
8 ♖  .  ♗  ♕  ♖  .  ♔  .  
7 ♙  ♙  ♙  .  .  ♙  ♗  ♙  
6 .  .  .  ♙  .  ♘  ♙  .  
5 .  .  ♘  ♟  ♙  .  .  .  
4 .  .  ♟  .  ♟  ♟  .  .  
3 .  .  ♞  .  .  .  .  .  
2 ♟  ♟  .  .  ♝  ♞  ♟  ♟  
1 ♜  .  ♝  ♛  .  ♜  ♚  .  
  a  b  c  d  e  f  g  h

===== 1511 ===== 
[e4, e5, Nf3, Nc6, Bb5, a6, Ba4, Nf6, O-O, Be7, Bxc6, dxc6, Nc3, Nd7, d4, exd4, Nxd4, O-O, Qe2, Bd6, Be3, Nf6, f4, Ng4, Rad1, Nxe3, Qxe3, f6, Nce2, Qe7, Kh1, Re8, Ng3, Qf7, b3, Bg4, Rde1, Bd7, Nf3, Rad8, e5, fxe5, fxe5, Qg6, Qa7, Bb4, Rd1, Bc8, Qf2, Rxd1, Rxd1, Rf8, Qe2, Be7, Rf1, h6, Nd4, c5, Rxf8+, Bxf8, Nf3, Be6, Nf1, b5, c4, bxc4, bxc4, Qb1, h3, Qc1, Nd2] ...
Nd2 Gives us inValid move: more than one valid move, The notation is disambiguous
8 .  .  .  .  .  ♗  ♔  .  
7 .  .  ♙  .  .  .  ♙  .  
6 ♙  .  .  .  ♗  .  .  ♙  
5 .  .  ♙  .  ♟  .  .  .  
4 .  .  ♟  .  .  .  .  .  
3 .  .  .  .  .  ♞  .  ♟  
2 ♟  .  .  .  ♛  .  ♟  .  
1 .  .  ♕  .  .  ♞  .  ♚  
  a  b  c  d  e  f  g  h

===== 1514 ===== 
[e4, c5, Nf3, d6, d4, cxd4, Nxd4, Nf6, Nc3, a6, Be3, Ng4, Bg5, h6, Bh4, g5, Bg3, Bg7, Be2, h5, Bxg4, hxg4, Nd5, Nc6, Nf5, Bxf5, exf5, Bxb2, Rb1, Qa5+, Qd2, Bd4, Qxa5, Nxa5, c3, Bc5, Nc7+, Kd7, Nxa8, Rxa8, h4, gxh3] ...
gxh3 Gives us inValid move: No such move for piece found: [Black pawn can only capture down diagonally]
8 ♖  .  .  .  .  .  .  .  
7 .  ♙  .  ♔  ♙  ♙  .  .  
6 ♙  .  .  ♙  .  .  .  .  
5 ♘  .  ♗  .  .  ♟  ♙  .  
4 .  .  .  .  .  .  ♙  ♟  
3 .  .  ♟  .  .  .  ♝  .  
2 ♟  .  .  .  .  ♟  ♟  .  
1 .  ♜  .  .  ♚  .  .  ♜  
  a  b  c  d  e  f  g  h

===== 1512 ===== 
[d4, Nf6, c4, g6, Nc3, Bg7, e4, d6, f3, O-O, Nge2, c5, Be3, Nc6, d5, Ne5, Ng3, h5, Be2, h4, Nf1, e6, Nd2, exd5, cxd5, a6, a4, Bd7, a5, b5, axb6] ...
axb6 Gives us inValid move: No such move for piece found: []
8 ♖  .  .  ♕  .  ♖  ♔  .  
7 .  .  .  ♗  .  ♙  ♗  .  
6 ♙  .  .  ♙  .  ♘  ♙  .  
5 ♟  ♙  ♙  ♟  ♘  .  .  .  
4 .  .  .  .  ♟  .  .  ♙  
3 .  .  ♞  .  ♝  ♟  .  .  
2 .  ♟  .  ♞  ♝  .  ♟  ♟  
1 ♜  .  .  ♛  ♚  .  .  ♜  
  a  b  c  d  e  f  g  h

===== 1513 ===== 
[c4, Nf6, Nc3, e6, d4, Bb4, e3, O-O, Bd3, d5, cxd5, exd5, Ne2] ...
Ne2 Gives us inValid move: more than one valid move, The notation is disambiguous
8 ♖  ♘  ♗  ♕  .  ♖  ♔  .  
7 ♙  ♙  ♙  .  .  ♙  ♙  ♙  
6 .  .  .  .  .  ♘  .  .  
5 .  .  .  ♙  .  .  .  .  
4 .  ♗  .  ♟  .  .  .  .  
3 .  .  ♞  ♝  ♟  .  .  .  
2 ♟  ♟  .  .  .  ♟  ♟  ♟  
1 ♜  .  ♝  ♛  ♚  .  ♞  ♜  
  a  b  c  d  e  f  g  h

===== 1515 ===== 
[d4, d5, Nf3, Nc6, c4, Bg4, cxd5, Bxf3, gxf3, Qxd5, e3, e5, Nc3, Bb4, Bd2, Bxc3, bxc3, Nge7, c4, Qd6, d5, Nb8, Rb1, b6, Bb4, c5, dxc6] ...
dxc6 Gives us inValid move: No such move for piece found: []
8 ♖  ♘  .  .  ♔  .  .  ♖  
7 ♙  .  .  .  ♘  ♙  ♙  ♙  
6 .  ♙  .  ♕  .  .  .  .  
5 .  .  ♙  ♟  ♙  .  .  .  
4 .  ♝  ♟  .  .  .  .  .  
3 .  .  .  .  ♟  ♟  .  .  
2 ♟  .  .  .  .  ♟  .  ♟  
1 .  ♜  .  ♛  ♚  ♝  .  ♜  
  a  b  c  d  e  f  g  h

===== 1520 ===== 
[d4, Nf6, c4, e6, Nf3, d5, Nc3, Bb4, Bg5, Nbd7, cxd5, exd5, Qc2, O-O, e3, c5, Bd3, Qa5, O-O, c4, Be2, Re8, Nd2, h6, Bh4, Bxc3, bxc3, Ne4, Nxe4, Rxe4, Bg3, Nb6, Bf3, Re6, a4, Bd7, Rfb1, Bc6, Bc7, Qa6, a5, Nd7, Bg4, Ree8, Bf5, Nf8, Qd2, Ne6, Bg3, Rad8, f3, Bd7, Bc2, Ng5, Bc7, Rc8, Bf4, Ne6, Bg3, Ng5, Bh4, Rc7, Bg3, Rcc8, Kh1, Re7, Be5, Rce8, Qf2, f6, Bf4, Ne6, Bg3, Nf8, e4, Bf5, exf5, Re2, Ba4, Rxf2, Bxe8, Rd2, h4, g6, fxg6, Re2, Bf7+, Kg7, h5, Qc6, Re1, Rxe1+, Rxe1, Qd7, Kg1, b5, axb6] ...
axb6 Gives us inValid move: No such move for piece found: []
8 .  .  .  .  .  ♘  .  .  
7 ♙  .  .  ♕  .  ♝  ♔  .  
6 .  .  .  .  .  ♙  ♟  ♙  
5 ♟  ♙  .  ♙  .  .  .  ♟  
4 .  .  ♙  ♟  .  .  .  .  
3 .  .  ♟  .  .  ♟  ♝  .  
2 .  .  .  .  .  .  ♟  .  
1 .  .  .  .  ♜  .  ♚  .  
  a  b  c  d  e  f  g  h

===== 1522 ===== 
[d4, Nf6, c4, g6, Nc3, Bg7, e4, d6, Nf3, O-O, Be2, e5, O-O, exd4, Nxd4, Re8, f3, c6, Kh1, Nh5, g4, Nf6, Bf4, h5, g5, Nh7, Qd2, Nd7, Rad1, Qe7, Rg1, Ne5, Qe1, Nf8, Qf2, a6, Nb3, Be6, c5, Rad8, cxd6, Rxd6, Qc5, Rxd1, Rxd1, Nfd7, Qxe7, Rxe7, Bc1, Bc4, Kg2, Bxe2, Nxe2, Nc4, Nbd4, c5, Nc2, Nf8, b3, Ne5, f4, Nc6, e5, Ne6, Be3, Rc7, Kf3, b5, Ng3, c4, bxc4, Na5, c5, Nxc5, Nb4, Ne6, Nd5, Rc2, Nf6+, Bxf6, exf6, Nc4, f5, Rc3, fxe6, Rxe3+, Kf4, fxe6, Rd8+, Kf7, Rd7+, Ke8, Re7+, Kf8, Nxh5, e5+, Kg4, Re4+, Kf3, Nd2+, Kf2, gxh5, g6, Rf4+, Ke2, Rxf6, g7+, Kg8, Kxd2, Rf2+, Ke3, Rxa2, Ke4, Rxh2, Kf5, Kh7, Ra7, Ra2, g8=Q+, Kxg8] ...
Kxg8 Gives us inValid move: Pawn can move diagonally only when capturing
8 .  .  .  .  .  .  .  .  
7 ♜  .  .  .  .  .  ♟  ♔  
6 ♙  .  .  .  .  .  .  .  
5 .  ♙  .  .  ♙  ♚  .  ♙  
4 .  .  .  .  .  .  .  .  
3 .  .  .  .  .  .  .  .  
2 ♖  .  .  .  .  .  .  .  
1 .  .  .  .  .  .  .  .  
  a  b  c  d  e  f  g  h

===== 1530 ===== 
[d4, Nf6, c4, g6, Nc3, Bg7, g3, O-O, Bg2, c5, d5, d6, h3, Re8, Nf3, e6, Nd2, exd5, cxd5, Nbd7, O-O, a6, a4, Rb8, Nc4, Ne5, Na3, Nh5, e4, Bd7, a5, b5, axb6] ...
axb6 Gives us inValid move: No such move for piece found: []
8 .  ♖  .  ♕  ♖  .  ♔  .  
7 .  .  .  ♗  .  ♙  ♗  ♙  
6 ♙  .  .  ♙  .  .  ♙  .  
5 ♟  ♙  ♙  ♟  ♘  .  .  ♘  
4 .  .  .  .  ♟  .  .  .  
3 ♞  .  ♞  .  .  .  ♟  ♟  
2 .  ♟  .  .  .  ♟  ♝  .  
1 ♜  .  ♝  ♛  .  ♜  ♚  .  
  a  b  c  d  e  f  g  h

===== 1549 ===== 
[Nf3, c5, c4, Nc6, Nc3, e5, e3, Nf6, d4, cxd4, exd4, e4, Ne5, Bd6, c5, Bb8, Nc4, d5, cxd6] ...
cxd6 Gives us inValid move: No such move for piece found: []
8 ♖  ♗  ♗  ♕  ♔  .  .  ♖  
7 ♙  ♙  .  .  .  ♙  ♙  ♙  
6 .  .  ♘  .  .  ♘  .  .  
5 .  .  ♟  ♙  .  .  .  .  
4 .  .  ♞  ♟  ♙  .  .  .  
3 .  .  ♞  .  .  .  .  .  
2 ♟  ♟  .  .  .  ♟  ♟  ♟  
1 ♜  .  ♝  ♛  ♚  ♝  .  ♜  
  a  b  c  d  e  f  g  h

===== 1554 ===== 
[Nf3, c5, c4, Nc6, d4, cxd4, Nxd4, Nf6, Nc3, d6, e4, g6, Be2, Bg7, Be3, O-O, O-O, Bd7, Qd2, Nxd4, Bxd4, Bc6, Bd3, a5, Rfe1, a4, Nd5, Nd7, Bxg7, Kxg7, Re3, e5, Rh3, h5, Ne3, Rh8, Rg3, Nc5, Rd1, h4, Rh3, Bxe4, Bf1, Bc6, Nd5, Bxd5, Qxd5, Ra6, Re3, Qf6, b4, axb3] ...
axb3 Gives us inValid move: No such move for piece found: []
8 .  .  .  .  .  .  .  ♖  
7 .  ♙  .  .  .  ♙  ♔  .  
6 ♖  .  .  ♙  .  ♕  ♙  .  
5 .  .  ♘  ♛  ♙  .  .  .  
4 ♙  ♟  ♟  .  .  .  .  ♙  
3 .  .  .  .  ♜  .  .  .  
2 ♟  .  .  .  .  ♟  ♟  ♟  
1 .  .  .  ♜  .  ♝  ♚  .  
  a  b  c  d  e  f  g  h

===== 1564 ===== 
[d4, Nf6, c4, g6, Nf3, Bg7, g3, d5, cxd5, Nxd5, Bg2, Nb6, Nc3, Nc6, e3, O-O, O-O, Re8, Re1, a5, Qe2, Bg4, h3, Be6, b3, a4, Rb1, axb3, axb3, Qc8, Kh2, Ra5, Rd1, Rh5, Nh4, Bf6, f4, Rd8, Qf2, Bxh4, gxh4, Nd5, Nxd5, Rhxd5, Bb2, Rb5, Qe2, Rh5, e4, Bxb3, Rdc1, Na5, d5, b6, Be5, c5, dxc6] ...
dxc6 Gives us inValid move: No such move for piece found: []
8 .  .  ♕  ♖  .  .  ♔  .  
7 .  .  .  .  ♙  ♙  .  ♙  
6 .  ♙  .  .  .  .  ♙  .  
5 ♘  .  ♙  ♟  ♝  .  .  ♖  
4 .  .  .  .  ♟  ♟  .  ♟  
3 .  ♗  .  .  .  .  .  ♟  
2 .  .  .  .  ♛  .  ♝  ♚  
1 .  ♜  ♜  .  .  .  .  .  
  a  b  c  d  e  f  g  h

===== 1568 ===== 
[d4, Nf6, c4, c5, d5, e6, Nc3, exd5, cxd5, d6, e4, g6, f4, Bg7, Nf3, O-O, Be2, Bg4, O-O, Nbd7, h3, Bxf3, Bxf3, a6, a4, Rb8, a5, Ne8, Qd3, Nc7, Bd2, b5, axb6] ...
axb6 Gives us inValid move: No such move for piece found: []
8 .  ♖  .  ♕  .  ♖  ♔  .  
7 .  .  ♘  ♘  .  ♙  ♗  ♙  
6 ♙  .  .  ♙  .  .  ♙  .  
5 ♟  ♙  ♙  ♟  .  .  .  .  
4 .  .  .  .  ♟  ♟  .  .  
3 .  .  ♞  ♛  .  ♝  .  ♟  
2 .  ♟  .  ♝  .  .  ♟  .  
1 ♜  .  .  .  .  ♜  ♚  .  
  a  b  c  d  e  f  g  h

===== 1584 ===== 
[d4, Nf6, Nf3, g6, c4, Bg7, g3, b6, Bg2, Bb7, O-O, O-O, d5, Ne4, Qc2, f5, Bf4, c6, Nfd2, Nf6, Nc3, Nh5, Bg5, h6, Be3, e5, dxe6] ...
dxe6 Gives us inValid move: No such move for piece found: []
8 ♖  ♘  .  ♕  .  ♖  ♔  .  
7 ♙  ♗  .  ♙  .  .  ♗  .  
6 .  ♙  ♙  .  .  .  ♙  ♙  
5 .  .  .  ♟  ♙  ♙  .  ♘  
4 .  .  ♟  .  .  .  .  .  
3 .  .  ♞  .  ♝  .  ♟  .  
2 ♟  ♟  ♛  ♞  ♟  ♟  ♝  ♟  
1 ♜  .  .  .  .  ♜  ♚  .  
  a  b  c  d  e  f  g  h

===== 1604 ===== 
[e4, e5, Nf3, Nc6, Bb5, Bc5, c3, Nf6, d4, exd4, e5, Ne4, O-O, d5, exd6] ...
exd6 Gives us inValid move: No such move for piece found: []
8 ♖  .  ♗  ♕  ♔  .  .  ♖  
7 ♙  ♙  ♙  .  .  ♙  ♙  ♙  
6 .  .  ♘  .  .  .  .  .  
5 .  ♝  ♗  ♙  ♟  .  .  .  
4 .  .  .  ♙  ♘  .  .  .  
3 .  .  ♟  .  .  ♞  .  .  
2 ♟  ♟  .  .  .  ♟  ♟  ♟  
1 ♜  ♞  ♝  ♛  .  ♜  ♚  .  
  a  b  c  d  e  f  g  h

===== 1608 ===== 
[e4, c5, Nf3, d6, Bb5+, Nd7, d4, cxd4, Qxd4, a6, Be2, Ngf6, O-O, Qc7, c4, e6, b3, b6, Nc3, Bb7, Rd1, Be7, h3, Rd8, Qe3, O-O, Ba3, Rfe8, Rac1, h6, b4, Rc8, Bb2, Qb8, Bd3, Nh7, Ne2, Ba8, e5, Ng5, Nxg5, Bxg5, f4, Be7, Be4, Bxe4, Qxe4, Red8, Nd4, Bf8, Nxe6, fxe6, exd6, Re8, Rc3, Qa8, Qxa8, Rxa8, c5, bxc5, bxc5, Reb8, Ba3, Rd8, c6, Rac8, Bb2, Nb8, c7, Rxd6, Rxd6, Bxd6, cxb8=Q, Rxb8] ...
Rxb8 Gives us inValid move: Invalid Rook move
8 .  ♘  ♖  .  .  .  ♔  .  
7 .  .  ♟  .  .  .  ♙  .  
6 ♙  .  .  ♗  ♙  .  .  ♙  
5 .  .  .  .  .  .  .  .  
4 .  .  .  .  .  ♟  .  .  
3 .  .  ♜  .  .  .  .  ♟  
2 ♟  ♝  .  .  .  .  ♟  .  
1 .  .  .  .  .  .  ♚  .  
  a  b  c  d  e  f  g  h

===== 1611 ===== 
[d4, Nf6, c4, g6, Nf3, Bg7, g3, d5, cxd5, Nxd5, Bg2, Nb6, Nc3, Nc6, e3, O-O, O-O, Re8, Re1, a5, h3, a4, Rb1, h6, Kh2, Ra5, b4, axb3] ...
axb3 Gives us inValid move: No such move for piece found: []
8 .  .  ♗  ♕  ♖  .  ♔  .  
7 .  ♙  ♙  .  ♙  ♙  ♗  .  
6 .  ♘  ♘  .  .  .  ♙  ♙  
5 ♖  .  .  .  .  .  .  .  
4 ♙  ♟  .  ♟  .  .  .  .  
3 .  .  ♞  .  ♟  ♞  ♟  ♟  
2 ♟  .  .  .  .  ♟  ♝  ♚  
1 .  ♜  ♝  ♛  ♜  .  .  .  
  a  b  c  d  e  f  g  h

===== 1642 ===== 
[Nf3, Nf6, g3, d5, Bg2, c6, d3, Bf5, Nh4, Bg4, h3, Bc8, O-O, g6, e4, dxe4, dxe4, Qxd1, Rxd1, Bg7, e5, Nfd7, f4, Nb6, Nc3, Be6, Ne4, O-O, b3, Na6, Ba3, Rfe8, c4, Nc7, Rd2, Nd7, Rad1, Nf8, Kf2, Rab8, g4, Bh6, Kg3, b6, Rd3, Bc8, f5, c5, Bb2, Bb7, Nc3, Bxg2, Kxg2, Bg7, Ne4, Na6, a3, b5, Ba1, bxc4, bxc4, Rb7, Nf3, Nb8, Nxc5, Rc7, Nb3, Rxc4, f6, exf6, exf6, Bh8, Rd8, Rc8, Rxc8, Rxc8, Kg3, h6, h4, Ne6, g5, hxg5, hxg5, Nc6, Rd7, Rb8, Nbd4, Ncxd4, Bxd4, Rb3, Kg4, Rxa3, Rxa7, Rxa7, Bxa7, Nf8, Bc5, Nd7, Be7, Nb6, Bd8, Nd5, Ne5, Nc3, Kf3, Nd5, Be7, Nc7, Ng4, Ne6, Nh6+, Kh7, Nxf7, Kg8, Nh6+, Kh7, Nf7, Kg8, Nh6+, Kh7, Kg4, Nc5, f7, Nd7, f8=Q, Nxf8] ...
Nxf8 Gives us inValid move: Pawn can move diagonally only when capturing
8 .  .  .  .  .  .  .  ♗  
7 .  .  .  ♘  ♝  ♟  .  ♔  
6 .  .  .  .  .  .  ♙  ♞  
5 .  .  .  .  .  .  ♟  .  
4 .  .  .  .  .  .  ♚  .  
3 .  .  .  .  .  .  .  .  
2 .  .  .  .  .  .  .  .  
1 .  .  .  .  .  .  .  .  
  a  b  c  d  e  f  g  h

===== 1651 ===== 
[g3, Nf6, Bg2, g6, e4, d6, d4, Bg7, Ne2, Nbd7, O-O, O-O, h3, e5, Nbc3, c6, a4, b6, Be3, Bb7, g4, a6, Ng3, b5, g5, Ne8, d5, cxd5, Nxd5, Nc7, axb5, axb5, Rxa8, Bxa8, Qe2, Nxd5, exd5, Qb8, Rd1, f5, gxf6] ...
gxf6 Gives us inValid move: No such move for piece found: []
8 ♗  ♕  .  .  .  ♖  ♔  .  
7 .  .  .  ♘  .  .  ♗  ♙  
6 .  .  .  ♙  .  .  ♙  .  
5 .  ♙  .  ♟  ♙  ♙  ♟  .  
4 .  .  .  .  .  .  .  .  
3 .  .  .  .  ♝  .  ♞  ♟  
2 .  ♟  ♟  .  ♛  ♟  ♝  .  
1 .  .  .  ♜  .  .  ♚  .  
  a  b  c  d  e  f  g  h

===== 1655 ===== 
[Nf3, Nf6, c4, g6, Nc3, Bg7, e4, d6, d4, O-O, Be2, e5, Be3, exd4, Nxd4, Re8, f3, c6, Bf2, d5, exd5, cxd5, O-O, Nc6, c5, Re5, a3, Qf8, b4, Bd7, Nxc6, bxc6, Bd4, Re6, Bd3, Nh5, Bc2, Rae8, Qd2, Bxd4+, Qxd4, Qh6, f4, Re3, f5, Qg5, b5, R8e5, b6, Qd8, Rab1, axb6, cxb6, Ng7, b7, Qb8, Na4, Bxf5, Nc5, Ne6, Qxe5, Rxe5, Nd7, Qa7+, Kh1, Kg7, b8=Q, Qxb8] ...
Qxb8 Gives us inValid move: Pawn can move diagonally only when capturing
8 .  .  .  .  .  .  .  .  
7 ♕  ♟  .  ♞  .  ♙  ♔  ♙  
6 .  .  ♙  .  ♘  .  ♙  .  
5 .  .  .  ♙  ♖  ♗  .  .  
4 .  .  .  .  .  .  .  .  
3 ♟  .  .  .  .  .  .  .  
2 .  .  ♝  .  .  .  ♟  ♟  
1 .  ♜  .  .  .  ♜  .  ♚  
  a  b  c  d  e  f  g  h

===== 1663 ===== 
[e4, c5, Nf3, d6, d4, cxd4, Nxd4, Nf6, Nc3, g6, Be3, Bg7, f3, Nc6, Qd2, O-O, g4, Nxd4, Bxd4, Be6, Nd5, Bxd5, exd5, Rc8, h4, Qc7, Rh2, e5, dxe6] ...
dxe6 Gives us inValid move: No such move for piece found: []
8 .  .  ♖  .  .  ♖  ♔  .  
7 ♙  ♙  ♕  .  .  ♙  ♗  ♙  
6 .  .  .  ♙  .  ♘  ♙  .  
5 .  .  .  ♟  ♙  .  .  .  
4 .  .  .  ♝  .  .  ♟  ♟  
3 .  .  .  .  .  ♟  .  .  
2 ♟  ♟  ♟  ♛  .  .  .  ♜  
1 ♜  .  .  .  ♚  ♝  .  .  
  a  b  c  d  e  f  g  h

===== 1669 ===== 
[e4, c6, d4, d5, e5, Bf5, Nf3, e6, Be2, Ne7, O-O, h6, Nbd2, Nd7, Nb3, Bg6, a4, Nf5, a5, Rc8, c4, Be7, cxd5, cxd5, Bd3, O-O, g4, Nh4, Nxh4, Bxd3, Qxd3, Bxh4, Bd2, f5, h3, Qe7, f4, a6, Kh2, Qf7, Rf3, Rc4, Rg1, Rfc8, Bc3, Kh8, Nd2, R4c6, Nf1, g6, Ne3, Nf8, Ng2, Be7, Rg3, b5, axb6] ...
axb6 Gives us inValid move: No such move for piece found: []
8 .  .  ♖  .  .  ♘  .  ♔  
7 .  .  .  .  ♗  ♕  .  .  
6 ♙  .  ♖  .  ♙  .  ♙  ♙  
5 ♟  ♙  .  ♙  ♟  ♙  .  .  
4 .  .  .  ♟  .  ♟  ♟  .  
3 .  .  ♝  ♛  .  .  ♜  ♟  
2 .  ♟  .  .  .  .  ♞  ♚  
1 .  .  .  .  .  .  ♜  .  
  a  b  c  d  e  f  g  h

===== 1702 ===== 
[c4, g6, d4, Nf6, Nc3, Bg7, e4, d6, Nf3, O-O, h3, e5, dxe5, dxe5, Qxd8, Rxd8, Bg5, Na6, Be2, h6, Be3, Re8, O-O-O, c6, Rd6, Nd7, Rhd1, Nf8, Rd8, Rxd8, Rxd8, Nc7, c5, Ne6] ...
Ne6 Gives us inValid move: more than one valid move, The notation is disambiguous
8 ♖  .  ♗  ♜  .  ♘  ♔  .  
7 ♙  ♙  ♘  .  .  ♙  ♗  .  
6 .  .  ♙  .  .  .  ♙  ♙  
5 .  .  ♟  .  ♙  .  .  .  
4 .  .  .  .  ♟  .  .  .  
3 .  .  ♞  .  ♝  ♞  .  ♟  
2 ♟  ♟  .  .  ♝  ♟  ♟  .  
1 .  .  ♚  .  .  .  .  .  
  a  b  c  d  e  f  g  h

===== 1710 ===== 
[d4, Nf6, c4, e6, Nc3, Bb4, e3, O-O, Ne2] ...
Ne2 Gives us inValid move: more than one valid move, The notation is disambiguous
8 ♖  ♘  ♗  ♕  .  ♖  ♔  .  
7 ♙  ♙  ♙  ♙  .  ♙  ♙  ♙  
6 .  .  .  .  ♙  ♘  .  .  
5 .  .  .  .  .  .  .  .  
4 .  ♗  ♟  ♟  .  .  .  .  
3 .  .  ♞  .  ♟  .  .  .  
2 ♟  ♟  .  .  .  ♟  ♟  ♟  
1 ♜  .  ♝  ♛  ♚  ♝  ♞  ♜  
  a  b  c  d  e  f  g  h

===== 1715 ===== 
[e4, c5, Nf3, e6, d4, cxd4, Nxd4, Nf6, Nc3, Nc6, Nxc6, bxc6, e5, Nd5, Ne4, Qc7, f4, Qa5+, c3, Be7, Bd3, f5, exf6] ...
exf6 Gives us inValid move: No such move for piece found: []
8 ♖  .  ♗  .  ♔  .  .  ♖  
7 ♙  .  .  ♙  ♗  .  ♙  ♙  
6 .  .  ♙  .  ♙  .  .  .  
5 ♕  .  .  ♘  ♟  ♙  .  .  
4 .  .  .  .  ♞  ♟  .  .  
3 .  .  ♟  ♝  .  .  .  .  
2 ♟  ♟  .  .  .  .  ♟  ♟  
1 ♜  .  ♝  ♛  ♚  .  .  ♜  
  a  b  c  d  e  f  g  h

===== 1722 ===== 
[e4, e5, Nf3, Nc6, Bb5, Nf6, O-O, Nxe4, d4, Nd6, Bxc6, dxc6, dxe5, Nf5, Qxd8+, Kxd8, Nc3, Ke8, Rd1, Ne7, Nd4, Ng6, Ne4, Bd7, f4, c5, Ne2, Bc6, N2c3, Rd8, Be3, b6, Rxd8+, Kxd8, Rd1+, Kc8, Nd5, Be7, c4, Re8, Ng3, Bf8, Kf2, Bd7, h3, c6, Nc3, f5, exf6] ...
exf6 Gives us inValid move: No such move for piece found: []
8 .  .  ♔  .  ♖  ♗  .  .  
7 ♙  .  .  ♗  .  .  ♙  ♙  
6 .  ♙  ♙  .  .  .  ♘  .  
5 .  .  ♙  .  ♟  ♙  .  .  
4 .  .  ♟  .  .  ♟  .  .  
3 .  .  ♞  .  ♝  .  ♞  ♟  
2 ♟  ♟  .  .  .  ♚  ♟  .  
1 .  .  .  ♜  .  .  .  .  
  a  b  c  d  e  f  g  h

===== 1753 ===== 
[e4, Nf6, e5, Nd5, d4, d6, Nf3, dxe5, Nxe5, c6, Be2, g6, Nd2, Nf4, Bc4, Be6, Bxe6, Nxe6, Qf3, f6, Qb3, Qxd4, Ndf3, Qe4+, Be3, fxe5, Qxe6, Nd7, O-O-O, Qf5, Qb3, Nb6, Ng5, Nd5, Rxd5, cxd5, Qxd5, Rc8, c3, Bh6, Ne6, Bxe3+, fxe3, Qf6, Rd1, h5, Qb5+, Kf7, Rf1, Qxf1+, Qxf1+, Kxe6, Qd3, Kf6, Qd7, Rb8, Kc2, Rhc8, a4, Rc6, a5, a6, h4, Rc5, g3, Rc6, Kb1, Rc5, Kc2, Rc4, Kb3, Rc6, g4, hxg4, Qxg4, Rc5, Qd7, b6, Qa7, bxa5+, Qxb8, Rb5+, Qxb5, axb5, c4, bxc4+, Kxc4, Kf5, Kb5, Ke4, Kxa5, Kxe3, b4, e4, b5, Kf3, b6, e3, b7, e2, b8=Q, e1=Q+, Ka6, Qa1+] ...
Qa1+ Gives us inValid move: Black pawn can only move up diagonally
8 .  ♛  .  .  .  .  .  .  
7 .  .  .  .  ♙  .  .  .  
6 ♚  .  .  .  .  .  ♙  .  
5 .  .  .  .  .  .  .  .  
4 .  .  .  .  .  .  .  ♟  
3 .  .  .  .  .  ♔  .  .  
2 .  .  .  .  ♙  .  .  .  
1 .  .  .  .  .  .  .  .  
  a  b  c  d  e  f  g  h

===== 1754 ===== 
[Nf3, c5, c4, Nc6, Nc3, e5, e3, f5, d3, Nf6, Nd5, d6, Nxf6+, Qxf6, g3, g5, Bg2, Bg7, O-O, O-O, Bd2, Be6, Bc3, g4, Nd2, h5, Rb1, Rad8, b4, cxb4, Bxb4, h4, Bc3, Rf7, Rb5, Qh6, Re1, hxg3, hxg3, Bf6, Nf1, Rh7, Qb3, Rdd7, d4, a6, Rb6, Nd8, dxe5, dxe5, Rd1, e4, Rdd6, Bxc3, Qxc3, Nc6, Rdxc6, bxc6, Rxc6, Rd1, f4, gxf3] ...
gxf3 Gives us inValid move: No such move for piece found: []
8 .  .  .  .  .  .  ♔  .  
7 .  .  .  .  .  .  .  ♖  
6 ♙  .  ♜  .  ♗  .  .  ♕  
5 .  .  .  .  .  ♙  .  .  
4 .  .  ♟  .  ♙  ♟  ♙  .  
3 .  .  ♛  .  ♟  .  ♟  .  
2 ♟  .  .  .  .  .  ♝  .  
1 .  .  .  ♖  .  ♞  ♚  .  
  a  b  c  d  e  f  g  h

===== 1764 ===== 
[e4, d6, d4, Nf6, Nc3, e5, Nf3, Nbd7, Bc4, Be7, O-O, O-O, a4, h6, Re1, a6, a5, exd4, Nxd4, Ne5, Ba2, Re8, h3, Bf8, Bf4, Bd7, Bh2, g6, Kh1, Bg7, Qd2, c5, Nde2, Be6, Bxe6, Rxe6, Nf4, Re8, Ra4, Qd7, b3, Qc6, Ncd5, Nxd5, Nxd5, Nd7, f3, Re6, Rd1, h5, Nf4, Bh6, Qf2, Bxf4, Bxf4, b5, axb6] ...
axb6 Gives us inValid move: No such move for piece found: []
8 ♖  .  .  .  .  .  ♔  .  
7 .  .  .  ♘  .  ♙  .  .  
6 ♙  .  ♕  ♙  ♖  .  ♙  .  
5 ♟  ♙  ♙  .  .  .  .  ♙  
4 ♜  .  .  .  ♟  ♝  .  .  
3 .  ♟  .  .  .  ♟  .  ♟  
2 .  .  ♟  .  .  ♛  ♟  .  
1 .  .  .  ♜  .  .  .  ♚  
  a  b  c  d  e  f  g  h

===== 1765 ===== 
[e4, e5, Nf3, Nc6, Bb5, Nf6, O-O, Nxe4, d4, Nd6, Bxc6, dxc6, dxe5, Nf5, Qxd8+, Kxd8, Nc3, Ke8, h3, h5, Ne2, Be7, Re1, Nh4, Nxh4, Bxh4, Bf4, Be7, Nd4, g5, Bh2, Bc5, Nb3, Bb6, c4, Be6, Rac1, c5, a4, a6, a5, Ba7, Nd2, Kd7, Ne4, g4, h4, Kc6, Red1, Rab8, b3, b5, axb6] ...
axb6 Gives us inValid move: No such move for piece found: []
8 .  ♖  .  .  .  .  .  ♖  
7 ♗  .  ♙  .  .  ♙  .  .  
6 ♙  .  ♔  .  ♗  .  .  .  
5 ♟  ♙  ♙  .  ♟  .  .  ♙  
4 .  .  ♟  .  ♞  .  ♙  ♟  
3 .  ♟  .  .  .  .  .  .  
2 .  .  .  .  .  ♟  ♟  ♝  
1 .  .  ♜  ♜  .  .  ♚  .  
  a  b  c  d  e  f  g  h

===== 1783 ===== 
[d4, d5, c4, dxc4, Nf3, Nf6, Nc3, a6, e4, b5, e5, Nd5, a4, e6, axb5, Bb4, Qc2, Nb6, Qe4, Qd5, Qg4, axb5, Rxa8, Qxa8, Be2, Kf8, O-O, Bxc3, bxc3, h6, Qh4, Nc6, Ng5, Ne7, Bf3, Bb7, Bxb7, Qxb7, Ba3, Nd5] ...
Nd5 Gives us inValid move: more than one valid move, The notation is disambiguous
8 .  .  .  .  .  ♔  .  ♖  
7 .  ♕  ♙  .  ♘  ♙  ♙  .  
6 .  ♘  .  .  ♙  .  .  ♙  
5 .  ♙  .  .  ♟  .  ♞  .  
4 .  .  ♙  ♟  .  .  .  ♛  
3 ♝  .  ♟  .  .  .  .  .  
2 .  .  .  .  .  ♟  ♟  ♟  
1 .  .  .  .  .  ♜  ♚  .  
  a  b  c  d  e  f  g  h

===== 1804 ===== 
[e4, c5, Nf3, Nc6, Bb5, e6, O-O, Nge7, Re1, a6, Bf1, d5, d3, d4, e5, Nd5, c4, dxc3] ...
dxc3 Gives us inValid move: No such move for piece found: []
8 ♖  .  ♗  ♕  ♔  ♗  .  ♖  
7 .  ♙  .  .  .  ♙  ♙  ♙  
6 ♙  .  ♘  .  ♙  .  .  .  
5 .  .  ♙  ♘  ♟  .  .  .  
4 .  .  ♟  ♙  .  .  .  .  
3 .  .  .  ♟  .  ♞  .  .  
2 ♟  ♟  .  .  .  ♟  ♟  ♟  
1 ♜  ♞  ♝  ♛  ♜  ♝  ♚  .  
  a  b  c  d  e  f  g  h

===== 1806 ===== 
[d4, Nf6, c4, g6, Nc3, Bg7, e4, d6, f3, O-O, Be3, c5, Nge2, Nc6, d5, Ne5, Ng3, h5, Be2, h4, Nf1, e6, f4, Nxc4, Bxc4, b5, Bxb5, exd5, e5, dxe5, fxe5, Bg4, exf6, Bxd1, fxg7, Kxg7, Bxc5, h3, Rxd1, hxg2, Rg1, gxf1=Q+, Kxf1] ...
Kxf1 Gives us inValid move: Path is blocked by another piece
8 ♖  .  .  ♕  .  ♖  .  .  
7 ♙  .  .  .  .  ♙  ♔  .  
6 .  .  .  .  .  .  ♙  .  
5 .  ♝  ♝  ♙  .  .  .  .  
4 .  .  .  .  .  .  .  .  
3 .  .  ♞  .  .  .  .  .  
2 ♟  ♟  .  .  .  .  ♙  ♟  
1 .  .  .  ♜  ♚  ♞  ♜  .  
  a  b  c  d  e  f  g  h

===== 1827 ===== 
[d4, Nf6, c4, g6, Nc3, Bg7, e4, d6, h3, O-O, Bg5, c5, d5, e6, Bd3, exd5, cxd5, h6, Bf4, g5, Bh2, Re8, Nge2, c4, Bc2, Na6, O-O, Nc5, f3, b5, Kh1, Qb6, Bg1, Bd7, Qd2, Qd8, Bd4, Nh5, Bxg7, Nxg7, g4, Qf6, Qd4, Qe5, b4, cxb3] ...
cxb3 Gives us inValid move: No such move for piece found: []
8 ♖  .  .  .  ♖  .  ♔  .  
7 ♙  .  .  ♗  .  ♙  ♘  .  
6 .  .  .  ♙  .  .  .  ♙  
5 .  ♙  ♘  ♟  ♕  .  ♙  .  
4 .  ♟  ♙  ♛  ♟  .  ♟  .  
3 .  .  ♞  .  .  ♟  .  ♟  
2 ♟  .  ♝  .  ♞  .  .  .  
1 ♜  .  .  .  .  ♜  .  ♚  
  a  b  c  d  e  f  g  h

===== 1835 ===== 
[e4, e5, Nf3, Nc6, Bb5, Nf6, d3, Bc5, Bxc6, dxc6, Nbd2, Be6, b3, Ng4, O-O, f6, Nc4, Qe7, a3, a6, b4, Ba7, Qe2, g5, Rb1, h5, a4, Qd7, Nfd2, h4, Nb3, h3, g3, Nh6, Be3, Bxe3, Nxe3, b6, a5, Qe7, axb6, cxb6, Nd2, Kf7, Ndc4, b5, Na5, c5, c4, Qc7, cxb5, cxb4, Nc6, a5, d4, exd4, Nxd4, Qe5, Nc6, Qxe4, f3, Qg6, b6, Rac8, Rbc1, b3, b7, Rce8, Qb5, Nf5, Nc4, Kg7, b8=Q, Rxb8] ...
Rxb8 Gives us inValid move: Path is blocked by another piece
8 .  .  .  .  ♖  .  .  ♖  
7 .  ♟  .  .  .  .  ♔  .  
6 .  .  ♞  .  ♗  ♙  ♕  .  
5 ♙  ♛  .  .  .  ♘  ♙  .  
4 .  .  ♞  .  .  .  .  .  
3 .  ♙  .  .  .  ♟  ♟  ♙  
2 .  .  .  .  .  .  .  ♟  
1 .  .  ♜  .  .  ♜  ♚  .  
  a  b  c  d  e  f  g  h

===== 1863 ===== 
[c4, g6, e4, Bg7, d4, d6, Ne2, Nf6, Nec3, O-O, Be2, Nc6, d5, Ne5, O-O, c6, h3, a6, Be3, b5, cxb5, axb5, dxc6, b4, Nd5, Nxc6, Nd2, Nxd5, exd5, Ne5, Nb3, Ba6, Bd4, Qb8, Re1, Qb7, f4, Nd7, Bxa6, Qxa6, Bxg7, Kxg7, Rxe7, Nf6, Qd4, Rfe8, Rxe8, Rxe8, Nd2, Qe2, a4, bxa3] ...
bxa3 Gives us inValid move: No such move for piece found: []
8 .  .  .  .  ♖  .  .  .  
7 .  .  .  .  .  ♙  ♔  ♙  
6 .  .  .  ♙  .  ♘  ♙  .  
5 .  .  .  ♟  .  .  .  .  
4 ♟  ♙  .  ♛  .  ♟  .  .  
3 .  .  .  .  .  .  .  ♟  
2 .  ♟  .  ♞  ♕  .  ♟  .  
1 ♜  .  .  .  .  .  ♚  .  
  a  b  c  d  e  f  g  h

===== 1876 ===== 
[d4, d6, Nf3, Bg4, e4, e6, h3, Bh5, Qe2, c6, Nc3, Nd7, g4, Bg6, h4, h5, g5, Qb6, Bh3, O-O-O, d5, cxd5, exd5, e5, O-O, Kb8, Be3, Qa6, Qxa6, bxa6, Nd2, Nb6, a4, Bxc2, Rfc1, Bd3, a5, Nd7, Ra3, Ne7, Rb3+, Ka8, Bf1, Bxf1, Kxf1, Rb8, Rxb8+, Kxb8, Nde4, Nf5, Na2, Nc5, Bxc5, dxc5, Nxc5, Bxc5, Rxc5, Rc8, b4, Nxh4, Nc3, Nf5, Ne4, Rd8, Kg2, Nd6, Nc3, Rc8, Kh3, Nb7, Rc6, Rxc6, dxc6, Nd6, Nd5, Nf5, Nc3, Kc7, b5, axb5, Nxb5+, Kxc6, Nxa7+, Kb7, Nb5, Ka6, Nc3, Kxa5, Ne4, Kb6, Nd2, Kc5, Kg2, Kd5, Kf3, Nd4+, Ke3, f5, gxf6] ...
gxf6 Gives us inValid move: No such move for piece found: []
8 .  .  .  .  .  .  .  .  
7 .  .  .  .  .  .  ♙  .  
6 .  .  .  .  .  .  .  .  
5 .  .  .  ♔  ♙  ♙  ♟  ♙  
4 .  .  .  ♘  .  .  .  .  
3 .  .  .  .  ♚  .  .  .  
2 .  .  .  ♞  .  ♟  .  .  
1 .  .  .  .  .  .  .  .  
  a  b  c  d  e  f  g  h

===== 1892 ===== 
[Nf3, Nf6, g3, g6, c4, Bg7, Bg2, d5, cxd5, Nxd5, d4, Nb6, Nc3, Nc6, e3, O-O, O-O, Re8, a3, Bd7, h3, e5, d5, Na5, Nd2, Qc8, Qe2, e4, Rd1, f5, Rb1, c6, dxc6, Nxc6, Nb3, Be6, Nc5, Bf7, Qc2, Ne5, b4, Nbc4, Nb5, b6, Nb3, Nd3, Rxd3, exd3, Qxd3, Ne5, Qd1, Rd8, N5d4, Rb8, Bb2, Qd7, Nd2, Rbc8, b5, Bd5, Bxd5+, Qxd5, Qb3, Qxb3, N2xb3, Nc4, a4, Nxb2, Rxb2, Rc4, Ra2, a5, bxa6] ...
bxa6 Gives us inValid move: No such move for piece found: []
8 .  .  .  ♖  .  .  ♔  .  
7 .  .  .  .  .  .  ♗  ♙  
6 .  ♙  .  .  .  .  ♙  .  
5 ♙  ♟  .  .  .  ♙  .  .  
4 ♟  .  ♖  ♞  .  .  .  .  
3 .  ♞  .  .  ♟  .  ♟  ♟  
2 ♜  .  .  .  .  ♟  .  .  
1 .  .  .  .  .  .  ♚  .  
  a  b  c  d  e  f  g  h

===== 1894 ===== 
[e4, d5, exd5, Qxd5, Nc3, Qd6, d4, Nf6, Nf3, Bg4, h3, Bh5, g4, Bg6, Ne5, Nbd7, Nxg6, hxg6, Be3, c6, Qf3, Nb6, O-O-O, Nbd5, Bd2, e6, Ne2, a5, Kb1, b5, Ng3, a4, a3, Qb8, c3, Bd6, Bd3, Bf4, Be1, g5, Ne2, Qc7, Bc2, O-O-O, Nxf4, Qxf4, Qe2, Qc7, c4, Nf4, Qf1, Qb6, Bb4, bxc4, Qxc4, Qb5, Qa2, Kb7, Ka1, N6d5, Bc5, Nxh3, Bd3, Qa5, b4, axb3] ...
axb3 Gives us inValid move: No such move for piece found: []
8 .  .  .  ♖  .  .  .  ♖  
7 .  ♔  .  .  .  ♙  ♙  .  
6 .  .  ♙  .  ♙  .  .  .  
5 ♕  .  ♝  ♘  .  .  ♙  .  
4 ♙  ♟  .  ♟  .  .  ♟  .  
3 ♟  .  .  ♝  .  .  .  ♘  
2 ♛  .  .  .  .  ♟  .  .  
1 ♚  .  .  ♜  .  .  .  ♜  
  a  b  c  d  e  f  g  h

===== 1921 ===== 
[e4, e6, d4, d5, Nc3, Nf6, e5, Nfd7, f4, c5, Nf3, Nc6, Be3, Be7, Qd2, b6, Bd3, Bb7, O-O, O-O, Nd1, cxd4, Nxd4, Nxd4, Bxd4, f5, exf6] ...
exf6 Gives us inValid move: No such move for piece found: []
8 ♖  .  .  ♕  .  ♖  ♔  .  
7 ♙  ♗  .  ♘  ♗  .  ♙  ♙  
6 .  ♙  .  .  ♙  .  .  .  
5 .  .  .  ♙  ♟  ♙  .  .  
4 .  .  .  ♝  .  ♟  .  .  
3 .  .  .  ♝  .  .  .  .  
2 ♟  ♟  ♟  ♛  .  .  ♟  ♟  
1 ♜  .  .  ♞  .  ♜  ♚  .  
  a  b  c  d  e  f  g  h

===== 1926 ===== 
[Nf3, Nf6, d4, g6, c4, Bg7, e3, O-O, Be2, d6, Nc3, Nbd7, O-O, e5, Qc2, Re8, Rd1, e4, Nd2, Qe7, b4, Nf8, Bb2, h5, Rac1, Bf5, Nb3, N8h7, d5, h4, Nd4, Bd7, c5, dxc5, bxc5, Qxc5, Qb3, Qb6, Ncb5, c5, dxc6] ...
dxc6 Gives us inValid move: No such move for piece found: []
8 ♖  .  .  .  ♖  .  ♔  .  
7 ♙  ♙  .  ♗  .  ♙  ♗  ♘  
6 .  ♕  .  .  .  ♘  ♙  .  
5 .  ♞  ♙  ♟  .  .  .  .  
4 .  .  .  ♞  ♙  .  .  ♙  
3 .  ♛  .  .  ♟  .  .  .  
2 ♟  ♝  .  .  ♝  ♟  ♟  ♟  
1 .  .  ♜  ♜  .  .  ♚  .  
  a  b  c  d  e  f  g  h

===== 1934 ===== 
[d4, Nf6, c4, g6, f3, Nc6, d5, Ne5, e4, d6, Nc3, Bg7, f4, Ned7, Nh3, O-O, Be2, e5, dxe6] ...
dxe6 Gives us inValid move: No such move for piece found: []
8 ♖  .  ♗  ♕  .  ♖  ♔  .  
7 ♙  ♙  ♙  ♘  .  ♙  ♗  ♙  
6 .  .  .  ♙  .  ♘  ♙  .  
5 .  .  .  ♟  ♙  .  .  .  
4 .  .  ♟  .  ♟  ♟  .  .  
3 .  .  ♞  .  .  .  .  ♞  
2 ♟  ♟  .  .  ♝  .  ♟  ♟  
1 ♜  .  ♝  ♛  ♚  .  .  ♜  
  a  b  c  d  e  f  g  h

===== 1949 ===== 
[e4, c5, Nf3, Nc6, Bb5, d6, O-O, Bd7, Re1, Nf6, c3, a6, Bf1, Bg4, h3, Bxf3, Qxf3, g6, d3, Bg7, Qd1, Nd7, Nd2, O-O, Nf3, Nde5, Nxe5, dxe5, Be3, b6, a3, a5, Qa4, Qd7, Be2, Rfb8, Bd1, e6, Qb5, Qc7, Rc1, Qd6, Bc2, h5, g4, hxg4, hxg4, Ne7, Kg2, Qc6, Qxc6, Nxc6, Rh1, a4, Rh3, Ra7, g5, Rd8, Rch1, Kf8, Rh7, Rdd7, Kf1, Rd8, Ke2, Rdd7, Bd2, Kg8, Bc1, Kf8, b4, axb3] ...
axb3 Gives us inValid move: No such move for piece found: []
8 .  .  .  .  .  ♔  .  .  
7 ♖  .  .  ♖  .  ♙  ♗  ♜  
6 .  ♙  ♘  .  ♙  .  ♙  .  
5 .  .  ♙  .  ♙  .  ♟  .  
4 ♙  ♟  .  .  ♟  .  .  .  
3 ♟  .  ♟  ♟  .  .  .  .  
2 .  .  ♝  .  ♚  ♟  .  .  
1 .  .  ♝  .  .  .  .  ♜  
  a  b  c  d  e  f  g  h

===== 1956 ===== 
[e4, c6, d4, d5, e5, Bf5, Nf3, e6, Be2, Ne7, O-O, Bg6, Nbd2, Nf5, Nb3, Nd7, Bd2, Be7, g4, Nh6, Ne1, c5, c3, c4, Nc1, f5, exf6] ...
exf6 Gives us inValid move: No such move for piece found: []
8 ♖  .  .  ♕  ♔  .  .  ♖  
7 ♙  ♙  .  ♘  ♗  .  ♙  ♙  
6 .  .  .  .  ♙  .  ♗  ♘  
5 .  .  .  ♙  ♟  ♙  .  .  
4 .  .  ♙  ♟  .  .  ♟  .  
3 .  .  ♟  .  .  .  .  .  
2 ♟  ♟  .  ♝  ♝  ♟  .  ♟  
1 ♜  .  ♞  ♛  ♞  ♜  ♚  .  
  a  b  c  d  e  f  g  h

===== 1972 ===== 
[d4, Nf6, c4, g6, Nc3, Bg7, e4, d6, Nf3, O-O, Be2, e5, O-O, Nc6, d5, Ne7, b4, Nh5, g3, h6, Nh4, Nf6, c5, Bh3, Ng2, c6, Bc4, Rc8, Ba3, cxd5, exd5, Nf5, Re1, a5, Ne3, axb4, Bxb4, dxc5, Ba3, Nd4, Bb2, Ne8, a4, Nd6, Bf1, Bxf1, Nxf1, e4, Rb1, Nf3+, Kg2, Nxe1+, Qxe1, f5, Ne2, Bxb2, Rxb2, g5, Kg1, Nc4, Rxb7, Qxd5, Qb1, Rf7, Rb3, Rd8, Rc3, Ne5, Ne3, Qc6, Qa2, Kg7, Rc1, f4, Nc4, Nf3+, Kh1, e3, Na5, Qa8, Qa1+, Kg8, Rxc5, exf2, Nc6, Re8, Qf1, Ne5, Nd4] ...
Nd4 Gives us inValid move: more than one valid move, The notation is disambiguous
8 ♕  .  .  .  ♖  .  ♔  .  
7 .  .  .  .  .  ♖  .  .  
6 .  .  ♞  .  .  .  .  ♙  
5 .  .  ♜  .  ♘  .  ♙  .  
4 ♟  .  .  .  .  ♙  .  .  
3 .  .  .  .  .  .  ♟  .  
2 .  .  .  .  ♞  ♙  .  ♟  
1 .  .  .  .  .  ♛  .  ♚  
  a  b  c  d  e  f  g  h

===== 1975 ===== 
[e4, c5, Nf3, Nc6, Nc3, g6, Bb5, Nd4, Ba4, Qa5, Rb1, Nf6, e5, Ne4, Nxe4, Qxa4, b3, Nxf3+, gxf3, Qc6, Bb2, Bg7, Qe2, O-O, h4, h5, Rg1, b6, d3, Bb7, Qe3, Qe6, Kd2, Rae8, Qf4, Bxe4, fxe4, Kh7, Qg3, d5, exd6] ...
exd6 Gives us inValid move: No such move for piece found: [White pawn can only capture up diagonally]
8 .  .  .  .  ♖  ♖  .  .  
7 ♙  .  .  .  ♙  ♙  ♗  ♔  
6 .  ♙  .  .  ♕  .  ♙  .  
5 .  .  ♙  ♙  ♟  .  .  ♙  
4 .  .  .  .  ♟  .  .  ♟  
3 .  ♟  .  ♟  .  .  ♛  .  
2 ♟  ♝  ♟  ♚  .  ♟  .  .  
1 .  ♜  .  .  .  .  ♜  .  
  a  b  c  d  e  f  g  h

===== 1981 ===== 
[d4, Nf6, c4, g6, Nf3, Bg7, g3, O-O, Bg2, d6, O-O, Nc6, Nc3, a6, Bf4, Rb8, Rc1, h6, h3, Re8, b3, g5, Bd2, e5, d5, Nd4, Ne1, e4, Bxg5, Nxe2+, Nxe2, hxg5, Nc2, Bf5, Ne3, Bg6, Nd4, Re5, b4, Qd7, Qb3, c5, dxc6] ...
dxc6 Gives us inValid move: No such move for piece found: []
8 .  ♖  .  .  .  .  ♔  .  
7 .  ♙  .  ♕  .  ♙  ♗  .  
6 ♙  .  .  ♙  .  ♘  ♗  .  
5 .  .  ♙  ♟  ♖  .  ♙  .  
4 .  ♟  ♟  ♞  ♙  .  .  .  
3 .  ♛  .  .  ♞  .  ♟  ♟  
2 ♟  .  .  .  .  ♟  ♝  .  
1 .  .  ♜  .  .  ♜  ♚  .  
  a  b  c  d  e  f  g  h

===== 1985 ===== 
[Nf3, Nf6, g3, b5, Bg2, Bb7, O-O, e6, d3, c5, e4, d6, Nc3, b4, Ne2, Nbd7, Ng5, Qc7, f4, Be7, h3, O-O, g4, Rfc8, Be3, a5, Ng3, c4, Rc1, cxd3, cxd3, Qd8, f5, Rxc1, Bxc1, e5, Nf3, d5, g5, dxe4, Nh2, Nd5, f6, Bc5+, Kh1, g6, Nxe4, Bf8, Qg4, Rc8, Qh4, Nf4, Bxf4, exf4, Ng4, Bxe4, dxe4, h5, gxh6] ...
gxh6 Gives us inValid move: No such move for piece found: []
8 .  .  ♖  ♕  .  ♗  ♔  .  
7 .  .  .  ♘  .  ♙  .  .  
6 .  .  .  .  .  ♟  ♙  .  
5 ♙  .  .  .  .  .  ♟  ♙  
4 .  ♙  .  .  ♟  ♙  ♞  ♛  
3 .  .  .  .  .  .  .  ♟  
2 ♟  ♟  .  .  .  .  ♝  .  
1 .  .  .  .  .  ♜  .  ♚  
  a  b  c  d  e  f  g  h

===== 1993 ===== 
[Nf3, Nf6, g3, d5, Bg2, e6, O-O, Be7, d3, O-O, Nbd2, c5, e4, Nc6, Re1, b5, e5, Nd7, Nf1, a5, h4, b4, h5, h6, N1h2, Re8, Ng4, Bf8, Bf4, a4, c4, bxc3] ...
bxc3 Gives us inValid move: No such move for piece found: []
8 ♖  .  ♗  ♕  ♖  ♗  ♔  .  
7 .  .  .  ♘  .  ♙  ♙  .  
6 .  .  ♘  .  ♙  .  .  ♙  
5 .  .  ♙  ♙  ♟  .  .  ♟  
4 ♙  ♙  ♟  .  .  ♝  ♞  .  
3 .  .  .  ♟  .  ♞  ♟  .  
2 ♟  ♟  .  .  .  ♟  ♝  .  
1 ♜  .  .  ♛  ♜  .  ♚  .  
  a  b  c  d  e  f  g  h

===== 1998 ===== 
[Nf3, c5, e4, d6, Bb5+, Nd7, c3, Nf6] ...
Nf6 Gives us inValid move: more than one valid move, The notation is disambiguous
8 ♖  .  ♗  ♕  ♔  ♗  ♘  ♖  
7 ♙  ♙  .  ♘  ♙  ♙  ♙  ♙  
6 .  .  .  ♙  .  .  .  .  
5 .  ♝  ♙  .  .  .  .  .  
4 .  .  .  .  ♟  .  .  .  
3 .  .  ♟  .  .  ♞  .  .  
2 ♟  ♟  .  ♟  .  ♟  ♟  ♟  
1 ♜  ♞  ♝  ♛  ♚  .  .  ♜  
  a  b  c  d  e  f  g  h

===== 2010 ===== 
[Nf3, Nf6, g3, g6, Bg2, Bg7, O-O, O-O, c4, d6, d4, Nc6, Nc3, a6, Qd3, Bf5, e4, Bg4, d5, Bxf3, Qxf3, Nd4, Qd3, Nd7, Be3, c5, dxc6] ...
dxc6 Gives us inValid move: No such move for piece found: []
8 ♖  .  .  ♕  .  ♖  ♔  .  
7 .  ♙  .  ♘  ♙  ♙  ♗  ♙  
6 ♙  .  .  ♙  .  .  ♙  .  
5 .  .  ♙  ♟  .  .  .  .  
4 .  .  ♟  ♘  ♟  .  .  .  
3 .  .  ♞  ♛  ♝  .  ♟  .  
2 ♟  ♟  .  .  .  ♟  ♝  ♟  
1 ♜  .  .  .  .  ♜  ♚  .  
  a  b  c  d  e  f  g  h

===== 2012 ===== 
[e4, c5, Nf3, e6, d3, Nc6, g3, d5, Nbd2, Nf6, Bg2, Be7, O-O, O-O, Re1, b5, e5, Nd7, Nf1, Bb7, h4, Qb6, N1h2, Rfc8, h5, b4, h6, g6, c3, Bf8, Bg5, Ne7, Qd2, Nf5, Qf4, a5, g4, Ne7, c4, Ra6, Rad1, Qc7, Nf1, Re8, Qg3, Nc6, Bf4, Qd8, Ne3, Nb6, Bg5, Qd7, Qf4, Qc7, Bf6, d4, Nf1, Nd7, Bg5, f5, exf6] ...
exf6 Gives us inValid move: No such move for piece found: []
8 .  .  .  .  ♖  ♗  ♔  .  
7 .  ♗  ♕  ♘  .  .  .  ♙  
6 ♖  .  ♘  .  ♙  .  ♙  ♟  
5 ♙  .  ♙  .  ♟  ♙  ♝  .  
4 .  ♙  ♟  ♙  .  ♛  ♟  .  
3 .  .  .  ♟  .  ♞  .  .  
2 ♟  ♟  .  .  .  ♟  ♝  .  
1 .  .  .  ♜  ♜  ♞  ♚  .  
  a  b  c  d  e  f  g  h

===== 2013 ===== 
[e4, c5, Nf3, e6, c3, d5, e5, d4, Bd3, Bd7, O-O, Bc6, Na3, Ne7, Re1, Ng6, Be4, d3, Qb3, Qd7, Qc4, Bxe4, Qxe4, Nc6, Nc4, Rd8, b3, Be7, Re3, O-O, Nb2, Qd5, Qxd5, Rxd5, c4, Rd7, Nxd3, Rfd8, Nde1, h6, g3, b6, Kg2, Bg5, Re4, f5, exf6] ...
exf6 Gives us inValid move: No such move for piece found: []
8 .  .  .  ♖  .  .  ♔  .  
7 ♙  .  .  ♖  .  .  ♙  .  
6 .  ♙  ♘  .  ♙  .  ♘  ♙  
5 .  .  ♙  .  ♟  ♙  ♗  .  
4 .  .  ♟  .  ♜  .  .  .  
3 .  ♟  .  .  .  ♞  ♟  .  
2 ♟  .  .  ♟  .  ♟  ♚  ♟  
1 ♜  .  ♝  .  ♞  .  .  .  
  a  b  c  d  e  f  g  h

===== 2021 ===== 
[d4, Nf6, c4, e6, Nf3, d5, Nc3, Nbd7, Bf4, Bb4, cxd5, exd5, e3, Ne4, Qc2, g5, Be5, Nxe5, Nxe5, Bxc3+, bxc3, f6, Nf3, Bf5, Bd3, Qd7, O-O, Nd6, Nd2, O-O-O, c4, Bxd3, Qxd3, dxc4, Nxc4, Nxc4, Qxc4, Rhe8, Rab1, Re6, Rb5, Rc6, Qb3, Rb6, a4, Kb8, Rc1, f5, Rcc5, Rxb5, axb5, b6, Re5, h6, h3, f4, Qc2, fxe3, fxe3, Re8, Qe4, Rxe5, Qxe5, a5, bxa6] ...
bxa6 Gives us inValid move: No such move for piece found: []
8 .  ♔  .  .  .  .  .  .  
7 .  .  ♙  ♕  .  .  .  .  
6 .  ♙  .  .  .  .  .  ♙  
5 ♙  ♟  .  .  ♛  .  ♙  .  
4 .  .  .  ♟  .  .  .  .  
3 .  .  .  .  ♟  .  .  ♟  
2 .  .  .  .  .  .  ♟  .  
1 .  .  .  .  .  .  ♚  .  
  a  b  c  d  e  f  g  h

===== 2069 ===== 
[c4, g6, Nc3, Bg7, d4, d6, e4, Nf6, Nf3, O-O, h3, e5, d5, a5, Bg5, Na6, Be2, Nc5, Nd2, Bd7, g4, c6, h4, a4, a3, Qa5, Kf1, cxd5, cxd5, b5, Be3, Rab8, h5, b4, axb4, Rxb4, Bxc5, Qxc5, g5, Ne8, Bg4, f5, gxf6] ...
gxf6 Gives us inValid move: No such move for piece found: []
8 .  .  .  .  ♘  ♖  ♔  .  
7 .  .  .  ♗  .  .  ♗  ♙  
6 .  .  .  ♙  .  .  ♙  .  
5 .  .  ♕  ♟  ♙  ♙  ♟  ♟  
4 ♙  ♖  .  .  ♟  .  ♝  .  
3 .  .  ♞  .  .  .  .  .  
2 .  ♟  .  ♞  .  ♟  .  .  
1 ♜  .  .  ♛  .  ♚  .  ♜  
  a  b  c  d  e  f  g  h

===== 2098 ===== 
[e4, c5, Nf3, d6, d4, cxd4, Nxd4, Nf6, Nc3, a6, Bg5, Nbd7, a4, e6, a5, Qc7, Be2, Be7, Nb3, O-O, O-O, Rd8, Qd3, h6, Be3, b5, axb6] ...
axb6 Gives us inValid move: No such move for piece found: []
8 ♖  .  ♗  ♖  .  .  ♔  .  
7 .  .  ♕  ♘  ♗  ♙  ♙  .  
6 ♙  .  .  ♙  ♙  ♘  .  ♙  
5 ♟  ♙  .  .  .  .  .  .  
4 .  .  .  .  ♟  .  .  .  
3 .  ♞  ♞  ♛  ♝  .  .  .  
2 .  ♟  ♟  .  ♝  ♟  ♟  ♟  
1 ♜  .  .  .  .  ♜  ♚  .  
  a  b  c  d  e  f  g  h

===== 2117 ===== 
[d4, d5, c4, c6, Nf3, Nf6, Nc3, a6, Qc2, g6, e4, dxe4, Nxe4, Bg7, Be2, O-O, O-O, Bf5, Nxf6+, Bxf6, Qb3, Qc7, h3, c5, d5, a5, Bh6, Re8, g4, Bc8, Rad1, Nd7, Rfe1, Ra6, Bf1, Rb6, Qe3, Bxb2, Bf4, Qd8, Ng5, Bd4, Qg3, e5, dxe6] ...
dxe6 Gives us inValid move: No such move for piece found: []
8 .  .  ♗  ♕  ♖  .  ♔  .  
7 .  ♙  .  ♘  .  ♙  .  ♙  
6 .  ♖  .  .  .  .  ♙  .  
5 ♙  .  ♙  ♟  ♙  .  ♞  .  
4 .  .  ♟  ♗  .  ♝  ♟  .  
3 .  .  .  .  .  .  ♛  ♟  
2 ♟  .  .  .  .  ♟  .  .  
1 .  .  .  ♜  ♜  ♝  ♚  .  
  a  b  c  d  e  f  g  h

===== 2132 ===== 
[d4, d5, c4, c6, Nf3, Nf6, Nc3, a6, g3, dxc4, a4, c5, d5, e6, e4, exd5, e5, Nfd7, Qxd5, Be7, Bxc4, O-O, O-O, Nc6, Qe4, Kh8, Rd1, Qe8, Bf4, f5, Qe3, Nb6, Bb3, c4, Ba2, Bd8, h4, Be6, Ng5, Bg8, Bb1, Nd7, e6, Bxg5, hxg5, Qxe6, Qxe6, Bxe6, Nd5, Nde5, Nc7, Rae8, Nxe8, Rxe8, Ra3, Kg8, Re3, Ng4, Ree1, h6, Bxf5, Bxf5, Rxe8+, Kf7, Ree1, hxg5, Bxg5, Nge5, Kg2, Bg4, Bf4, Bf3+, Kf1, Bxd1, Rxd1, Nd3, Rd2, Ke6, Be3, Kd5, Ke2, Nb4] ...
Nb4 Gives us inValid move: more than one valid move, The notation is disambiguous
8 .  .  .  .  .  .  .  .  
7 .  ♙  .  .  .  .  ♙  .  
6 ♙  .  ♘  .  .  .  .  .  
5 .  .  .  ♔  .  .  .  .  
4 ♟  .  ♙  .  .  .  .  .  
3 .  .  .  ♘  ♝  .  ♟  .  
2 .  ♟  .  ♜  ♚  ♟  .  .  
1 .  .  .  .  .  .  .  .  
  a  b  c  d  e  f  g  h

===== 2144 ===== 
[d4, Nf6, Bf4, c5, d5, d6, Nc3, g6, e4, Bg7, Nf3, O-O, Bd3, Bg4, h3, Bxf3, Qxf3, Na6, Qd1, Nc7, O-O, b5, a3, Rb8, Re1, a5, Qd2, Nd7, Bh6, b4, Bxg7, Kxg7, axb4, cxb4, Ne2, Nb5, Bxb5, Rxb5, Nd4, Rc5, Nb3, Rb5, c4, bxc3] ...
bxc3 Gives us inValid move: No such move for piece found: []
8 .  .  .  ♕  .  ♖  .  .  
7 .  .  .  ♘  ♙  ♙  ♔  ♙  
6 .  .  .  ♙  .  .  ♙  .  
5 ♙  ♖  .  ♟  .  .  .  .  
4 .  ♙  ♟  .  ♟  .  .  .  
3 .  ♞  .  .  .  .  .  ♟  
2 .  ♟  .  ♛  .  ♟  ♟  .  
1 ♜  .  .  .  ♜  .  ♚  .  
  a  b  c  d  e  f  g  h

===== 2157 ===== 
[d4, Nf6, Nf3, g6, c4, Bg7, g3, c5, Bg2, O-O, Nc3, cxd4, Nxd4, Qc7, Nd5, Nxd5, cxd5, Qa5+, Bd2, Qb6, Bc3, e5, dxe6] ...
dxe6 Gives us inValid move: No such move for piece found: []
8 ♖  ♘  ♗  .  .  ♖  ♔  .  
7 ♙  ♙  .  ♙  .  ♙  ♗  ♙  
6 .  ♕  .  .  .  .  ♙  .  
5 .  .  .  ♟  ♙  .  .  .  
4 .  .  .  ♞  .  .  .  .  
3 .  .  ♝  .  .  .  ♟  .  
2 ♟  ♟  .  .  ♟  ♟  ♝  ♟  
1 ♜  .  .  ♛  ♚  .  .  ♜  
  a  b  c  d  e  f  g  h

===== 2173 ===== 
[d4, Nf6, Bf4, e6, e3, c5, Nd2, Nc6, c3, d5, Ngf3, Bd6, Bg3, Bxg3, hxg3, Qe7, Ne5, Nd7, Qg4, Ndxe5, dxe5, f5, exf6] ...
exf6 Gives us inValid move: No such move for piece found: [White pawn can only capture up diagonally]
8 ♖  .  ♗  .  ♔  .  .  ♖  
7 ♙  ♙  .  .  ♕  .  ♙  ♙  
6 .  .  ♘  .  ♙  .  .  .  
5 .  .  ♙  ♙  ♟  ♙  .  .  
4 .  .  .  .  .  .  ♛  .  
3 .  .  ♟  .  ♟  .  ♟  .  
2 ♟  ♟  .  ♞  .  ♟  ♟  .  
1 ♜  .  .  .  ♚  ♝  .  ♜  
  a  b  c  d  e  f  g  h

===== 2186 ===== 
[Nf3, d5, g3, g6, Bg2, Bg7, d4, c6, O-O, Nf6, b3, O-O, Bb2, Bf5, c4, Nbd7, Nc3, dxc4, bxc4, Nb6, c5, Nc4, Qb3, Nxb2, Qxb2, Qc7, e3, Rad8, a4, Ne4, a5, Nxc3, Qxc3, Be4, a6, b5, cxb6] ...
cxb6 Gives us inValid move: No such move for piece found: []
8 .  .  .  ♖  .  ♖  ♔  .  
7 ♙  .  ♕  .  ♙  ♙  ♗  ♙  
6 ♟  .  ♙  .  .  .  ♙  .  
5 .  ♙  ♟  .  .  .  .  .  
4 .  .  .  ♟  ♗  .  .  .  
3 .  .  ♛  .  ♟  ♞  ♟  .  
2 .  .  .  .  .  ♟  ♝  ♟  
1 ♜  .  .  .  .  ♜  ♚  .  
  a  b  c  d  e  f  g  h

===== 2194 ===== 
[d4, Nf6, c4, g6, Nc3, Bg7, e4, d6, Nf3, O-O, h3, e5, d5, a5, g4, Na6, Be3, Nd7, a3, c6, Rg1, Rb8, Nd2, Ndc5, Rb1, Nd7, Qf3, Ndc5, Qd1, Ra8, Rg3, Kh8, b4, axb4, axb4, Nd7, Ra1, Rb8, Rxa6, bxa6, dxc6, Nb6, Qa1, Qc7, c5, dxc5, bxc5, Na8, Qa4, Qa7, Nc4, Be6, Bd3, Rfd8, Ke2, Nc7, Nb6, Bf6, Bc4, Bxc4+, Qxc4, Ne6, Ncd5, Bg7, Rf3, Re8, c7, Rb7, c8=Q, Rxc8] ...
Rxc8 Gives us inValid move: Invalid Rook move
8 .  .  .  .  ♖  .  .  ♔  
7 ♕  ♖  ♟  .  .  ♙  ♗  ♙  
6 ♙  ♞  .  .  ♘  .  ♙  .  
5 .  .  ♟  ♞  ♙  .  .  .  
4 .  .  ♛  .  ♟  .  ♟  .  
3 .  .  .  .  ♝  ♜  .  ♟  
2 .  .  .  .  ♚  ♟  .  .  
1 .  .  .  .  .  .  .  .  
  a  b  c  d  e  f  g  h

===== 2202 ===== 
[e4, c5, Nf3, d6, d4, cxd4, Qxd4, Nc6, Bb5, a6, Bxc6+, bxc6, e5, f6, exd6, e5, Qa4, Qxd6, O-O, Ne7, Nc3, a5, Nd2, Qb4, Nde4, Bf5, Rd1, Bxe4, Qxb4, axb4, Nxe4, Nd5, c4, bxc3] ...
bxc3 Gives us inValid move: No such move for piece found: []
8 ♖  .  .  .  ♔  ♗  .  ♖  
7 .  .  .  .  .  .  ♙  ♙  
6 .  .  ♙  .  .  ♙  .  .  
5 .  .  .  ♘  ♙  .  .  .  
4 .  ♙  ♟  .  ♞  .  .  .  
3 .  .  .  .  .  .  .  .  
2 ♟  ♟  .  .  .  ♟  ♟  ♟  
1 ♜  .  ♝  ♜  .  .  ♚  .  
  a  b  c  d  e  f  g  h

===== 2230 ===== 
[Nc3, c5, e4, Nc6, Bb5, Nd4, Nf3, a6, Bd3, Nc6, e5, e6, O-O, d5, exd6] ...
exd6 Gives us inValid move: No such move for piece found: []
8 ♖  .  ♗  ♕  ♔  ♗  ♘  ♖  
7 .  ♙  .  .  .  ♙  ♙  ♙  
6 ♙  .  ♘  .  ♙  .  .  .  
5 .  .  ♙  ♙  ♟  .  .  .  
4 .  .  .  .  .  .  .  .  
3 .  .  ♞  ♝  .  ♞  .  .  
2 ♟  ♟  ♟  ♟  .  ♟  ♟  ♟  
1 ♜  .  ♝  ♛  .  ♜  ♚  .  
  a  b  c  d  e  f  g  h

===== 2238 ===== 
[d4, Nf6, c4, e6, Nc3, Bb4, f3, c5, d5, O-O, e4, d6, Ne2] ...
Ne2 Gives us inValid move: more than one valid move, The notation is disambiguous
8 ♖  ♘  ♗  ♕  .  ♖  ♔  .  
7 ♙  ♙  .  .  .  ♙  ♙  ♙  
6 .  .  .  ♙  ♙  ♘  .  .  
5 .  .  ♙  ♟  .  .  .  .  
4 .  ♗  ♟  .  ♟  .  .  .  
3 .  .  ♞  .  .  ♟  .  .  
2 ♟  ♟  .  .  .  .  ♟  ♟  
1 ♜  .  ♝  ♛  ♚  ♝  ♞  ♜  
  a  b  c  d  e  f  g  h

===== 2245 ===== 
[Nf3, Nf6, g3, g6, d4, d5, c4, c6, Bg2, Bg7, Qb3, O-O, Nc3, Qb6, O-O, Rd8, Na4, Qxb3, axb3, Na6, Nc3, Bf5, Bf4, Nh5, Bg5, Nf6, Bf4, Nh5, Bg5, Nf6, Rfc1, h6, Bd2, Ne4, cxd5, cxd5, Be1, Nb8, e3, Nc6, Nh4, Nxc3, bxc3, Be4, Bxe4, dxe4, b4, a6, c4, e6, Rab1, Na7, Ng2, g5, Bc3, Rac8, c5, e5, dxe5, Nc6, Ne1, Bxe5, Kf1, Bxc3, Rxc3, Rd2, Rc2, Rcd8, b5, axb5, Rxd2, Rxd2, Rxb5, Nd8, Rb4, Ne6, Rxb7, Nxc5, Rb5, Nd7, h3, Kg7, Rb4, f5, Rc4, Ne5, Rc2, Rd1, Ke2, Ra1, f4, exf3+] ...
exf3+ Gives us inValid move: No such move for piece found: []
8 .  .  .  .  .  .  .  .  
7 .  .  .  .  .  .  ♔  .  
6 .  .  .  .  .  .  .  ♙  
5 .  .  .  .  ♘  ♙  ♙  .  
4 .  .  .  .  ♙  ♟  .  .  
3 .  .  .  .  ♟  .  ♟  ♟  
2 .  .  ♜  .  ♚  .  .  .  
1 ♖  .  .  .  ♞  .  .  .  
  a  b  c  d  e  f  g  h

===== 2252 ===== 
[e4, c5, Nf3, d6, Bb5+, Nd7, O-O, a6, Bd3, Ngf6, c3, b5, Bc2, Bb7, Re1, Rc8, a4, b4, a5, Qc7, d3, bxc3, bxc3, e6, h3, Be7, Bf4, O-O, Nbd2, Bc6, Nc4, Bb5, Nfd2, Rfd8, Bg3, Ne8, Kh2, Rb8, Ne3, Ne5, Qe2, Nc6, Nb3, Ne5, Nd2, Nc6, Ndc4, Nf6, Kh1, Ne5, f4, Nxc4, dxc4, Bc6, Nd1, g6, Bh2, Nh5, Qe3, Bh4, g3, Be7, Kg1, Re8, e5, Ng7, g4, f5, exf6] ...
exf6 Gives us inValid move: No such move for piece found: []
8 .  ♖  .  .  ♖  .  ♔  .  
7 .  .  ♕  .  ♗  .  ♘  ♙  
6 ♙  .  ♗  ♙  ♙  .  ♙  .  
5 ♟  .  ♙  .  ♟  ♙  .  .  
4 .  .  ♟  .  .  ♟  ♟  .  
3 .  .  ♟  .  ♛  .  .  ♟  
2 .  .  ♝  .  .  .  .  ♝  
1 ♜  .  .  ♞  ♜  .  ♚  .  
  a  b  c  d  e  f  g  h

===== 2271 ===== 
[e4, c5, Nf3, d6, Bb5+, Nd7, c3, Nf6] ...
Nf6 Gives us inValid move: more than one valid move, The notation is disambiguous
8 ♖  .  ♗  ♕  ♔  ♗  ♘  ♖  
7 ♙  ♙  .  ♘  ♙  ♙  ♙  ♙  
6 .  .  .  ♙  .  .  .  .  
5 .  ♝  ♙  .  .  .  .  .  
4 .  .  .  .  ♟  .  .  .  
3 .  .  ♟  .  .  ♞  .  .  
2 ♟  ♟  .  ♟  .  ♟  ♟  ♟  
1 ♜  ♞  ♝  ♛  ♚  .  .  ♜  
  a  b  c  d  e  f  g  h

===== 2290 ===== 
[e4, c5, Nf3, d6, Bb5+, Nd7, c3, Nf6] ...
Nf6 Gives us inValid move: more than one valid move, The notation is disambiguous
8 ♖  .  ♗  ♕  ♔  ♗  ♘  ♖  
7 ♙  ♙  .  ♘  ♙  ♙  ♙  ♙  
6 .  .  .  ♙  .  .  .  .  
5 .  ♝  ♙  .  .  .  .  .  
4 .  .  .  .  ♟  .  .  .  
3 .  .  ♟  .  .  ♞  .  .  
2 ♟  ♟  .  ♟  .  ♟  ♟  ♟  
1 ♜  ♞  ♝  ♛  ♚  .  .  ♜  
  a  b  c  d  e  f  g  h

===== 2296 ===== 
[c4, c5, e3, Nf6, d4, e6, d5, exd5, cxd5, g6, Nc3, Bg7, Nf3, O-O, Bd3, d6, h3, Na6, O-O, Re8, Re1, Bd7, e4, Qb6, a3, Rac8, Bc4, Nh5, Qd3, Nc7, Rb1, a6, a4, Qa7, a5, b5, axb6] ...
axb6 Gives us inValid move: No such move for piece found: []
8 .  .  ♖  .  ♖  .  ♔  .  
7 ♕  .  ♘  ♗  .  ♙  ♗  ♙  
6 ♙  .  .  ♙  .  .  ♙  .  
5 ♟  ♙  ♙  ♟  .  .  .  ♘  
4 .  .  ♝  .  ♟  .  .  .  
3 .  .  ♞  ♛  .  ♞  .  ♟  
2 .  ♟  .  .  .  ♟  ♟  .  
1 .  ♜  ♝  .  ♜  .  ♚  .  
  a  b  c  d  e  f  g  h

===== 2302 ===== 
[c4, e6, g3, d5, Bg2, Nf6, Nf3, Be7, b3, O-O, O-O, b6, Bb2, Bb7, cxd5, Nxd5, d4, Nd7, Re1, N5f6, Nc3, Bb4, Qc2, Bxc3, Qxc3, Be4, Red1, Qc8, Bf1, Nd5, Qe1, Bxf3, exf3, Qb7, Rac1, c6, f4, a5, a3, N7f6, Rc2, Rfd8, Rdc1, Rd6, Qe2, Ne7, Bg2, Nfd5, h4, Rad8, h5, Nf5, Rc4, h6, a4, Nb4, Qe4, Qd7, Bf3, Nxd4, Bxd4, Rxd4, Rxd4, Qxd4, Qxd4, Rxd4, Bxc6, Nxc6, Rxc6, Rb4, Rc8+, Kh7, Rc7, f5, Rc3, Kg8, Kf1, Kf7, Ke2, b5, axb5, Rxb5, Rc7+, Kf6, Ra7, g5, hxg6] ...
hxg6 Gives us inValid move: No such move for piece found: []
8 .  .  .  .  .  .  .  .  
7 ♜  .  .  .  .  .  .  .  
6 .  .  .  .  ♙  ♔  .  ♙  
5 ♙  ♖  .  .  .  ♙  ♙  ♟  
4 .  .  .  .  .  ♟  .  .  
3 .  ♟  .  .  .  .  ♟  .  
2 .  .  .  .  ♚  ♟  .  .  
1 .  .  .  .  .  .  .  .  
  a  b  c  d  e  f  g  h

===== 2305 ===== 
[e4, c5, Nf3, d6, Bb5+, Nd7, c3, Nf6] ...
Nf6 Gives us inValid move: more than one valid move, The notation is disambiguous
8 ♖  .  ♗  ♕  ♔  ♗  ♘  ♖  
7 ♙  ♙  .  ♘  ♙  ♙  ♙  ♙  
6 .  .  .  ♙  .  .  .  .  
5 .  ♝  ♙  .  .  .  .  .  
4 .  .  .  .  ♟  .  .  .  
3 .  .  ♟  .  .  ♞  .  .  
2 ♟  ♟  .  ♟  .  ♟  ♟  ♟  
1 ♜  ♞  ♝  ♛  ♚  .  .  ♜  
  a  b  c  d  e  f  g  h

===== 2311 ===== 
[d4, d5, Nf3, Nf6, Bf4, e6, e3, Bd6, Bg3, c5, Nbd2, Nc6, c3, O-O, Bd3, b6, e4, Be7, e5, Nh5, a3, a5, Qe2, Ra7, O-O, c4, Bc2, b5, h4, g6, Bh2, Bxh4, g4, Ng7, Nxh4, Qxh4, Kg2, f5, exf6] ...
exf6 Gives us inValid move: No such move for piece found: []
8 .  .  ♗  .  .  ♖  ♔  .  
7 ♖  .  .  .  .  .  ♘  ♙  
6 .  .  ♘  .  ♙  .  ♙  .  
5 ♙  ♙  .  ♙  ♟  ♙  .  .  
4 .  .  ♙  ♟  .  .  ♟  ♕  
3 ♟  .  ♟  .  .  .  .  .  
2 .  ♟  ♝  ♞  ♛  ♟  ♚  ♝  
1 ♜  .  .  .  .  ♜  .  .  
  a  b  c  d  e  f  g  h

===== 2327 ===== 
[e4, c5, Nc3, d6, Nf3, a6, g3, g6, Bg2, Bg7, d4, cxd4, Nxd4, Nf6, h3, O-O, O-O, Nc6, Be3, Bd7, Nd5, Rc8, Nxc6, bxc6, Nxf6+, Bxf6, c3, c5, Qc2, Qa5, h4, Rb8, Bg5, Bxg5, hxg5, c4, f4, Rb6, Kh2, Rfb8, b4, cxb3] ...
cxb3 Gives us inValid move: No such move for piece found: []
8 .  ♖  .  .  .  .  ♔  .  
7 .  .  .  ♗  ♙  ♙  .  ♙  
6 ♙  ♖  .  ♙  .  .  ♙  .  
5 ♕  .  .  .  .  .  ♟  .  
4 .  ♟  ♙  .  ♟  ♟  .  .  
3 .  .  ♟  .  .  .  ♟  .  
2 ♟  .  ♛  .  .  .  ♝  ♚  
1 ♜  .  .  .  .  ♜  .  .  
  a  b  c  d  e  f  g  h

===== 2329 ===== 
[d4, Nf6, c4, e6, Nf3, d5, Nc3, Nbd7, Bg5, Be7, e3, h6, Bh4, O-O, Qc2, c6, Rd1, a6, c5, Nh5, Bxe7, Qxe7, Be2, Nhf6, O-O, e5, b4, Re8, a4, e4, Nd2, Nf8, b5, a5, Rb1, N6d7, Qa2, Qg5, Nd1, Ng6, f4, exf3] ...
exf3 Gives us inValid move: No such move for piece found: []
8 ♖  .  ♗  .  ♖  .  ♔  .  
7 .  ♙  .  ♘  .  ♙  ♙  .  
6 .  .  ♙  .  .  .  ♘  ♙  
5 ♙  ♟  ♟  ♙  .  .  ♕  .  
4 ♟  .  .  ♟  ♙  ♟  .  .  
3 .  .  .  .  ♟  .  .  .  
2 ♛  .  .  ♞  ♝  .  ♟  ♟  
1 .  ♜  .  ♞  .  ♜  ♚  .  
  a  b  c  d  e  f  g  h

===== 2332 ===== 
[Nf3, Nf6, c4, g6, Nc3, Bg7, e4, e5, Nxe5, O-O, Nf3, Re8, d3, d5, cxd5, Nxd5, Nxd5, Qxd5, Be2, Qd6, O-O, c5, Qc2, Nc6, Be3, b6, a3, Bg4, Ng5, Be6, Nxe6, Qxe6, Kh1, Rad8, f4, Bd4, f5, Qe7, Qd2, Bxe3, Qxe3, Qe5, Rab1, Nd4, Qf2, gxf5, Bh5, f4, Bg4, Ne6, Rbd1, Kh8, Qh4, Qxb2, d4, Ng7, Rxf4, Rxd4, Rdf1, Rdxe4, Rxf7, Rg8, h3, Qe5, Rxa7, c4, Qh6, Re1, Rf7] ...
Rf7 Gives us inValid move: more than one valid move, The notation is disambiguous
8 .  .  .  .  .  .  ♖  ♔  
7 ♜  .  .  .  .  .  ♘  ♙  
6 .  ♙  .  .  .  .  .  ♛  
5 .  .  .  .  ♕  .  .  .  
4 .  .  ♙  .  .  .  ♝  .  
3 ♟  .  .  .  .  .  .  ♟  
2 .  .  .  .  .  .  ♟  .  
1 .  .  .  .  ♖  ♜  .  ♚  
  a  b  c  d  e  f  g  h

===== 2333 ===== 
[d4, Nf6, c4, e6, Nf3, d5, Nc3, Nbd7, Bg5, Be7, e3, h6, Bh4, c6, Bd3, O-O, O-O, a6, c5, e5, dxe5, Ne8, Bg3, Nxc5, Bc2, Bg4, Qd4, Bxf3, gxf3, f5, exf6] ...
exf6 Gives us inValid move: No such move for piece found: [White pawn can only capture up diagonally]
8 ♖  .  .  ♕  ♘  ♖  ♔  .  
7 .  ♙  .  .  ♗  .  ♙  .  
6 ♙  .  ♙  .  .  .  .  ♙  
5 .  .  ♘  ♙  ♟  ♙  .  .  
4 .  .  .  ♛  .  .  .  .  
3 .  .  ♞  .  ♟  ♟  ♝  .  
2 ♟  ♟  ♝  .  .  ♟  .  ♟  
1 ♜  .  .  .  .  ♜  ♚  .  
  a  b  c  d  e  f  g  h

===== 2346 ===== 
[e4, c5, Nc3, Nc6, Nf3, g6, Bb5, Bg7, O-O, d6, Re1, Bd7, Bxc6, Bxc6, d4, cxd4, Nxd4, Nf6, Bg5, h6, Bh4, O-O, Qd2, Rc8, Rad1, Re8, Bxf6, Bxf6, Qxh6, Qa5, Nb3, Qg5, Qxg5, Bxg5, Rd3, Bf6, Na5, Rb8, Nd1, Bb5, Rd2, b6, Nb3, Rec8, c3, a5, Ne3, Kf8, Nd5, Bg7, Nd4, Be8, a3, b5, Nc2, Rc4, f3, Rc6, Rf2, Rc5, Rd1, Bd7, Nf4, Rbc8, Nd3, R5c7, Ne3, Be6, Nf4, Bb3, Re1, Rb7, Nd3, Be6, h3, Bb3, f4, Bc4, Nc1, Be6, f5, gxf5, exf5, Bc4, Ne2, b4, axb4, axb4, Nxc4, Rxc4, Rf3, bxc3, bxc3, Rb5, Nd4, Rbc5, Ne2, Bxc3, Nxc3, Rxc3, Rxc3, Rxc3, Kf2, Ra3, h4, Ra4, g3, Rb4, Kf3, Rb7, g4, Rb3+, Kf4, Rb4+, Re4, Rb1, g5, Rf1+, Kg4, f6, g6, e5, Ra4, d5, Ra8+, Ke7, Ra7+, Kd6, g7, Rg1+, Kh5, e4, Rf7, Ke5, Kh6, Kxf5, Kh7, e3, Re7, d4, g8=Q, Rxg8] ...
Rxg8 Gives us inValid move: Path is blocked by another piece
8 .  .  .  .  .  .  .  .  
7 .  .  .  .  ♜  .  ♟  ♚  
6 .  .  .  .  .  ♙  .  .  
5 .  .  .  .  .  ♔  .  .  
4 .  .  .  ♙  .  .  .  ♟  
3 .  .  .  .  ♙  .  .  .  
2 .  .  .  .  .  .  .  .  
1 .  .  .  .  .  .  ♖  .  
  a  b  c  d  e  f  g  h

===== 2345 ===== 
[e4, e5, Nf3, Nc6, Bb5, f5, d3, fxe4, dxe4, Nf6, O-O, Bc5, Qd3, Nd4, Nxd4, Bxd4, Nd2, a6, Bc4, d6, Nf3, b5, Bd5, Nxd5, Nxd4, Ne7, Ne2, O-O, Bg5, Be6, b3, h6, Bxe7, Qxe7, Rfd1, Qg5, f3, h5, Kh1, Rf6, Rg1, Kh8, Rad1, Rb8, a3, Rb6, Qc3, Rf7, Rd3, Kh7, Rgd1, Qf6, Qd2, Rc6, Rf1, Qh6, Qd1, Rc5, Nc3, g5, Qe2, a5, Nd1, b4, axb4, axb4, Ne3, Bd7, c4, bxc3] ...
bxc3 Gives us inValid move: No such move for piece found: []
8 .  .  .  .  .  .  .  .  
7 .  .  ♙  ♗  .  ♖  .  ♔  
6 .  .  .  ♙  .  .  .  ♕  
5 .  .  ♖  .  ♙  .  ♙  ♙  
4 .  ♙  ♟  .  ♟  .  .  .  
3 .  ♟  .  ♜  ♞  ♟  .  .  
2 .  .  .  .  ♛  .  ♟  ♟  
1 .  .  .  .  .  ♜  .  ♚  
  a  b  c  d  e  f  g  h

===== 2354 ===== 
[e4, e6, d4, d5, e5, c5, c3, Nc6, Nf3, Qb6, a3, c4, Nbd2, f6, Be2, fxe5, Nxe5, Nxe5, dxe5, Bc5, O-O, Ne7, b4, cxb3] ...
cxb3 Gives us inValid move: No such move for piece found: []
8 ♖  .  ♗  .  ♔  .  .  ♖  
7 ♙  ♙  .  .  ♘  .  ♙  ♙  
6 .  ♕  .  .  ♙  .  .  .  
5 .  .  ♗  ♙  ♟  .  .  .  
4 .  ♟  ♙  .  .  .  .  .  
3 ♟  .  ♟  .  .  .  .  .  
2 .  .  .  ♞  ♝  ♟  ♟  ♟  
1 ♜  .  ♝  ♛  .  ♜  ♚  .  
  a  b  c  d  e  f  g  h

===== 2353 ===== 
[d4, Nf6, c4, e6, Nc3, Bb4, e3, b6, Ne2] ...
Ne2 Gives us inValid move: more than one valid move, The notation is disambiguous
8 ♖  ♘  ♗  ♕  ♔  .  .  ♖  
7 ♙  .  ♙  ♙  .  ♙  ♙  ♙  
6 .  ♙  .  .  ♙  ♘  .  .  
5 .  .  .  .  .  .  .  .  
4 .  ♗  ♟  ♟  .  .  .  .  
3 .  .  ♞  .  ♟  .  .  .  
2 ♟  ♟  .  .  .  ♟  ♟  ♟  
1 ♜  .  ♝  ♛  ♚  ♝  ♞  ♜  
  a  b  c  d  e  f  g  h

===== 2373 ===== 
[e4, c5, Nf3, d6, Bb5+, Nd7, a4, Nf6] ...
Nf6 Gives us inValid move: more than one valid move, The notation is disambiguous
8 ♖  .  ♗  ♕  ♔  ♗  ♘  ♖  
7 ♙  ♙  .  ♘  ♙  ♙  ♙  ♙  
6 .  .  .  ♙  .  .  .  .  
5 .  ♝  ♙  .  .  .  .  .  
4 ♟  .  .  .  ♟  .  .  .  
3 .  .  .  .  .  ♞  .  .  
2 .  ♟  ♟  ♟  .  ♟  ♟  ♟  
1 ♜  ♞  ♝  ♛  ♚  .  .  ♜  
  a  b  c  d  e  f  g  h

===== 2378 ===== 
[e4, c6, d4, d5, e5, Bf5, Nf3, e6, Be2, Bb4+, c3, Ba5, O-O, Nd7, Nbd2, Bc7, Ne1, Ne7, Nd3, O-O, Nf3, h6, Nf4, c5, h3, cxd4, cxd4, Bb6, g4, Be4, Be3, Nc6, a3, Qe7, b4, f6, exf6, Rxf6, Nh5, Rf7, b5, Na5, Nd2, Bg6, Nf4, Bh7, Bd3, Bxd3, Nxd3, Raf8, Qe2, Nc4, Nxc4, dxc4, Nc5, Rf3, Qxc4, Bxc5, dxc5, Rxh3, Kg2, Rhf3, c6, bxc6, bxc6, Ne5, Qe4, Qh4, c7, Qh3+, Kg1, Nxg4, Bf4, R3xf4, Qxf4, Rxf4, c8=Q+, Kh7, Qc2+] ...
Qc2+ Gives us inValid move: Pawn can move diagonally only when capturing
8 .  .  .  .  .  .  .  .  
7 ♙  .  ♟  .  .  .  ♙  ♔  
6 .  .  .  .  ♙  .  .  ♙  
5 .  .  .  .  .  .  .  .  
4 .  .  .  .  .  ♖  ♘  .  
3 ♟  .  .  .  .  .  .  ♕  
2 .  .  .  .  .  ♟  .  .  
1 ♜  .  .  .  .  ♜  ♚  .  
  a  b  c  d  e  f  g  h

===== 2384 ===== 
[e4, g6, d4, Bg7, c4, d6, Nc3, e5, Nge2, exd4, Nxd4, Nc6, Be3, Nge7, h4, f5, h5, O-O, hxg6, hxg6, Nxc6, Nxc6, Qd2, Be6, Bh6, Qf6, O-O-O, f4, Bxg7, Kxg7, Kb1, Rh8, Be2, a6, Nd5, Bxd5, cxd5, Ne5, Rxh8, Rxh8, Rc1, Qf7, Qb4, b6, Bxa6, Rh2, Bf1, f3, gxf3, Rxf2, Bb5, Rxf3, a4, Qe7, Be2, Rf2, Qe1, Rf4, Bb5, g5, b4, Nf3, Qc3+, Kg6, a5, bxa5, bxa5, g4, a6, Kg5, e5, Nxe5, a7, Rf8, Qe3+, Kg6, Bd3+, Kg7, Ba6, c5, dxc6] ...
dxc6 Gives us inValid move: No such move for piece found: []
8 .  .  .  .  .  ♖  .  .  
7 ♟  .  .  .  ♕  .  ♔  .  
6 ♝  .  .  ♙  .  .  .  .  
5 .  .  ♙  ♟  ♘  .  .  .  
4 .  .  .  .  .  .  ♙  .  
3 .  .  .  .  ♛  .  .  .  
2 .  .  .  .  .  .  .  .  
1 .  ♚  ♜  .  .  .  .  .  
  a  b  c  d  e  f  g  h

===== 2382 ===== 
[d4, Nf6, Nf3, g6, Bf4, Bg7, Nbd2, O-O, c3, Nh5, Bg5, h6, Bh4, g5, Bg3, d6, e4, e6, Bd3, Nd7, Nc4, Qe7, Nfd2, Nxg3, hxg3, c5, e5, dxe5, Nxe5, cxd4, cxd4, Qb4, Nc4] ...
Nc4 Gives us inValid move: more than one valid move, The notation is disambiguous
8 ♖  .  ♗  .  .  ♖  ♔  .  
7 ♙  ♙  .  ♘  .  ♙  ♗  .  
6 .  .  .  .  ♙  .  .  ♙  
5 .  .  .  .  ♞  .  ♙  .  
4 .  ♕  .  ♟  .  .  .  .  
3 .  .  .  ♝  .  .  ♟  .  
2 ♟  ♟  .  ♞  .  ♟  ♟  .  
1 ♜  .  .  ♛  ♚  .  .  ♜  
  a  b  c  d  e  f  g  h

===== 2399 ===== 
[e4, c6, d4, d5, e5, Bf5, h4, h5, Bd3, Bxd3, Qxd3, e6, Bg5, Qa5+, Nd2, c5, Nf3] ...
Nf3 Gives us inValid move: more than one valid move, The notation is disambiguous
8 ♖  ♘  .  .  ♔  ♗  ♘  ♖  
7 ♙  ♙  .  .  .  ♙  ♙  .  
6 .  .  .  .  ♙  .  .  .  
5 ♕  .  ♙  ♙  ♟  .  ♝  ♙  
4 .  .  .  ♟  .  .  .  ♟  
3 .  .  .  ♛  .  .  .  .  
2 ♟  ♟  ♟  ♞  .  ♟  ♟  .  
1 ♜  .  .  .  ♚  .  ♞  ♜  
  a  b  c  d  e  f  g  h

===== 2410 ===== 
[e4, c5, Nf3, d6, d4, cxd4, Nxd4, Nf6, Nc3, a6, Be3, Ng4, Bg5, h6, Bc1, Nf6, Bc4, e6, Bb3, Be7, O-O, O-O, f4, b5, e5, dxe5, fxe5, Nh7, Qg4, Kh8, Be3, Bg5, Bf2, Nd7, h4, Be7, Qe4, Rb8, Nc6, Qe8, Nxb8, Nxb8, Rad1, Nd7, Ne2, Nc5, Bxc5, Bxc5+, Kh1, Qe7, c3, Bb7, Qg4, f5, exf6] ...
exf6 Gives us inValid move: No such move for piece found: []
8 .  .  .  .  .  ♖  .  ♔  
7 .  ♗  .  .  ♕  .  ♙  ♘  
6 ♙  .  .  .  ♙  .  .  ♙  
5 .  ♙  ♗  .  ♟  ♙  .  .  
4 .  .  .  .  .  .  ♛  ♟  
3 .  ♝  ♟  .  .  .  .  .  
2 ♟  ♟  .  .  ♞  .  ♟  .  
1 .  .  .  ♜  .  ♜  .  ♚  
  a  b  c  d  e  f  g  h

===== 2423 ===== 
[d4, Nf6, Nf3, g6, g3, c6, Bg2, d5, O-O, Bg7, b3, O-O, Bb2, a5, c4, a4, e3, Nbd7, Qe2, b5, Nbd2, Ba6, Rfc1, Re8, Qd1, Ne4, Nxe4, dxe4, Ng5, e5, Nxe4, exd4, Bxd4, Ne5, Nc5, Qe7, cxb5, Bxb5, bxa4, Ba6, Nxa6, Rxa6, Rab1, Rea8, Bxe5, Bxe5, Bxc6, Rd8, Qe2, Ra7, Rd1, Rc8, Qb5, Kg7, a5, Rb8, Qd5, Rc8, a4, Bc3, a6, Rxa6, Bb7, Ra5, Qxa5, Bxa5, Bxc8, h5, Ba6, h4, Bf1, Qe4, Rb5, Qxa4, Rd4, Qa1, Rxh4, Be1, Rf4, f5, h4, Bd2, h5, gxh5, Rbxf5, Kg6, Kg2, Qa8+, Rf3, Qe4, Rf4] ...
Rf4 Gives us inValid move: more than one valid move, The notation is disambiguous
8 .  .  .  .  .  .  .  .  
7 .  .  .  .  .  .  .  .  
6 .  .  .  .  .  .  ♔  .  
5 .  .  .  .  .  ♜  .  ♙  
4 .  .  .  .  ♕  .  .  .  
3 .  .  .  .  ♟  ♜  ♟  .  
2 .  .  .  ♗  .  ♟  ♚  .  
1 .  .  .  .  .  ♝  .  .  
  a  b  c  d  e  f  g  h

===== 2433 ===== 
[e4, e5, Nf3, Nc6, Bc4, Nf6, d3, Be7, O-O, O-O, Re1, d6, a3, h6, Nc3, Be6, Nd5, Qd7, c3, Rae8, b4, Bd8, Nxf6+, Bxf6, Bxe6, Rxe6, b5, Ne7, c4, c5, bxc6] ...
bxc6 Gives us inValid move: No such move for piece found: []
8 .  .  .  .  .  ♖  ♔  .  
7 ♙  ♙  .  ♕  ♘  ♙  ♙  .  
6 .  .  .  ♙  ♖  ♗  .  ♙  
5 .  ♟  ♙  .  ♙  .  .  .  
4 .  .  ♟  .  ♟  .  .  .  
3 ♟  .  .  ♟  .  ♞  .  .  
2 .  .  .  .  .  ♟  ♟  ♟  
1 ♜  .  ♝  ♛  ♜  .  ♚  .  
  a  b  c  d  e  f  g  h

===== 2451 ===== 
[Nf3, Nf6, c4, g6, Nc3, Bg7, e4, d6, d4, O-O, h3, e5, d5, a5, Be3, Na6, g4, Nc5, Nd2, c6, Be2, Bd7, h4, cxd5, cxd5, Rc8, g5, Nh5, Bxc5, Rxc5, Bxh5, gxh5, Qxh5, b5, a4, bxa4, Qd1, Qc7, Nxa4, Rc2, O-O, f5, b3, fxe4, Rc1, Rxc1, Qxc1, Qb8, Nc3, Rf4, Ncxe4, Rxh4, Qc3, Rg4+, Ng3, Rxg5, Ne4] ...
Ne4 Gives us inValid move: more than one valid move, The notation is disambiguous
8 .  ♕  .  .  .  .  ♔  .  
7 .  .  .  ♗  .  .  ♗  ♙  
6 .  .  .  ♙  .  .  .  .  
5 ♙  .  .  ♟  ♙  .  ♖  .  
4 .  .  .  .  .  .  .  .  
3 .  ♟  ♛  .  .  .  ♞  .  
2 .  .  .  ♞  .  ♟  .  .  
1 .  .  .  .  .  ♜  ♚  .  
  a  b  c  d  e  f  g  h

===== 2473 ===== 
[e4, c5, Nf3, d6, d4, cxd4, Nxd4, Nf6, Nc3, a6, h3, e6, g4, Be7, Bg2, Nfd7, g5, b5, h4, Bb7, a3, Nc6, Be3, O-O, g6, hxg6, h5, g5, Qd2, Nce5, b3, Ng4, a4, bxa4, Nxa4, Nde5, O-O-O, Nxe3, Qxe3, g4, Kb1, Bg5, Qg3, Qf6, Ne2, Rfd8, Rdf1, Rab8, f4, gxf3] ...
gxf3 Gives us inValid move: No such move for piece found: [Black pawn can only capture down diagonally]
8 .  ♖  .  ♖  .  .  ♔  .  
7 .  ♗  .  .  .  ♙  ♙  .  
6 ♙  .  .  ♙  ♙  ♕  .  .  
5 .  .  .  .  ♘  .  ♗  ♟  
4 ♞  .  .  .  ♟  ♟  ♙  .  
3 .  ♟  .  .  .  .  ♛  .  
2 .  .  ♟  .  ♞  .  ♝  .  
1 .  ♚  .  .  .  ♜  .  ♜  
  a  b  c  d  e  f  g  h

===== 2482 ===== 
[e4, c5, Nf3, d6, d4, cxd4, Nxd4, Nf6, Nc3, Nc6, Bg5, e6, Qd2, a6, O-O-O, Be7, Bxf6, gxf6, f4, Nxd4, Qxd4, b5, e5, d5, Be2, Bb7, f5, fxe5, Qxe5, Bf6, Qg3, Qb8, Qh3, d4, fxe6, dxc3, Rhf1, Qe5, Rde1, Qg5+, Kb1, Bxg2, exf7+, Kf8, Qe6, Bxf1, Rxf1, Be7, bxc3, Rd8, h4, Qg6, Qe3, h5, Rg1, Qf6, Rf1, Qxf1+, Bxf1, Rd1+, Kb2, Rxf1, a4, bxa4, Qd4, a3+, Ka2, Rh7, c4, Rfxf7, c5, Rf6, Qd5, Rhh6, Qa8+, Kg7, Qg2+, Rhg6, Qd5, Rc6, Qxh5, Rxc5, Qe2, Bd6, h5, Rf6, Qg2+, Kh6, Qd2+, Kxh5, Qe2+, Kg6, Qg2+, Rg5, Qe4+, Kh6, Qh1+, Rh5, Qe4, a5, Qe3+, Rg5, Qh3+, Kg6, Qd3+, Rgf5, Qe4, Kg7, Qb7+, Rf7, Qg2+, Kf6, Qe4, Re7, Qd4+, Ke6, Qg4, Rf7] ...
Rf7 Gives us inValid move: more than one valid move, The notation is disambiguous
8 .  .  .  .  .  .  .  .  
7 .  .  .  .  ♖  .  .  .  
6 .  .  .  ♗  ♔  .  .  .  
5 ♙  .  .  .  .  ♖  .  .  
4 .  .  .  .  .  .  ♛  .  
3 ♙  .  .  .  .  .  .  .  
2 ♚  .  ♟  .  .  .  .  .  
1 .  .  .  .  .  .  .  .  
  a  b  c  d  e  f  g  h

===== 2493 ===== 
[c4, c5, g3, g6, Bg2, Bg7, e3, e6, d4, cxd4, exd4, d5, cxd5, exd5, Nc3, Ne7, Nge2, Nbc6, O-O, O-O, Be3, Be6, Qd2, Nf5, Rac1, Re8, Na4, Qa5, Qxa5, Nxa5, b3, Nc6, Rfd1, Nxe3, fxe3, Bg4, Kf2, Bxe2, Kxe2, Nxd4+, Kf2, Nf5, Rd3, Nxe3, Bxd5, Rad8, Be4, Ng4+, Kg2, Rxd3, Bxd3, Rd8, Be2, Rd2, Rc8+, Bf8, Nc3, Rc2, Kf3, Nxh2+, Ke3, Kg7, Kd3, Rc1, Rb8, Bd6, Rxb7, Bxg3, Ne4, Bf4, Rxa7, h5, b4, Ng4, Nc5, Bd6, Kd4, Ne5, Ra6, Bc7, Kd5, h4, Ra7, Bb8, Ra3, Re1, Na6, Rxe2, Nxb8, g5, Rh3, Ng6, Rh1, Nf4+, Kd4, Rxa2, Nc6, Rd2+, Ke4, Nh5, Rb1, Ng3+, Ke3, Rd6, b5, h3, b6, Rxc6, b7, Rc3+, Kf2, Ne4+, Kg1, Rg3+, Kh2, g4, Rb2, Re3, b8=Q, Ng5, Rb3, g3+, Qxg3] ...
Qxg3 Gives us inValid move: Pawn can move diagonally only when capturing
8 .  .  .  .  .  .  .  .  
7 .  ♟  .  .  .  ♙  ♔  .  
6 .  .  .  .  .  .  .  .  
5 .  .  .  .  .  .  ♘  .  
4 .  .  .  .  .  .  .  .  
3 .  ♜  .  .  ♖  .  ♙  ♙  
2 .  .  .  .  .  .  .  ♚  
1 .  .  .  .  .  .  .  .  
  a  b  c  d  e  f  g  h

===== 2491 ===== 
[c4, e5, d3, Bb4+, Nd2, Nf6, Nf3] ...
Nf3 Gives us inValid move: more than one valid move, The notation is disambiguous
8 ♖  ♘  ♗  ♕  ♔  .  .  ♖  
7 ♙  ♙  ♙  ♙  .  ♙  ♙  ♙  
6 .  .  .  .  .  ♘  .  .  
5 .  .  .  .  ♙  .  .  .  
4 .  ♗  ♟  .  .  .  .  .  
3 .  .  .  ♟  .  .  .  .  
2 ♟  ♟  .  ♞  ♟  ♟  ♟  ♟  
1 ♜  .  ♝  ♛  ♚  ♝  ♞  ♜  
  a  b  c  d  e  f  g  h

===== 2504 ===== 
[e4, e5, Nf3, Nc6, Bb5, Nf6, O-O, Nxe4, d4, Nd6, Bxc6, dxc6, dxe5, Nf5, Qxd8+, Kxd8, h3, Ke8, Nc3, h5, Ne2, Be7, Bg5, Be6, Nf4, Bd5, Nxd5, cxd5, Rad1, c6, Rd3, Rd8, a4, h4, Kh2, Rh5, Bxe7, Kxe7, Rfd1, Rhh8, a5, Rd7, Re1, Rc7, g4, hxg3+] ...
hxg3+ Gives us inValid move: No such move for piece found: []
8 .  .  .  .  .  .  .  ♖  
7 ♙  ♙  ♖  .  ♔  ♙  ♙  .  
6 .  .  ♙  .  .  .  .  .  
5 ♟  .  .  ♙  ♟  ♘  .  .  
4 .  .  .  .  .  .  ♟  ♙  
3 .  .  .  ♜  .  ♞  .  ♟  
2 .  ♟  ♟  .  .  ♟  .  ♚  
1 .  .  .  .  ♜  .  .  .  
  a  b  c  d  e  f  g  h

===== 2505 ===== 
[e4, c5, Nf3, e6, d4, cxd4, Nxd4, Nc6, Nc3, a6, Be3, Nf6, Qf3, Bb4, Nxc6, dxc6, a3, Bxc3+, bxc3, Qa5, Bd2, O-O, Bd3, e5, a4, Be6, c4, Qc7, a5, c5, O-O, Nd7, Rfb1, Rab8, Rb3, Qd6, h3, b5, axb6] ...
axb6 Gives us inValid move: No such move for piece found: []
8 .  ♖  .  .  .  ♖  ♔  .  
7 .  .  .  ♘  .  ♙  ♙  ♙  
6 ♙  .  .  ♕  ♗  .  .  .  
5 ♟  ♙  ♙  .  ♙  .  .  .  
4 .  .  ♟  .  ♟  .  .  .  
3 .  ♜  .  ♝  .  ♛  .  ♟  
2 .  .  ♟  ♝  .  ♟  ♟  .  
1 ♜  .  .  .  .  .  ♚  .  
  a  b  c  d  e  f  g  h

===== 2515 ===== 
[e4, c5, Nf3, d6, d4, cxd4, Nxd4, Nf6, Nc3, a6, Be3, Ng4, Bc1, Nf6, Be3, Ng4, Bg5, h6, Bc1, Nf6, Bd3, e5, Nde2, Be7, O-O, O-O, Ng3, Nbd7, a4, Nc5, Be2, Be6, Bf3, Rc8, Re1, Qd7, a5, Rfd8, Nd5, Bxd5, exd5, Re8, c4, Bd8, Be3, e4, Be2, h5, b4, Nd3, Bxd3, exd3, Qxd3, h4, Nf1, h3, Bd4, hxg2, Ng3, Rxe1+, Rxe1, Qh3, Qf3, Kf8, c5, dxc5, Bxc5+, Kg8, Qf5, Qxf5, Nxf5, g6, Nd6, Rc7, Ne8, Rd7, Nxf6+, Bxf6, Re8+, Kg7, Bf8+, Kh7, d6, Bg7, Re7, Rd8, Bxg7, Kxg7, Rxb7, Rxd6, Kxg2, Rd4, Kf3, g5, Ke3, Rf4, Rb6, f5, Rxa6, Rxb4, Ra7+, Kg6, a6, Ra4, Ra8, g4, f4, gxf3] ...
gxf3 Gives us inValid move: No such move for piece found: []
8 ♜  .  .  .  .  .  .  .  
7 .  .  .  .  .  .  .  .  
6 ♟  .  .  .  .  .  ♔  .  
5 .  .  .  .  .  ♙  .  .  
4 ♖  .  .  .  .  ♟  ♙  .  
3 .  .  .  .  ♚  .  .  .  
2 .  .  .  .  .  .  .  ♟  
1 .  .  .  .  .  .  .  .  
  a  b  c  d  e  f  g  h

===== 2511 ===== 
[e4, c5, Nf3, d6, d4, cxd4, Nxd4, Nf6, Nc3, a6, g3, e5, Nb3, Be7, Bg2, O-O, O-O, b5, a4, b4, Nd5, Nxd5, Qxd5, Ra7, Be3, Be6, Qd3, Ra8, f4, Qc7, Nd2, a5, Rf2, f6, f5, Bf7, Rc1, Na6, c4, bxc3] ...
bxc3 Gives us inValid move: No such move for piece found: []
8 ♖  .  .  .  .  ♖  ♔  .  
7 .  .  ♕  .  ♗  ♗  ♙  ♙  
6 ♘  .  .  ♙  .  ♙  .  .  
5 ♙  .  .  .  ♙  ♟  .  .  
4 ♟  ♙  ♟  .  ♟  .  .  .  
3 .  .  .  ♛  ♝  .  ♟  .  
2 .  ♟  .  ♞  .  ♜  ♝  ♟  
1 .  .  ♜  .  .  .  ♚  .  
  a  b  c  d  e  f  g  h

===== 2512 ===== 
[d4, Nf6, c4, e6, g3, d5, Bg2, Bb4+, Nd2, O-O, Nf3] ...
Nf3 Gives us inValid move: more than one valid move, The notation is disambiguous
8 ♖  ♘  ♗  ♕  .  ♖  ♔  .  
7 ♙  ♙  ♙  .  .  ♙  ♙  ♙  
6 .  .  .  .  ♙  ♘  .  .  
5 .  .  .  ♙  .  .  .  .  
4 .  ♗  ♟  ♟  .  .  .  .  
3 .  .  .  .  .  .  ♟  .  
2 ♟  ♟  .  ♞  ♟  ♟  ♝  ♟  
1 ♜  .  ♝  ♛  ♚  .  ♞  ♜  
  a  b  c  d  e  f  g  h

===== 2536 ===== 
[Nf3, Nf6, e3, g6, b3, Bg7, Bb2, O-O, d4, c5, d5, b5, Be2, Qa5+, c3, Bb7, a4, Nxd5, axb5, Qb6, O-O, a6, bxa6, Nxa6, Qc2, Nab4, Qc1, Rxa1, Bxa1, Ra8, Bb2, Nc6, Nfd2, d6, Rd1, Ne5, Bf1, Ba6, c4, Nb4, Ne4, Bb7, Nbc3, Bc6, Qb1, Qb7, Nd2, Na6, h3, Nc7, Qc2, h5, Qb1, Na6, Ne2, Nb4, Nc1, Nd7, Bxg7, Kxg7, Qb2+, Kg8, Nb1, Qa7, Nc3, Qa3, Qd2, Nf6, f3, Na6, e4, Nc7, Nd5, Bxd5, exd5, Ra6, Qc3, Qa1, Qd2, e5, dxe6] ...
dxe6 Gives us inValid move: No such move for piece found: []
8 .  .  .  .  .  .  ♔  .  
7 .  .  ♘  .  .  ♙  .  .  
6 ♖  .  .  ♙  .  ♘  ♙  .  
5 .  .  ♙  ♟  ♙  .  .  ♙  
4 .  .  ♟  .  .  .  .  .  
3 .  ♟  .  .  .  ♟  .  ♟  
2 .  .  .  ♛  .  .  ♟  .  
1 ♕  .  ♞  ♜  .  ♝  ♚  .  
  a  b  c  d  e  f  g  h

===== 2548 ===== 
[c4, Nf6, Nc3, e5, Nf3, Nc6, g3, d5, cxd5, Nxd5, Bg2, Bc5, O-O, O-O, d3, Bb6, Na4, Re8, Bg5, Qd6, Nd2, Qg6, Ne4, Bg4, h3, Be6, Bd2, Rad8, Kh2, Kh8, a3, f5, Nec5, Bc8, b4, e4, e3, Bxc5, Nxc5, b6, Nb3, Ba6, Nc1, Ne5, Qa4, Bxd3, Nxd3, Nxd3, b5, h5, Qc2, Qd6, h4, Qe5, Kg1, Re6, a4, Kh7, Ra3, Rdd6, a5, c5, bxc6] ...
bxc6 Gives us inValid move: No such move for piece found: []
8 .  .  .  .  .  .  .  .  
7 ♙  .  .  .  .  .  ♙  ♔  
6 .  ♙  .  ♖  ♖  .  .  .  
5 ♟  ♟  ♙  ♘  ♕  ♙  .  ♙  
4 .  .  .  .  ♙  .  .  ♟  
3 ♜  .  .  ♘  ♟  .  ♟  .  
2 .  .  ♛  ♝  .  ♟  ♝  .  
1 .  .  .  .  .  ♜  ♚  .  
  a  b  c  d  e  f  g  h

===== 2559 ===== 
[e4, d5, exd5, Qxd5, Nc3, Qa5, d4, Nf6, Bc4, Bg4, Ne2] ...
Ne2 Gives us inValid move: more than one valid move, The notation is disambiguous
8 ♖  ♘  .  .  ♔  ♗  .  ♖  
7 ♙  ♙  ♙  .  ♙  ♙  ♙  ♙  
6 .  .  .  .  .  ♘  .  .  
5 ♕  .  .  .  .  .  .  .  
4 .  .  ♝  ♟  .  .  ♗  .  
3 .  .  ♞  .  .  .  .  .  
2 ♟  ♟  ♟  .  .  ♟  ♟  ♟  
1 ♜  .  ♝  ♛  ♚  .  ♞  ♜  
  a  b  c  d  e  f  g  h

===== 2564 ===== 
[d4, Nf6, Nc3, d5, Bf4, e6, e3, Bb4, Ne2] ...
Ne2 Gives us inValid move: more than one valid move, The notation is disambiguous
8 ♖  ♘  ♗  ♕  ♔  .  .  ♖  
7 ♙  ♙  ♙  .  .  ♙  ♙  ♙  
6 .  .  .  .  ♙  ♘  .  .  
5 .  .  .  ♙  .  .  .  .  
4 .  ♗  .  ♟  .  ♝  .  .  
3 .  .  ♞  .  ♟  .  .  .  
2 ♟  ♟  ♟  .  .  ♟  ♟  ♟  
1 ♜  .  .  ♛  ♚  ♝  ♞  ♜  
  a  b  c  d  e  f  g  h

===== 2577 ===== 
[e4, c5, Qh5, Nf6, Qh4, Nc6, Nf3, d6, Bb5, Bd7, O-O, g6, d3, h6, Bxc6, Bxc6, e5, dxe5, Nxe5, Rc8, Re1, Bg7, Nc3, b6, a4, Bb7, a5, g5, Qa4+, Nd7, a6, Ba8, Qxd7+, Qxd7, Nxd7, Kxd7, Nb5, Bc6, Nxa7, Rc7, Nxc6, Kxc6, f4, g4, f5, Ra7, Re4, h5, Rea4, b5, Ra5, Rd8, Kf1, Rd5, Be3, Bxb2, Rb1, Bd4, Bxd4, cxd4, f6, exf6, Ke2, Kb6, Rba1, h4, R5a2, f5, g3, h3, Kf2, Re5, Ra3, Re3, R3a2, f4, c4, dxc3] ...
dxc3 Gives us inValid move: No such move for piece found: []
8 .  .  .  .  .  .  .  .  
7 ♖  .  .  .  .  ♙  .  .  
6 ♟  ♔  .  .  .  .  .  .  
5 .  ♙  .  .  .  .  .  .  
4 .  .  ♟  ♙  .  ♙  ♙  .  
3 .  .  .  ♟  ♖  .  ♟  ♙  
2 ♜  .  .  .  .  ♚  .  ♟  
1 ♜  .  .  .  .  .  .  .  
  a  b  c  d  e  f  g  h

===== 2582 ===== 
[d4, Nf6, Nc3, d5, Bf4, e6, e3, Bb4, Ne2] ...
Ne2 Gives us inValid move: more than one valid move, The notation is disambiguous
8 ♖  ♘  ♗  ♕  ♔  .  .  ♖  
7 ♙  ♙  ♙  .  .  ♙  ♙  ♙  
6 .  .  .  .  ♙  ♘  .  .  
5 .  .  .  ♙  .  .  .  .  
4 .  ♗  .  ♟  .  ♝  .  .  
3 .  .  ♞  .  ♟  .  .  .  
2 ♟  ♟  ♟  .  .  ♟  ♟  ♟  
1 ♜  .  .  ♛  ♚  ♝  ♞  ♜  
  a  b  c  d  e  f  g  h

===== 2633 ===== 
[d4, Nf6, Bf4, c5, d5, d6, Nc3, e5, Bd2, Bf5, h3, Nbd7, g4, Be4, f3, Bg6, e4, a6, a4, Be7, Be3, h6, Nge2, Nh7, Ng3, Bh4, Bf2, O-O, Be2, Rb8, O-O, Ng5, Kg2, Bh7, Be3, Kh8, Qd2, Re8, Nf5, Bxf5, exf5, Nf6, a5, b5, axb6] ...
axb6 Gives us inValid move: No such move for piece found: []
8 .  ♖  .  ♕  ♖  .  .  ♔  
7 .  .  .  .  .  ♙  ♙  .  
6 ♙  .  .  ♙  .  ♘  .  ♙  
5 ♟  ♙  ♙  ♟  ♙  ♟  ♘  .  
4 .  .  .  .  .  .  ♟  ♗  
3 .  .  ♞  .  ♝  ♟  .  ♟  
2 .  ♟  ♟  ♛  ♝  .  ♚  .  
1 ♜  .  .  .  .  ♜  .  .  
  a  b  c  d  e  f  g  h

===== 2634 ===== 
[Nf3, Nf6, c4, c5, b3, g6, Bb2, Bg7, g4, h6, h4, d6, Rg1, Nc6, e3, Be6, Be2, Qd7, g5, hxg5, hxg5, Nh5, Bxg7, Nxg7, Nc3, O-O-O, d4, Nh5, d5, Ne5, Nxe5, dxe5, dxe6, Qxe6, Bg4, Rxd1+, Rxd1, Ng7, Bxe6+, Nxe6, Ke2, b6, Rd5, Kc7, Nb5+, Kc6, Nxa7+, Kc7, Rgd1, Rd8, Rxd8, Nxd8, Rxd8, Kxd8, Nc6+, Kd7, Nxe5+, Ke6, Nxf7, Kxf7, Kf3, Ke6, Ke4, Kd6, f4, e6, a4, Kd7, Ke5, Ke7, e4, Kd7, f5, exf5, exf5, gxf5, Kxf5, Ke7, Kg6, Ke6, Kh7, Ke5, g6, Kd4, g7, Kc3, g8=Q, Kxb3, Qe8] ...
Qe8 Gives us inValid move: Pawn can move diagonally only when capturing
8 .  .  .  .  .  .  .  .  
7 .  .  .  .  .  .  ♟  ♚  
6 .  ♙  .  .  .  .  .  .  
5 .  .  ♙  .  .  .  .  .  
4 ♟  .  ♟  .  .  .  .  .  
3 .  ♔  .  .  .  .  .  .  
2 .  .  .  .  .  .  .  .  
1 .  .  .  .  .  .  .  .  
  a  b  c  d  e  f  g  h

===== 2639 ===== 
[e4, c6, d4, d5, exd5, cxd5, Nf3, Nc6, Bb5, e6, O-O, Bd6, Re1, Ne7] ...
Ne7 Gives us inValid move: more than one valid move, The notation is disambiguous
8 ♖  .  ♗  ♕  ♔  .  ♘  ♖  
7 ♙  ♙  .  .  .  ♙  ♙  ♙  
6 .  .  ♘  ♗  ♙  .  .  .  
5 .  ♝  .  ♙  .  .  .  .  
4 .  .  .  ♟  .  .  .  .  
3 .  .  .  .  .  ♞  .  .  
2 ♟  ♟  ♟  .  .  ♟  ♟  ♟  
1 ♜  ♞  ♝  ♛  ♜  .  ♚  .  
  a  b  c  d  e  f  g  h

===== 2646 ===== 
[d4, d5, c4, dxc4, e4, Nf6, e5, Nd5, Bxc4, Nb6, Bd3, Nc6, Ne2, Bg4, f3, Bh5, Be4, e6, O-O, Bg6, Be3, Be7, Nbc3, Bxe4, fxe4, Bg5, Bf2, O-O, b3, f5, exf6] ...
exf6 Gives us inValid move: No such move for piece found: [White pawn can only capture up diagonally]
8 ♖  .  .  ♕  .  ♖  ♔  .  
7 ♙  ♙  ♙  .  .  .  ♙  ♙  
6 .  ♘  ♘  .  ♙  .  .  .  
5 .  .  .  .  ♟  ♙  ♗  .  
4 .  .  .  ♟  ♟  .  .  .  
3 .  ♟  ♞  .  .  .  .  .  
2 ♟  .  .  .  ♞  ♝  ♟  ♟  
1 ♜  .  .  ♛  .  ♜  ♚  .  
  a  b  c  d  e  f  g  h

===== 2649 ===== 
[d4, d5, c4, dxc4, e4, Nf6, e5, Nd5, Bxc4, Nb6, Bd3, Nc6, Ne2, Bg4, f3, Bh5, Be4, e6, O-O, Bg6, Be3, Be7, a3, Bxe4, fxe4, Bg5, Bf2, O-O, Qc2, f5, exf6] ...
exf6 Gives us inValid move: No such move for piece found: [White pawn can only capture up diagonally]
8 ♖  .  .  ♕  .  ♖  ♔  .  
7 ♙  ♙  ♙  .  .  .  ♙  ♙  
6 .  ♘  ♘  .  ♙  .  .  .  
5 .  .  .  .  ♟  ♙  ♗  .  
4 .  .  .  ♟  ♟  .  .  .  
3 ♟  .  .  .  .  .  .  .  
2 .  ♟  ♛  .  ♞  ♝  ♟  ♟  
1 ♜  ♞  .  .  .  ♜  ♚  .  
  a  b  c  d  e  f  g  h

===== 2718 ===== 
[e4, e6, d4, d5, Nc3, Bb4, e5, c5, a3, Bxc3+, bxc3, Ne7, Qg4, Kf8, h4, Qc7, Qd1, b6, h5, h6, Nf3, Ba6, Bxa6, Nxa6, O-O, Rc8, Qe2, Nb8, a4, cxd4, Ba3, Qc4, Qd1, dxc3, Nd4, Nc6] ...
Nc6 Gives us inValid move: more than one valid move, The notation is disambiguous
8 .  ♘  ♖  .  .  ♔  .  ♖  
7 ♙  .  .  .  ♘  ♙  ♙  .  
6 .  ♙  .  .  ♙  .  .  ♙  
5 .  .  .  ♙  ♟  .  .  ♟  
4 ♟  .  ♕  ♞  .  .  .  .  
3 ♝  .  ♙  .  .  .  .  .  
2 .  .  ♟  .  .  ♟  ♟  .  
1 ♜  .  .  ♛  .  ♜  ♚  .  
  a  b  c  d  e  f  g  h

===== 2724 ===== 
[e4, e5, Nf3, Nc6, Bb5, Nf6, d3, Bc5, Bxc6, dxc6, Nbd2, Nd7, O-O, O-O, a4, Re8, Nc4, b6, b3, Bf8, Bb2, f6, Nh4, Nc5, Qf3, Ne6, Nf5, c5, Qg3, Kh8, Rae1, a6, Qh4, b5, axb5, axb5, Nce3, Ra2, Bc3, Nd4, Bxd4, cxd4, Ng4, Rxc2, Ra1, Bxf5, exf5, Rc3, Rad1, Rxb3, f3, c5, Nf2, c4, dxc4, bxc4, Ne4, d3, g4, c3, g5, c2, gxf6, cxd1=Q, Rxd1] ...
Rxd1 Gives us inValid move: Pawn can move diagonally only when capturing
8 .  .  .  ♕  ♖  ♗  .  ♔  
7 .  .  .  .  .  .  ♙  ♙  
6 .  .  .  .  .  ♟  .  .  
5 .  .  .  .  ♙  ♟  .  .  
4 .  .  .  .  ♞  .  .  ♛  
3 .  ♖  .  ♙  .  ♟  .  .  
2 .  .  ♙  .  .  .  .  ♟  
1 .  .  .  ♜  .  ♜  ♚  .  
  a  b  c  d  e  f  g  h

===== 2733 ===== 
[e4, e5, Nf3, Nf6, Nxe5, d6, Nf3, Nxe4, Bd3, Nf6, O-O, Be7, c3, O-O, Bc2, c5, d4, Be6, Bg5, Nbd7, Nbd2, h6, Bh4, Re8, Re1, Qb6, Qb1, Bf8, a4, Bd5, Rxe8, Rxe8, a5, Qc7, Qd1, Bc6, Bf5, g6, Bd3, Bg7, Qb3, Bd5, Bc4, Bxc4, Nxc4, Qc6, Ne3, Ne4, Rd1, Ndf6, Bxf6, Nxf6, h3, b5, axb6] ...
axb6 Gives us inValid move: No such move for piece found: []
8 .  .  .  .  ♖  .  ♔  .  
7 ♙  .  .  .  .  ♙  ♗  .  
6 .  .  ♕  ♙  .  ♘  ♙  ♙  
5 ♟  ♙  ♙  .  .  .  .  .  
4 .  .  .  ♟  .  .  .  .  
3 .  ♛  ♟  .  ♞  ♞  .  ♟  
2 .  ♟  .  .  .  ♟  ♟  .  
1 .  .  .  ♜  .  .  ♚  .  
  a  b  c  d  e  f  g  h

===== 2743 ===== 
[e4, Nf6, e5, Nd5, d4, d6, Nf3, dxe5, Nxe5, c6, Be2, Bf5, O-O, Nd7, Nf3, e6, c4, N5f6, Nh4, Bg6, Bf4, Ne4, Nxg6, hxg6, g3, Bd6, Be3, Qc7, c5, Be7, Nc3, Nxc3, bxc3, O-O, Bf3, Rfd8, Qa4, e5, Rab1, Bf6, Rfd1, Re8, d5, b5, cxb6] ...
cxb6 Gives us inValid move: No such move for piece found: [White pawn can only capture up diagonally]
8 ♖  .  .  .  ♖  .  ♔  .  
7 ♙  .  ♕  ♘  .  ♙  ♙  .  
6 .  .  ♙  .  .  ♗  ♙  .  
5 .  ♙  ♟  ♟  ♙  .  .  .  
4 ♛  .  .  .  .  .  .  .  
3 .  .  ♟  .  ♝  ♝  ♟  .  
2 ♟  .  .  .  .  ♟  .  ♟  
1 .  ♜  .  ♜  .  .  ♚  .  
  a  b  c  d  e  f  g  h

===== 2748 ===== 
[e4, c5, Nf3, e6, g3, Nc6, Bg2, Nf6, d3, d5, Nbd2, Be7, O-O, O-O, Re1, b5, e5, Nd7, Nf1, Bb7, h4, Qc7, Bf4, Rfc8, Ne3, Qd8, Ng4, Bf8, Bg5, Qe8, c3, h6, Bf4, a5, Qd2, b4, c4, Ne7, h5, Nf5, Ne3, Nxe3, Qxe3, dxc4, dxc4, Rd8, g4, Nb6, Rac1, Qd7, g5, Qd3, gxh6, Qxe3, Bxe3, gxh6, Nh2, Bxg2, Kxg2, Kh7, Ng4, Bg7, Kf3, Nd7, Bf4, Nb6, Rg1, a4, Be3, Nd7, Ke4, b3, axb3, axb3, Rgd1, Rac8, Rd3, f5+, exf6] ...
exf6 Gives us inValid move: No such move for piece found: []
8 .  .  ♖  ♖  .  .  .  .  
7 .  .  .  ♘  .  .  ♗  ♔  
6 .  .  .  .  ♙  .  .  ♙  
5 .  .  ♙  .  ♟  ♙  .  ♟  
4 .  .  ♟  .  ♚  .  ♞  .  
3 .  ♙  .  ♜  ♝  .  .  .  
2 .  ♟  .  .  .  ♟  .  .  
1 .  .  ♜  .  .  .  .  .  
  a  b  c  d  e  f  g  h

===== 2749 ===== 
[e4, c5, Nf3, e6, c3, Nf6, e5, Nd5, d4, cxd4, cxd4, d6, Bc4, Be7, O-O, O-O, Qe2, Nc6, Re1, Qb6, Qe4, dxe5, dxe5, Bc5, Rf1, Nd4, Nbd2, f5, exf6] ...
exf6 Gives us inValid move: No such move for piece found: []
8 ♖  .  ♗  .  .  ♖  ♔  .  
7 ♙  ♙  .  .  .  .  ♙  ♙  
6 .  ♕  .  .  ♙  .  .  .  
5 .  .  ♗  ♘  ♟  ♙  .  .  
4 .  .  ♝  ♘  ♛  .  .  .  
3 .  .  .  .  .  ♞  .  .  
2 ♟  ♟  .  ♞  .  ♟  ♟  ♟  
1 ♜  .  ♝  .  .  ♜  ♚  .  
  a  b  c  d  e  f  g  h

===== 2750 ===== 
[e4, c5, Nf3, Nc6, Bb5, e6, O-O, Nge7, Re1, a6, Bf1, d5, d3, d4, e5, Nd5, c4, dxc3] ...
dxc3 Gives us inValid move: No such move for piece found: []
8 ♖  .  ♗  ♕  ♔  ♗  .  ♖  
7 .  ♙  .  .  .  ♙  ♙  ♙  
6 ♙  .  ♘  .  ♙  .  .  .  
5 .  .  ♙  ♘  ♟  .  .  .  
4 .  .  ♟  ♙  .  .  .  .  
3 .  .  .  ♟  .  ♞  .  .  
2 ♟  ♟  .  .  .  ♟  ♟  ♟  
1 ♜  ♞  ♝  ♛  ♜  ♝  ♚  .  
  a  b  c  d  e  f  g  h

===== 2753 ===== 
[e4, e5, Nf3, Nc6, Bb5, Nf6, d3, Bc5, Nbd2, d6, c3, O-O, O-O, a6, Bxc6, bxc6, d4, exd4, cxd4, Bb6, Qc2, c5, d5, Re8, b3, Bg4, Bb2, Bh5, Rae1, Bg6, Bxf6, Qxf6, Nc4, Ba7, Qd3, h6, Re3, Rad8, g3, Bh7, Rfe1, g5, Qe2, Kg7, Rd1, Qg6, Re1, Qf6, Kg2, g4, Nh4, Qg5, f4, gxf3+] ...
gxf3+ Gives us inValid move: No such move for piece found: []
8 .  .  .  ♖  ♖  .  .  .  
7 ♗  .  ♙  .  .  ♙  ♔  ♗  
6 ♙  .  .  ♙  .  .  .  ♙  
5 .  .  ♙  ♟  .  .  ♕  .  
4 .  .  ♞  .  ♟  ♟  ♙  ♞  
3 .  ♟  .  .  ♜  .  ♟  .  
2 ♟  .  .  .  ♛  .  ♚  ♟  
1 .  .  .  .  ♜  .  .  .  
  a  b  c  d  e  f  g  h

===== 2758 ===== 
[e4, e5, Nf3, Nc6, Bc4, Bc5, O-O, Nf6, d3, d6, c3, a6, a4, h6, h3, O-O, Re1, a5, Nbd2, Be6, b3, Bxc4, bxc4, Nd7, Nb3, Bb6, d4, Re8, Rb1, Qf6, Qd3, exd4, cxd4, Nb4, Qd1, Qe6, Nbd2, f5, Rb3, fxe4, Rxe4, Qf7, Rg4, Nf6, Rg3, c6, Nh4, Qh5, Ndf3, Re4, Bxh6, Qxh6, Nf5, Qf4, Nxg7, Kh8, Kh2, Rg8, Nd2, Rxd4, Rf3] ...
Rf3 Gives us inValid move: more than one valid move, The notation is disambiguous
8 .  .  .  .  .  .  ♖  ♔  
7 .  ♙  .  .  .  .  ♞  .  
6 .  ♗  ♙  ♙  .  ♘  .  .  
5 ♙  .  .  .  .  .  .  .  
4 ♟  ♘  ♟  ♖  .  ♕  .  .  
3 .  ♜  .  .  .  .  ♜  ♟  
2 .  .  .  ♞  .  ♟  ♟  ♚  
1 .  .  .  ♛  .  .  .  .  
  a  b  c  d  e  f  g  h

===== 2773 ===== 
[Nf3, d5, d3, Nf6, Nbd2, c5, e4, Nc6, g3, e5, Bg2, Be7, O-O, O-O, exd5, Nxd5, Re1, f6, c3, Kh8, Nh4, Be6, f4, Bf7, f5, g5, fxg6] ...
fxg6 Gives us inValid move: No such move for piece found: []
8 ♖  .  .  ♕  .  ♖  .  ♔  
7 ♙  ♙  .  .  ♗  ♗  .  ♙  
6 .  .  ♘  .  .  ♙  .  .  
5 .  .  ♙  ♘  ♙  ♟  ♙  .  
4 .  .  .  .  .  .  .  ♞  
3 .  .  ♟  ♟  .  .  ♟  .  
2 ♟  ♟  .  ♞  .  .  ♝  ♟  
1 ♜  .  ♝  ♛  ♜  .  ♚  .  
  a  b  c  d  e  f  g  h

===== 2780 ===== 
[Nf3, Nf6, d4, g6, Bf4, Bg7, c3, O-O, e3, d6, h3, c5, dxc5, dxc5, Qxd8, Rxd8, Bc7, Rd7, Bh2, Rd8, Nbd2, Nc6, Bc4, b6, O-O-O, Bb7, Rhe1, Nd7, Kc2, a6, Ng5, Nce5, Bf1, b5, Nb3, Rac8, Na5, Ba8, f4, h6, fxe5, hxg5, e6, fxe6, c4, b4, Nb3, Be4+, Kc1, a5, Nxa5, Ne5, Rxd8+, Rxd8, Nb3, Rc8, Rd1, Bf6, Be2, Bxg2, Bxe5, Bxe5, Bg4, Kg7, Rg1, Ba8, Bxe6, Rc7, Nd2, Bc6, Bd5, Bd7, Rxg5, Bf6, Rg3, Ra7, Ne4, Rxa2, Nxc5, Bc8, Be4, g5, Nd3, b3, c5, Ra4, Bd5, Ba6, c6, Bxd3, e4, Bxe4, c7, Bxd5, c8=Q, Rc4+, Qxc4] ...
Qxc4 Gives us inValid move: Pawn can move diagonally only when capturing
8 .  .  .  .  .  .  .  .  
7 .  .  ♟  .  ♙  .  ♔  .  
6 .  .  .  .  .  ♗  .  .  
5 .  .  .  ♗  .  .  ♙  .  
4 .  .  ♖  .  .  .  .  .  
3 .  ♙  .  .  .  .  ♜  ♟  
2 .  ♟  .  .  .  .  .  .  
1 .  .  ♚  .  .  .  .  .  
  a  b  c  d  e  f  g  h

===== 2788 ===== 
[d4, Nf6, Nf3, g6, Nbd2, Bg7, e4, O-O, Bd3, d6, O-O, c5, c3, Qc7, h3, Nc6, d5, Ne5, Nxe5, dxe5, Re1, Ne8, a4, Nd6, Nc4, e6, Nxd6, Qxd6, Bc4, exd5, Bxd5, Rd8, Bg5, Bf6, Be3, Rb8, a5, Be6, c4, Bxd5, cxd5, b5, axb6] ...
axb6 Gives us inValid move: No such move for piece found: []
8 .  ♖  .  ♖  .  .  ♔  .  
7 ♙  .  .  .  .  ♙  .  ♙  
6 .  .  .  ♕  .  ♗  ♙  .  
5 ♟  ♙  ♙  ♟  ♙  .  .  .  
4 .  .  .  .  ♟  .  .  .  
3 .  .  .  .  ♝  .  .  ♟  
2 .  ♟  .  .  .  ♟  ♟  .  
1 ♜  .  .  ♛  ♜  .  ♚  .  
  a  b  c  d  e  f  g  h

===== 2792 ===== 
[Nf3, c5, b3, d6, Bb2, e5, c4, Nc6, g3, g6, Bg2, Bg7, O-O, Nge7, d3, O-O, Nc3, Bf5, a3, Qd7, Re1, Bh3, Bh1, h6, b4, cxb4, axb4, Nxb4, Ba3, Nec6, Nd2, a5, Nd5, Nxd5, Bxd5, Rab8, Qa4, b5, cxb5, Nd4, Bc6, Qg4, Bxd6, Nxe2+, Kh1, Nd4, Bxf8, Rxf8, Qxa5, Nxc6, bxc6, Qf5, Kg1, Qxd3, Rac1, e4, Re3, Qd4, Nxe4, Qb2, Qd2, Qb6, c7, Rc8, Qd6, Qb2, Rce1, Be5, Qe7, Bd4, Nd6, Rf8, c8=Q, Bxc8] ...
Bxc8 Gives us inValid move: can not move bishop
8 .  .  .  .  .  ♖  ♔  .  
7 .  .  ♟  .  ♛  ♙  .  .  
6 .  .  .  ♞  .  .  ♙  ♙  
5 .  .  .  .  .  .  .  .  
4 .  .  .  ♗  .  .  .  .  
3 .  .  .  .  ♜  .  ♟  ♗  
2 .  ♕  .  .  .  ♟  .  ♟  
1 .  .  .  .  ♜  .  ♚  .  
  a  b  c  d  e  f  g  h

===== 2790 ===== 
[Nf3, Nf6, b3, d5, Bb2, Bf5, g3, e6, Nh4, Be4, f3, Bg6, Bg2, c5, Nxg6, hxg6, e4, Nc6, Qe2, Nd4, Bxd4, cxd4, Qb5+, Qd7, Qxd7+, Kxd7, e5, Ng8, c4, dxc3] ...
dxc3 Gives us inValid move: No such move for piece found: [Black pawn can only capture down diagonally]
8 ♖  .  .  .  .  ♗  ♘  ♖  
7 ♙  ♙  .  ♔  .  ♙  ♙  .  
6 .  .  .  .  ♙  .  ♙  .  
5 .  .  .  ♙  ♟  .  .  .  
4 .  .  ♟  ♙  .  .  .  .  
3 .  ♟  .  .  .  ♟  ♟  .  
2 ♟  .  .  ♟  .  .  ♝  ♟  
1 ♜  ♞  .  .  ♚  .  .  ♜  
  a  b  c  d  e  f  g  h

===== 2796 ===== 
[d4, Nf6, c4, g6, g3, c5, d5, Bg7, Nc3, O-O, Bg2, d6, Nf3, e6, O-O, exd5, cxd5, Re8, Re1, Ne4, Nxe4, Rxe4, Qc2, Re8, e4, Bg4, Nd2, Na6, a3, b5, Rb1, c4, b4, cxb3] ...
cxb3 Gives us inValid move: No such move for piece found: []
8 ♖  .  .  ♕  ♖  .  ♔  .  
7 ♙  .  .  .  .  ♙  ♗  ♙  
6 ♘  .  .  ♙  .  .  ♙  .  
5 .  ♙  .  ♟  .  .  .  .  
4 .  ♟  ♙  .  ♟  .  ♗  .  
3 ♟  .  .  .  .  .  ♟  .  
2 .  .  ♛  ♞  .  ♟  ♝  ♟  
1 .  ♜  ♝  .  ♜  .  ♚  .  
  a  b  c  d  e  f  g  h

===== 2803 ===== 
[d4, Nf6, c4, g6, Nf3, Bg7, e3, O-O, Be2, c5, d5, e6, Nc3, exd5, cxd5, d6, Nd2, Na6, O-O, Nc7, e4, Re8, a4, Rb8, f3, a6, a5, Bd7, Nc4, Bb5, Bg5, Bxc4, Bxc4, b5, axb6] ...
axb6 Gives us inValid move: No such move for piece found: []
8 .  ♖  .  ♕  ♖  .  ♔  .  
7 .  .  ♘  .  .  ♙  ♗  ♙  
6 ♙  .  .  ♙  .  ♘  ♙  .  
5 ♟  ♙  ♙  ♟  .  .  ♝  .  
4 .  .  ♝  .  ♟  .  .  .  
3 .  .  ♞  .  .  ♟  .  .  
2 .  ♟  .  .  .  .  ♟  ♟  
1 ♜  .  .  ♛  .  ♜  ♚  .  
  a  b  c  d  e  f  g  h

===== 2819 ===== 
[e4, e5, Nf3, Nc6, Bb5, Nf6, d3, Bc5, c3, O-O, O-O, d6, h3, Ne7, d4, Bb6, Re1, d5, Nxe5, Nxe4, Nd2, Nd6, Bd3, f6, Nef3, Bf5, Nb3, Bxd3, Qxd3, Ng6, Nc5, Re8, Bd2, c6, b3, Qc7, Rxe8+, Rxe8, Re1, Rxe1+, Nxe1, Bxc5, dxc5, Ne4, b4, Ne5, Qc2, Nc4, Nf3, Ncxd2, Nxd2, Qe5, Nxe4, Qxe4, Qd1, Qc4, Qg4, Qxg4, hxg4, Kf7, Kf1, f5, gxf5, h5, Ke2, Kf6, Ke3, Kxf5, Kf3, g6, a4, a6, g3, g5, g4+, hxg4+, Kg3, Ke4, Kxg4, Kd3, Kxg5, Kxc3, f4, d4, f5, d3, f6, d2, f7, d1=Q, f8=Q, Qg1+] ...
Qg1+ Gives us inValid move: Pawn can move diagonally only when capturing
8 .  .  .  .  .  ♛  .  .  
7 .  ♙  .  .  .  .  .  .  
6 ♙  .  ♙  .  .  .  .  .  
5 .  .  ♟  .  .  .  ♚  .  
4 ♟  ♟  .  .  .  .  .  .  
3 .  .  ♔  .  .  .  .  .  
2 .  .  .  ♙  .  .  .  .  
1 .  .  .  .  .  .  .  .  
  a  b  c  d  e  f  g  h

===== 2822 ===== 
[e4, e5, Nf3, Nc6, Bc4, Bc5, c3, Nf6, d3, d6, O-O, a6, a4, h6, Re1, O-O, h3, a5, Nbd2, Be6, Bb5, Na7, d4, Nxb5, axb5, exd4, Nxd4, Bd7, Nf1, Bxd4, cxd4, Bxb5, Ng3, d5, e5, Ne4, Nxe4, dxe4, Rxe4, Qd5, Rh4, Ra6, Ra3, Rg6, Rg4, Rxg4, Qxg4, Bd7, Qh4, Bf5, Be3, b6, Rc3, c6, Qe7, Rc8, Qb7, b5, Rc5, Qd7, Qa6, a4, d5, cxd5, Rxc8+, Qxc8, Qxb5, Qd7, Qb4, Kh7, Bd4, Qc6, Bc3, Qc4, Qxc4, dxc4, f3, h5, g4, hxg4, hxg4, Be6, Kf2, Kg6, Ke3, f5, exf6] ...
exf6 Gives us inValid move: No such move for piece found: []
8 .  .  .  .  .  .  .  .  
7 .  .  .  .  .  .  ♙  .  
6 .  .  .  .  ♗  .  ♔  .  
5 .  .  .  .  ♟  ♙  .  .  
4 ♙  .  ♙  .  .  .  ♟  .  
3 .  .  ♝  .  ♚  ♟  .  .  
2 .  ♟  .  .  .  .  .  .  
1 .  .  .  .  .  .  .  .  
  a  b  c  d  e  f  g  h

===== 2834 ===== 
[e4, c5, Nc3, d6, Nge2, Nc6, d4, cxd4, Nxd4, Nf6, Bc4, e6, Be3, Be7, Qe2, a6, O-O-O, Qc7, Bb3, O-O, g4, Nxd4, Rxd4, b5, g5, Nd7, Rg1, Re8, Rg3, Bb7, Rh3, g6, f4, Nc5, f5, Nxb3+, axb3, exf5, Qf2, b4, Nd5, Bxd5, Rxd5, Qc6, Rd4, d5, exf5, Bc5, Qh4, h5, gxh6] ...
gxh6 Gives us inValid move: No such move for piece found: []
8 ♖  .  .  .  ♖  .  ♔  .  
7 .  .  .  .  .  ♙  .  .  
6 ♙  .  ♕  .  .  .  ♙  .  
5 .  .  ♗  ♙  .  ♟  ♟  ♙  
4 .  ♙  .  ♜  .  .  .  ♛  
3 .  ♟  .  .  ♝  .  .  ♜  
2 .  ♟  ♟  .  .  .  .  ♟  
1 .  .  ♚  .  .  .  .  .  
  a  b  c  d  e  f  g  h

===== 2856 ===== 
[d4, Nf6, Nf3, g6, e3, Bg7, Be2, O-O, O-O, d6, b3, Nc6, Bb2, e5, dxe5, Ng4, c4, Ngxe5, Nc3, Re8, Qd2, Nxf3+, Bxf3, Ne5, Be2, Be6, Rac1, Nd7, Bf3, Rb8, Rfd1, a6, Ne4, Bxb2, Qxb2, Qe7, Qd4, Red8, Nc3, Ne5, Be2, Nc6, Qd2, Ne5, Nd5, Bxd5, cxd5, Rbc8, b4, Nd7, h3, Nf6, a4, Kg7, a5, Qe8, Qd4, Qe5, Qd3, h6, Rc4, Rd7, Rdc1, Qxd5, Qxd5, Nxd5, Bg4, f5, Bf3, b5, axb6] ...
axb6 Gives us inValid move: No such move for piece found: []
8 .  .  ♖  .  .  .  .  .  
7 .  .  ♙  ♖  .  .  ♔  .  
6 ♙  .  .  ♙  .  .  ♙  ♙  
5 ♟  ♙  .  ♘  .  ♙  .  .  
4 .  ♟  ♜  .  .  .  .  .  
3 .  .  .  .  ♟  ♝  .  ♟  
2 .  .  .  .  .  ♟  ♟  .  
1 .  .  ♜  .  .  .  ♚  .  
  a  b  c  d  e  f  g  h

===== 2858 ===== 
[d4, Nf6, c4, e6, Nf3, d5, Nc3, Be7, Bf4, O-O, e3, Nbd7, c5, Nh5, Be2, Nxf4, exf4, b6, b4, a5, a3, c6, O-O, axb4, axb4, Rxa1, Qxa1, Qc7, g3, bxc5, bxc5, f6, Re1, e5, Bd3, g5, Qb1, Rf7, fxe5, fxe5, Nxe5, Nxe5, Rxe5, Bd7, Ne2, Bf6, Re3, Qc8, Bc2, Qf8, Qe1, Kg7, Qd2, Kg8, Nc1, Qg7, Ne2, Qf8, Qd3, Bg4, Nc1, Re7, Nb3, Qf7, Rxe7, Qxe7, Qe3, Bd7, Nd2, g4, Qxe7, Bxe7, f4, gxf3] ...
gxf3 Gives us inValid move: No such move for piece found: []
8 .  .  .  .  .  .  ♔  .  
7 .  .  .  ♗  ♗  .  .  ♙  
6 .  .  ♙  .  .  .  .  .  
5 .  .  ♟  ♙  .  .  .  .  
4 .  .  .  ♟  .  ♟  ♙  .  
3 .  .  .  .  .  .  ♟  .  
2 .  .  ♝  ♞  .  .  .  ♟  
1 .  .  .  .  .  .  ♚  .  
  a  b  c  d  e  f  g  h

===== 2874 ===== 
[d4, f5, g3, Nf6, Bg2, g6, Nf3, Bg7, O-O, O-O, c4, d6, Nc3, c6, b3, Re8, Bb2, Qc7, d5, e5, dxe6] ...
dxe6 Gives us inValid move: No such move for piece found: []
8 ♖  ♘  ♗  .  ♖  .  ♔  .  
7 ♙  ♙  ♕  .  .  .  ♗  ♙  
6 .  .  ♙  ♙  .  ♘  ♙  .  
5 .  .  .  ♟  ♙  ♙  .  .  
4 .  .  ♟  .  .  .  .  .  
3 .  ♟  ♞  .  .  ♞  ♟  .  
2 ♟  ♝  .  .  ♟  ♟  ♝  ♟  
1 ♜  .  .  ♛  .  ♜  ♚  .  
  a  b  c  d  e  f  g  h

===== 2876 ===== 
[d4, f5, g3, Nf6, Bg2, g6, Nf3, Bg7, O-O, O-O, c4, d6, Nc3, c6, b3, Re8, Bb2, Qc7, d5, e5, dxe6] ...
dxe6 Gives us inValid move: No such move for piece found: []
8 ♖  ♘  ♗  .  ♖  .  ♔  .  
7 ♙  ♙  ♕  .  .  .  ♗  ♙  
6 .  .  ♙  ♙  .  ♘  ♙  .  
5 .  .  .  ♟  ♙  ♙  .  .  
4 .  .  ♟  .  .  .  .  .  
3 .  ♟  ♞  .  .  ♞  ♟  .  
2 ♟  ♝  .  .  ♟  ♟  ♝  ♟  
1 ♜  .  .  ♛  .  ♜  ♚  .  
  a  b  c  d  e  f  g  h

===== 2886 ===== 
[d4, d5, c4, e5, dxe5, d4, Nf3, Nc6, Nbd2, Nge7, Nb3, Nf5, e4, dxe3] ...
dxe3 Gives us inValid move: No such move for piece found: []
8 ♖  .  ♗  ♕  ♔  ♗  .  ♖  
7 ♙  ♙  ♙  .  .  ♙  ♙  ♙  
6 .  .  ♘  .  .  .  .  .  
5 .  .  .  .  ♟  ♘  .  .  
4 .  .  ♟  ♙  ♟  .  .  .  
3 .  ♞  .  .  .  ♞  .  .  
2 ♟  ♟  .  .  .  ♟  ♟  ♟  
1 ♜  .  ♝  ♛  ♚  ♝  .  ♜  
  a  b  c  d  e  f  g  h

===== 2890 ===== 
[d4, b6, e4, Bb7, Bd3, e6, Nf3, Nf6, Qe2, d5, e5, Ne4, Nbd2, Nxd2, Bxd2, c5, c3, Nc6, a3, Be7, b4, Rc8, O-O, O-O, Rfe1, Qd7, h4, cxd4, cxd4, h6, Bf4, Qd8, Qe3, f5, exf6] ...
exf6 Gives us inValid move: No such move for piece found: []
8 .  .  ♖  ♕  .  ♖  ♔  .  
7 ♙  ♗  .  .  ♗  .  ♙  .  
6 .  ♙  ♘  .  ♙  .  .  ♙  
5 .  .  .  ♙  ♟  ♙  .  .  
4 .  ♟  .  ♟  .  ♝  .  ♟  
3 ♟  .  .  ♝  ♛  ♞  .  .  
2 .  .  .  .  .  ♟  ♟  .  
1 ♜  .  .  .  ♜  .  ♚  .  
  a  b  c  d  e  f  g  h

===== 2911 ===== 
[e4, c5, Nf3, d6, d4, cxd4, Nxd4, Nf6, Nc3, a6, Be3, Ng4, Bc1, Nf6, f3, e6, Be3, b5, Qd2, Nbd7, g4, b4, Nd1, h6, c4, bxc3] ...
bxc3 Gives us inValid move: No such move for piece found: []
8 ♖  .  ♗  ♕  ♔  ♗  .  ♖  
7 .  .  .  ♘  .  ♙  ♙  .  
6 ♙  .  .  ♙  ♙  ♘  .  ♙  
5 .  .  .  .  .  .  .  .  
4 .  ♙  ♟  ♞  ♟  .  ♟  .  
3 .  .  .  .  ♝  ♟  .  .  
2 ♟  ♟  .  ♛  .  .  .  ♟  
1 ♜  .  .  ♞  ♚  ♝  .  ♜  
  a  b  c  d  e  f  g  h

===== 2933 ===== 
[Nf3, d5, g3, Nc6, d4, Bf5, Bg2, e6, O-O, Nb4, Na3, c6, c3, Na6, Qb3, Qc8, Nh4, Be4, f3, Bg6, Nxg6, hxg6, e4, Nf6, e5, Nd7, f4, b5, Nc2, Nb6, Ne1, Qd7, Nf3, Nc7, Be3, a5, Qc2, a4, h4, Be7, Bf2, Kd8, Rfc1, Kc8, Rab1, Kb7, Bf1, Ra7, Bd3, Ra6, Qe2, Ra7, Kg2, Rha8, Rc2, Qe8, Rh1, f5, exf6] ...
exf6 Gives us inValid move: No such move for piece found: []
8 ♖  .  .  .  ♕  .  .  .  
7 ♖  ♔  ♘  .  ♗  .  ♙  .  
6 .  ♘  ♙  .  ♙  .  ♙  .  
5 .  ♙  .  ♙  ♟  ♙  .  .  
4 ♙  .  .  ♟  .  ♟  .  ♟  
3 .  .  ♟  ♝  .  ♞  ♟  .  
2 ♟  ♟  ♜  .  ♛  ♝  ♚  .  
1 .  .  .  .  .  .  .  ♜  
  a  b  c  d  e  f  g  h

===== 2936 ===== 
[e4, c5, Nf3, d6, d4, cxd4, Nxd4, Nf6, Nc3, a6, g3, e5, Nb3, Be7, Bg2, O-O, a4, Be6, O-O, Nbd7, Re1, Rc8, Nd2, h6, Nf1, Re8, Ne3, Qc7, a5, Nf8, Bd2, N8h7, h4, Qd7, Na4, Bd8, b3, d5, exd5, Nxd5, Nxd5, Bxd5, Bxh6, Nf6, Bg5, Bxg2, Qxd7, Nxd7, Kxg2, f6, Red1, fxg5, Rxd7, Rxc2, h5, e4, Re1, Bxa5, Re3, b5, Rd6, bxa4, bxa4, Bb4, Rxa6, Bc5, Rc6, Re5, a5, Ra2, Rc3, Bxf2, Kh3, e3, Rc8+, Kh7, Rf8, g4+, Kh4, Be1, Rcc8, Rh2+, Kxg4, Rhxh5, Rh8+, Kg6, Rxh5, Rxh5, Rc6+, Kf7, Kxh5, e2, Rc7+, Ke6, Rc2, Bd2, Rxd2, e1=Q, Ra2, Qe5+] ...
Qe5+ Gives us inValid move: Pawn can move diagonally only when capturing
8 .  .  .  .  .  .  .  .  
7 .  .  .  .  .  .  ♙  .  
6 .  .  .  .  ♔  .  .  .  
5 ♟  .  .  .  .  .  .  ♚  
4 .  .  .  .  .  .  .  .  
3 .  .  .  .  .  .  ♟  .  
2 ♜  .  .  .  ♙  .  .  .  
1 .  .  .  .  .  .  .  .  
  a  b  c  d  e  f  g  h

===== 2945 ===== 
[d4, Nf6, Bg5, g6, Bxf6, exf6, c4, d5, cxd5, Qxd5, Nc3, Qd8, e3, Be7, Bc4, c6, Nge2, Bd6, h4, h5, Qc2, Nd7, O-O-O, Nb6, Bb3, Qe7, Kb1, Kf8, e4, Kg7, Ka1, a5, a3, Bc7, f4, Bg4, e5, f5, Rd3, Rhd8, Ng3, Rac8, Ba2, Bb8, Nf1, Nd5, Bxd5, cxd5, Qb3, Rd7, Ne3, Rcd8, Qb5, Qe6, Qxa5, Bc7, Qb5, Bb6, Rd2, Ba7, Kb1, Kh6, Rc1, Kg7, Qb3, Kh6, Nb5, Bb8, Rdc2, Qe7, Nxg4+, fxg4, g3, Qe6, Rc8, Qf5+, Ka2, Qe4, Rxd8, Rxd8, a4, Kg7, Rc5, Qg2, Rc2, Qe4, Rc3, Qg2, Qb4, Re8, Qc5, Qe4, Qb6, Qe2, Qxb7, Qd1, b3, Qh1, Qd7, Rf8, e6, Qe1, e7, Rg8, a5, Qe2+, Ka3, Qe1, Kb4, Bxf4, gxf4, g3, Nc7, g2, e8=Q, g1=Q, Qexf7+] ...
Qexf7+ Gives us inValid move: No such move for piece found: []
8 .  .  .  .  .  .  ♖  .  
7 .  .  ♞  ♛  ♟  ♙  ♔  .  
6 .  .  .  .  .  .  ♙  .  
5 ♟  .  .  ♙  .  .  .  ♙  
4 .  ♚  .  ♟  .  ♟  .  ♟  
3 .  ♟  ♜  .  .  .  .  .  
2 .  .  .  .  .  .  .  .  
1 .  .  .  .  ♕  .  ♕  .  
  a  b  c  d  e  f  g  h

===== 2966 ===== 
[e4, c5, Nf3, d6, Bb5+, Nd7, O-O, Nf6] ...
Nf6 Gives us inValid move: more than one valid move, The notation is disambiguous
8 ♖  .  ♗  ♕  ♔  ♗  ♘  ♖  
7 ♙  ♙  .  ♘  ♙  ♙  ♙  ♙  
6 .  .  .  ♙  .  .  .  .  
5 .  ♝  ♙  .  .  .  .  .  
4 .  .  .  .  ♟  .  .  .  
3 .  .  .  .  .  ♞  .  .  
2 ♟  ♟  ♟  ♟  .  ♟  ♟  ♟  
1 ♜  ♞  ♝  ♛  .  ♜  ♚  .  
  a  b  c  d  e  f  g  h

===== 2997 ===== 
[d4, Nf6, c4, g6, Nc3, Bg7, e4, d6, Nge2, Nbd7, Ng3, e5, d5, a5, Be2, Nc5, Be3, h5, Qc2, Ng4, Bxc5, dxc5, h3, Nf6, O-O-O, Bh6+, Kb1, O-O, h4, Ne8, Bd3, Nd6, f3, Bd7, Nge2, a4, g3, a3, b3, Qe7, Rdf1, Ne8, Nd1, Nf6, Nec3, c6, Rhg1, cxd5, exd5, Kh8, Re1, Rae8, Nf2, Qd8, g4, e4, Ncxe4, Nxe4, Nxe4, hxg4, fxg4, Bg7, g5, Bf5, Nxc5, Qb6, Qf2, Qb4, Rc1, Qxc5, Qxc5, Bxd3+, Rc2, Re2, Rc1] ...
Rc1 Gives us inValid move: more than one valid move, The notation is disambiguous
8 .  .  .  .  .  ♖  .  ♔  
7 .  ♙  .  .  .  ♙  ♗  .  
6 .  .  .  .  .  .  ♙  .  
5 .  .  ♛  ♟  .  .  ♟  .  
4 .  .  ♟  .  .  .  .  ♟  
3 ♙  ♟  .  ♗  .  .  .  .  
2 ♟  .  ♜  .  ♖  .  .  .  
1 .  ♚  .  .  .  .  ♜  .  
  a  b  c  d  e  f  g  h

===== 3023 ===== 
[e4, c5, Nf3, Nc6, d4, cxd4, Nxd4, Nf6, Nc3, e5, Ndb5, d6, Bg5, a6, Na3, b5, Nd5, Be7, Bxf6, Bxf6, c3, Bg5, Nc2, Rb8, Be2, O-O, O-O, a5, Na3, Na7, Qd3, Kh8, Rfd1, Be6, Ne3, b4, Nac4, Nb5, cxb4, axb4, Nxd6, Nxd6, Qxd6, Bxe3, Qxd8, Rfxd8, fxe3, Rdc8, Rd2, g6, Kf2, Kg7, Bd1, Ra8, a4, bxa3] ...
bxa3 Gives us inValid move: No such move for piece found: []
8 ♖  .  ♖  .  .  .  .  .  
7 .  .  .  .  .  ♙  ♔  ♙  
6 .  .  .  .  ♗  .  ♙  .  
5 .  .  .  .  ♙  .  .  .  
4 ♟  ♙  .  .  ♟  .  .  .  
3 .  .  .  .  ♟  .  .  .  
2 .  ♟  .  ♜  .  ♚  ♟  ♟  
1 ♜  .  .  ♝  .  .  .  .  
  a  b  c  d  e  f  g  h

===== 3024 ===== 
[e4, e5, Nf3, Nc6, Bc4, Nf6, d3, Bc5, O-O, d6, c3, a6, a4, Ba7, Re1, O-O, h3, h6, Nbd2, Re8, Qb3, Qe7, a5, b5, axb6] ...
axb6 Gives us inValid move: No such move for piece found: []
8 ♖  .  ♗  .  ♖  .  ♔  .  
7 ♗  .  ♙  .  ♕  ♙  ♙  .  
6 ♙  .  ♘  ♙  .  ♘  .  ♙  
5 ♟  ♙  .  .  ♙  .  .  .  
4 .  .  ♝  .  ♟  .  .  .  
3 .  ♛  ♟  ♟  .  ♞  .  ♟  
2 .  ♟  .  ♞  .  ♟  ♟  .  
1 ♜  .  ♝  .  ♜  .  ♚  .  
  a  b  c  d  e  f  g  h

===== 3041 ===== 
[e4, e5, Nf3, Nc6, Bb5, Nf6, O-O, Nxe4, d4, Nd6, dxe5, Nxb5, a4, Nbd4, Nxd4, d5, exd6] ...
exd6 Gives us inValid move: No such move for piece found: []
8 ♖  .  ♗  ♕  ♔  ♗  .  ♖  
7 ♙  ♙  ♙  .  .  ♙  ♙  ♙  
6 .  .  ♘  .  .  .  .  .  
5 .  .  .  ♙  ♟  .  .  .  
4 ♟  .  .  ♞  .  .  .  .  
3 .  .  .  .  .  .  .  .  
2 .  ♟  ♟  .  .  ♟  ♟  ♟  
1 ♜  ♞  ♝  ♛  .  ♜  ♚  .  
  a  b  c  d  e  f  g  h

===== 3061 ===== 
[d4, Nf6, c4, e6, Nc3, Bb4, e3, O-O, Ne2] ...
Ne2 Gives us inValid move: more than one valid move, The notation is disambiguous
8 ♖  ♘  ♗  ♕  .  ♖  ♔  .  
7 ♙  ♙  ♙  ♙  .  ♙  ♙  ♙  
6 .  .  .  .  ♙  ♘  .  .  
5 .  .  .  .  .  .  .  .  
4 .  ♗  ♟  ♟  .  .  .  .  
3 .  .  ♞  .  ♟  .  .  .  
2 ♟  ♟  .  .  .  ♟  ♟  ♟  
1 ♜  .  ♝  ♛  ♚  ♝  ♞  ♜  
  a  b  c  d  e  f  g  h

===== 3091 ===== 
[e4, c6, d4, d5, e5, Bf5, Nc3, e6, g4, Bg6, Nge2, c5, h4, h5, Nf4, Bh7, Nxh5, Nc6, dxc5, Bxc5, Bg5, Qc7, f4, d4, Nb5, Qa5+, Qd2, Nb4, Na3, Bxc2, Nc4, Qa4, Kf2, d3+, Kg3, Rxh5, gxh5, Ne7, Bxe7, Bxe7, Bg2, O-O-O, Ne3, Kb8, Rhc1, Bc5, Re1, Qb5, Be4, f5, exf6] ...
exf6 Gives us inValid move: No such move for piece found: []
8 .  ♔  .  ♖  .  .  .  .  
7 ♙  ♙  .  .  .  .  ♙  .  
6 .  .  .  .  ♙  .  .  .  
5 .  ♕  ♗  .  ♟  ♙  .  ♟  
4 .  ♘  .  .  ♝  ♟  .  ♟  
3 .  .  .  ♙  ♞  .  ♚  .  
2 ♟  ♟  ♗  ♛  .  .  .  .  
1 ♜  .  .  .  ♜  .  .  .  
  a  b  c  d  e  f  g  h

===== 3098 ===== 
[e4, e5, Nf3, Nc6, c3, d5, Qa4, Nf6, Bb5, Bd7, exd5, Nxd5, O-O, Bd6, Qb3, Nb6, d4, O-O, Bg5, Qe8, Qd1, e4, Re1, f5, d5, Qh5, dxc6, bxc6, Ne5, Qxd1, Rxd1, cxb5, Nxd7, Nxd7, a4, bxa4, Rxa4, Nc5, Rc4, Nd3, Bc1, Rfb8, f3, Rxb2, Bxb2, Nxb2, Rxd6, cxd6, Rd4, d5, Rxd5, Nc4, Rd4, Rb8, Rxc4, Rxb1+, Kf2, Rb2+, Kg3, e3, f4, Ra2, Rc5, g6, Re5, e2, c4, Kf7, c5, Rc2, Kf3, a5, g3, a4, Kf2, a3, c6, a2, Ra5, e1=Q+, Kxe1] ...
Kxe1 Gives us inValid move: Pawn can move diagonally only when capturing
8 .  .  .  .  .  .  .  .  
7 .  .  .  .  .  ♔  .  ♙  
6 .  .  ♟  .  .  .  ♙  .  
5 ♜  .  .  .  .  ♙  .  .  
4 .  .  .  .  .  ♟  .  .  
3 .  .  .  .  .  .  ♟  .  
2 ♙  .  ♖  .  ♙  ♚  .  ♟  
1 .  .  .  .  .  .  .  .  
  a  b  c  d  e  f  g  h

===== 3101 ===== 
[d4, Nf6, Nf3, e6, c4, Bb4+, Nbd2, O-O, a3, Be7, e4, d6, Be2, Nfd7, b4, e5, d5, a5, Bb2, axb4, axb4, Rxa1, Qxa1, c5, dxc6] ...
dxc6 Gives us inValid move: No such move for piece found: []
8 .  ♘  ♗  ♕  .  ♖  ♔  .  
7 .  ♙  .  ♘  ♗  ♙  ♙  ♙  
6 .  .  .  ♙  .  .  .  .  
5 .  .  ♙  ♟  ♙  .  .  .  
4 .  ♟  ♟  .  ♟  .  .  .  
3 .  .  .  .  .  ♞  .  .  
2 .  ♝  .  ♞  ♝  ♟  ♟  ♟  
1 ♛  .  .  .  ♚  .  .  ♜  
  a  b  c  d  e  f  g  h

===== 3124 ===== 
[d4, d5, c4, c6, Nf3, Nf6, Nc3, a6, a4, e6, a5, c5, Be3, dxc4, Ne5, Nd5, dxc5, Nxe3, Qxd8+, Kxd8, fxe3, Ke8, g3, Nd7, Nxc4, Bxc5, Bg2, Rb8, Kf2, b5, axb6] ...
axb6 Gives us inValid move: No such move for piece found: []
8 .  ♖  ♗  .  ♔  .  .  ♖  
7 .  .  .  ♘  .  ♙  ♙  ♙  
6 ♙  .  .  .  ♙  .  .  .  
5 ♟  ♙  ♗  .  .  .  .  .  
4 .  .  ♞  .  .  .  .  .  
3 .  .  ♞  .  ♟  .  ♟  .  
2 .  ♟  .  .  ♟  ♚  ♝  ♟  
1 ♜  .  .  .  .  .  .  ♜  
  a  b  c  d  e  f  g  h

===== 3165 ===== 
[Nf3, Nf6, c4, c5, Nc3, d5, cxd5, Nxd5, e3, e6, Bc4, Be7, O-O, O-O, Qe2, Nc6, Rd1, b6, d4, Nxc3, bxc3, Qc7, e4, Rd8, Be3, Na5, Bd3, Bb7, h4, b5, Bxb5, Bxe4, dxc5, Bxf3, Qxf3, Bxc5, Bf4, Qb7, Qe2, Qe7, h5, Bd6, Bxd6, Rxd6, Rxd6, Qxd6, Rd1, Qc5, Rd7, Qxc3, Qd1, h6, g3, Rf8, Rxa7, Nc6, Rd7, Ne5, Rd8, Qc7, Rxf8+, Kxf8, a4, Ke7, Be2, Qc3, Qb1, Nc6, Qb7+, Kf6, Bf1, Na5, Qd7, g5, hxg6] ...
hxg6 Gives us inValid move: No such move for piece found: []
8 .  .  .  .  .  .  .  .  
7 .  .  .  ♛  .  ♙  .  .  
6 .  .  .  .  ♙  ♔  .  ♙  
5 ♘  .  .  .  .  .  ♙  ♟  
4 ♟  .  .  .  .  .  .  .  
3 .  .  ♕  .  .  .  ♟  .  
2 .  .  .  .  .  ♟  .  .  
1 .  .  .  .  .  ♝  ♚  .  
  a  b  c  d  e  f  g  h

===== 3199 ===== 
[e4, d5, exd5, Qxd5, Nc3, Qa5, Bc4, Nf6, d3, c6, Ne2] ...
Ne2 Gives us inValid move: more than one valid move, The notation is disambiguous
8 ♖  ♘  ♗  .  ♔  ♗  .  ♖  
7 ♙  ♙  .  .  ♙  ♙  ♙  ♙  
6 .  .  ♙  .  .  ♘  .  .  
5 ♕  .  .  .  .  .  .  .  
4 .  .  ♝  .  .  .  .  .  
3 .  .  ♞  ♟  .  .  .  .  
2 ♟  ♟  ♟  .  .  ♟  ♟  ♟  
1 ♜  .  ♝  ♛  ♚  .  ♞  ♜  
  a  b  c  d  e  f  g  h

===== 3221 ===== 
[e4, c5, Nf3, d6, d4, cxd4, Nxd4, Nf6, Nc3, a6, Be2, e5, Nb3, Be7, Be3, Be6, Nd5, Nbd7, Qd3, O-O, O-O, Bxd5, exd5, Rc8, c4, Ne8, Rac1, g6, Rfd1, Ng7, Bh6, Re8, Qh3, f5, Bf1, Bf6, Rc2, a5, Nd2, e4, Bf4, Nc5, Nb3, b6, Nd4, Nd3, Bxd3, Bxd4, Be2, Qf6, Qg3, Be5, Bg5, Qf7, f4, exf3] ...
exf3 Gives us inValid move: No such move for piece found: []
8 .  .  ♖  .  ♖  .  ♔  .  
7 .  .  .  .  .  ♕  ♘  ♙  
6 .  ♙  .  ♙  .  .  ♙  .  
5 ♙  .  .  ♟  ♗  ♙  ♝  .  
4 .  .  ♟  .  ♙  ♟  .  .  
3 .  .  .  .  .  .  ♛  .  
2 ♟  ♟  ♜  .  ♝  .  ♟  ♟  
1 .  .  .  ♜  .  .  ♚  .  
  a  b  c  d  e  f  g  h

===== 3233 ===== 
[e4, c5, Nf3, g6, c4, Nc6, d4, cxd4, Nxd4, Nf6, Nc3, Nxd4, Qxd4, d6, f3, Bg7, Be3, O-O, Qd2, Be6, Rc1, Qa5, b3, Rfc8, Bd3, a6, Nd5, Qxd2+, Kxd2, Nxd5, exd5, Bd7, a4, Bb2, Rb1, Ba3, h4, b5, h5, Bb4+, Ke2, Bc3, hxg6, hxg6, cxb5, axb5, Rbc1, b4, Rh4, Ra5, Bd4, Bxd4, Rxc8+, Bxc8, Rxd4, Bb7, Bb5, Ra8, Kd3, Rc8, Rc4, Rb8, Kd4, e5+, dxe6] ...
dxe6 Gives us inValid move: No such move for piece found: []
8 .  ♖  .  .  .  .  ♔  .  
7 .  ♗  .  .  .  ♙  .  .  
6 .  .  .  ♙  .  .  ♙  .  
5 .  ♝  .  ♟  ♙  .  .  .  
4 ♟  ♙  ♜  ♚  .  .  .  .  
3 .  ♟  .  .  .  ♟  .  .  
2 .  .  .  .  .  .  ♟  .  
1 .  .  .  .  .  .  .  .  
  a  b  c  d  e  f  g  h

===== 3239 ===== 
[d4, Nf6, Nf3, e6, g3, b5, Bg2, Bb7, O-O, d5, a4, b4, c4, bxc3] ...
bxc3 Gives us inValid move: No such move for piece found: []
8 ♖  ♘  .  ♕  ♔  ♗  .  ♖  
7 ♙  ♗  ♙  .  .  ♙  ♙  ♙  
6 .  .  .  .  ♙  ♘  .  .  
5 .  .  .  ♙  .  .  .  .  
4 ♟  ♙  ♟  ♟  .  .  .  .  
3 .  .  .  .  .  ♞  ♟  .  
2 .  ♟  .  .  ♟  ♟  ♝  ♟  
1 ♜  ♞  ♝  ♛  .  ♜  ♚  .  
  a  b  c  d  e  f  g  h

===== 3246 ===== 
[e4, e5, Nf3, Nc6, Bb5, Nf6, O-O, Nxe4, d4, Nd6, Bxc6, dxc6, dxe5, Nf5, Qxd8+, Kxd8, Nc3, Ke8, h3, h5, Bf4, Be7, Rad1, Be6, Ng5, Rh6, Rfe1, Bb4, a3, Bxc3, bxc3, h4, Kh2, Kf8, Rb1, b6, Rb4, Re8, Ra4, a5, Bd2, c5, Rf4, Rh5, Rf3, Kg8, Bc1, Ne7, g4, hxg3+] ...
hxg3+ Gives us inValid move: No such move for piece found: []
8 .  .  .  .  ♖  .  ♔  .  
7 .  .  ♙  .  ♘  ♙  ♙  .  
6 .  ♙  .  .  ♗  .  .  .  
5 ♙  .  ♙  .  ♟  .  ♞  ♖  
4 .  .  .  .  .  .  ♟  ♙  
3 ♟  .  ♟  .  .  ♜  .  ♟  
2 .  .  ♟  .  .  ♟  .  ♚  
1 .  .  ♝  .  ♜  .  .  .  
  a  b  c  d  e  f  g  h

===== 3249 ===== 
[e4, e5, Nf3, Nc6, Bb5, Nf6, O-O, Nxe4, d4, Nd6, Bxc6, dxc6, dxe5, Nf5, Qxd8+, Kxd8, h3, Ke8, Nc3, h5, Bf4, Be7, Rad1, Be6, Ng5, Rh6, Rfe1, Bb4, a3, Bxc3, bxc3, h4, g4, hxg3] ...
hxg3 Gives us inValid move: No such move for piece found: []
8 ♖  .  .  .  ♔  .  .  .  
7 ♙  ♙  ♙  .  .  ♙  ♙  .  
6 .  .  ♙  .  ♗  .  .  ♖  
5 .  .  .  .  ♟  ♘  ♞  .  
4 .  .  .  .  .  ♝  ♟  ♙  
3 ♟  .  ♟  .  .  .  .  ♟  
2 .  .  ♟  .  .  ♟  .  .  
1 .  .  .  ♜  ♜  .  ♚  .  
  a  b  c  d  e  f  g  h

===== 3250 ===== 
[c4, e5, g3, c6, Nf3, e4, Nd4, d5, cxd5, Qxd5, Nc2, Nf6, Nc3, Qe5, Bg2, Na6, O-O, Be7, Ne3, h5, d4, exd3] ...
exd3 Gives us inValid move: No such move for piece found: []
8 ♖  .  ♗  .  ♔  .  .  ♖  
7 ♙  ♙  .  .  ♗  ♙  ♙  .  
6 ♘  .  ♙  .  .  ♘  .  .  
5 .  .  .  .  ♕  .  .  ♙  
4 .  .  .  ♟  ♙  .  .  .  
3 .  .  ♞  .  ♞  .  ♟  .  
2 ♟  ♟  .  .  ♟  ♟  ♝  ♟  
1 ♜  .  ♝  ♛  .  ♜  ♚  .  
  a  b  c  d  e  f  g  h

===== 3254 ===== 
[Nf3, Nf6, g3, g6, c4, Bg7, Nc3, O-O, Bg2, d6, d4, Nc6, Bf4, a6, O-O, Rb8, Rc1, Bd7, d5, Na5, Nd2, c5, dxc6] ...
dxc6 Gives us inValid move: No such move for piece found: []
8 .  ♖  .  ♕  .  ♖  ♔  .  
7 .  ♙  .  ♗  ♙  ♙  ♗  ♙  
6 ♙  .  .  ♙  .  ♘  ♙  .  
5 ♘  .  ♙  ♟  .  .  .  .  
4 .  .  ♟  .  .  ♝  .  .  
3 .  .  ♞  .  .  .  ♟  .  
2 ♟  ♟  .  ♞  ♟  ♟  ♝  ♟  
1 .  .  ♜  ♛  .  ♜  ♚  .  
  a  b  c  d  e  f  g  h

===== 3263 ===== 
[e4, c5, Nc3, d6, Nge2, Nf6, h3, Nc6, d4, cxd4, Nxd4, Bd7, Be3, g6, Qd2, Bg7, O-O-O, O-O, g4, Rc8, g5, Nh5, Be2, Nf4, Bf1, Ne6, Nb3, Ne5, Nd5, b5, Qa5, Qe8, Nd4, Nc5, f3, Bc6, Nxc6, Nxc6, Qxb5, a6, Qb6, Na4, Qxa6, Bxb2+, Kd2, Nc3, Bb5, Nxb5, Qxb5, Bg7, Rb1, Qd8, Bb6, Qd7, a4, Qe6, a5, Ne5, Qe2, Qd7, Ke1, Rfe8, Kf2, Nc4, Kg2, Qc6, Rb2, Nxb2, Rb1, Qxc2, Qxc2, Rxc2+, Kg3, Nc4, Bg1, Ra2, Rb7, Kf8, Nc7, Rc8, a6, Ra3, a7, Be5+, Kg4, Kg7, Rb8, Rxc7, a8=Q, Rxa8, Rxa8, h5+, gxh6+] ...
gxh6+ Gives us inValid move: No such move for piece found: []
8 ♜  .  .  .  .  .  .  .  
7 .  .  ♖  .  ♙  ♙  ♔  .  
6 .  .  .  ♙  .  .  ♙  .  
5 .  .  .  .  ♗  .  ♟  ♙  
4 .  .  ♘  .  ♟  .  ♚  .  
3 .  .  .  .  .  ♟  .  ♟  
2 .  .  .  .  .  .  .  .  
1 .  .  .  .  .  .  ♝  .  
  a  b  c  d  e  f  g  h

===== 3266 ===== 
[Nf3, d5, g3, Bg4, Bg2, Nd7, d4, e6, O-O, c6, c4, Bxf3, Bxf3, f5, Qb3, Qb6, Bf4, Ngf6, Nc3, Be7, c5, Qa6, Qc2, b6, b4, bxc5, bxc5, h6, h4, Kf7, h5, g5, hxg6+] ...
hxg6+ Gives us inValid move: No such move for piece found: []
8 ♖  .  .  .  .  .  .  ♖  
7 ♙  .  .  ♘  ♗  ♔  .  .  
6 ♕  .  ♙  .  ♙  ♘  .  ♙  
5 .  .  ♟  ♙  .  ♙  ♙  ♟  
4 .  .  .  ♟  .  ♝  .  .  
3 .  .  ♞  .  .  ♝  ♟  .  
2 ♟  .  ♛  .  ♟  ♟  .  .  
1 ♜  .  .  .  .  ♜  ♚  .  
  a  b  c  d  e  f  g  h

===== 3279 ===== 
[e4, c5, Nf3, Nc6, Bb5, g6, Bxc6, dxc6, d3, Bg7, h3, h6, a3, Qc7, Nc3, Nf6, Be3, b6, Qd2, e5, b4, Nd7, bxc5, f5, exf5, gxf5, O-O, f4, Bxf4, exf4, Rfe1+, Kf7, d4, Rd8, Qd3, Nxc5, Qe2, Ba6, Qd2, Ne6, Re4, Re8, Rae1, Ng5, Ne5+, Kg8, Rxf4, Rf8, h4, Rxf4, Qxf4, Nf7, Qg3, Nxe5, dxe5, Rf8, f4, Bc8, Ne4, Bf5, Nd6, Qd7, c4, Qe6, Qf3, c5, Qd5, Kh8, g3, Bg4, Qxe6, Bxe6, Kf2, h5, Kf3, Kh7, Ke4, Kg6, Rf1, Bh3, f5+, Kh7, Rf2, Bh6, e6, Rg8, e7, Rxg3, Re2, Bg2+, Ke5, Bg7+, f6, Bxf6+, Kxf6, Rg6+, Ke5, Bc6, e8=Q, Bxe8] ...
Bxe8 Gives us inValid move: Pawn can move diagonally only when capturing
8 .  .  .  .  .  .  .  .  
7 ♙  .  .  .  ♟  .  .  ♔  
6 .  ♙  ♗  ♞  .  .  ♖  .  
5 .  .  ♙  .  ♚  .  .  ♙  
4 .  .  ♟  .  .  .  .  ♟  
3 ♟  .  .  .  .  .  .  .  
2 .  .  .  .  ♜  .  .  .  
1 .  .  .  .  .  .  .  .  
  a  b  c  d  e  f  g  h

===== 3278 ===== 
[d4, Nf6, Nf3, d5, Bf4, c5, e3, Nc6, Nbd2, e6, c3, Bd6, Bg3, Qe7, Ne5, Nd7, Bb5, Bxe5, dxe5, O-O, Nf3, Nb6, Bd3, h6, O-O, Bd7, Bc2, f5, exf6] ...
exf6 Gives us inValid move: No such move for piece found: [White pawn can only capture up diagonally]
8 ♖  .  .  .  .  ♖  ♔  .  
7 ♙  ♙  .  ♗  ♕  .  ♙  .  
6 .  ♘  ♘  .  ♙  .  .  ♙  
5 .  .  ♙  ♙  ♟  ♙  .  .  
4 .  .  .  .  .  .  .  .  
3 .  .  ♟  .  ♟  ♞  ♝  .  
2 ♟  ♟  ♝  .  .  ♟  ♟  ♟  
1 ♜  .  .  ♛  .  ♜  ♚  .  
  a  b  c  d  e  f  g  h

===== 3287 ===== 
[c4, e5, Nc3, Nf6, Nf3, Nc6, g3, d5, cxd5, Nxd5, Bg2, Bc5, O-O, O-O, d3, Nb6, a3, a5, Bd2, a4, Ne4, Be7, Rc1, f6, b4, axb3] ...
axb3 Gives us inValid move: No such move for piece found: []
8 ♖  .  ♗  ♕  .  ♖  ♔  .  
7 .  ♙  ♙  .  ♗  .  ♙  ♙  
6 .  ♘  ♘  .  .  ♙  .  .  
5 .  .  .  .  ♙  .  .  .  
4 ♙  ♟  .  .  ♞  .  .  .  
3 ♟  .  .  ♟  .  ♞  ♟  .  
2 .  .  .  ♝  ♟  ♟  ♝  ♟  
1 .  .  ♜  ♛  .  ♜  ♚  .  
  a  b  c  d  e  f  g  h

===== 3290 ===== 
[Nf3, Nf6, c4, g6, Nc3, Bg7, e4, d6, d4, O-O, h3, e5, d5, a5, g4, Na6, Be3, Nc5, Nd2, c6, Be2, a4, Qc2, Qa5, a3, Bd7, Kf1, cxd5, cxd5, b5, Kg2, Rac8, f3, Ne8, Rhc1, f5, b4, axb3] ...
axb3 Gives us inValid move: No such move for piece found: []
8 .  .  ♖  .  ♘  ♖  ♔  .  
7 .  .  .  ♗  .  .  ♗  ♙  
6 .  .  .  ♙  .  .  ♙  .  
5 ♕  ♙  ♘  ♟  ♙  ♙  .  .  
4 ♙  ♟  .  .  ♟  .  ♟  .  
3 ♟  .  ♞  .  ♝  ♟  .  ♟  
2 .  .  ♛  ♞  ♝  .  ♚  .  
1 ♜  .  ♜  .  .  .  .  .  
  a  b  c  d  e  f  g  h

===== 3300 ===== 
[Nf3, g6, e4, c5, c3, Nf6, e5, Nd5, d4, cxd4, Qb3, Nb6, a4, d5, cxd4, Nc6, h3, Bg7, Nc3, O-O, Be2, Bf5, O-O, Rc8, g4, Be4, Be3, Na5, Qd1, Nbc4, Bc1, Qb6, Ra2, Bxf3, Bxf3, e6, Ne2, f6, exf6, Bxf6, Bg2, Nb3, Be3, Nxe3, fxe3, Bg5, Rxf8+, Rxf8, Qd3, Qb4, Kh2, Rf2, Ra3, Nc1, Qc3, Qd6+, Nf4, Bxf4+, exf4, Qxf4+, Qg3, Qxd4, Re3, Rf6, g5, Rf8, Rxe6, Nd3, Qe3, Qf4+, Qxf4, Nxf4, Rd6, Rf5, h4, Kf8, Rd7, Rf7, Rd8+, Ke7, Ra8, a6, Kg3, Kd6, Bf3, Ne6, Bg4, Nc5, Bf3, Nxa4, Rd8+, Kc7, Rxd5, Nxb2, Rc5+, Kb6, Rc3, Na4, Re3, Ka7, h5, b5, hxg6, hxg6, Re6, Rg7, Be4, Nc5, Re5, Nxe4+, Rxe4, Kb6, Kf4, Ka5, Re6, Rf7+, Ke5, Rc7, Rxg6, b4, Kf4, Rb7, Rd6, Rb5, Rd1, b3, Rb1, b2, g6, Rb4+, Kg5, Rb3, Kh6, Ka4, g7, Rb5, Kg6, Rb6+, Kh7, Rb8, g8=Q, Rb7+, Qg7] ...
Qg7 Gives us inValid move: Pawn can move diagonally only when capturing
8 .  .  .  .  .  .  .  .  
7 .  ♖  .  .  .  .  ♟  ♚  
6 ♙  .  .  .  .  .  .  .  
5 .  .  .  .  .  .  .  .  
4 ♔  .  .  .  .  .  .  .  
3 .  .  .  .  .  .  .  .  
2 .  ♙  .  .  .  .  .  .  
1 .  ♜  .  .  .  .  .  .  
  a  b  c  d  e  f  g  h

===== 3310 ===== 
[Nf3, d5, g3, Nc6, d4, Bg4, Bg2, e6, O-O, Bd6, Nbd2, Nf6, c4, O-O, b3, Nb8, h3, Bh5, g4, Bg6, Nh4, c6, Nxg6, hxg6, e3, Nbd7, g5, Nh5, Qg4, f5, gxf6] ...
gxf6 Gives us inValid move: No such move for piece found: []
8 ♖  .  .  ♕  .  ♖  ♔  .  
7 ♙  ♙  .  ♘  .  .  ♙  .  
6 .  .  ♙  ♗  ♙  .  ♙  .  
5 .  .  .  ♙  .  ♙  ♟  ♘  
4 .  .  ♟  ♟  .  .  ♛  .  
3 .  ♟  .  .  ♟  .  .  ♟  
2 ♟  .  .  ♞  .  ♟  ♝  .  
1 ♜  .  ♝  .  .  ♜  ♚  .  
  a  b  c  d  e  f  g  h

===== 3311 ===== 
[d4, Nf6, c4, e6, g3, d5, Nf3, dxc4, Bg2, Nc6, Qa4, Bb4+, Bd2, Nd5, Bxb4, Nxb4] ...
Nxb4 Gives us inValid move: more than one valid move, The notation is disambiguous
8 ♖  .  ♗  ♕  ♔  .  .  ♖  
7 ♙  ♙  ♙  .  .  ♙  ♙  ♙  
6 .  .  ♘  .  ♙  .  .  .  
5 .  .  .  ♘  .  .  .  .  
4 ♛  ♝  ♙  ♟  .  .  .  .  
3 .  .  .  .  .  ♞  ♟  .  
2 ♟  ♟  .  .  ♟  ♟  ♝  ♟  
1 ♜  ♞  .  .  ♚  .  .  ♜  
  a  b  c  d  e  f  g  h

===== 3316 ===== 
[e4, c5, Nf3, d6, Bb5+, Nd7, c3, Nf6] ...
Nf6 Gives us inValid move: more than one valid move, The notation is disambiguous
8 ♖  .  ♗  ♕  ♔  ♗  ♘  ♖  
7 ♙  ♙  .  ♘  ♙  ♙  ♙  ♙  
6 .  .  .  ♙  .  .  .  .  
5 .  ♝  ♙  .  .  .  .  .  
4 .  .  .  .  ♟  .  .  .  
3 .  .  ♟  .  .  ♞  .  .  
2 ♟  ♟  .  ♟  .  ♟  ♟  ♟  
1 ♜  ♞  ♝  ♛  ♚  .  .  ♜  
  a  b  c  d  e  f  g  h

===== 3321 ===== 
[e4, e5, Nf3, Nc6, Bb5, Nf6, d3, Bc5, Bxc6, dxc6, Nc3, O-O, Be3, Bd6, Bg5, Qe7, h3, Re8, g4, Qe6, Nh4, Nd7, Nf5, Nc5, h4, Bf8, h5, f6, Be3, Qf7, f4, exf4, Bxf4, b5, Qf3, Ne6, Be3, Bb7, O-O-O, b4, Na4, c5, h6, g6, Ng7, Bxg7, hxg7, c4, Nc5, Nxc5, Bxc5, cxd3, cxd3, a5, Bf8, Rxf8, gxf8=Q+, Rxf8] ...
Rxf8 Gives us inValid move: White pawn can only capture up diagonally
8 ♖  .  .  .  .  ♖  ♔  .  
7 .  ♗  ♙  .  .  ♕  ♟  ♙  
6 .  .  .  .  .  ♙  ♙  .  
5 ♙  .  .  .  .  .  .  .  
4 .  ♙  .  .  ♟  .  ♟  .  
3 .  .  .  ♟  .  ♛  .  .  
2 ♟  ♟  .  .  .  .  .  .  
1 .  .  ♚  ♜  .  .  .  ♜  
  a  b  c  d  e  f  g  h

===== 3330 ===== 
[e4, e5, Nf3, d6, d4, exd4, Nxd4, Nf6, Nc3, Be7, Bd3, O-O, O-O, Re8, h3, Nbd7, a4, a5, f4, Nc5, Qf3, Bf8, Re1, d5, e5, Nfe4, Be3, Nxc3, bxc3, Bd7, c4, Nxd3, cxd3, Bb4, Red1, dxc4, dxc4, Bc3, Ra3, Bxd4, Bxd4, Qe7, c5, Bc6, Qf2, Rad8, Rd2, f5, exf6] ...
exf6 Gives us inValid move: No such move for piece found: []
8 .  .  .  ♖  ♖  .  ♔  .  
7 .  ♙  ♙  .  ♕  .  ♙  ♙  
6 .  .  ♗  .  .  .  .  .  
5 ♙  .  ♟  .  ♟  ♙  .  .  
4 ♟  .  .  ♝  .  ♟  .  .  
3 ♜  .  .  .  .  .  .  ♟  
2 .  .  .  ♜  .  ♛  ♟  .  
1 .  .  .  .  .  .  ♚  .  
  a  b  c  d  e  f  g  h

===== 3341 ===== 
[d4, e6, c4, b6, e4, Bb4+, Bd2, Bxd2+, Qxd2, d5, Bd3, Nc6, Nf3, dxe4, Bxe4, Bb7, Nc3, Nf6, Bxc6+, Bxc6, Ne5, Bb7, O-O-O, O-O, h4, Nd7, Qe3, Nxe5, dxe5, Qe7, h5, h6, Rd4, Rad8, Rg4, Kh8, Rh3, f5, exf6] ...
exf6 Gives us inValid move: No such move for piece found: []
8 .  .  .  ♖  .  ♖  .  ♔  
7 ♙  ♗  ♙  .  ♕  .  ♙  .  
6 .  ♙  .  .  ♙  .  .  ♙  
5 .  .  .  .  ♟  ♙  .  ♟  
4 .  .  ♟  .  .  .  ♜  .  
3 .  .  ♞  .  ♛  .  .  ♜  
2 ♟  ♟  .  .  .  ♟  ♟  .  
1 .  .  ♚  .  .  .  .  .  
  a  b  c  d  e  f  g  h

===== 3351 ===== 
[d4, Nf6, c4, e6, Nc3, Bb4, e3, O-O, Bd3, c5, Ne2] ...
Ne2 Gives us inValid move: more than one valid move, The notation is disambiguous
8 ♖  ♘  ♗  ♕  .  ♖  ♔  .  
7 ♙  ♙  .  ♙  .  ♙  ♙  ♙  
6 .  .  .  .  ♙  ♘  .  .  
5 .  .  ♙  .  .  .  .  .  
4 .  ♗  ♟  ♟  .  .  .  .  
3 .  .  ♞  ♝  ♟  .  .  .  
2 ♟  ♟  .  .  .  ♟  ♟  ♟  
1 ♜  .  ♝  ♛  ♚  .  ♞  ♜  
  a  b  c  d  e  f  g  h

===== 3358 ===== 
[e4, c5, Nf3, d6, Bb5+, Nd7, O-O, a6, Bd3, Ngf6, c3, b5, Re1, g6, a4, c4, Bc2, Bb7, axb5, axb5, Rxa8, Bxa8, d4, cxd3] ...
cxd3 Gives us inValid move: No such move for piece found: []
8 ♗  .  .  ♕  ♔  ♗  .  ♖  
7 .  .  .  ♘  ♙  ♙  .  ♙  
6 .  .  .  ♙  .  ♘  ♙  .  
5 .  ♙  .  .  .  .  .  .  
4 .  .  ♙  ♟  ♟  .  .  .  
3 .  .  ♟  .  .  ♞  .  .  
2 .  ♟  ♝  .  .  ♟  ♟  ♟  
1 .  ♞  ♝  ♛  ♜  .  ♚  .  
  a  b  c  d  e  f  g  h

===== 3364 ===== 
[Nf3, Nf6, c4, g6, Nc3, Bg7, e4, d6, d4, Bg4, Be3, O-O, Be2, Nfd7, Rc1, c5, d5, Na6, O-O, Nc7, a4, a6, a5, Rb8, Ra1, b5, axb6] ...
axb6 Gives us inValid move: No such move for piece found: []
8 .  ♖  .  ♕  .  ♖  ♔  .  
7 .  .  ♘  ♘  ♙  ♙  ♗  ♙  
6 ♙  .  .  ♙  .  .  ♙  .  
5 ♟  ♙  ♙  ♟  .  .  .  .  
4 .  .  ♟  .  ♟  .  ♗  .  
3 .  .  ♞  .  ♝  ♞  .  .  
2 .  ♟  .  .  ♝  ♟  ♟  ♟  
1 ♜  .  .  ♛  .  ♜  ♚  .  
  a  b  c  d  e  f  g  h

===== 3386 ===== 
[c4, e5, d3, Bb4+, Nd2, c5, g3, Nc6, Bg2, Nge7, Nf3] ...
Nf3 Gives us inValid move: more than one valid move, The notation is disambiguous
8 ♖  .  ♗  ♕  ♔  .  .  ♖  
7 ♙  ♙  .  ♙  ♘  ♙  ♙  ♙  
6 .  .  ♘  .  .  .  .  .  
5 .  .  ♙  .  ♙  .  .  .  
4 .  ♗  ♟  .  .  .  .  .  
3 .  .  .  ♟  .  .  ♟  .  
2 ♟  ♟  .  ♞  ♟  ♟  ♝  ♟  
1 ♜  .  ♝  ♛  ♚  .  ♞  ♜  
  a  b  c  d  e  f  g  h

===== 3390 ===== 
[c4, e5, d3, Bb4+, Nd2, c5, g3, Nc6, Bg2, Nge7, Nf3] ...
Nf3 Gives us inValid move: more than one valid move, The notation is disambiguous
8 ♖  .  ♗  ♕  ♔  .  .  ♖  
7 ♙  ♙  .  ♙  ♘  ♙  ♙  ♙  
6 .  .  ♘  .  .  .  .  .  
5 .  .  ♙  .  ♙  .  .  .  
4 .  ♗  ♟  .  .  .  .  .  
3 .  .  .  ♟  .  .  ♟  .  
2 ♟  ♟  .  ♞  ♟  ♟  ♝  ♟  
1 ♜  .  ♝  ♛  ♚  .  ♞  ♜  
  a  b  c  d  e  f  g  h

===== 3399 ===== 
[d4, Nf6, c4, e6, Nc3, Bb4, f3, c5, d5, O-O, e4, d6, Ne2] ...
Ne2 Gives us inValid move: more than one valid move, The notation is disambiguous
8 ♖  ♘  ♗  ♕  .  ♖  ♔  .  
7 ♙  ♙  .  .  .  ♙  ♙  ♙  
6 .  .  .  ♙  ♙  ♘  .  .  
5 .  .  ♙  ♟  .  .  .  .  
4 .  ♗  ♟  .  ♟  .  .  .  
3 .  .  ♞  .  .  ♟  .  .  
2 ♟  ♟  .  .  .  .  ♟  ♟  
1 ♜  .  ♝  ♛  ♚  ♝  ♞  ♜  
  a  b  c  d  e  f  g  h

===== 3407 ===== 
[Nf3, d5, d3, Nf6, g3, Bg4, Nbd2, Nbd7, h3, Bh5, g4, Bg6, Nh4, e5, e3, Bd6, Bg2, c6, Qe2, O-O, O-O, a5, c4, Nc5, Nxg6, hxg6, g5, Nh5, cxd5, Qxg5, dxc6, bxc6, Qg4, Qe7, Qc4, Rad8, Nb3, Nxb3, Qxb3, Bc7, Rd1, Nf6, Bd2, e4, Be1, Qe5, Kf1, exd3, Rxd3, a4, Qc3, Qb5, Rd1] ...
Rd1 Gives us inValid move: more than one valid move, The notation is disambiguous
8 .  .  .  ♖  .  ♖  ♔  .  
7 .  .  ♗  .  .  ♙  ♙  .  
6 .  .  ♙  .  .  ♘  ♙  .  
5 .  ♕  .  .  .  .  .  .  
4 ♙  .  .  .  .  .  .  .  
3 .  .  ♛  ♜  ♟  .  .  ♟  
2 ♟  ♟  .  .  .  ♟  ♝  .  
1 ♜  .  .  .  ♝  ♚  .  .  
  a  b  c  d  e  f  g  h

===== 3411 ===== 
[e4, e5, Nf3, Nc6, Bb5, a6, Ba4, Nf6, O-O, b5, Bb3, Bb7, d3, Be7, Nc3, O-O, a3, d6, Ne2, Qd7, Ng3, Rfe8, h3, d5, exd5, Nxd5, Re1, Bf8, Ba2, Rad8, Bg5, f6, Be3, Kh8, Nh4, Qf7, Nhf5, Nce7, Nxe7, Bxe7, Ne4, Qg6, Qg4, Bf8, Qxg6, hxg6, Bc5, Kh7, Bxf8, Rxf8, Nc5, Bc8, a4, Nb4, Bb3, g5, axb5, axb5, Ra7, c6, Rea1, Nd5, Bxd5, Rxd5, b4, Bf5, Rc7, Rc8, Re7, Kh6, Raa7, Rg8, g4, Bg6, Rac7, Rd4, c3, Rd6, Kg2, Bxd3, Nxd3, Rxd3, Rxc6, Rd2, Rcc7, Rc2, Kg3, Rd8, Rxg7, Rxc3+, f3, Rxc7, Rxc7, Rd4, h4, gxh4+, Kxh4, Rxb4, Rc6, Kg6, Rb6, Rf4, Kg3, b4, Kg2, Rc4, Kg3, Kg5, Rb8, Kg6, Rb7, Rd4, Rb6, Rf4, Rb5, Kf7, Rb6, Ke7, Kf2, Kd7, Ke3, Kc7, Rb5, Kc6, Rb8, Kc5, Re8, Kd5, Rd8+, Kc4, Rc8+, Kb3, Re8, Kc3, g5, fxg5, Rxe5, b3, Rxg5, Rc4, Rg1, b2, f4, Rb4, f5, Kc2, Rg2+, Kc1, Rg1+, Kc2, Rg2+, Kb3, Rg1, Ka2, f6, b1=Q, Rxb1] ...
Rxb1 Gives us inValid move: Pawn can move diagonally only when capturing
8 .  .  .  .  .  .  .  .  
7 .  .  .  .  .  .  .  .  
6 .  .  .  .  .  ♟  .  .  
5 .  .  .  .  .  .  .  .  
4 .  ♖  .  .  .  .  .  .  
3 .  .  .  .  ♚  .  .  .  
2 ♔  ♙  .  .  .  .  .  .  
1 .  .  .  .  .  .  ♜  .  
  a  b  c  d  e  f  g  h

===== 3422 ===== 
[e4, e5, Nf3, d6, d4, exd4, Nxd4, Nf6, Nc3, Be7, Bd3, O-O, O-O, Re8, h3, Bf8, f4, Bd7, Qf3, c5, Nde2, Bc6, Nd5, Bxd5, exd5, Na6, c4, Nc7, a4, Na6, g4, Nb4, Bb1, a6, a5, Nd7, g5, g6, h4, b5, axb6] ...
axb6 Gives us inValid move: No such move for piece found: []
8 ♖  .  .  ♕  ♖  ♗  ♔  .  
7 .  .  .  ♘  .  ♙  .  ♙  
6 ♙  .  .  ♙  .  .  ♙  .  
5 ♟  ♙  ♙  ♟  .  .  ♟  .  
4 .  ♘  ♟  .  .  ♟  .  ♟  
3 .  .  .  .  .  ♛  .  .  
2 .  ♟  .  .  ♞  .  .  .  
1 ♜  ♝  ♝  .  .  ♜  ♚  .  
  a  b  c  d  e  f  g  h

===== 3431 ===== 
[d4, Nf6, c4, e6, Nc3, Bb4, f3, c5, d5, O-O, e4, d6, Bd3, b5, Ne2] ...
Ne2 Gives us inValid move: more than one valid move, The notation is disambiguous
8 ♖  ♘  ♗  ♕  .  ♖  ♔  .  
7 ♙  .  .  .  .  ♙  ♙  ♙  
6 .  .  .  ♙  ♙  ♘  .  .  
5 .  ♙  ♙  ♟  .  .  .  .  
4 .  ♗  ♟  .  ♟  .  .  .  
3 .  .  ♞  ♝  .  ♟  .  .  
2 ♟  ♟  .  .  .  .  ♟  ♟  
1 ♜  .  ♝  ♛  ♚  .  ♞  ♜  
  a  b  c  d  e  f  g  h

===== 3439 ===== 
[e4, e5, Nf3, Nc6, Bc4, Bc5, O-O, Nf6, d4, Bxd4, Nxd4, Nxd4, Bg5, h6, Bh4, d6, f4, Bg4, Bxf6, Bxd1, Bxd8, Rxd8, c3, Be2, cxd4, Bxc4, Rc1, Ba6, Rxc7, exd4, Nd2, Rd7, Rac1, Ke7, Kf2, Rd8] ...
Rd8 Gives us inValid move: more than one valid move, The notation is disambiguous
8 .  .  .  .  .  .  .  ♖  
7 ♙  ♙  ♜  ♖  ♔  ♙  ♙  .  
6 ♗  .  .  ♙  .  .  .  ♙  
5 .  .  .  .  .  .  .  .  
4 .  .  .  ♙  ♟  ♟  .  .  
3 .  .  .  .  .  .  .  .  
2 ♟  ♟  .  ♞  .  ♚  ♟  ♟  
1 .  .  ♜  .  .  .  .  .  
  a  b  c  d  e  f  g  h

===== 3443 ===== 
[Nf3, d5, d4, Nf6, c4, dxc4, e3, a6, Bxc4, e6, O-O, c5, dxc5, Bxc5, Qxd8+, Kxd8, Be2, Nbd7, Nc3, b6, Ng5, Ke7, Nge4, Bb7, Nxc5, Nxc5, b3, Rac8, Ba3, a5, Na4, Nd7] ...
Nd7 Gives us inValid move: more than one valid move, The notation is disambiguous
8 .  .  ♖  .  .  .  .  ♖  
7 .  ♗  .  .  ♔  ♙  ♙  ♙  
6 .  ♙  .  .  ♙  ♘  .  .  
5 ♙  .  ♘  .  .  .  .  .  
4 ♞  .  .  .  .  .  .  .  
3 ♝  ♟  .  .  ♟  .  .  .  
2 ♟  .  .  .  ♝  ♟  ♟  ♟  
1 ♜  .  .  .  .  ♜  ♚  .  
  a  b  c  d  e  f  g  h

===== 3461 ===== 
[d4, Nf6, c4, g6, g3, Bg7, Bg2, O-O, Nc3, d6, Nf3, a6, O-O, Nc6, d5, Na5, b3, c5, dxc6] ...
dxc6 Gives us inValid move: No such move for piece found: []
8 ♖  .  ♗  ♕  .  ♖  ♔  .  
7 .  ♙  .  .  ♙  ♙  ♗  ♙  
6 ♙  .  .  ♙  .  ♘  ♙  .  
5 ♘  .  ♙  ♟  .  .  .  .  
4 .  .  ♟  .  .  .  .  .  
3 .  ♟  ♞  .  .  ♞  ♟  .  
2 ♟  .  .  .  ♟  ♟  ♝  ♟  
1 ♜  .  ♝  ♛  .  ♜  ♚  .  
  a  b  c  d  e  f  g  h

===== 3463 ===== 
[d4, Nf6, c4, e6, Nc3, Bb4, e3, O-O, Nf3, c5, Bd3, d5, cxd5, exd5, dxc5, Bg4, O-O, Nbd7, Be2, Bxc3, bxc3, Nxc5, c4, dxc4, Bxc4, Rc8, Qxd8, Rfxd8, Bb2, Bxf3, gxf3, Na4, Bxf6, gxf6, Rfc1, Rc5, Rc2, Rdc8, Rac1, b5, Bb3, Rxc2, Rxc2, Rxc2, Bxc2, Nc3, a3, a5, Kf1, Nd5, Ke2, a4, Be4, Nb6, Bd3, b4, axb4, a3, Bb1, Nd5, b5, Nc3+, Kd3, Nxb1, b6, a2, b7, a1=Q, b8=Q+, Kg7, Qg3+] ...
Qg3+ Gives us inValid move: Pawn can move diagonally only when capturing
8 .  .  .  .  .  .  .  .  
7 .  ♟  .  .  .  ♙  ♔  ♙  
6 .  .  .  .  .  ♙  .  .  
5 .  .  .  .  .  .  .  .  
4 .  .  .  .  .  .  .  .  
3 .  .  .  ♚  ♟  ♟  .  .  
2 .  .  .  .  .  ♟  .  ♟  
1 ♕  ♘  .  .  .  .  .  .  
  a  b  c  d  e  f  g  h

===== 3475 ===== 
[e4, c5, Nf3, d6, d4, cxd4, Nxd4, Nf6, Nc3, Nc6, Bg5, e6, Qd2, a6, Nxc6, bxc6, O-O-O, Be7, Bxf6, gxf6, Bc4, Qb6, f4, d5, Bb3, Bb7, Qe2, d4, Na4, Qb5, c4, dxc3] ...
dxc3 Gives us inValid move: No such move for piece found: []
8 ♖  .  .  .  ♔  .  .  ♖  
7 .  ♗  .  .  ♗  ♙  .  ♙  
6 ♙  .  ♙  .  ♙  ♙  .  .  
5 .  ♕  .  .  .  .  .  .  
4 ♞  .  ♟  ♙  ♟  ♟  .  .  
3 .  ♝  .  .  .  .  .  .  
2 ♟  ♟  .  .  ♛  .  ♟  ♟  
1 .  .  ♚  ♜  .  .  .  ♜  
  a  b  c  d  e  f  g  h

===== 3477 ===== 
[e4, c5, Nf3, d6, Bb5+, Nd7, a4, Nf6] ...
Nf6 Gives us inValid move: more than one valid move, The notation is disambiguous
8 ♖  .  ♗  ♕  ♔  ♗  ♘  ♖  
7 ♙  ♙  .  ♘  ♙  ♙  ♙  ♙  
6 .  .  .  ♙  .  .  .  .  
5 .  ♝  ♙  .  .  .  .  .  
4 ♟  .  .  .  ♟  .  .  .  
3 .  .  .  .  .  ♞  .  .  
2 .  ♟  ♟  ♟  .  ♟  ♟  ♟  
1 ♜  ♞  ♝  ♛  ♚  .  .  ♜  
  a  b  c  d  e  f  g  h

===== 3490 ===== 
[d4, Nf6, Nf3, g6, g3, Bg7, Bg2, O-O, O-O, d6, Re1, Nbd7, e4, e5, Nc3, c6, a4, Re8, h3, Qc7, a5, Rb8, Be3, b5, axb6] ...
axb6 Gives us inValid move: No such move for piece found: []
8 .  ♖  ♗  .  ♖  .  ♔  .  
7 ♙  .  ♕  ♘  .  ♙  ♗  ♙  
6 .  .  ♙  ♙  .  ♘  ♙  .  
5 ♟  ♙  .  .  ♙  .  .  .  
4 .  .  .  ♟  ♟  .  .  .  
3 .  .  ♞  .  ♝  ♞  ♟  ♟  
2 .  ♟  ♟  .  .  ♟  ♝  .  
1 ♜  .  .  ♛  ♜  .  ♚  .  
  a  b  c  d  e  f  g  h

===== 3499 ===== 
[d4, Nf6, c4, e6, Nc3, Bb4, e3, O-O, Bd3, d5, cxd5, exd5, Ne2] ...
Ne2 Gives us inValid move: more than one valid move, The notation is disambiguous
8 ♖  ♘  ♗  ♕  .  ♖  ♔  .  
7 ♙  ♙  ♙  .  .  ♙  ♙  ♙  
6 .  .  .  .  .  ♘  .  .  
5 .  .  .  ♙  .  .  .  .  
4 .  ♗  .  ♟  .  .  .  .  
3 .  .  ♞  ♝  ♟  .  .  .  
2 ♟  ♟  .  .  .  ♟  ♟  ♟  
1 ♜  .  ♝  ♛  ♚  .  ♞  ♜  
  a  b  c  d  e  f  g  h

===== 3504 ===== 
[e4, c5, c3, Nf6, e5, Nd5, Bc4, Nb6, Bb3, c4, Bc2, Nc6, Nf3, d6, exd6, Qxd6, Na3, Bg4, d4, cxd3] ...
cxd3 Gives us inValid move: No such move for piece found: []
8 ♖  .  .  .  ♔  ♗  .  ♖  
7 ♙  ♙  .  .  ♙  ♙  ♙  ♙  
6 .  ♘  ♘  ♕  .  .  .  .  
5 .  .  .  .  .  .  .  .  
4 .  .  ♙  ♟  .  .  ♗  .  
3 ♞  .  ♟  .  .  ♞  .  .  
2 ♟  ♟  ♝  .  .  ♟  ♟  ♟  
1 ♜  .  ♝  ♛  ♚  .  .  ♜  
  a  b  c  d  e  f  g  h

===== 3508 ===== 
[e4, c5, c3, Nf6, e5, Nd5, Bc4, Nb6, Bb3, Nc6, d4, cxd4, cxd4, d5, Bc2, Nb4, Nc3, Nxc2+, Qxc2, Bg4, h3, Bd7, Nge2, e6, Qd3, Rc8, O-O, Qh4, a4, a5, b3, Be7, Bd2, O-O, Nb5, Qe4, Qxe4, dxe4, Ng3, Nd5, Nxe4, Bxb5, axb5, b6, Rfc1, h6, Rc4, Rcd8, Rc6, Rd7, Nc3, Rb8, Na4, Bd8, Rac1, Kf8, Nb2, Nc7, Rd6, Ke8, Nc4, Nxb5, Rxd7, Kxd7, Be3, Bc7, Kf1, Na7, Ke2, Nc6, Kd3, Nb4+, Ke4, b5, Nb2, f5+, exf6] ...
exf6 Gives us inValid move: No such move for piece found: []
8 .  ♖  .  .  .  .  .  .  
7 .  .  ♗  ♔  .  .  ♙  .  
6 .  .  .  .  ♙  .  .  ♙  
5 ♙  ♙  .  .  ♟  ♙  .  .  
4 .  ♘  .  ♟  ♚  .  .  .  
3 .  ♟  .  .  ♝  .  .  ♟  
2 .  ♞  .  .  .  ♟  ♟  .  
1 .  .  ♜  .  .  .  .  .  
  a  b  c  d  e  f  g  h

===== 3510 ===== 
[Nf3, d5, g3, Nf6, Bg2, g6, c4, dxc4, Qa4+, Nfd7, Qxc4, Bg7, O-O, O-O, d3, c5, Nc3, Nc6, Be3, b6, Qh4, Bb7, d4, cxd4, Nxd4, Nxd4, Bxd4, Bxg2, Kxg2, Nf6, Rfd1, Qc7, Rac1, Qb7+, f3, Rfd8, Qf4, Rac8, Qe3, h5, h3, Rd6, Rd3, Re6, Qf2, b5, Rcd1, b4, Bxf6, Bxf6, Ne4, Rxe4, fxe4, Qxe4+, Qf3, Qe6, Rd8+, Rxd8, Rxd8+, Kg7, b3, a5, Rd5, Qa6, g4, hxg4, hxg4, g5, Qd3, Qa8, Qf3, Qa6, Rf5, a4, Qd3, Qc6+, Qf3, Qc2, bxa4, Qxa2, a5, b3, Rb5, b2, Qd3, Qa4, Kf3, Qf4+, Kg2, Qxg4+, Kf1, Qf4+, Kg2, Qg4+, Kf1, Qa4, Kg2, Qa2, Kf3, Qe6, Kg2, Qc6+, Kf2, Qe6, Kg2, Qa2, Kf3, Qa1, Kg2, Qa4, Kf3, Qa2, Kg2, b1=Q, Rxb1] ...
Rxb1 Gives us inValid move: Path is blocked by another piece
8 .  .  .  .  .  .  .  .  
7 .  .  .  .  ♙  ♙  ♔  .  
6 .  .  .  .  .  ♗  .  .  
5 ♟  ♜  .  .  .  .  ♙  .  
4 .  .  .  .  .  .  .  .  
3 .  .  .  ♛  .  .  .  .  
2 ♕  ♙  .  .  ♟  .  ♚  .  
1 .  .  .  .  .  .  .  .  
  a  b  c  d  e  f  g  h

===== 3522 ===== 
[d4, d6, e4, g6, Nf3, Bg7, Bd3, Nf6, O-O, O-O, Re1, Nc6, d5, Nb8, h3, c6, c4, Nbd7, Nc3, a6, Be3, Re8, Rc1, e5, b4, c5, a3, b6, Bc2, cxb4, axb4, a5, Ra1, Ba6, bxa5, bxa5, Nd2, Nc5, Bxc5, dxc5, Ba4, Rf8, Bc6, Rb8, Nb5, Ne8, Qa4, f5, Qxa5, Qxa5, Rxa5, Bxb5, cxb5, Nd6, exf5, gxf5, Nb3, e4, Rc1, c4, Nc5, Bb2, Rc2, Bd4, Nd7, f4, Nxb8, Rxb8, Ra8, Rxa8, Bxa8, c3, b6, Bxb6, Rxc3, e3, Kf1, Ne4, Rc8+, Kf7, fxe3, fxe3, Ke2, Ng3+, Kf3, e2, Rc1, Ba5, Kf2, Kf6, d6, Ke6, Bf3, e1=Q+, Rxe1+] ...
Rxe1+ Gives us inValid move: Pawn can move diagonally only when capturing
8 .  .  .  .  .  .  .  .  
7 .  .  .  .  .  .  .  ♙  
6 .  .  .  ♟  ♔  .  .  .  
5 ♗  .  .  .  .  .  .  .  
4 .  .  .  .  .  .  .  .  
3 .  .  .  .  .  ♝  ♘  ♟  
2 .  .  .  .  ♙  ♚  ♟  .  
1 .  .  ♜  .  .  .  .  .  
  a  b  c  d  e  f  g  h

===== 3519 ===== 
[e4, e5, Nf3, Nc6, Nc3, Nf6, d4, exd4, Nxd4, Bb4, Nxc6, bxc6, Bd3, d5, exd5, O-O, O-O, cxd5, h3, Rb8, a3, Be7, b4, c5, bxc5, Bxc5, Bg5, Be6, Ne2, h6, Bh4, Rb6, Nf4, g5, Nxe6, Rxe6, Bg3, Ne4, Bxe4, dxe4, Kh2, Qxd1, Rfxd1, f5, f4, exf3] ...
exf3 Gives us inValid move: No such move for piece found: []
8 .  .  .  .  .  ♖  ♔  .  
7 ♙  .  .  .  .  .  .  .  
6 .  .  .  .  ♖  .  .  ♙  
5 .  .  ♗  .  .  ♙  ♙  .  
4 .  .  .  .  ♙  ♟  .  .  
3 ♟  .  .  .  .  .  ♝  ♟  
2 .  .  ♟  .  .  .  ♟  ♚  
1 ♜  .  .  ♜  .  .  .  .  
  a  b  c  d  e  f  g  h

===== 3524 ===== 
[d4, Nf6, c4, e6, Nc3, Bb4, e3, O-O, Bd3, d5, cxd5, exd5, Ne2] ...
Ne2 Gives us inValid move: more than one valid move, The notation is disambiguous
8 ♖  ♘  ♗  ♕  .  ♖  ♔  .  
7 ♙  ♙  ♙  .  .  ♙  ♙  ♙  
6 .  .  .  .  .  ♘  .  .  
5 .  .  .  ♙  .  .  .  .  
4 .  ♗  .  ♟  .  .  .  .  
3 .  .  ♞  ♝  ♟  .  .  .  
2 ♟  ♟  .  .  .  ♟  ♟  ♟  
1 ♜  .  ♝  ♛  ♚  .  ♞  ♜  
  a  b  c  d  e  f  g  h

===== 3529 ===== 
[e4, c5, Nc3, d6, Nge2, Nf6, h3, a6, g4, Nc6, Bg2, e5, d3, Be7, Ng3, Be6, Nf5, Bf8, g5, Nd7, h4, g6, Ne3, Bg7, Ncd5, h5, gxh6] ...
gxh6 Gives us inValid move: No such move for piece found: []
8 ♖  .  .  ♕  ♔  .  .  ♖  
7 .  ♙  .  ♘  .  ♙  ♗  .  
6 ♙  .  ♘  ♙  ♗  .  ♙  .  
5 .  .  ♙  ♞  ♙  .  ♟  ♙  
4 .  .  .  .  ♟  .  .  ♟  
3 .  .  .  ♟  ♞  .  .  .  
2 ♟  ♟  ♟  .  .  ♟  ♝  .  
1 ♜  .  ♝  ♛  ♚  .  .  ♜  
  a  b  c  d  e  f  g  h

===== 3559 ===== 
[d4, e6, e4, c5, c3, Nf6, Bd3, Nc6, Nf3, d6, O-O, Be7, Re1, e5, d5, Nb8, a4, Nbd7, a5, Rb8, b4, O-O, Na3, a6, Nc4, Re8, h3, cxb4, cxb4, Nf8, Be3, N6d7, Rc1, h6, Nb6, Ng6, Nxd7, Qxd7, Bc2, b5, axb6] ...
axb6 Gives us inValid move: No such move for piece found: []
8 .  ♖  ♗  .  ♖  .  ♔  .  
7 .  .  .  ♕  ♗  ♙  ♙  .  
6 ♙  .  .  ♙  .  .  ♘  ♙  
5 ♟  ♙  .  ♟  ♙  .  .  .  
4 .  ♟  .  .  ♟  .  .  .  
3 .  .  .  .  ♝  ♞  .  ♟  
2 .  .  ♝  .  .  ♟  ♟  .  
1 .  .  ♜  ♛  ♜  .  ♚  .  
  a  b  c  d  e  f  g  h

===== 3560 ===== 
[e4, c5, Nc3, d6, Nf3, Nf6, Bb5+, Bd7, Bxd7+, Qxd7, O-O, Nc6, d3, g6, Re1, Bg7, Bf4, O-O, Qd2, Nd4, Nxd4, cxd4, Ne2, Rac8, c4, dxc3] ...
dxc3 Gives us inValid move: No such move for piece found: [Black pawn can only capture down diagonally]
8 .  .  ♖  .  .  ♖  ♔  .  
7 ♙  ♙  .  ♕  ♙  ♙  ♗  ♙  
6 .  .  .  ♙  .  ♘  ♙  .  
5 .  .  .  .  .  .  .  .  
4 .  .  ♟  ♙  ♟  ♝  .  .  
3 .  .  .  ♟  .  .  .  .  
2 ♟  ♟  .  ♛  ♞  ♟  ♟  ♟  
1 ♜  .  .  .  ♜  .  ♚  .  
  a  b  c  d  e  f  g  h

===== 3562 ===== 
[e4, c5, Nc3, d6, f4, g6, Nf3, Bg7, Bb5+, Bd7, Bc4, Nc6, d3, Na5, Bd2, Nxc4, dxc4, Bc6, Qe2, Qd7, O-O-O, Rb8, e5, Nh6, Be3, b6, Nd5, Bxd5, cxd5, O-O, Kb1, Qa4, Bc1, b5, Rhg1, Rb6, b3, Qa5, Bb2, b4, Qd2, Ra6, a4, bxa3] ...
bxa3 Gives us inValid move: No such move for piece found: []
8 .  .  .  .  .  ♖  ♔  .  
7 ♙  .  .  .  ♙  ♙  ♗  ♙  
6 ♖  .  .  ♙  .  .  ♙  ♘  
5 ♕  .  ♙  ♟  ♟  .  .  .  
4 ♟  ♙  .  .  .  ♟  .  .  
3 .  ♟  .  .  .  ♞  .  .  
2 .  ♝  ♟  ♛  .  .  ♟  ♟  
1 .  ♚  .  ♜  .  .  ♜  .  
  a  b  c  d  e  f  g  h

===== 3564 ===== 
[d4, Nf6, c4, e6, Nc3, Bb4, e3, O-O, Bd3, d5, cxd5, exd5, Ne2] ...
Ne2 Gives us inValid move: more than one valid move, The notation is disambiguous
8 ♖  ♘  ♗  ♕  .  ♖  ♔  .  
7 ♙  ♙  ♙  .  .  ♙  ♙  ♙  
6 .  .  .  .  .  ♘  .  .  
5 .  .  .  ♙  .  .  .  .  
4 .  ♗  .  ♟  .  .  .  .  
3 .  .  ♞  ♝  ♟  .  .  .  
2 ♟  ♟  .  .  .  ♟  ♟  ♟  
1 ♜  .  ♝  ♛  ♚  .  ♞  ♜  
  a  b  c  d  e  f  g  h

===== 3565 ===== 
[e4, c5, Nf3, d6, Bb5+, Bd7, c4, Nf6, Nc3, a6, Bxd7+, Nbxd7, d4, cxd4, Qxd4, g6, O-O, Bg7, Qd3, O-O, h3, Rc8, Bd2, Nh5, Rac1, Ne5, Nxe5, Bxe5, b3, Bg7, Be3, Re8, Rfd1, Nf6, Bd4, Rc6, Nd5, Qd7, Bxf6, Bxf6, Nxf6+, exf6, c5, Qc8, cxd6, Rxc1, d7, Rxd1+, Qxd1, Qd8, dxe8=Q+, Qxe8] ...
Qxe8 Gives us inValid move: Invalid Rook move
8 .  .  .  ♕  ♖  .  ♔  .  
7 .  ♙  .  ♟  .  ♙  .  ♙  
6 ♙  .  .  .  .  ♙  ♙  .  
5 .  .  .  .  .  .  .  .  
4 .  .  .  .  ♟  .  .  .  
3 .  ♟  .  .  .  .  .  ♟  
2 ♟  .  .  .  .  ♟  ♟  .  
1 .  .  .  ♛  .  .  ♚  .  
  a  b  c  d  e  f  g  h

===== 3568 ===== 
[d4, Nf6, Nf3, g6, Nbd2, Bg7, e4, d6, Bb5+, c6, Be2, O-O, O-O, Qc7, a4, e5, dxe5, dxe5, a5, h6, c3, Be6, Qc2, Nbd7, Bc4, Bxc4, Nxc4, b5, axb6] ...
axb6 Gives us inValid move: No such move for piece found: []
8 ♖  .  .  .  .  ♖  ♔  .  
7 ♙  .  ♕  ♘  .  ♙  ♗  .  
6 .  .  ♙  .  .  ♘  ♙  ♙  
5 ♟  ♙  .  .  ♙  .  .  .  
4 .  .  ♞  .  ♟  .  .  .  
3 .  .  ♟  .  .  ♞  .  .  
2 .  ♟  ♛  .  .  ♟  ♟  ♟  
1 ♜  .  ♝  .  .  ♜  ♚  .  
  a  b  c  d  e  f  g  h

===== 3571 ===== 
[e4, e5, Nc3, Nc6, Bc4, Bc5, Qg4, g6, Qf3, Nf6, Nge2, d6, h3, h6, d3, Be6, Bxe6, fxe6, Be3, Bxe3, Qxe3, Qe7, O-O, g5, d4, a6, d5, exd5, exd5, Nd8, Ng3, Nf7, Nf5, Qd7, Ng7+, Ke7, Qd3, Rag8, Nf5+, Kd8, Ng3, Kc8, Qf3, Qe7, Nce4, Nxe4, Nxe4, Kb8, Qf6, Qxf6, Nxf6, Rg6, Ne4, h5, c4, Nh6, Rad1, Nf5, Rd3, g4, Kh2, Rhg8, g3, a5, h4, b6, f4, gxf3] ...
gxf3 Gives us inValid move: No such move for piece found: []
8 .  ♔  .  .  .  .  ♖  .  
7 .  .  ♙  .  .  .  .  .  
6 .  ♙  .  ♙  .  .  ♖  .  
5 ♙  .  .  ♟  ♙  ♘  .  ♙  
4 .  .  ♟  .  ♞  ♟  ♙  ♟  
3 .  .  .  ♜  .  .  ♟  .  
2 ♟  ♟  .  .  .  .  .  ♚  
1 .  .  .  .  .  ♜  .  .  
  a  b  c  d  e  f  g  h

===== 3580 ===== 
[d4, Nf6, Nf3, d5, Bf4, e6, Nbd2, Bd6, Bg5, h6, Bxf6, Qxf6, e4, dxe4, Nxe4, Qe7, Bd3, Nd7, Qe2, Nf6, O-O-O, Bd7, Ne5, O-O-O, Nxd6+, cxd6, Nxd7, Rxd7, Kb1, d5, f4, g6, g4, h5, h3, Qd6, Qf3, Rdd8, a3, Kb8, Rhg1, Rdg8, Rde1, hxg4, hxg4, Rh4, f5, exf5, gxf5, g5, Re5, Rxd4, Rge1, Rh4, Re7, g4, Qe3, g3, Rxf7, g2, Ka2, Rh1, Rg1, Rxg1, Qxg1, Qb6, Qh2+, Kc8, Qe5, g1=Q, Rxf6, Qc7, Qe6+, Kb8, Rf7, Qcb6, Qe5+, Ka8, f6, Qgd4] ...
Qgd4 Gives us inValid move: No such move for piece found: []
8 ♔  .  .  .  .  .  ♖  .  
7 ♙  ♙  .  .  .  ♜  .  .  
6 .  ♕  .  .  .  ♟  .  .  
5 .  .  .  ♙  ♛  .  .  .  
4 .  .  .  .  .  .  .  .  
3 ♟  .  .  ♝  .  .  .  .  
2 ♚  ♟  ♟  .  .  .  ♙  .  
1 .  .  .  .  .  .  .  .  
  a  b  c  d  e  f  g  h

===== 3588 ===== 
[e4, e5, Nf3, Nc6, Bc4, Bc5, c3, Nf6, d3, d6, O-O, O-O, Bg5, h6, Bh4, a6, a4, Ba7, Nbd2, g5, Bg3, Nh7, b4, Kh8, b5, Na5, Ba2, f5, exf5, Bxf5, d4, h5, Nxe5, h4, Nf7+, Rxf7, Bxf7, Qf6, Ba2, Qg6, Re1, Rf8, Re7, Bb6, Nf3, hxg3, hxg3, c5, bxc6] ...
bxc6 Gives us inValid move: No such move for piece found: []
8 .  .  .  .  .  ♖  .  ♔  
7 .  ♙  .  .  ♜  .  .  ♘  
6 ♙  ♗  .  ♙  .  .  ♕  .  
5 ♘  ♟  ♙  .  .  ♗  ♙  .  
4 ♟  .  .  ♟  .  .  .  .  
3 .  .  ♟  .  .  ♞  ♟  .  
2 ♝  .  .  .  .  ♟  ♟  .  
1 ♜  .  .  ♛  .  .  ♚  .  
  a  b  c  d  e  f  g  h

===== 3591 ===== 
[d4, Nf6, c4, e6, Nc3, Bb4, e3, O-O, Bd3, d5, cxd5, exd5, Ne2] ...
Ne2 Gives us inValid move: more than one valid move, The notation is disambiguous
8 ♖  ♘  ♗  ♕  .  ♖  ♔  .  
7 ♙  ♙  ♙  .  .  ♙  ♙  ♙  
6 .  .  .  .  .  ♘  .  .  
5 .  .  .  ♙  .  .  .  .  
4 .  ♗  .  ♟  .  .  .  .  
3 .  .  ♞  ♝  ♟  .  .  .  
2 ♟  ♟  .  .  .  ♟  ♟  ♟  
1 ♜  .  ♝  ♛  ♚  .  ♞  ♜  
  a  b  c  d  e  f  g  h

===== 3593 ===== 
[d4, Nf6, c4, e6, Nc3, Bb4, e3, O-O, Bd3, d5, cxd5, exd5, Ne2] ...
Ne2 Gives us inValid move: more than one valid move, The notation is disambiguous
8 ♖  ♘  ♗  ♕  .  ♖  ♔  .  
7 ♙  ♙  ♙  .  .  ♙  ♙  ♙  
6 .  .  .  .  .  ♘  .  .  
5 .  .  .  ♙  .  .  .  .  
4 .  ♗  .  ♟  .  .  .  .  
3 .  .  ♞  ♝  ♟  .  .  .  
2 ♟  ♟  .  .  .  ♟  ♟  ♟  
1 ♜  .  ♝  ♛  ♚  .  ♞  ♜  
  a  b  c  d  e  f  g  h

===== 3606 ===== 
[e4, e5, Nf3, Nc6, Bb5, Nf6, O-O, Nxe4, d4, Nd6, dxe5, Nxb5, a4, Nbd4, Nxd4, d5, exd6] ...
exd6 Gives us inValid move: No such move for piece found: []
8 ♖  .  ♗  ♕  ♔  ♗  .  ♖  
7 ♙  ♙  ♙  .  .  ♙  ♙  ♙  
6 .  .  ♘  .  .  .  .  .  
5 .  .  .  ♙  ♟  .  .  .  
4 ♟  .  .  ♞  .  .  .  .  
3 .  .  .  .  .  .  .  .  
2 .  ♟  ♟  .  .  ♟  ♟  ♟  
1 ♜  ♞  ♝  ♛  .  ♜  ♚  .  
  a  b  c  d  e  f  g  h

===== 3617 ===== 
[d4, Nf6, Nf3, c5, d5, g6, Nc3, Bg7, e4, d6, Bc4, O-O, O-O, Bg4, h3, Bxf3, Qxf3, Nbd7, Qd1, Ne8, Re1, Nc7, a4, Rb8, Bg5, a6, a5, b5, axb6] ...
axb6 Gives us inValid move: No such move for piece found: []
8 .  ♖  .  ♕  .  ♖  ♔  .  
7 .  .  ♘  ♘  ♙  ♙  ♗  ♙  
6 ♙  .  .  ♙  .  .  ♙  .  
5 ♟  ♙  ♙  ♟  .  .  ♝  .  
4 .  .  ♝  .  ♟  .  .  .  
3 .  .  ♞  .  .  .  .  ♟  
2 .  ♟  ♟  .  .  ♟  ♟  .  
1 ♜  .  .  ♛  ♜  .  ♚  .  
  a  b  c  d  e  f  g  h

===== 3623 ===== 
[d4, Nf6, Nf3, c5, d5, g6, Nc3, Bg7, e4, d6, Bc4, O-O, O-O, Bg4, h3, Bxf3, Qxf3, Nbd7, Qd1, Ne8, a4, Nc7, Re1, Rb8, Bg5, a6, a5, b5, axb6] ...
axb6 Gives us inValid move: No such move for piece found: []
8 .  ♖  .  ♕  .  ♖  ♔  .  
7 .  .  ♘  ♘  ♙  ♙  ♗  ♙  
6 ♙  .  .  ♙  .  .  ♙  .  
5 ♟  ♙  ♙  ♟  .  .  ♝  .  
4 .  .  ♝  .  ♟  .  .  .  
3 .  .  ♞  .  .  .  .  ♟  
2 .  ♟  ♟  .  .  ♟  ♟  .  
1 ♜  .  .  ♛  ♜  .  ♚  .  
  a  b  c  d  e  f  g  h

===== 3628 ===== 
[e4, e5, Nf3, Nc6, Bc4, Bc5, c3, Nf6, d3, d6, O-O, O-O, Bg5, h6, Bh4, a5, Bb3, Ba7, Na3, Kh8, Nc4, g5, Bg3, Ne7, Bc2, Bg4, d4, exd4, cxd4, Nc6, e5, dxe5, Ncxe5, Nxd4, Nxg4, Nxg4, h3, Nxc2, Qxc2, Nf6, Rad1, Qc8, Be5, Qe6, Rfe1, Kg8, Nd4, Bxd4, Bxd4, Qa6, Qf5, Nh5, Qe5, f6, Qd5+, Rf7, Re7, Rf8] ...
Rf8 Gives us inValid move: more than one valid move, The notation is disambiguous
8 ♖  .  .  .  .  .  ♔  .  
7 .  ♙  ♙  .  ♜  ♖  .  .  
6 ♕  .  .  .  .  ♙  .  ♙  
5 ♙  .  .  ♛  .  .  ♙  ♘  
4 .  .  .  ♝  .  .  .  .  
3 .  .  .  .  .  .  .  ♟  
2 ♟  ♟  .  .  .  ♟  ♟  .  
1 .  .  .  ♜  .  .  ♚  .  
  a  b  c  d  e  f  g  h

===== 3668 ===== 
[c4, Nf6, g3, g6, Bg2, Bg7, Nc3, O-O, d4, d6, Nf3, Nc6, O-O, a6, d5, Na5, b3, c5, dxc6] ...
dxc6 Gives us inValid move: No such move for piece found: []
8 ♖  .  ♗  ♕  .  ♖  ♔  .  
7 .  ♙  .  .  ♙  ♙  ♗  ♙  
6 ♙  .  .  ♙  .  ♘  ♙  .  
5 ♘  .  ♙  ♟  .  .  .  .  
4 .  .  ♟  .  .  .  .  .  
3 .  ♟  ♞  .  .  ♞  ♟  .  
2 ♟  .  .  .  ♟  ♟  ♝  ♟  
1 ♜  .  ♝  ♛  .  ♜  ♚  .  
  a  b  c  d  e  f  g  h

===== 3685 ===== 
[c4, Nf6, g3, c6, Bg2, d5, Nf3, Bf5, O-O, e6, d3, Be7, Qb3, Qc8, Nc3, O-O, Bf4, Nbd7, cxd5, exd5, Nd4, Bg6, Rac1, Nc5, Qd1, a5, Na4, Nxa4, Qxa4, Re8, a3, h6, Rfe1, Bf8, h3, Qd7, Nf3, Bd6, Bxd6, Qxd6, Qf4, Qxf4, gxf4, a4, Nd4, Kf8, Bf3, Ra6, Rc3, Rb6, Rb1, Bh5, Bxh5, Nxh5, e3, Nf6, b4, axb3] ...
axb3 Gives us inValid move: No such move for piece found: []
8 .  .  .  .  ♖  ♔  .  .  
7 .  ♙  .  .  .  ♙  ♙  .  
6 .  ♖  ♙  .  .  ♘  .  ♙  
5 .  .  .  ♙  .  .  .  .  
4 ♙  ♟  .  ♞  .  ♟  .  .  
3 ♟  .  ♜  ♟  ♟  .  .  ♟  
2 .  .  .  .  .  ♟  .  .  
1 .  ♜  .  .  .  .  ♚  .  
  a  b  c  d  e  f  g  h

===== 3690 ===== 
[b3, d5, Bb2, Bf5, e3, e6, Nf3, Nf6, c4, Nbd7, Be2, h6, O-O, Bd6, d4, c6, Nbd2, Qb8, h3, O-O, Re1, a5, a3, b5, Bc3, Rc8, c5, Bc7, b4, a4, Qc1, Bh7, Qb2, Ne4, Nxe4, dxe4, Ne5, Nf6, f4, Qb7, Bd2, Nd5, Rf1, f6, Ng4, Rf8, Kh1, Rae8, Rae1, Bb8, Bc1, Qf7, Bd1, Qe7, Bc2, h5, Nf2, f5, Nd1, g5, Nc3, h4, Nxd5, exd5, Bd1, Qg7, Qf2, Re6, Rg1, Kh8, g4, hxg3] ...
hxg3 Gives us inValid move: No such move for piece found: []
8 .  ♗  .  .  .  ♖  .  ♔  
7 .  .  .  .  .  .  ♕  ♗  
6 .  .  ♙  .  ♖  .  .  .  
5 .  ♙  ♟  ♙  .  ♙  ♙  .  
4 ♙  ♟  .  ♟  ♙  ♟  ♟  ♙  
3 ♟  .  .  .  ♟  .  .  ♟  
2 .  .  .  .  .  ♛  .  .  
1 .  .  ♝  ♝  ♜  .  ♜  ♚  
  a  b  c  d  e  f  g  h

===== 3694 ===== 
[e4, c5, Nf3, Nc6, d4, cxd4, Nxd4, e5, Nb5, d6, N1c3, a6, Na3, Be7, Be3, Nf6, Nc4, b5, Nb6, Rb8, Nxc8, Qxc8, Be2, O-O, O-O, b4, Nd5, Nxe4, a4, bxa3] ...
bxa3 Gives us inValid move: No such move for piece found: []
8 .  ♖  ♕  .  .  ♖  ♔  .  
7 .  .  .  .  ♗  ♙  ♙  ♙  
6 ♙  .  ♘  ♙  .  .  .  .  
5 .  .  .  ♞  ♙  .  .  .  
4 ♟  ♙  .  .  ♘  .  .  .  
3 .  .  .  .  ♝  .  .  .  
2 .  ♟  ♟  .  ♝  ♟  ♟  ♟  
1 ♜  .  .  ♛  .  ♜  ♚  .  
  a  b  c  d  e  f  g  h

===== 3702 ===== 
[e4, c5, Nf3, d6, d4, cxd4, Nxd4, Nf6, Nc3, Nc6, Bg5, Bd7, Qd2, a6, O-O-O, e6, f4, b5, Bxf6, gxf6, Kb1, Qb6, Nxc6, Bxc6, f5, b4, Ne2, e5, Ng3, Qc5, b3, h5, h4, Bb5, Qe1, Rc8, Bxb5+, axb5, Qe2, Ra8, Rd5, Qa7, Qxb5+, Kd8, a4, bxa3] ...
bxa3 Gives us inValid move: No such move for piece found: []
8 ♖  .  .  ♔  .  ♗  .  ♖  
7 ♕  .  .  .  .  ♙  .  .  
6 .  .  .  ♙  .  ♙  .  .  
5 .  ♛  .  ♜  ♙  ♟  .  ♙  
4 ♟  ♙  .  .  ♟  .  .  ♟  
3 .  ♟  .  .  .  .  ♞  .  
2 .  .  ♟  .  .  .  ♟  .  
1 .  ♚  .  .  .  .  .  ♜  
  a  b  c  d  e  f  g  h

===== 3705 ===== 
[e4, e5, Nf3, Nc6, Bb5, a6, Ba4, Nf6, O-O, Bc5, c3, b5, Bb3, d6, d4, Bb6, a4, Bg4, axb5, axb5, Rxa8, Qxa8, h3, Bh5, Re1, h6, g4, Bg6, Be3, exd4, cxd4, O-O, d5, Bxe3, Rxe3, Na5, Bc2, Nc4, Re1, Nxb2, Qd4, Nc4, Bd3, Qa4, Bxc4, bxc4, Nc3, Qc2, Qd2, Qb3, Nd4, Qa3, Ndb5, Qa5, Nd4, Re8, f3, Nd7, Kg2, Ne5, Rb1, Ra8, Kg3, Nd3, Nde2, Qc5, Nf4, Ne5, Qf2, Qa5, Qd4, Kh7, Nfe2, f6, f4, c5, dxc6] ...
dxc6 Gives us inValid move: No such move for piece found: []
8 ♖  .  .  .  .  .  .  .  
7 .  .  .  .  .  .  ♙  ♔  
6 .  .  .  ♙  .  ♙  ♗  ♙  
5 ♕  .  ♙  ♟  ♘  .  .  .  
4 .  .  ♙  ♛  ♟  ♟  ♟  .  
3 .  .  ♞  .  .  .  ♚  ♟  
2 .  .  .  .  ♞  .  .  .  
1 .  ♜  .  .  .  .  .  .  
  a  b  c  d  e  f  g  h

===== 3712 ===== 
[c4, c5, Nf3, Nf6, Nc3, e6, g3, b6, Bg2, Bb7, O-O, Be7, d4, cxd4, Qxd4, d6, Bg5, a6, Bxf6, Bxf6, Qf4, O-O, Rfd1, Be7, Ne4, Bxe4, Qxe4, Ra7, e3, Rc7, b3, Nc6, Qd3, Qb8, a4, Ne5, Qe2, Nxf3+, Bxf3, a5, h4, Rc5, Rd3, g6, h5, f5, Kg2, g5, g4, Qe8, Rf1, Re5, gxf5, exf5, Bd5+, Kh8, Rh1, Bf6, h6, g4, f4, gxf3+] ...
gxf3+ Gives us inValid move: No such move for piece found: []
8 .  .  .  .  ♕  ♖  .  ♔  
7 .  .  .  .  .  .  .  ♙  
6 .  ♙  .  ♙  .  ♗  .  ♟  
5 ♙  .  .  ♝  ♖  ♙  .  .  
4 ♟  .  ♟  .  .  ♟  ♙  .  
3 .  ♟  .  ♜  ♟  .  .  .  
2 .  .  .  .  ♛  .  ♚  .  
1 .  .  .  .  .  .  .  ♜  
  a  b  c  d  e  f  g  h

===== 3723 ===== 
[e4, e6, d4, d5, e5, c5, c3, Nc6, Nf3, Qb6, Be2, Bd7, O-O, h6, a3, c4, Nbd2, Na5, Qc2, Ne7, Rb1, Nc8, g3, Qc7, Nh4, Nb6, Qd1, Ba4, Qe1, Bc2, Ra1, Be7, Ng2, Bh7, Ne3, Na4, Bd1, b5, Bc2, Bxc2, Nxc2, Rb8, Ne3, Nc6, Qe2, g6, h4, h5, Nf3, a5, Ng2, Nb6, Bg5, Kd7, Bxe7, Nxe7, Ng5, Rhf8, Qf3, Nf5, Ne3, Kc6, Kg2, Nd7, Rab1, Kb6, b3, Ka6, a4, cxb3, Rxb3, bxa4, Ra3, Qc6, Rfa1, Nb6, Qe2+, Qb5, Qc2, Nxe3+, fxe3, Nc4, Kf3, Nxa3, Rxa3, Qf1+, Qf2, Qxf2+, Kxf2, Rb2+, Kf3, Kb5, e4, Rb3, Ra2, Rxc3+, Kf4, a3, exd5, exd5, Nh7, Rfc8, Kg5, Kb4, Kf6, Kb3, Ra1, Rc1, Rxa3+, Kxa3, Kxf7, Rf1+, Nf6, Rg1, e6, Rxg3, e7, Rf3, Ke6, Rxf6+, Kxf6, a4, Kxg6, Kb4, Kxh5, a3, Kg6, a2, h5, a1=Q, e8=Q, Rxe8] ...
Rxe8 Gives us inValid move: Pawn can move diagonally only when capturing
8 .  .  ♖  .  .  .  .  .  
7 .  .  .  .  ♟  .  .  .  
6 .  .  .  .  .  .  ♚  .  
5 .  .  .  ♙  .  .  .  ♟  
4 .  ♔  .  ♟  .  .  .  .  
3 .  .  .  .  .  .  .  .  
2 .  .  .  .  .  .  .  .  
1 ♕  .  .  .  .  .  .  .  
  a  b  c  d  e  f  g  h

===== 3738 ===== 
[e4, c6, d4, d5, e5, Bf5, Nf3, e6, Be2, h6, c3, Ne7, O-O, Nd7, a4, Bh7, a5, a6, b4, Nf5, Nbd2, Be7, Nb3, O-O, Bd3, f6, Bf4, g5, Bg3, Nxg3, Bxh7+, Kxh7, hxg3, f5, Ne1, g4, Nd3, Bg5, f4, gxf3] ...
gxf3 Gives us inValid move: No such move for piece found: []
8 ♖  .  .  ♕  .  ♖  .  .  
7 .  ♙  .  ♘  .  .  .  ♔  
6 ♙  .  ♙  .  ♙  .  .  ♙  
5 ♟  .  .  ♙  ♟  ♙  ♗  .  
4 .  ♟  .  ♟  .  ♟  ♙  .  
3 .  ♞  ♟  ♞  .  .  ♟  .  
2 .  .  .  .  .  .  ♟  .  
1 ♜  .  .  ♛  .  ♜  ♚  .  
  a  b  c  d  e  f  g  h

===== 3745 ===== 
[e4, e6, d4, d5, Nc3, Nf6, Bg5, Bb4, e5, h6, Be3, Ne4, Qg4, g6, a3, Bxc3+, bxc3, h5, Qf4, c5, Bd3, Bd7, Ne2, g5, Qf3, c4, Bxe4, dxe4, Qg3, Rg8, h4, g4, Bg5, Qa5, Qe3, Bc6, Ng3, Nd7, Nxh5, Rh8, Nf6+, Nxf6, Bxf6, Rh5, O-O, Kd7, d5, Bxd5, Rfd1, Kc6, a4, Qb6, Rd4, Qb2, Rad1, Qxc2, Rxd5, exd5, Qd4, Qd3, Rxd3, exd3, Qxg4, Rh6, Bg5, Re6, Qf5, Rae8, Bf4, f6, exf6, Re1+, Kh2, Rf8, Be3, b6, Qe6+, Kb7, Qe7+, Ka6, Qxf8, Rxe3, fxe3, d2, Qh6, d1=Q, f7, Qg4] ...
Qg4 Gives us inValid move: Pawn can move diagonally only when capturing
8 .  .  .  .  .  .  .  .  
7 ♙  .  .  .  .  ♟  .  .  
6 ♔  ♙  .  .  .  .  .  ♛  
5 .  .  .  ♙  .  .  .  .  
4 ♟  .  ♙  .  .  .  .  ♟  
3 .  .  ♟  .  ♟  .  .  .  
2 .  .  .  ♙  .  .  ♟  ♚  
1 .  .  .  .  .  .  .  .  
  a  b  c  d  e  f  g  h

===== 3754 ===== 
[e4, c5, Nf3, e6, Bd3, Nc6, O-O, Nf6, e5, Nd5, Nc3, Nf4, Be4, d5, exd6] ...
exd6 Gives us inValid move: No such move for piece found: []
8 ♖  .  ♗  ♕  ♔  ♗  .  ♖  
7 ♙  ♙  .  .  .  ♙  ♙  ♙  
6 .  .  ♘  .  ♙  .  .  .  
5 .  .  ♙  ♙  ♟  .  .  .  
4 .  .  .  .  ♝  ♘  .  .  
3 .  .  ♞  .  .  ♞  .  .  
2 ♟  ♟  ♟  ♟  .  ♟  ♟  ♟  
1 ♜  .  ♝  ♛  .  ♜  ♚  .  
  a  b  c  d  e  f  g  h

===== 3760 ===== 
[e4, e5, Nf3, Nc6, Bb5, a6, Ba4, d6, c3, Nf6, O-O, Be7, Re1, O-O, h3, b5, Bb3, Bb7, d3, Nb8, Nbd2, Nbd7, Nf1, h6, Ng3, Re8, d4, Bf8, Bc2, g6, Bd2, Bg7, a4, Qe7, Bd3, c6, Qc2, Rac8, b3, Nf8, b4, N8d7, Qa2, Nb6, dxe5, dxe5, a5, Rcd8, Bf1, Nc8, c4, Nd6, c5, Nc8, Bc3, Nd7, Rad1, Nf8, Qb2, f6, Bd3, Ne6, Bc2, Nf4, Ne2, Ne6, Bb3, Kh7, Qa2, Nf8, Ng3, Rxd1, Rxd1, Rd8, Rxd8, Qxd8, Qe2, Ne7, Nf1, Bc8, Kh2, Be6, Bxe6, Nxe6, g3, Qd7, Ne3, h5, Ng2, Kg8, Nfh4, Kf7, f4, Nd4, Qf2, Kg8, Bxd4, Qxd4, Qxd4, exd4, Ne1, f5, e5, Nd5, Nd3, Kf7, Nf3, Ne3, Nxd4, Bf8, Nxc6, Ke6, Nb8, Kd5, c6, Ke4, c7, h4, gxh4, Kf3, c8=Q, Bh6, Qc6+] ...
Qc6+ Gives us inValid move: Pawn can move diagonally only when capturing
8 .  ♞  .  .  .  .  .  .  
7 .  .  ♟  .  .  .  .  .  
6 ♙  .  .  .  .  .  ♙  ♗  
5 ♟  ♙  .  .  ♟  ♙  .  .  
4 .  ♟  .  .  .  ♟  .  ♟  
3 .  .  .  ♞  ♘  ♔  .  ♟  
2 .  .  .  .  .  .  .  ♚  
1 .  .  .  .  .  .  .  .  
  a  b  c  d  e  f  g  h

===== 3765 ===== 
[e4, e5, Nf3, Nc6, Bc4, Bc5, c3, Nf6, d4, exd4, e5, d5, Bb5, Ne4, cxd4, Bb6, Nc3, O-O, Be3, Bg4, h3, Bh5, Rc1, Ne7, g4, Bg6, h4, f5, exf6] ...
exf6 Gives us inValid move: No such move for piece found: []
8 ♖  .  .  ♕  .  ♖  ♔  .  
7 ♙  ♙  ♙  .  ♘  .  ♙  ♙  
6 .  ♗  .  .  .  .  ♗  .  
5 .  ♝  .  ♙  ♟  ♙  .  .  
4 .  .  .  ♟  ♘  .  ♟  ♟  
3 .  .  ♞  .  ♝  ♞  .  .  
2 ♟  ♟  .  .  .  ♟  .  .  
1 .  .  ♜  ♛  ♚  .  .  ♜  
  a  b  c  d  e  f  g  h

===== 3773 ===== 
[e4, e5, Nf3, Nc6, Bb5, Nf6, d3, Bc5, Bxc6, dxc6, Nbd2, Be6, O-O, Qd6, b3, a5, a4, b6, Bb2, Nd7, Qe2, f6, Rfd1, O-O, Nf1, Rfe8, Ng3, Qe7, d4, exd4, Nxd4, Bxd4, Rxd4, c5, Rd3, c4, Re3, Rad8, Re1, cxb3, cxb3, Ne5, h3, c5, Nf5, Qf7, Qb5, Qc7, Bxe5, fxe5, Rg3, g6, Ne3, Rf8, Nd5, Bxd5, exd5, Rxd5, Qc4, Rd8] ...
Rd8 Gives us inValid move: more than one valid move, The notation is disambiguous
8 .  .  .  .  .  ♖  ♔  .  
7 .  .  ♕  .  .  .  .  ♙  
6 .  ♙  .  .  .  .  ♙  .  
5 ♙  .  ♙  ♖  ♙  .  .  .  
4 ♟  .  ♛  .  .  .  .  .  
3 .  ♟  .  .  .  .  ♜  ♟  
2 .  .  .  .  .  ♟  ♟  .  
1 .  .  .  .  ♜  .  ♚  .  
  a  b  c  d  e  f  g  h

===== 3780 ===== 
[e4, c5, Nf3, e6, d4, cxd4, Nxd4, Nc6, Nc3, a6, Be2, Qc7, Nxc6, bxc6, Qd3, d5, Qg3, Qxg3, hxg3, Nf6, f3, a5, g4, Ba6, g5, Nd7, Bxa6, Rxa6, Ke2, a4, Bd2, h5, gxh6] ...
gxh6 Gives us inValid move: No such move for piece found: [White pawn can only capture up diagonally]
8 .  .  .  .  ♔  ♗  .  ♖  
7 .  .  .  ♘  .  ♙  ♙  .  
6 ♖  .  ♙  .  ♙  .  .  .  
5 .  .  .  ♙  .  .  ♟  ♙  
4 ♙  .  .  .  ♟  .  .  .  
3 .  .  ♞  .  .  ♟  .  .  
2 ♟  ♟  ♟  ♝  ♚  .  ♟  .  
1 ♜  .  .  .  .  .  .  ♜  
  a  b  c  d  e  f  g  h

===== 3783 ===== 
[e4, e6, d4, d5, Nc3, Nf6, e5, Nfd7, f4, c5, Nf3, Nc6, Be3, a6, a3, cxd4, Nxd4, Bc5, Qd2, Nxd4, Bxd4, Bxd4, Qxd4, Qb6, Qxb6, Nxb6, Bd3, Bd7, h4, h5, a4, Bc6, a5, Nd7, Ne2, Ke7, Nd4, Rac8, Kd2, g6, b4, Rc7, Ra3, Nb8, Rc3, Rhc8, Ra1, Bd7, Rxc7, Rxc7, Ke3, Nc6, Nxc6+, Bxc6, Kd4, Bb5, Ra3, Bxd3, cxd3, Kd7, Rc3, Rxc3, Kxc3, Kc6, Kb3, Kb5, d4, Kc6, Ka4, b5+, axb6] ...
axb6 Gives us inValid move: No such move for piece found: []
8 .  .  .  .  .  .  .  .  
7 .  .  .  .  .  ♙  .  .  
6 ♙  .  ♔  .  ♙  .  ♙  .  
5 ♟  ♙  .  ♙  ♟  .  .  ♙  
4 ♚  ♟  .  ♟  .  ♟  .  ♟  
3 .  .  .  .  .  .  .  .  
2 .  .  .  .  .  .  ♟  .  
1 .  .  .  .  .  .  .  .  
  a  b  c  d  e  f  g  h

===== 3808 ===== 
[d4, Nf6, c4, e6, Nc3, Bb4, e3, O-O, Nf3, d5, Bd3, dxc4, Bxc4, c5, O-O, Nc6, a3, Ba5, h3, h6, Re1, cxd4, exd4, Bb6, Be3, Ne7, Bd3, Bd7, Ne4, Nxe4, Bxe4, Bc6, Bxc6, Nxc6, Qb3, Qd6, Red1, Rfd8, d5, Na5, Qb4, exd5, Bxb6, axb6, Rd3, Nc4, Rad1, Qxb4, axb4, Nxb2, R1d2, Nxd3, Rxd3, d4, g4, Rac8, Kf1, Rc3, Ke2, Kf8, Kd2, Rxd3+, Kxd3, Ke7, Nxd4, g6, Kc4, Kd6, f4, Re8, Nb5+, Kd7, Kd5, Re3, Nd4, Rxh3, Ke4, Rg3, Nf3, Rxf3, Kxf3, Ke6, Ke4, h5, gxh5, gxh5, f5+, Kf6, Kf4, h4, b5, h3, Kg3, Kxf5, Kxh3, Ke4, Kg2, Kd5, Kf3, Kc5, Ke4, Kxb5, Kf5, Kc4, Kf6, b5, Kxf7, b4, Ke6, b3, Kd6, b5, Kc7, b4, Kb6, b2, Ka5, b1=Q, Kb6, Qa2, Kc7, b3, Kd6, b2, Ke5, b1=Q, Kd6, Qb5] ...
Qb5 Gives us inValid move: queen can not move
8 .  .  .  .  .  .  .  .  
7 .  .  .  .  .  .  .  .  
6 .  .  .  ♚  .  .  .  .  
5 .  .  .  .  .  .  .  .  
4 .  .  ♔  .  .  .  .  .  
3 .  .  .  .  .  .  .  .  
2 ♕  ♙  .  .  .  .  .  .  
1 .  .  .  .  .  .  .  .  
  a  b  c  d  e  f  g  h

===== 3834 ===== 
[Nf3, Nf6, c4, g6, b4, Bg7, Bb2, O-O, e3, d6, Be2, e5, d4, e4, Nfd2, h5, Nc3, Re8, h3, h4, Qc2, Bf5, Nd5, Nxd5, cxd5, Nd7, Rc1, Qg5, Rg1, Rac8, g4, hxg3] ...
hxg3 Gives us inValid move: No such move for piece found: []
8 .  .  ♖  .  ♖  .  ♔  .  
7 ♙  ♙  ♙  ♘  .  ♙  ♗  .  
6 .  .  .  ♙  .  .  ♙  .  
5 .  .  .  ♟  .  ♗  ♕  .  
4 .  ♟  .  ♟  ♙  .  ♟  ♙  
3 .  .  .  .  ♟  .  .  ♟  
2 ♟  ♝  ♛  ♞  ♝  ♟  .  .  
1 .  .  ♜  .  ♚  .  ♜  .  
  a  b  c  d  e  f  g  h

===== 3858 ===== 
[e4, c5, Nf3, d6, d4, cxd4, Nxd4, Nf6, Nc3, a6, f3, e6, g4, b5, a3, Bb7, g5, Nfd7, h4, Nb6, f4, N8d7, Bg2, Rc8, Rh3, g6, h5, Bg7, h6, Bf8, Nde2, Be7, b3, e5, Rg3, f6, Be3, exf4, Bxf4, Ne5, Bh3, Rc5, Be3, Rc6, Qd2, fxg5, Nd4, g4, Nxc6, Bxc6, Bg2, Bh4, Bf2, O-O, O-O-O, Qf6, Rf1, Bxg3, Bxg3, Nf3, Qe3, Nd7, Rd1, Nde5, Kb1, g5, Ne2, Qxh6, Nd4, Bd7, Nf5, Bxf5, exf5, Qf6, Qb6, Qxf5, Rxd6, Ng6, Qxa6, Nf4, Bf1, Qe5, Bxb5, Qe4, Bc4+, Kh8, Qb6, Qe5, Rd8, Qg7, Rxf8+, Qxf8, Bf2, Ne5, Bd4, Ng6] ...
Ng6 Gives us inValid move: more than one valid move, The notation is disambiguous
8 .  .  .  .  .  ♕  .  ♔  
7 .  .  .  .  .  .  .  ♙  
6 .  ♛  .  .  .  .  .  .  
5 .  .  .  .  ♘  .  ♙  .  
4 .  .  ♝  ♝  .  ♘  ♙  .  
3 ♟  ♟  .  .  .  .  .  .  
2 .  .  ♟  .  .  .  .  .  
1 .  ♚  .  .  .  .  .  .  
  a  b  c  d  e  f  g  h

===== 3859 ===== 
[d4, Nf6, c4, e6, Nc3, Bb4, e3, b6, Bd3, Bb7, f3, c5, Ne2] ...
Ne2 Gives us inValid move: more than one valid move, The notation is disambiguous
8 ♖  ♘  .  ♕  ♔  .  .  ♖  
7 ♙  ♗  .  ♙  .  ♙  ♙  ♙  
6 .  ♙  .  .  ♙  ♘  .  .  
5 .  .  ♙  .  .  .  .  .  
4 .  ♗  ♟  ♟  .  .  .  .  
3 .  .  ♞  ♝  ♟  ♟  .  .  
2 ♟  ♟  .  .  .  .  ♟  ♟  
1 ♜  .  ♝  ♛  ♚  .  ♞  ♜  
  a  b  c  d  e  f  g  h

===== 3877 ===== 
[e4, e6, d4, d5, e5, c5, c3, Nc6, Nf3, Bd7, Be2, Nge7, Na3, Nf5, Nc2, cxd4, cxd4, Rc8, O-O, Be7, Bd2, O-O, Bd3, Qb6, Bc3, Na5, Qe2, Nc4, Rab1, Rc7, Kh1, g6, g4, Ng7, Rg1, f5, exf6] ...
exf6 Gives us inValid move: No such move for piece found: []
8 .  .  .  .  .  ♖  ♔  .  
7 ♙  ♙  ♖  ♗  ♗  .  ♘  ♙  
6 .  ♕  .  .  ♙  .  ♙  .  
5 .  .  .  ♙  ♟  ♙  .  .  
4 .  .  ♘  ♟  .  .  ♟  .  
3 .  .  ♝  ♝  .  ♞  .  .  
2 ♟  ♟  ♞  .  ♛  ♟  .  ♟  
1 .  ♜  .  .  .  .  ♜  ♚  
  a  b  c  d  e  f  g  h

===== 3883 ===== 
[e4, e5, Nf3, Nc6, Bb5, a6, Ba4, Nf6, O-O, Bc5, c3, O-O, d4, Ba7, Re1, b5, Bc2, d6, h3, Bb7, Be3, exd4, cxd4, Nb4, Nbd2, Nxc2, Qxc2, Re8, d5, Bxe3, Rxe3, Rc8, Nd4, c5, dxc6] ...
dxc6 Gives us inValid move: No such move for piece found: []
8 .  .  ♖  ♕  ♖  .  ♔  .  
7 .  ♗  .  .  .  ♙  ♙  ♙  
6 ♙  .  .  ♙  .  ♘  .  .  
5 .  ♙  ♙  ♟  .  .  .  .  
4 .  .  .  ♞  ♟  .  .  .  
3 .  .  .  .  ♜  .  .  ♟  
2 ♟  ♟  ♛  ♞  .  ♟  ♟  .  
1 ♜  .  .  .  .  .  ♚  .  
  a  b  c  d  e  f  g  h

===== 3908 ===== 
[d4, Nf6, c4, e6, Nc3, Bb4, e3, O-O, Ne2] ...
Ne2 Gives us inValid move: more than one valid move, The notation is disambiguous
8 ♖  ♘  ♗  ♕  .  ♖  ♔  .  
7 ♙  ♙  ♙  ♙  .  ♙  ♙  ♙  
6 .  .  .  .  ♙  ♘  .  .  
5 .  .  .  .  .  .  .  .  
4 .  ♗  ♟  ♟  .  .  .  .  
3 .  .  ♞  .  ♟  .  .  .  
2 ♟  ♟  .  .  .  ♟  ♟  ♟  
1 ♜  .  ♝  ♛  ♚  ♝  ♞  ♜  
  a  b  c  d  e  f  g  h

===== 3943 ===== 
[e4, c5, Nc3, Nc6, Nf3, Nf6, Bb5, Nd4, e5, Nxb5, Nxb5, Nd5, O-O, g6, d4, c4, b3, c3, Qd3, Qa5, Qc4, a6, Qxd5, Qxb5, Qe4, Bg7, a4, Qb6, Ba3, O-O, Bxe7, Re8, Qh4, h6, Bd6, Qc6, Rfd1, Qd5, a5, b5, axb6] ...
axb6 Gives us inValid move: No such move for piece found: []
8 ♖  .  ♗  .  ♖  .  ♔  .  
7 .  .  .  ♙  .  ♙  ♗  .  
6 ♙  .  .  ♝  .  .  ♙  ♙  
5 ♟  ♙  .  ♕  ♟  .  .  .  
4 .  .  .  ♟  .  .  .  ♛  
3 .  ♟  ♙  .  .  ♞  .  .  
2 .  .  ♟  .  .  ♟  ♟  ♟  
1 ♜  .  .  ♜  .  .  ♚  .  
  a  b  c  d  e  f  g  h

===== 3960 ===== 
[e4, c6, d4, d5, e5, Bf5, Be2, e6, Nf3, Nd7, O-O, Bg6, a4, Nh6, a5, Nf5, Nbd2, Be7, g4, Nh6, Ne1, c5, c3, f5, exf6] ...
exf6 Gives us inValid move: No such move for piece found: []
8 ♖  .  .  ♕  ♔  .  .  ♖  
7 ♙  ♙  .  ♘  ♗  .  ♙  ♙  
6 .  .  .  .  ♙  .  ♗  ♘  
5 ♟  .  ♙  ♙  ♟  ♙  .  .  
4 .  .  .  ♟  .  .  ♟  .  
3 .  .  ♟  .  .  .  .  .  
2 .  ♟  .  ♞  ♝  ♟  .  ♟  
1 ♜  .  ♝  ♛  ♞  ♜  ♚  .  
  a  b  c  d  e  f  g  h

===== 3965 ===== 
[e4, e5, Nf3, Nf6, Nxe5, d6, Nf3, Nxe4, Bd3, d5, Qe2, Qe7, O-O, Nc5, Re1, Qxe2, Bxe2, Be7, d4, Ne4, c4, c6, Bd3, O-O, Bxe4, dxe4, Rxe4, Bd6, Nc3, Bf5, Re1, Nd7, Bg5, Rfe8, a3, f6, Bh4, Bf8, Bg3, Nb6, b3, Bc2, c5, Nd5, Nxd5, cxd5, b4, Bd3, Nd2, Rxe1+, Rxe1, a5, h3, axb4, axb4, Ra2, Nb3, Rb2, Na5, Rxb4, Re8, Kf7, Rb8, Ba6, c6, b6, Nb7, Rxd4, Ra8, Bb5, c7, Bd7, c8=Q, Bxc8] ...
Bxc8 Gives us inValid move: Invalid Bishop move
8 ♜  .  .  .  .  ♗  .  .  
7 .  ♞  ♟  ♗  .  ♔  ♙  ♙  
6 .  ♙  .  .  .  ♙  .  .  
5 .  .  .  ♙  .  .  .  .  
4 .  .  .  ♖  .  .  .  .  
3 .  .  .  .  .  .  ♝  ♟  
2 .  .  .  .  .  ♟  ♟  .  
1 .  .  .  .  .  .  ♚  .  
  a  b  c  d  e  f  g  h

===== 3973 ===== 
[e4, g5, d4, h6, h4, g4, Nc3, Bg7, Be3, d6, Bc4, c6, a4, Qa5, Ne2] ...
Ne2 Gives us inValid move: more than one valid move, The notation is disambiguous
8 ♖  ♘  ♗  .  ♔  .  ♘  ♖  
7 ♙  ♙  .  .  ♙  ♙  ♗  .  
6 .  .  ♙  ♙  .  .  .  ♙  
5 ♕  .  .  .  .  .  .  .  
4 ♟  .  ♝  ♟  ♟  .  ♙  ♟  
3 .  .  ♞  .  ♝  .  .  .  
2 .  ♟  ♟  .  .  ♟  ♟  .  
1 ♜  .  .  ♛  ♚  .  ♞  ♜  
  a  b  c  d  e  f  g  h

===== 4006 ===== 
[e4, e6, d4, d5, e5, c5, c3, Qa5, dxc5, Qc7, Nf3, Bxc5, Bd3, Nc6, Bf4, Nge7, Qe2, f5, h4, h6, b4, Bb6, a4, a6, h5, g5, hxg6] ...
hxg6 Gives us inValid move: No such move for piece found: []
8 ♖  .  ♗  .  ♔  .  .  ♖  
7 .  ♙  ♕  .  ♘  .  .  .  
6 ♙  ♗  ♘  .  ♙  .  .  ♙  
5 .  .  .  ♙  ♟  ♙  ♙  ♟  
4 ♟  ♟  .  .  .  ♝  .  .  
3 .  .  ♟  ♝  .  ♞  .  .  
2 .  .  .  .  ♛  ♟  ♟  .  
1 ♜  ♞  .  .  ♚  .  .  ♜  
  a  b  c  d  e  f  g  h

===== 4018 ===== 
[e4, c5, Nf3, d6, Bb5+, Nd7, d4, cxd4, Nxd4, Nf6] ...
Nf6 Gives us inValid move: more than one valid move, The notation is disambiguous
8 ♖  .  ♗  ♕  ♔  ♗  ♘  ♖  
7 ♙  ♙  .  ♘  ♙  ♙  ♙  ♙  
6 .  .  .  ♙  .  .  .  .  
5 .  ♝  .  .  .  .  .  .  
4 .  .  .  ♞  ♟  .  .  .  
3 .  .  .  .  .  .  .  .  
2 ♟  ♟  ♟  .  .  ♟  ♟  ♟  
1 ♜  ♞  ♝  ♛  ♚  .  .  ♜  
  a  b  c  d  e  f  g  h

===== 4026 ===== 
[d4, Nf6, Nf3, d5, e3, c5, dxc5, e6, b4, a5, c3, axb4, cxb4, b6, Bb5+, Bd7, Bxd7+, Nbxd7, a4, bxc5, b5, g5, Bb2, Bd6, Nfd2, Ne5, O-O, g4, Qe2, Rg8, Rd1, Qe7, b6, c4, a5, Nd3, Ba3, Bxa3, Nxa3, Kf8, Naxc4, dxc4, Nxc4, Nc5, Qb2, Kg7, Ne5, Ra6, Nxg4, Rga8, Qe5, Ne4] ...
Ne4 Gives us inValid move: more than one valid move, The notation is disambiguous
8 ♖  .  .  .  .  .  .  .  
7 .  .  .  .  ♕  ♙  ♔  ♙  
6 ♖  ♟  .  .  ♙  ♘  .  .  
5 ♟  .  ♘  .  ♛  .  .  .  
4 .  .  .  .  .  .  ♞  .  
3 .  .  .  .  ♟  .  .  .  
2 .  .  .  .  .  ♟  ♟  ♟  
1 ♜  .  .  ♜  .  .  ♚  .  
  a  b  c  d  e  f  g  h

===== 4031 ===== 
[e4, e5, Nf3, Nc6, Bb5, Nf6, O-O, Nxe4, Re1, Nd6, Nxe5, Nxe5, Rxe5+, Be7, Bf1, O-O, Nc3, Bf6, Re1, Re8, Nd5, Rxe1, Qxe1, Bh4, d4, c6, Bf4, Ne8, Nc7, Nxc7, Bxc7, Qe7, d5, cxd5, Bg3, Bf6, Qxe7, Bxe7, Rd1, d6, Rxd5, Be6, Rd1, Rc8, Bd3, Bf6, b3, d5, f3, a6, Bf2, h5, g3, g6, Kg2, Kg7, a4, Bd7, h3, b5, axb5, Bxb5, Bxb5, axb5, Rd2, d4, g4, Be5, Bxd4, Bxd4, Rxd4, Rxc2+, Kg3, Rc3, b4, h4+, Kxh4, Rxf3, g5, f5, gxf6+] ...
gxf6+ Gives us inValid move: No such move for piece found: []
8 .  .  .  .  .  .  .  .  
7 .  .  .  .  .  .  ♔  .  
6 .  .  .  .  .  .  ♙  .  
5 .  ♙  .  .  .  ♙  ♟  .  
4 .  ♟  .  ♜  .  .  .  ♚  
3 .  .  .  .  .  ♖  .  ♟  
2 .  .  .  .  .  .  .  .  
1 .  .  .  .  .  .  .  .  
  a  b  c  d  e  f  g  h

===== 4037 ===== 
[e4, c5, Nc3, e6, Nf3, Nc6, Bb5, Nge7, O-O, a6, Bxc6, Nxc6, d4, cxd4, Nxd4, Be7, Nxc6, dxc6, e5, O-O, Qg4, f5, exf6] ...
exf6 Gives us inValid move: No such move for piece found: []
8 ♖  .  ♗  ♕  .  ♖  ♔  .  
7 .  ♙  .  .  ♗  .  ♙  ♙  
6 ♙  .  ♙  .  ♙  .  .  .  
5 .  .  .  .  ♟  ♙  .  .  
4 .  .  .  .  .  .  ♛  .  
3 .  .  ♞  .  .  .  .  .  
2 ♟  ♟  ♟  .  .  ♟  ♟  ♟  
1 ♜  .  ♝  .  .  ♜  ♚  .  
  a  b  c  d  e  f  g  h

===== 4064 ===== 
[e4, c5, Nc3, d6, Bb5+, Bd7, Bxd7+, Qxd7, d4, cxd4, Qxd4, Nc6, Qd3, g6, Nf3, Bg7, O-O, Nf6, Nd5, O-O, Bg5, Ne8, Rad1, Nc7, c3, Ne6, Be3, Rfd8, Rfe1, Rac8, h4, h5, Qe2, Nc7, Bg5, Re8, Qe3, b6, Bh6, Nxd5, exd5, Ne5, Bxg7, Nxf3+, Qxf3, Kxg7, Rd4, e5, dxe6] ...
dxe6 Gives us inValid move: No such move for piece found: []
8 .  .  ♖  .  ♖  .  .  .  
7 ♙  .  .  ♕  .  ♙  ♔  .  
6 .  ♙  .  ♙  .  .  ♙  .  
5 .  .  .  ♟  ♙  .  .  ♙  
4 .  .  .  ♜  .  .  .  ♟  
3 .  .  ♟  .  .  ♛  .  .  
2 ♟  ♟  .  .  .  ♟  ♟  .  
1 .  .  .  .  ♜  .  ♚  .  
  a  b  c  d  e  f  g  h

===== 4072 ===== 
[e4, c5, Nc3, Nc6, Nf3, e6, d4, cxd4, Nxd4, Qc7, Be3, a6, a3, b5, Nxc6, dxc6, Qg4, Nf6, Qg3, Qxg3, hxg3, Nd7, g4, Bb7, g5, c5, f3, g6, Kf2, Bg7, Be2, Rc8, Rad1, Ke7, Rd2, Rc7, Bf4, Ne5, Nd1, Rd7, Rxd7+, Nxd7, b3, Bd4+, Be3, Bc6, Ke1, a5, Kd2, Be5, Nf2, b4, a4, Bc3+, Kc1, Bd4, Ng4, h5, gxh6] ...
gxh6 Gives us inValid move: No such move for piece found: [White pawn can only capture up diagonally]
8 .  .  .  .  .  .  .  ♖  
7 .  .  .  ♘  ♔  ♙  .  .  
6 .  .  ♗  .  ♙  .  ♙  .  
5 ♙  .  ♙  .  .  .  ♟  ♙  
4 ♟  ♙  .  ♗  ♟  .  ♞  .  
3 .  ♟  .  .  ♝  ♟  .  .  
2 .  .  ♟  .  ♝  .  ♟  .  
1 .  .  ♚  .  .  .  .  ♜  
  a  b  c  d  e  f  g  h

===== 4071 ===== 
[d4, Nf6, c4, e6, Nc3, Bb4, e3, O-O, Bd3, d5, cxd5, exd5, Ne2] ...
Ne2 Gives us inValid move: more than one valid move, The notation is disambiguous
8 ♖  ♘  ♗  ♕  .  ♖  ♔  .  
7 ♙  ♙  ♙  .  .  ♙  ♙  ♙  
6 .  .  .  .  .  ♘  .  .  
5 .  .  .  ♙  .  .  .  .  
4 .  ♗  .  ♟  .  .  .  .  
3 .  .  ♞  ♝  ♟  .  .  .  
2 ♟  ♟  .  .  .  ♟  ♟  ♟  
1 ♜  .  ♝  ♛  ♚  .  ♞  ♜  
  a  b  c  d  e  f  g  h

===== 4083 ===== 
[d4, Nf6, c4, g6, Bg5, d5, Bxf6, exf6, cxd5, Qxd5, Nc3, Qa5, a3, Nd7, e3, c6, g3, f5, Bg2, Nf6, Ne2] ...
Ne2 Gives us inValid move: more than one valid move, The notation is disambiguous
8 ♖  .  ♗  .  ♔  ♗  .  ♖  
7 ♙  ♙  .  .  .  ♙  .  ♙  
6 .  .  ♙  .  .  ♘  ♙  .  
5 ♕  .  .  .  .  ♙  .  .  
4 .  .  .  ♟  .  .  .  .  
3 ♟  .  ♞  .  ♟  .  ♟  .  
2 .  ♟  .  .  .  ♟  ♝  ♟  
1 ♜  .  .  ♛  ♚  .  ♞  ♜  
  a  b  c  d  e  f  g  h

===== 4094 ===== 
[Nf3, Nf6, c4, c5, Nc3, Nc6, e3, e6, d4, d5, a3, dxc4, Bxc4, a6, O-O, b5, Ba2, Bb7, Qe2, cxd4, Rd1, b4, exd4, bxc3, d5, Nxd5, Rxd5, Qc8, Rd3, Be7, Rxc3, Bf6, Rc2, O-O, Be3, Qb8, Rac1, Ne7, Bc5, Re8, b4, Nd5, g3, h6, Bc4, a5, b5, a4, Bd3, Qd8, Qe4, g6, Ne5, Bxe5, Qxe5, Qg5, Bd4, Qxe5, Bxe5, Rec8, Rxc8+, Rxc8, Rxc8+, Bxc8, Bd4, Kf8, Bc2, Ke7, b6, Kd6, f4, g5, fxg5, hxg5, Bxa4, e5, Bf2, g4, Be8, f5, a4, Ba6, a5, Nc3, Be1, Ne2+, Kf2, Nd4, Ba4, f4, Bd1, f3, Bc3, Kc5, Bd2, Kc4, Be3, Kd3, Ba4, e4, Bd7, Nc2, Bb5+, Bxb5, b7, Nxe3, b8=Q, Nd1+, Kg1, f2+, Kg2, Bc4, Qb1+] ...
Qb1+ Gives us inValid move: Pawn can move diagonally only when capturing
8 .  .  .  .  .  .  .  .  
7 .  ♟  .  .  .  .  .  .  
6 .  .  .  .  .  .  .  .  
5 ♟  .  .  .  .  .  .  .  
4 .  .  ♗  .  ♙  .  ♙  .  
3 .  .  .  ♔  .  .  ♟  .  
2 .  .  .  .  .  ♙  ♚  ♟  
1 .  .  .  ♘  .  .  .  .  
  a  b  c  d  e  f  g  h

===== 4137 ===== 
[d4, c5, d5, e5, e4, d6, Bb5+, Nd7, a4, a6, Bd3, Be7, Na3, Bg5, Nc4, Be7, a5, Ngf6, Ne2, O-O, Ng3, Re8, Nf5, Nf8, Qf3, Ng6, O-O, Rb8, g3, Bxf5, Qxf5, Qd7, Qxd7, Nxd7, h4, Ngf8, Kg2, Rec8, Bg5, Bxg5, hxg5, b5, axb6] ...
axb6 Gives us inValid move: No such move for piece found: []
8 .  ♖  ♖  .  .  ♘  ♔  .  
7 .  .  .  ♘  .  ♙  ♙  ♙  
6 ♙  .  .  ♙  .  .  .  .  
5 ♟  ♙  ♙  ♟  ♙  .  ♟  .  
4 .  .  ♞  .  ♟  .  .  .  
3 .  .  .  ♝  .  .  ♟  .  
2 .  ♟  ♟  .  .  ♟  ♚  .  
1 ♜  .  .  .  .  ♜  .  .  
  a  b  c  d  e  f  g  h

===== 4139 ===== 
[d4, d5, Nf3, Nf6, Bf4, Bf5, c4, e6, Qb3, Nc6, Nbd2, Na5, Qa4+, c6, c5, b5, Qd1, Nc4, Qc1, a5, e3, Be7, Be2, O-O, O-O, a4, b3, Nxd2, Qxd2, Ne4, Qb4, Qa5, Qxa5, Rxa5, Ne5, Rc8, Rfc1, b4, Bf1, f6, Nd3, Rca8, Nxb4, axb3, Nxc6, b2, Nxe7+, Kf7, Nxf5, exf5, Rab1, bxc1=Q, Rxc1] ...
Rxc1 Gives us inValid move: Pawn can move diagonally only when capturing
8 ♖  .  .  .  .  .  .  .  
7 .  .  .  .  .  ♔  ♙  ♙  
6 .  .  .  .  .  ♙  .  .  
5 ♖  .  ♟  ♙  .  ♙  .  .  
4 .  .  .  ♟  ♘  ♝  .  .  
3 .  .  .  .  ♟  .  .  .  
2 ♟  ♙  .  .  .  ♟  ♟  ♟  
1 .  ♜  ♜  .  .  ♝  ♚  .  
  a  b  c  d  e  f  g  h

===== 4143 ===== 
[c4, e5, Nc3, d6, Nf3, f5, g3, Be7, h4, Nf6, d4, e4, Ng5, c6, d5, Na6, Bg2, O-O, O-O, Nc7, Nh3, Ng4, Bf4, c5, f3, exf3, exf3, Ne5, b3, Bf6, Qc2, Bd7, a4, h6, Qd2, a6, a5, Qe8, Rae1, Qf7, Be3, Rab8, Ne2, b5, axb6] ...
axb6 Gives us inValid move: No such move for piece found: []
8 .  ♖  .  .  .  ♖  ♔  .  
7 .  .  ♘  ♗  .  ♕  ♙  .  
6 ♙  .  .  ♙  .  ♗  .  ♙  
5 ♟  ♙  ♙  ♟  ♘  ♙  .  .  
4 .  .  ♟  .  .  .  .  ♟  
3 .  ♟  .  .  ♝  ♟  ♟  ♞  
2 .  .  .  ♛  ♞  .  ♝  .  
1 .  .  .  .  ♜  ♜  ♚  .  
  a  b  c  d  e  f  g  h

===== 4144 ===== 
[d4, Nf6, c4, e6, Nc3, Bb4, e3, b6, Ne2] ...
Ne2 Gives us inValid move: more than one valid move, The notation is disambiguous
8 ♖  ♘  ♗  ♕  ♔  .  .  ♖  
7 ♙  .  ♙  ♙  .  ♙  ♙  ♙  
6 .  ♙  .  .  ♙  ♘  .  .  
5 .  .  .  .  .  .  .  .  
4 .  ♗  ♟  ♟  .  .  .  .  
3 .  .  ♞  .  ♟  .  .  .  
2 ♟  ♟  .  .  .  ♟  ♟  ♟  
1 ♜  .  ♝  ♛  ♚  ♝  ♞  ♜  
  a  b  c  d  e  f  g  h

===== 4159 ===== 
[d4, Nf6, Nc3, d5, Bf4, e6, e3, Bb4, Bd3, c5, dxc5, Nc6, Nf3, Bxc5, O-O, Bb4, Qe2, O-O, e4, Bxc3, bxc3, dxe4, Bxe4, Nxe4, Qxe4, Qd5, Qxd5, exd5, Nd4, Nxd4, cxd4, Bf5, Rab1, b6, Rb5, Rfd8, Rc1, Be6, c3, Rac8, Kf1, Rc4, Rb4, Rdc8, Rxc4, Rxc4, Ke2, Kf8, Kd2, Ke7, Rb1, Ra4, Rb2, Kd7, h4, f6, h5, g5, hxg6] ...
hxg6 Gives us inValid move: No such move for piece found: []
8 .  .  .  .  .  .  .  .  
7 ♙  .  .  ♔  .  .  .  ♙  
6 .  ♙  .  .  ♗  ♙  .  .  
5 .  .  .  ♙  .  .  ♙  ♟  
4 ♖  .  .  ♟  .  ♝  .  .  
3 .  .  ♟  .  .  .  .  .  
2 ♟  ♜  .  ♚  .  ♟  ♟  .  
1 .  .  .  .  .  .  .  .  
  a  b  c  d  e  f  g  h

===== 4167 ===== 
[d4, e6, c4, b6, Nf3, Bb7, g3, Bb4+, Bd2, Bxf3, exf3, Bxd2+, Qxd2, Ne7, Nc3, O-O, f4, d5, Bg2, c6, b3, Nd7, O-O, Nf6, a4, a5, Rac1, Qd7, cxd5, cxd5, Nb5, Rfc8, Rxc8+, Rxc8, Rc1, h6, Rc3, Rxc3, Qxc3, Nc6, f3, Ne8, Bf1, g6, Na3, Nd6, Bb5, Nxb5, Nxb5, Kg7, Kg2, Nb4, Qe3, Nc6, h4, h5, Qe1, Kg8, Qc3, Nb4, Kf2, Kf8, Ke2, Ke7, Kd2, Nc6, Qe3, Kd8, Qe1, Kc8, Qc1, Kb7, Qc3, Qe7, Kc2, f6, Kb2, Qd7, Qe1, Nb4, Qc3, Na6, Qe3, Nc7, Nxc7, Kxc7, Qc3+, Kb7, Qd3, Qe8, Qe2, Qe7, Qd3, Qb4, Kc2, f5, Qe3, Qd6, Qe5, Qc6+, Kd2, b5, axb5, Qxb5, Qxe6, Qxb3, Qd7+, Kb6, Qd6+, Kb5, Qxg6, a4, Qxf5, Kc4, Qc2+, Qxc2+, Kxc2, Kxd4, g4, hxg4, fxg4, Ke3, h5, d4, h6, Ke2, h7, d3+, Kb2, d2, h8=Q, d1=Q, Qe5+, Kf3, g5, Qb3+] ...
Qb3+ Gives us inValid move: Pawn can move diagonally only when capturing
8 .  .  .  .  .  .  .  .  
7 .  .  .  .  .  .  .  .  
6 .  .  .  .  .  .  .  .  
5 .  .  .  .  ♛  .  ♟  .  
4 ♙  .  .  .  .  ♟  .  .  
3 .  .  .  .  .  ♔  .  .  
2 .  ♚  .  ♙  .  .  .  .  
1 .  .  .  .  .  .  .  .  
  a  b  c  d  e  f  g  h

===== 4163 ===== 
[d4, Nf6, c4, g6, Bg5, Bg7, Nc3, d6, e4, O-O, Qd2, c5, d5, a6, a4, e6, Bd3, Re8, Nf3, exd5, cxd5, Bg4, Ng1, c4, Bb1, Qb6, f3, Bc8, a5, Qc7, Nge2, Nbd7, O-O, Nc5, Bc2, Bd7, Kh1, b5, axb6] ...
axb6 Gives us inValid move: No such move for piece found: []
8 ♖  .  .  .  ♖  .  ♔  .  
7 .  .  ♕  ♗  .  ♙  ♗  ♙  
6 ♙  .  .  ♙  .  ♘  ♙  .  
5 ♟  ♙  ♘  ♟  .  .  ♝  .  
4 .  .  ♙  .  ♟  .  .  .  
3 .  .  ♞  .  .  ♟  .  .  
2 .  ♟  ♝  ♛  ♞  .  ♟  ♟  
1 ♜  .  .  .  .  ♜  .  ♚  
  a  b  c  d  e  f  g  h

===== 4162 ===== 
[d4, Nf6, c4, e6, Nc3, Bb4, e3, b6, Ne2] ...
Ne2 Gives us inValid move: more than one valid move, The notation is disambiguous
8 ♖  ♘  ♗  ♕  ♔  .  .  ♖  
7 ♙  .  ♙  ♙  .  ♙  ♙  ♙  
6 .  ♙  .  .  ♙  ♘  .  .  
5 .  .  .  .  .  .  .  .  
4 .  ♗  ♟  ♟  .  .  .  .  
3 .  .  ♞  .  ♟  .  .  .  
2 ♟  ♟  .  .  .  ♟  ♟  ♟  
1 ♜  .  ♝  ♛  ♚  ♝  ♞  ♜  
  a  b  c  d  e  f  g  h

===== 4169 ===== 
[Nf3, Nf6, c4, e6, Nc3, d5, e3, c5, d4, a6, cxd5, exd5, Bd3, c4, Bc2, b5, a3, Bb7, Ne5, Bd6, f4, Nbd7, O-O, O-O, Qf3, Re8, g4, Nb6, g5, Ne4, Nxe4, dxe4, Qh5, Qc7, Bd2, a5, Ng4, Nd5, f5, Ra6, f6, g6, Qh4, Bf8, Be1, h5, gxh6] ...
gxh6 Gives us inValid move: No such move for piece found: []
8 .  .  .  .  ♖  ♗  ♔  .  
7 .  ♗  ♕  .  .  ♙  .  .  
6 ♖  .  .  .  .  ♟  ♙  .  
5 ♙  ♙  .  ♘  .  .  ♟  ♙  
4 .  .  ♙  ♟  ♙  .  ♞  ♛  
3 ♟  .  .  .  ♟  .  .  .  
2 .  ♟  ♝  .  .  .  .  ♟  
1 ♜  .  .  .  ♝  ♜  ♚  .  
  a  b  c  d  e  f  g  h

===== 4178 ===== 
[d4, Nf6, c4, e6, Nc3, Bb4, e3, O-O, Bd3, b6, Ne2] ...
Ne2 Gives us inValid move: more than one valid move, The notation is disambiguous
8 ♖  ♘  ♗  ♕  .  ♖  ♔  .  
7 ♙  .  ♙  ♙  .  ♙  ♙  ♙  
6 .  ♙  .  .  ♙  ♘  .  .  
5 .  .  .  .  .  .  .  .  
4 .  ♗  ♟  ♟  .  .  .  .  
3 .  .  ♞  ♝  ♟  .  .  .  
2 ♟  ♟  .  .  .  ♟  ♟  ♟  
1 ♜  .  ♝  ♛  ♚  .  ♞  ♜  
  a  b  c  d  e  f  g  h

===== 4184 ===== 
[e4, c6, d4, d5, e5, Bf5, Nf3, e6, Be2, c5, Be3, Qb6, Nc3, Nc6, Na4, Qa5+, c3, c4, b4, Qd8, O-O, Be7, Nd2, Bg6, g4, h5, gxh5, Bf5, Bg4, Bd3, Re1, Nh6, Bf3, Bh7, Nf1, Nf5, Ng3, Qd7, Nc5, Qc8, Bg4, b6, Na4, Qd7, Nb2, O-O-O, Qf3, Rdf8, Nxf5, Bxf5, Bxf5, exf5, Bf4, Rd8, Nd1, Qe6, b5, Na5, Ne3, g5, hxg6] ...
hxg6 Gives us inValid move: No such move for piece found: [White pawn can only capture up diagonally]
8 .  .  ♔  ♖  .  .  .  ♖  
7 ♙  .  .  .  ♗  ♙  .  .  
6 .  ♙  .  .  ♕  .  .  .  
5 ♘  ♟  .  ♙  ♟  ♙  ♙  ♟  
4 .  .  ♙  ♟  .  ♝  .  .  
3 .  .  ♟  .  ♞  ♛  .  .  
2 ♟  .  .  .  .  ♟  .  ♟  
1 ♜  .  .  .  ♜  .  ♚  .  
  a  b  c  d  e  f  g  h

===== 4190 ===== 
[d4, Nf6, c4, e6, Nf3, Bb4+, Nbd2, b6, a3, Bxd2+, Qxd2, Bb7, e3, d5, b3, Nbd7, Bb2, O-O, Be2, dxc4, bxc4, c5, O-O, cxd4, exd4, Qc7, Rfc1, Rac8, h3, Rfd8, Qe3, Nf8, a4, Ng6, Bf1, Re8, a5, h6, axb6, axb6, Ra3, Qb8, Rb3, Qc7, Ba1, Rb8, Rcb1, Be4, Re1, Ra8, Qc3, Ra4, Ne5, Ne7, Ng4, Nxg4, hxg4, Bg6, d5, f6, Rxe6, Nc8, Rxe8+, Bxe8, Ra3, Nd6, Rxa4, Bxa4, Qb4, Bd7, Bd4, Nc8, c5, bxc5, Bxc5, Bxg4, d6, Qd7, Bb5, Qe6, d7, Qd5, dxc8=Q+, Bxc8] ...
Bxc8 Gives us inValid move: Path is blocked by another piece
8 .  .  ♘  .  .  .  ♔  .  
7 .  .  .  ♟  .  .  ♙  .  
6 .  .  .  .  .  ♙  .  ♙  
5 .  ♝  ♝  ♕  .  .  .  .  
4 .  ♛  .  .  .  .  ♗  .  
3 .  .  .  .  .  .  .  .  
2 .  .  .  .  .  ♟  ♟  .  
1 .  .  .  .  .  .  ♚  .  
  a  b  c  d  e  f  g  h

===== 4197 ===== 
[e4, e6, d4, d5, e5, c5, c3, Nc6, Nf3, Qb6, a3, c4, Nbd2, Na5, Rb1, Bd7, h4, Ne7, h5, h6, b4, cxb3] ...
cxb3 Gives us inValid move: No such move for piece found: []
8 ♖  .  .  .  ♔  ♗  .  ♖  
7 ♙  ♙  .  ♗  ♘  ♙  ♙  .  
6 .  ♕  .  .  ♙  .  .  ♙  
5 ♘  .  .  ♙  ♟  .  .  ♟  
4 .  ♟  ♙  ♟  .  .  .  .  
3 ♟  .  ♟  .  .  ♞  .  .  
2 .  .  .  ♞  .  ♟  ♟  .  
1 .  ♜  ♝  ♛  ♚  ♝  .  ♜  
  a  b  c  d  e  f  g  h

===== 4200 ===== 
[d4, Nf6, c4, e6, Nf3, Bb4+, Bd2, Qe7, g3, Bxd2+, Qxd2, Nc6, b3, a5, Nc3, d5, Bg2, O-O, O-O, Rd8, Rfd1, Bd7, e3, Be8, Qb2, h6, Rac1, Nb4, a3, Na6, Ne5, Rac8, c5, Nd7, Nxd7, Bxd7, b4, axb4, axb4, c6, e4, Nc7, h4, Ra8, Re1, Qf6, Rcd1, Be8, Re3, Rab8, e5, Qe7, Bf1, b6, Qd2, bxc5, bxc5, f5, exf6] ...
exf6 Gives us inValid move: No such move for piece found: []
8 .  ♖  .  ♖  ♗  .  ♔  .  
7 .  .  ♘  .  ♕  .  ♙  .  
6 .  .  ♙  .  ♙  .  .  ♙  
5 .  .  ♟  ♙  ♟  ♙  .  .  
4 .  .  .  ♟  .  .  .  ♟  
3 .  .  ♞  .  ♜  .  ♟  .  
2 .  .  .  ♛  .  ♟  .  .  
1 .  .  .  ♜  .  ♝  ♚  .  
  a  b  c  d  e  f  g  h

===== 4201 ===== 
[e4, e6, d4, d5, Nc3, Bb4, e5, c5, a3, Bxc3+, bxc3, Ne7, h4, Qc7, h5, h6, Rh3, b6, a4, Ba6, Bb5+, Bxb5, axb5, a5, bxa6] ...
bxa6 Gives us inValid move: No such move for piece found: []
8 ♖  ♘  .  .  ♔  .  .  ♖  
7 .  .  ♕  .  ♘  ♙  ♙  .  
6 .  ♙  .  .  ♙  .  .  ♙  
5 ♙  ♟  ♙  ♙  ♟  .  .  ♟  
4 .  .  .  ♟  .  .  .  .  
3 .  .  ♟  .  .  .  .  ♜  
2 .  .  ♟  .  .  ♟  ♟  .  
1 ♜  .  ♝  ♛  ♚  .  ♞  .  
  a  b  c  d  e  f  g  h

===== 4210 ===== 
[d4, Nf6, c4, e6, Nc3, d5, cxd5, Nxd5, e3, c5, Bd3, Nc6, Nf3, Be7, a3, O-O, Nxd5, Qxd5, Qc2, h6, Bh7+, Kh8, Be4, Qd6, dxc5, Qxc5, Qxc5, Bxc5, b4, Be7, Bb2, Bd7, Ke2, Rfd8, Rhd1, Kg8, Rac1, Be8, Rxd8, Rxd8, g4, a6, h4, Kf8, g5, hxg5, hxg5, f5, gxf6] ...
gxf6 Gives us inValid move: No such move for piece found: []
8 .  .  .  ♖  ♗  ♔  .  .  
7 .  ♙  .  .  ♗  .  ♙  .  
6 ♙  .  ♘  .  ♙  .  .  .  
5 .  .  .  .  .  ♙  ♟  .  
4 .  ♟  .  .  ♝  .  .  .  
3 ♟  .  .  .  ♟  ♞  .  .  
2 .  ♝  .  .  ♚  ♟  .  .  
1 .  .  ♜  .  .  .  .  .  
  a  b  c  d  e  f  g  h

===== 4231 ===== 
[d4, Nf6, Nf3, g6, Bf4, Bg7, c3, Nh5, Be5, Bxe5, Nxe5, d6, Nf3, O-O, e3, Nc6, Be2, e5, O-O, f5, b4, e4, Nfd2, Nf6, b5, Ne7, c4, c5, bxc6] ...
bxc6 Gives us inValid move: No such move for piece found: []
8 ♖  .  ♗  ♕  .  ♖  ♔  .  
7 ♙  ♙  .  .  ♘  .  .  ♙  
6 .  .  .  ♙  .  ♘  ♙  .  
5 .  ♟  ♙  .  .  ♙  .  .  
4 .  .  ♟  ♟  ♙  .  .  .  
3 .  .  .  .  ♟  .  .  .  
2 ♟  .  .  ♞  ♝  ♟  ♟  ♟  
1 ♜  ♞  .  ♛  .  ♜  ♚  .  
  a  b  c  d  e  f  g  h

===== 4245 ===== 
[e4, e6, d4, d5, e5, c5, c3, Nc6, Nf3, Bd7, a3, c4, Nbd2, Na5, h4, Ne7, h5, h6, Rb1, Qc7, Rh3, Nc8, b4, cxb3] ...
cxb3 Gives us inValid move: No such move for piece found: []
8 ♖  .  ♘  .  ♔  ♗  .  ♖  
7 ♙  ♙  ♕  ♗  .  ♙  ♙  .  
6 .  .  .  .  ♙  .  .  ♙  
5 ♘  .  .  ♙  ♟  .  .  ♟  
4 .  ♟  ♙  ♟  .  .  .  .  
3 ♟  .  ♟  .  .  ♞  .  ♜  
2 .  .  .  ♞  .  ♟  ♟  .  
1 .  ♜  ♝  ♛  ♚  ♝  .  .  
  a  b  c  d  e  f  g  h

===== 4257 ===== 
[d4, Nf6, Nf3, d5, Bf4, c5, e3, Nc6, Nbd2, Nh5, dxc5, Nxf4, exf4, g6, c3, Bh6, g3, Bg7, Nb3, a5, Bb5, Bh3, Ng5, Bf5, Nd4, Bd7, O-O, e5, Ndf3, h6, Qxd5, hxg5, Nxg5, O-O, Rad1, Bg4, f3, Qxd5, Rxd5, Ne7, Rd2, Bf5, g4, Bc8, Re1, exf4, Rxe7, Bf6, Rxf7, Rxf7, Nxf7, Kxf7, Rd6, Be7, Bc4+, Kg7, Rd5, g5, Kg2, Kf6, Rd2, a4, b4, axb3] ...
axb3 Gives us inValid move: No such move for piece found: []
8 ♖  .  ♗  .  .  .  .  .  
7 .  ♙  .  .  ♗  .  .  .  
6 .  .  .  .  .  ♔  .  .  
5 .  .  ♟  .  .  .  ♙  .  
4 ♙  ♟  ♝  .  .  ♙  ♟  .  
3 .  .  ♟  .  .  ♟  .  .  
2 ♟  .  .  ♜  .  .  ♚  ♟  
1 .  .  .  .  .  .  .  .  
  a  b  c  d  e  f  g  h

===== 4273 ===== 
[e4, e6, d4, d5, Bd3, dxe4, Bxe4, Nf6, Bf3, c5, Ne2, Be7, Be3, O-O, Nbc3, Nc6, dxc5, Ne5, Qxd8, Rxd8, O-O, Nxf3+, gxf3, Bd7, b4, Rdc8, a3, Bc6, Nd4, Be8, Ndb5, a6, Nd4, b6, Nb3, Nd7, Na4, bxc5, Naxc5, Ne5, f4, Nf3+, Kg2, Bc6, Kg3, Nh4, f3, Nf5+, Kf2, Bh4+, Ke2, Bb5+, Kd2, Bxf1, Rxf1, Be7, Bf2, a5, bxa5, Bd6, c4, Bxf4+, Kc3, Bxh2, a6, Bd6, Rd1, h5, a4, h4, Nb7, Rxa6, a5, h3, Bb6, Be5+, Kb4, h2, N3c5, Raa8, a6, Ng3, Nd7, Bf4, c5, h1=Q, Rxh1] ...
Rxh1 Gives us inValid move: Pawn can move diagonally only when capturing
8 ♖  .  ♖  .  .  .  ♔  .  
7 .  ♞  .  ♞  .  ♙  ♙  .  
6 ♟  ♝  .  .  ♙  .  .  .  
5 .  .  ♟  .  .  .  .  .  
4 .  ♚  .  .  .  ♗  .  .  
3 .  .  .  .  .  ♟  ♘  .  
2 .  .  .  .  .  .  .  ♙  
1 .  .  .  ♜  .  .  .  .  
  a  b  c  d  e  f  g  h

===== 4282 ===== 
[e4, e6, d4, d5, e5, c5, c3, Nc6, Nf3, Qb6, a3, c4, Nbd2, Na5, g3, Bd7, h4, O-O-O, Bh3, f5, exf6] ...
exf6 Gives us inValid move: No such move for piece found: []
8 .  .  ♔  ♖  .  ♗  ♘  ♖  
7 ♙  ♙  .  ♗  .  .  ♙  ♙  
6 .  ♕  .  .  ♙  .  .  .  
5 ♘  .  .  ♙  ♟  ♙  .  .  
4 .  .  ♙  ♟  .  .  .  ♟  
3 ♟  .  ♟  .  .  ♞  ♟  ♝  
2 .  ♟  .  ♞  .  ♟  .  .  
1 ♜  .  ♝  ♛  ♚  .  .  ♜  
  a  b  c  d  e  f  g  h

===== 4284 ===== 
[Nf3, d5, e3, c5, c4, d4, exd4, cxd4, d3, Nc6, g3, e5, Bg2, Bd6, O-O, Nge7, a3, a5, Nbd2, O-O, Re1, f6, Rb1, a4, b4, axb3] ...
axb3 Gives us inValid move: No such move for piece found: []
8 ♖  .  ♗  ♕  .  ♖  ♔  .  
7 .  ♙  .  .  ♘  .  ♙  ♙  
6 .  .  ♘  ♗  .  ♙  .  .  
5 .  .  .  .  ♙  .  .  .  
4 ♙  ♟  ♟  ♙  .  .  .  .  
3 ♟  .  .  ♟  .  ♞  ♟  .  
2 .  .  .  ♞  .  ♟  ♝  ♟  
1 .  ♜  ♝  ♛  ♜  .  ♚  .  
  a  b  c  d  e  f  g  h

===== 4286 ===== 
[e4, e6, d4, d5, e5, c5, c3, Nc6, Nf3, Qb6, a3, c4, Nbd2, Na5, Be2, Bd7, O-O, Ne7, h4, h6, h5, O-O-O, Nh2, Kb8, Rb1, Ka8, f4, Nc8, Bg4, f5, exf6] ...
exf6 Gives us inValid move: No such move for piece found: []
8 ♔  .  ♘  ♖  .  ♗  .  ♖  
7 ♙  ♙  .  ♗  .  .  ♙  .  
6 .  ♕  .  .  ♙  .  .  ♙  
5 ♘  .  .  ♙  ♟  ♙  .  ♟  
4 .  .  ♙  ♟  .  ♟  ♝  .  
3 ♟  .  ♟  .  .  .  .  .  
2 .  ♟  .  ♞  .  .  ♟  ♞  
1 .  ♜  ♝  ♛  .  ♜  ♚  .  
  a  b  c  d  e  f  g  h

===== 4301 ===== 
[e4, e6, d4, d5, exd5, exd5, Nf3, Nc6, Bb5, Bd6, O-O, Ne7] ...
Ne7 Gives us inValid move: more than one valid move, The notation is disambiguous
8 ♖  .  ♗  ♕  ♔  .  ♘  ♖  
7 ♙  ♙  ♙  .  .  ♙  ♙  ♙  
6 .  .  ♘  ♗  .  .  .  .  
5 .  ♝  .  ♙  .  .  .  .  
4 .  .  .  ♟  .  .  .  .  
3 .  .  .  .  .  ♞  .  .  
2 ♟  ♟  ♟  .  .  ♟  ♟  ♟  
1 ♜  ♞  ♝  ♛  .  ♜  ♚  .  
  a  b  c  d  e  f  g  h

===== 4302 ===== 
[d4, e6, c4, b6, e4, Bb7, Bd3, Bb4+, Kf1, Nc6, Nf3, Be7, Nc3, d6, g3, Nf6, Kg2, O-O, Re1, e5, d5, Nb4, Bf1, a5, a3, Na6, Rb1, Nc5, b4, axb4, axb4, Ncd7, Kg1, c5, dxc6] ...
dxc6 Gives us inValid move: No such move for piece found: []
8 ♖  .  .  ♕  .  ♖  ♔  .  
7 .  ♗  .  ♘  ♗  ♙  ♙  ♙  
6 .  ♙  .  ♙  .  ♘  .  .  
5 .  .  ♙  ♟  ♙  .  .  .  
4 .  ♟  ♟  .  ♟  .  .  .  
3 .  .  ♞  .  .  ♞  ♟  .  
2 .  .  .  .  .  ♟  .  ♟  
1 .  ♜  ♝  ♛  ♜  ♝  ♚  .  
  a  b  c  d  e  f  g  h

===== 4308 ===== 
[d4, c6, e4, d5, e5, Bf5, Nf3, e6, Be2, c5, Be3, Qb6, Nc3, Nc6, Na4, Qa5+, c3, c4, b4, Qd8, O-O, Be7, Qd2, Qd7, Bd1, Be4, Ng5, Bg6, Nb2, Rc8, a3, b5, Nh3, Bd8, Nf4, a6, a4, Nge7, h4, h5, g3, Nf5, Rc1, Rb8, a5, Be7, Bf3, Kd8, Qe2, Kc7, Nxh5, Rbg8, Nf4, Bh7, h5, Kb8, Bg4, Ka8, Nd1, Nh6, Bh3, Bf5, Bxf5, Nxf5, Qg4, Nh6, Qf3, Nf5, Bd2, g5, hxg6] ...
hxg6 Gives us inValid move: No such move for piece found: []
8 ♔  .  .  .  .  .  ♖  ♖  
7 .  .  .  ♕  ♗  ♙  .  .  
6 ♙  .  ♘  .  ♙  .  .  .  
5 ♟  ♙  .  ♙  ♟  ♘  ♙  ♟  
4 .  ♟  ♙  ♟  .  ♞  .  .  
3 .  .  ♟  .  .  ♛  ♟  .  
2 .  .  .  ♝  .  ♟  .  .  
1 .  .  ♜  ♞  .  ♜  ♚  .  
  a  b  c  d  e  f  g  h

===== 4307 ===== 
[Nf3, d5, e3, c5, Bb5+, Bd7, a4, Nf6, O-O, e6, d4, Nc6, Ne5, Nxe5, dxe5, Bxb5, axb5, Nd7, f4, Be7, e4, dxe4, Nc3, f5, exf6] ...
exf6 Gives us inValid move: No such move for piece found: []
8 ♖  .  .  ♕  ♔  .  .  ♖  
7 ♙  ♙  .  ♘  ♗  .  ♙  ♙  
6 .  .  .  .  ♙  .  .  .  
5 .  ♟  ♙  .  ♟  ♙  .  .  
4 .  .  .  .  ♙  ♟  .  .  
3 .  .  ♞  .  .  .  .  .  
2 .  ♟  ♟  .  .  .  ♟  ♟  
1 ♜  .  ♝  ♛  .  ♜  ♚  .  
  a  b  c  d  e  f  g  h

===== 4316 ===== 
[e4, e6, d4, d5, Nc3, Bb4, e5, c5, a3, Bxc3+, bxc3, Ne7, Qg4, O-O, Bd3, Qa5, Bd2, Nbc6, Nf3, f5, exf6] ...
exf6 Gives us inValid move: No such move for piece found: []
8 ♖  .  ♗  .  .  ♖  ♔  .  
7 ♙  ♙  .  .  ♘  .  ♙  ♙  
6 .  .  ♘  .  ♙  .  .  .  
5 ♕  .  ♙  ♙  ♟  ♙  .  .  
4 .  .  .  ♟  .  .  ♛  .  
3 ♟  .  ♟  ♝  .  ♞  .  .  
2 .  .  ♟  ♝  .  ♟  ♟  ♟  
1 ♜  .  .  .  ♚  .  .  ♜  
  a  b  c  d  e  f  g  h

===== 4320 ===== 
[e4, e6, d4, d5, Nc3, Bb4, exd5, exd5, Bd3, Ne7, Qf3, Be6, Ne2] ...
Ne2 Gives us inValid move: more than one valid move, The notation is disambiguous
8 ♖  ♘  .  ♕  ♔  .  .  ♖  
7 ♙  ♙  ♙  .  ♘  ♙  ♙  ♙  
6 .  .  .  .  ♗  .  .  .  
5 .  .  .  ♙  .  .  .  .  
4 .  ♗  .  ♟  .  .  .  .  
3 .  .  ♞  ♝  .  ♛  .  .  
2 ♟  ♟  ♟  .  .  ♟  ♟  ♟  
1 ♜  .  ♝  .  ♚  .  ♞  ♜  
  a  b  c  d  e  f  g  h

===== 4328 ===== 
[e4, e5, Nf3, Nc6, Bb5, a6, Ba4, Nf6, O-O, Be7, Re1, b5, Bb3, d6, c3, O-O, h3, Bb7, d4, Re8, Nbd2, Bf8, a4, h6, Bc2, Nb8, Bd3, c6, Nf1, Nbd7, Ng3, g6, Be3, Qc7, b4, Bg7, Qd2, Kh7, Qa2, Re7, Qb3, Qd8, dxe5, dxe5, c4, Kg8, Red1, Qc7, a5, Qc8, Rac1, Qe8, Bb1, Nh7, Ba2, Rc8, Rc2, Nhf8, Rcd2, Ne6, c5, Ndf8, Qc3, Nf4, Rd6, Kh7, Kh2, Rec7, R1d2, Qe7, Qa1, Re8, Qd1, Bc8, Ne2, Nxe2, Qxe2, Be6, Bxe6, Nxe6, g3, Qf6, Kg2, Bf8, R6d3, Rcc8, Qd1, Re7, Qa1, Bg7, Rd6, Ree8, Qd1, Rc7, R2d3, Bf8, Rd7, Re7, Rxc7, Rxc7, Bc1, Qg7, Rd7, Qf6, Bb2, Rxd7, Qxd7, Qe7, Nxe5, Qxd7, Nxd7, Bg7, e5, Nc7, Nb8, Kg8, Nxc6, Kf8, Kf3, Ke8, Ke4, Kd7, Nd4, f5+, exf6] ...
exf6 Gives us inValid move: No such move for piece found: []
8 .  .  .  .  .  .  .  .  
7 .  .  ♘  ♔  .  .  ♗  .  
6 ♙  .  .  .  .  .  ♙  ♙  
5 ♟  ♙  ♟  .  ♟  ♙  .  .  
4 .  ♟  .  ♞  ♚  .  .  .  
3 .  .  .  .  .  .  ♟  ♟  
2 .  ♝  .  .  .  ♟  .  .  
1 .  .  .  .  .  .  .  .  
  a  b  c  d  e  f  g  h

===== 4334 ===== 
[d4, Nf6, c4, d5, Nf3, c6, Nc3, dxc4, a4, Bg4, Ne5, Bh5, f3, e6, e4, Bb4, Be2, Nbd7, Nxc4, c5, Be3, O-O, O-O, cxd4, Bxd4, Qe7, Na2, Bc5, b4, Bxd4+, Qxd4, Rfd8, Qe3, Ne8, Rfd1, f6, a5, Bf7, Rab1, b5, axb6] ...
axb6 Gives us inValid move: No such move for piece found: []
8 ♖  .  .  ♖  ♘  .  ♔  .  
7 ♙  .  .  ♘  ♕  ♗  ♙  ♙  
6 .  .  .  .  ♙  ♙  .  .  
5 ♟  ♙  .  .  .  .  .  .  
4 .  ♟  ♞  .  ♟  .  .  .  
3 .  .  .  .  ♛  ♟  .  .  
2 ♞  .  .  .  ♝  .  ♟  ♟  
1 .  ♜  .  ♜  .  .  ♚  .  
  a  b  c  d  e  f  g  h

===== 4349 ===== 
[d4, Nf6, c4, e6, Nc3, Bb4, e3, O-O, Bd3, c5, Nf3, Nc6, O-O, Bxc3, bxc3, d6, e4, e5, h3, h6, a4, Rb8, Ra2, Bd7, d5, Ne7, Nh4, g5, Qf3, Nh7, Nf5, Nxf5, exf5, Re8, g4, Qf6, Be4, Kf8, a5, Ke7, Kg2, Kd8, Be3, Kc7, Rb2, Qd8, Qg3, Nf6, f3, Nxe4, fxe4, f6, h4, Rh8, Rh1, Qe7, Kf3, Rbg8, Rbh2, Qf8, Rh3, Ba4, Qh2, gxh4, Rxh4, Qg7, Qh3, Bb3, Rxh6, Rxh6, Bxh6, Qd7, Be3, Rg7, Qh6, Qf7, g5, fxg5, Qe6, g4+, Kg3, Qd7, f6, Rf7, Rh6, Bxc4, Qxd7+, Kxd7, Kxg4, Bd3, Kf5, b5, axb6] ...
axb6 Gives us inValid move: No such move for piece found: []
8 .  .  .  .  .  .  .  .  
7 ♙  .  .  ♔  .  ♖  .  .  
6 .  .  .  ♙  .  ♟  .  ♜  
5 ♟  ♙  ♙  ♟  ♙  ♚  .  .  
4 .  .  .  .  ♟  .  .  .  
3 .  .  ♟  ♗  ♝  .  .  .  
2 .  .  .  .  .  .  .  .  
1 .  .  .  .  .  .  .  .  
  a  b  c  d  e  f  g  h

===== 4350 ===== 
[e4, e6, d4, d5, Nc3, Bb4, e5, c5, a3, Bxc3+, bxc3, Ne7, h4, Qc7, h5, h6, Nf3, b6, Bb5+, Bd7, Bd3, Ba4, Rh4, c4, Bf1, Nbc6, Rf4, Rf8, g3, O-O-O, Bh3, Kb7, Kf1, a5, Kg1, Na7, Rg4, Rg8, Rf4, Rdf8, Nh4, Nb5, Bd2, Ka7, Ra2, Qd7, Qf3, Qe8, Qd1, Nc6, Rf3, Nb8, Qb1, Nd7, Rb2, Ka6, Ra2, Qe7, Qc1, Qe8, Qd1, Rh8, Bc1, g5, hxg6] ...
hxg6 Gives us inValid move: No such move for piece found: []
8 .  .  .  .  ♕  ♖  .  ♖  
7 .  .  .  ♘  .  ♙  .  .  
6 ♔  ♙  .  .  ♙  .  .  ♙  
5 ♙  ♘  .  ♙  ♟  .  ♙  ♟  
4 ♗  .  ♙  ♟  .  .  .  ♞  
3 ♟  .  ♟  .  .  ♜  ♟  ♝  
2 ♜  .  ♟  .  .  ♟  .  .  
1 .  .  ♝  ♛  .  .  ♚  .  
  a  b  c  d  e  f  g  h

===== 4358 ===== 
[e4, e5, Nf3, Nf6, d4, Nxe4, Bd3, d5, Nxe5, Nd7, Nc3, Bb4, O-O, Nxe5, dxe5, Nxc3, bxc3, Bxc3, Rb1, Qh4, Ba3, a5, Bb5+, c6, Qxd5, Bd7, Qc5, cxb5, e6, fxe6, Qxc3, b4, Qxg7, O-O-O, Bb2, Rhg8, Qe5, Rg5, Qe2, Rdg8, g3, Rh5, f3, Rxg3+, Kh1, Rg6, Rg1, Rhg5, Rxg5, Qxg5, Be5, Bb5, c4, bxc3] ...
bxc3 Gives us inValid move: No such move for piece found: [Black pawn can only capture down diagonally]
8 .  .  ♔  .  .  .  .  .  
7 .  ♙  .  .  .  .  .  ♙  
6 .  .  .  .  ♙  .  ♖  .  
5 ♙  ♗  .  .  ♝  .  ♕  .  
4 .  ♙  ♟  .  .  .  .  .  
3 .  .  .  .  .  ♟  .  .  
2 ♟  .  .  .  ♛  .  .  ♟  
1 .  ♜  .  .  .  .  .  ♚  
  a  b  c  d  e  f  g  h

===== 4375 ===== 
[d4, Nf6, Nf3, d6, Bg5, Nbd7, Nbd2, e5, e3, Be7, Be2, h6, Bh4, e4, Ng1, d5, c4, c5, cxd5, cxd4, d6, Bxd6, Nxe4, Qa5+, Nd2, dxe3, fxe3, Bc5, Nf3] ...
Nf3 Gives us inValid move: more than one valid move, The notation is disambiguous
8 ♖  .  ♗  .  ♔  .  .  ♖  
7 ♙  ♙  .  ♘  .  ♙  ♙  .  
6 .  .  .  .  .  ♘  .  ♙  
5 ♕  .  ♗  .  .  .  .  .  
4 .  .  .  .  .  .  .  ♝  
3 .  .  .  .  ♟  .  .  .  
2 ♟  ♟  .  ♞  ♝  .  ♟  ♟  
1 ♜  .  .  ♛  ♚  .  ♞  ♜  
  a  b  c  d  e  f  g  h

===== 4389 ===== 
[d4, d5, c4, e6, Nc3, Nf6, cxd5, exd5, Bg5, c6, Qc2, h6, Bh4, Be7, e3, O-O, Bd3, Re8, Nf3, Ne4, Bxe7, Qxe7, O-O, Bf5, Ne5, Nd7, Nxd7, Qxd7, b4, Nd6, a4, Rac8, Qe2, Re6, b5, Bxd3, Qxd3, Nc4, Rab1, Rg6, Ne2, cxb5, axb5, Rb6, Nc3, Rg6, Ne2, Rb6, Nc3, Rg6, Rfc1, Qg4, g3, Nb6, Ne2, Rc4, Nf4, Rf6, Qd1, Qf5, Ra1, g5, Nd3, a5, bxa6] ...
bxa6 Gives us inValid move: No such move for piece found: []
8 .  .  .  .  .  .  ♔  .  
7 .  ♙  .  .  .  ♙  .  .  
6 .  ♘  .  .  .  ♖  .  ♙  
5 ♙  ♟  .  ♙  .  ♕  ♙  .  
4 .  .  ♖  ♟  .  .  .  .  
3 .  .  .  ♞  ♟  .  ♟  .  
2 .  .  .  .  .  ♟  .  ♟  
1 ♜  .  ♜  ♛  .  .  ♚  .  
  a  b  c  d  e  f  g  h

===== 4412 ===== 
[e4, c5, Nc3, d6, d4, cxd4, Qxd4, Nf6, e5, dxe5, Qxd8+, Kxd8, Nf3, Nc6, Bb5, Bd7, Bxc6, Bxc6, Nxe5, Ke8, Nxc6, bxc6, Ke2, e6, Rd1, Nd5, Ne4, Be7, c4, Nb6, b3, Rd8, Be3, f5, Rxd8+, Kxd8, Rd1+, Nd7, Nc5, Bxc5, Bxc5, Kc7, Bd6+, Kc8, Bb4, Re8, Rd6, Kc7, c5, Nf6, Bc3, e5, f3, f4, g4, Kb7, Bb2, Re7, h4, Nd5, Kd3, e4+, fxe4, f3, Bd4, Nb4+, Ke3, Rf7, Kf2, Nd3+, Kf1, Re7, e5, Nxe5, Bxe5, Rxe5, Rd7+, Ka6, Rxg7, h5, g5, Re4, Kf2, Rxh4, Kxf3, Rg4, a4, Ka5, Rxa7+, Kb4, Rg7, Kxc5, g6, Kb6, Rg8, Ka6, g7, Kb7, b4, Ka7, b5, cxb5, axb5, Kb7, b6, Rg1, Kf4, Rg4+, Kf5, Rg1, Kf6, Rf1+, Kg6, Rg1+, Kh7, h4, Rf8, h3, g8=Q, Rxg8] ...
Rxg8 Gives us inValid move: Path is blocked by another piece
8 .  .  .  .  .  ♜  .  .  
7 .  ♔  .  .  .  .  ♟  ♚  
6 .  ♟  .  .  .  .  .  .  
5 .  .  .  .  .  .  .  .  
4 .  .  .  .  .  .  .  .  
3 .  .  .  .  .  .  .  ♙  
2 .  .  .  .  .  .  .  .  
1 .  .  .  .  .  .  ♖  .  
  a  b  c  d  e  f  g  h

===== 4424 ===== 
[e4, e6, Nf3, d5, exd5, exd5, d4, Nc6, Bb5, Bd6, c4, dxc4, O-O, Ne7] ...
Ne7 Gives us inValid move: more than one valid move, The notation is disambiguous
8 ♖  .  ♗  ♕  ♔  .  ♘  ♖  
7 ♙  ♙  ♙  .  .  ♙  ♙  ♙  
6 .  .  ♘  ♗  .  .  .  .  
5 .  ♝  .  .  .  .  .  .  
4 .  .  ♙  ♟  .  .  .  .  
3 .  .  .  .  .  ♞  .  .  
2 ♟  ♟  .  .  .  ♟  ♟  ♟  
1 ♜  ♞  ♝  ♛  .  ♜  ♚  .  
  a  b  c  d  e  f  g  h

===== 4442 ===== 
[Nf3, d5, d4, Nf6, c4, e6, Nc3, c6, Bg5, h6, Bh4, Nbd7, e3, g5, Bg3, Nh5, Qc2, Nxg3, hxg3, Bg7, O-O-O, a6, Kb1, b5, c5, O-O, e4, g4, Nh2, Qg5, f4, gxf3] ...
gxf3 Gives us inValid move: No such move for piece found: []
8 ♖  .  ♗  .  .  ♖  ♔  .  
7 .  .  .  ♘  .  ♙  ♗  .  
6 ♙  .  ♙  .  ♙  .  .  ♙  
5 .  ♙  ♟  ♙  .  .  ♕  .  
4 .  .  .  ♟  ♟  ♟  ♙  .  
3 .  .  ♞  .  .  .  ♟  .  
2 ♟  ♟  ♛  .  .  .  ♟  ♞  
1 .  ♚  .  ♜  .  ♝  .  ♜  
  a  b  c  d  e  f  g  h

===== 4445 ===== 
[Nf3, d5, g3, Nf6, Bg2, e6, O-O, Be7, c4, O-O, d4, dxc4, Qc2, a6, a4, Bd7, Qxc4, Bc6, Bg5, Nbd7, Nc3, h6, Bxf6, Nxf6, Rfd1, Qd6, e3, Rfd8, Qe2, Qb4, a5, Rac8, Ne5, Bxg2, Kxg2, Bf8, Nd3, Qe7, Qf3, Nd5, Ne4, Qe8, Rdc1, Qb5, Ne5, Qe8, h4, c6, Nd3, Rc7, Rc4, Be7, Rac1, Nf6, Nec5, Bxc5, Nxc5, Nd5, e4, Nf6, Qf4, Qe7, R1c3, Rxd4, Rxd4, e5, Qd2, exd4, Qxd4, Nd7, Nd3, c5, Qc4, b5, axb6] ...
axb6 Gives us inValid move: No such move for piece found: []
8 .  .  .  .  .  .  ♔  .  
7 .  .  ♖  ♘  ♕  ♙  ♙  .  
6 ♙  .  .  .  .  .  .  ♙  
5 ♟  ♙  ♙  .  .  .  .  .  
4 .  .  ♛  .  ♟  .  .  ♟  
3 .  .  ♜  ♞  .  .  ♟  .  
2 .  ♟  .  .  .  ♟  ♚  .  
1 .  .  .  .  .  .  .  .  
  a  b  c  d  e  f  g  h

===== 4449 ===== 
[d4, Nf6, c4, e6, Nc3, Bb4, Nf3, O-O, Bg5, d5, e3, h6, Bh4, c5, cxd5, exd5, dxc5, Nbd7, Rc1, Qa5, Bd3, Ne4, O-O, Bxc3, bxc3, Ndxc5, Bb1, Be6, Nd4, Rac8, c4, dxc4, Nxe6, fxe6, Be7, Nd2, Bxf8, Rxf8, Re1, Nd3, Bxd3, cxd3, Qg4, Nf3+, gxf3, d2, Qxe6+, Kh7, Qe4+, Kh8, Red1, dxc1=Q, Rxc1] ...
Rxc1 Gives us inValid move: Pawn can move diagonally only when capturing
8 .  .  .  .  .  ♖  .  ♔  
7 ♙  ♙  .  .  .  .  ♙  .  
6 .  .  .  .  .  .  .  ♙  
5 ♕  .  .  .  .  .  .  .  
4 .  .  .  .  ♛  .  .  .  
3 .  .  .  .  ♟  ♟  .  .  
2 ♟  .  .  ♙  .  ♟  .  ♟  
1 .  .  ♜  ♜  .  .  ♚  .  
  a  b  c  d  e  f  g  h

===== 4455 ===== 
[Nf3, c5, e4, d6, Bb5+, Nc6, O-O, Bd7, Re1, Nf6, c3, a6, Bf1, Bg4, h3, Bxf3, Qxf3, e6, d3, Be7, Bf4, O-O, Nd2, b5, a3, Rc8, Qd1, a5, Nf3, b4, a4, d5, e5, Nd7, g3, Nb6, h4, c4, d4, Qd7, Ng5, Nd8, Qb1, g6, h5, h6, Nf3, g5, Bd2, b3, Nh2, f5, exf6] ...
exf6 Gives us inValid move: No such move for piece found: []
8 .  .  ♖  ♘  .  ♖  ♔  .  
7 .  .  .  ♕  ♗  .  .  .  
6 .  ♘  .  .  ♙  .  .  ♙  
5 ♙  .  .  ♙  ♟  ♙  ♙  ♟  
4 ♟  .  ♙  ♟  .  .  .  .  
3 .  ♙  ♟  .  .  .  ♟  .  
2 .  ♟  .  ♝  .  ♟  .  ♞  
1 ♜  ♛  .  .  ♜  ♝  ♚  .  
  a  b  c  d  e  f  g  h

===== 4469 ===== 
[Nf3, Nf6, b3, d5, Bb2, Bf5, Nh4, Bd7, c4, Nc6, cxd5, Nxd5, Nf3, Bg4, e3, e5, h3, Bh5, Be2, Ndb4, O-O, Nd3, Bc3, Be7, Ne1, Bg6, Nxd3, Bxd3, f4, exf4, Bxg7, Rg8, Bc3, Qd5, Bf3, Qc5, Be2, O-O-O, Bxd3, Rxd3, Qe2, fxe3, Qxd3, e2+, Kh1, exf1=Q+, Qxf1] ...
Qxf1 Gives us inValid move: queen can not move
8 .  .  ♔  .  .  .  ♖  .  
7 ♙  ♙  ♙  .  ♗  ♙  .  ♙  
6 .  .  ♘  .  .  .  .  .  
5 .  .  ♕  .  .  .  .  .  
4 .  .  .  .  .  .  .  .  
3 .  ♟  ♝  ♛  .  .  .  ♟  
2 ♟  .  .  ♟  ♙  .  ♟  .  
1 ♜  ♞  .  .  .  ♜  .  ♚  
  a  b  c  d  e  f  g  h

===== 4495 ===== 
[e4, e5, Nf3, Nc6, Bb5, Nf6, O-O, Nxe4, d4, Nd6, Bxc6, dxc6, dxe5, Nf5, Qxd8+, Kxd8, h3, Be7, Nc3, Nh4, Nxh4, Bxh4, Rd1+, Ke8, Ne2, Be7, g4, h5, f3, hxg4, hxg4, f5, exf6] ...
exf6 Gives us inValid move: No such move for piece found: []
8 ♖  .  ♗  .  ♔  .  .  ♖  
7 ♙  ♙  ♙  .  ♗  .  ♙  .  
6 .  .  ♙  .  .  .  .  .  
5 .  .  .  .  ♟  ♙  .  .  
4 .  .  .  .  .  .  ♟  .  
3 .  .  .  .  .  ♟  .  .  
2 ♟  ♟  ♟  .  ♞  .  .  .  
1 ♜  .  ♝  ♜  .  .  ♚  .  
  a  b  c  d  e  f  g  h

===== 4508 ===== 
[e4, e5, Nf3, Nc6, Bb5, a6, Ba4, Nf6, O-O, Be7, d3, b5, Bb3, d6, a4, Bd7, Bd2, O-O, Re1, h6, h3, Re8, Nc3, Na5, Bd5, c6, Ba2, b4, Ne2, c5, Ng3, Bf8, Nh4, Rb8, Nhf5, Be6, Rf1, c4, f4, b3, cxb3, cxb3, Bb1, Nc6, Bc3, g6, Ne3, Qb6, Qf3, d5, a5, Qc5, Be1, dxe4, dxe4, Nd4, Qf2, exf4, Qxf4, Nc2, Bxc2, bxc2, Bc3, Nd7, Kh1, Qd6, Qf2, Ne5, Qxc2, Nd3, Ngf5, gxf5, Nxf5, Bxf5, Rxf5, Ne5, Raf1, Re6, Qf2, Rb7, Qg3+, Ng6, Qg4, Rc7, h4, Kh7, h5, Ne5, Bxe5, Rxe5, Rxf7+, Rxf7, Rxf7+, Kh8, Rf5, Rxf5, Qxf5, Bg7, Qc8+, Kh7, Qf5+, Kh8, Qc8+, Kh7, Qf5+, Kg8, Qc8+, Kf7, Qf5+, Bf6, Qh7+, Bg7, Qf5+, Ke7, g4, Qd1+, Kg2, Qe2+, Kg3, Qe3+, Kg2, Qd2+, Kf3, Qd3+, Kg2, Bxb2, Qh7+, Ke6, Qxh6+, Ke5, Qg5+, Kxe4, Qf5+, Ke3, Qf2+, Ke4, Qxb2, Qf3+, Kh2, Qf4+, Kh3, Qf1+, Kh4, Qe1+, Kg5, Qxa5+, Kg6, Qd8, Qf6, Qg8+, Qg7, Qe6+, Kh7, a5, Qg6+, Ke5, Qxe6+, Kxe6, g5, a4, g6, a3, g7, a2, g8=Q+, Ke5, Qxa2] ...
Qxa2 Gives us inValid move: Pawn can move diagonally only when capturing
8 .  .  .  .  .  .  .  .  
7 .  .  .  .  .  .  ♟  ♚  
6 .  .  .  .  .  .  .  .  
5 .  .  .  .  ♔  .  .  ♟  
4 .  .  .  .  .  .  .  .  
3 .  .  .  .  .  .  .  .  
2 ♙  .  .  .  .  .  .  .  
1 .  .  .  .  .  .  .  .  
  a  b  c  d  e  f  g  h

===== 4507 ===== 
[Nf3, g6, d4, Nf6, c4, Bg7, Nc3, O-O, e4, d6, Be2, e5, O-O, Nc6, d5, Ne7, b4, a5, bxa5, Rxa5, a4, Ne8, Nd2, c5, dxc6] ...
dxc6 Gives us inValid move: No such move for piece found: []
8 .  .  ♗  ♕  ♘  ♖  ♔  .  
7 .  ♙  .  .  ♘  ♙  ♗  ♙  
6 .  .  .  ♙  .  .  ♙  .  
5 ♖  .  ♙  ♟  ♙  .  .  .  
4 ♟  .  ♟  .  ♟  .  .  .  
3 .  .  ♞  .  .  .  .  .  
2 .  .  .  ♞  ♝  ♟  ♟  ♟  
1 ♜  .  ♝  ♛  .  ♜  ♚  .  
  a  b  c  d  e  f  g  h

===== 4523 ===== 
[e4, e5, Nf3, Nc6, Bb5, a6, Ba4, Nf6, O-O, Be7, Re1, b5, Bb3, d6, c3, O-O, h3, Bb7, d4, Re8, Nbd2, Bf8, a4, h6, Bc2, exd4, cxd4, Nb4, Bb1, c5, d5, Nd7, Ra3, c4, Nd4, Qf6, N2f3, Nc5, b3, Nbd3, Bxd3, Nxd3, Re3, b4, Ra1, Nc5, bxc4, Rxe4, a5, Rae8, Rb1, Qd8, Rxe4, Rxe4, Bd2, Qxa5, Bxb4, Qc7, Qc2, Re8, Bxc5, dxc5, Nf5, Bc8, Rd1, a5, d6, Qd7, Rd5, g6, Ne3, Bb7, Rxc5, Bxf3, gxf3, Bxd6, Rd5, Qe6, Kg2, h5, Rxa5, Qf6, Qd2, Qf4, Nf1, Qf6, Rd5, Bf4, Qd3, Re6, c5, Kh7, Qd4, Be5, Qd2, Bf4, Qd4, Qe7, Rd7, Qg5+, Ng3, Rf6, Rd5, Qh4, Rd8, Qg5, h4, Qxh4, c6, Bxg3, Qxh4, Bxh4, c7, Rc6, c8=Q, Rxc8, Rxc8, Bg5, Rc6, Kg7, Rc7, Bf4, Rb7, Be5, Rb5, Bf4, Rb3, Kf6, Rd3, Kf5, Rb3, f6, Rb5+, Be5, Rb4, g5, Rb5, Kf4, Rb4+, Kf5, Rb5, h4, Rb4, Kg6, Rb5, Bf4, Rb6, Bd2, Ra6, Be1, Rc6, Bb4, Rc4, Bd6, Rc6, Bf4, Rc4, Kf5, Ra4, Be5, Ra5, Ke6, Rb5, Kf7, Rb6, Bf4, Rb7+, Kg6, Rb5, f5, Ra5, Kf6, Ra6+, Ke5, Ra5+, Ke6, Ra4, Bd6, Ra6, Ke5, Ra5+, Ke6, Ra4, g4, Ra6, h3+, Kh1, gxf3, Ra5, Kf6, Ra4, Bf4, Rc4, Kg5, Rc3, Kg4, Rd3, h2, Rd4, Kg5, Rc4, Be5, Ra4, Bf4, Ra5, Bg3, Rb5, Bxf2, Rb3, Be3, Rc3, Bf4, Rc1, Kg4, Rg1+, hxg1=Q+] ...
hxg1=Q+ Gives us inValid move: Pawn can move diagonally only when capturing
8 .  .  .  .  .  .  .  .  
7 .  .  .  .  .  .  .  .  
6 .  .  .  .  .  .  .  .  
5 .  .  .  .  .  ♙  .  .  
4 .  .  .  .  .  ♗  ♔  .  
3 .  .  .  .  .  ♙  .  .  
2 .  .  .  .  .  .  .  ♙  
1 .  .  .  .  .  .  ♜  ♚  
  a  b  c  d  e  f  g  h

===== 4520 ===== 
[e4, e5, Nf3, Nc6, Bb5, a6, Ba4, Nf6, O-O, Be7, Re1, b5, Bb3, d6, c3, O-O, h3, Bb7, d4, Re8, Nbd2, Bf8, a4, h6, Bc2, exd4, cxd4, Nb4, Bb1, c5, d5, Nd7, Ra3, c4, Nd4, Qf6, N2f3, Nc5, b3, Nbd3, Bxd3, Nxd3, Re3, Rac8, axb5, axb5, Ra7, Ba8, bxc4, bxc4, Bd2, Re7, Rxe7, Qxe7, Bc3, g6, Qa1, Bb7, Nd2, Qh4, Rg3, Ra8, Qb1, Nc5, Nf5, Qd8, Ne3, Bc8, Nexc4, Qh4, Bd4, Bd7, Bxc5, dxc5, Re3, Bg7, e5, Bf5, Qe1, Qd4, Qe2, Qxd5, Nf1, Ra1, Nd2] ...
Nd2 Gives us inValid move: more than one valid move, The notation is disambiguous
8 .  .  .  .  .  .  ♔  .  
7 .  .  .  .  .  ♙  ♗  .  
6 .  .  .  .  .  .  ♙  ♙  
5 .  .  ♙  ♕  ♟  ♗  .  .  
4 .  .  ♞  .  .  .  .  .  
3 .  .  .  .  ♜  .  .  ♟  
2 .  .  .  .  ♛  ♟  ♟  .  
1 ♖  .  .  .  .  ♞  ♚  .  
  a  b  c  d  e  f  g  h

===== 4539 ===== 
[e4, e6, d4, d5, Nc3, Bb4, Ne2] ...
Ne2 Gives us inValid move: more than one valid move, The notation is disambiguous
8 ♖  ♘  ♗  ♕  ♔  .  ♘  ♖  
7 ♙  ♙  ♙  .  .  ♙  ♙  ♙  
6 .  .  .  .  ♙  .  .  .  
5 .  .  .  ♙  .  .  .  .  
4 .  ♗  .  ♟  ♟  .  .  .  
3 .  .  ♞  .  .  .  .  .  
2 ♟  ♟  ♟  .  .  ♟  ♟  ♟  
1 ♜  .  ♝  ♛  ♚  ♝  ♞  ♜  
  a  b  c  d  e  f  g  h

===== 4547 ===== 
[Nf3, Nf6, g3, g6, c4, b6, d4, Bg7, Nc3, Bb7, d5, Na6, e4, Nc5, e5, Nfe4, Nxe4, Nxe4, Bg2, O-O, O-O, a5, Re1, Nc5, h4, h5, Bg5, f6, exf6, exf6, Bf4, d6, Nd4, Re8, Ne6, Nxe6, dxe6, Bxg2, Kxg2, Re7, Qf3, Qf8, Re2, Rae8, Rae1, f5, Bg5, Bf6, Qd3, Kh7, f4, a4, b4, axb3] ...
axb3 Gives us inValid move: No such move for piece found: []
8 .  .  .  .  ♖  ♕  .  .  
7 .  .  ♙  .  ♖  .  .  ♔  
6 .  ♙  .  ♙  ♟  ♗  ♙  .  
5 .  .  .  .  .  ♙  ♝  ♙  
4 ♙  ♟  ♟  .  .  ♟  .  ♟  
3 .  .  .  ♛  .  .  ♟  .  
2 ♟  .  .  .  ♜  .  ♚  .  
1 .  .  .  .  ♜  .  .  .  
  a  b  c  d  e  f  g  h

===== 4557 ===== 
[Nf3, d5, g3, g6, Bg2, Bg7, O-O, Nf6, c4, c6, b3, O-O, Bb2, Bg4, d3, Bxf3, Bxf3, e6, e3, Nbd7, Qc2, h5, Nd2, Re8, b4, a6, a4, Rc8, Qb3, h4, Rfd1, Nh7, d4, Qg5, b5, Ndf6, bxa6, bxa6, Ba3, Ng4, Bd6, hxg3, hxg3, Qh5, Bxg4, Qxg4, Kg2, Ng5, Rh1, dxc4, Qxc4, Ne4, Nxe4, Qxe4+, Kg1, g5, Rc1, Red8, Be7, Rd5, Qc2, Qxc2, Rxc2, g4, Kg2, e5, dxe5, Rxe5, Bc5, Re4, a5, Ra4, Bb6, c5, Rh5, c4, Rg5, f5, Bd4, Rc7, Rxf5, Bxd4, exd4, c3, Rg5+, Kf7, Rxg4, Rb4, Rf4+, Ke7, Rf3, Rb3, Re3+, Kd6, g4, Kd5, g5, Kxd4, g6, Rb2, Rc1, c2, g7, Rxg7+, Kf3, Rc7, Ke2, Kc4, Kd2, Kb4, Re4+, Kb3, Re3+, Ka2, Rd3, Rc6, f4, Rc5, f5, Rxf5, Ke3, Re5+, Kd2, Rxa5, Rc3, Rd5+, Ke3, Rdb5, R3xc2, Rb3+] ...
Rb3+ Gives us inValid move: more than one valid move, The notation is disambiguous
8 .  .  .  .  .  .  .  .  
7 .  .  .  .  .  .  .  .  
6 ♙  .  .  .  .  .  .  .  
5 .  ♖  .  .  .  .  .  .  
4 .  .  .  .  .  .  .  .  
3 .  .  .  .  ♚  .  .  .  
2 ♔  ♖  ♜  .  .  .  .  .  
1 .  .  ♜  .  .  .  .  .  
  a  b  c  d  e  f  g  h

===== 4560 ===== 
[e4, e6, d4, d5, Nc3, Bb4, exd5, exd5, Bd3, Ne7, Qf3, Be6, Ne2] ...
Ne2 Gives us inValid move: more than one valid move, The notation is disambiguous
8 ♖  ♘  .  ♕  ♔  .  .  ♖  
7 ♙  ♙  ♙  .  ♘  ♙  ♙  ♙  
6 .  .  .  .  ♗  .  .  .  
5 .  .  .  ♙  .  .  .  .  
4 .  ♗  .  ♟  .  .  .  .  
3 .  .  ♞  ♝  .  ♛  .  .  
2 ♟  ♟  ♟  .  .  ♟  ♟  ♟  
1 ♜  .  ♝  .  ♚  .  ♞  ♜  
  a  b  c  d  e  f  g  h

===== 4564 ===== 
[e4, c5, Nf3, e6, d4, cxd4, Nxd4, a6, Bd3, Bc5, Nb3, Be7, Qg4, g6, Qg3, d6, Nc3, Nd7, h4, h5, Bg5, Ngf6, O-O-O, b5, Bxf6, Bxf6, Qxd6, Be5, Qb4, Qe7, Qxe7+, Kxe7, Na5, Nb8, Ne2, Bc7, Nb3, Bb6, f4, Nc6, e5, Bb7, Be4, Rac8, c3, Rhd8, g3, a5, Kb1, a4, Na1, Ba6, Rxd8, Nxd8, Rh2, Nb7, Nc2, Nc5, Bf3, Rd8, Ned4, Kf8, Nb4, Bb7, Bxb7, Nxb7, Rd2, Nc5, Kc2, Ke8, Nxb5, Rxd2+, Kxd2, Ne4+, Kd3, Nxg3, Nd6+, Kf8, c4, Nf5, Nxf5, gxf5, Nc6, Bf2, b4, axb3] ...
axb3 Gives us inValid move: No such move for piece found: []
8 .  .  .  .  .  ♔  .  .  
7 .  .  .  .  .  ♙  .  .  
6 .  .  ♞  .  ♙  .  .  .  
5 .  .  .  .  ♟  ♙  .  ♙  
4 ♙  ♟  ♟  .  .  ♟  .  ♟  
3 .  .  .  ♚  .  .  .  .  
2 ♟  .  .  .  .  ♗  .  .  
1 .  .  .  .  .  .  .  .  
  a  b  c  d  e  f  g  h

===== 4573 ===== 
[e4, e5, Nf3, Nc6, Bb5, a6, Ba4, Bc5, O-O, d6, c3, Bg4, h3, Bh5, d3, Ne7] ...
Ne7 Gives us inValid move: more than one valid move, The notation is disambiguous
8 ♖  .  .  ♕  ♔  .  ♘  ♖  
7 .  ♙  ♙  .  .  ♙  ♙  ♙  
6 ♙  .  ♘  ♙  .  .  .  .  
5 .  .  ♗  .  ♙  .  .  ♗  
4 ♝  .  .  .  ♟  .  .  .  
3 .  .  ♟  ♟  .  ♞  .  ♟  
2 ♟  ♟  .  .  .  ♟  ♟  .  
1 ♜  ♞  ♝  ♛  .  ♜  ♚  .  
  a  b  c  d  e  f  g  h

===== 4576 ===== 
[e4, e6, d4, d5, e5, c5, c3, Nc6, Nf3, Qb6, a3, c4, Nbd2, Na5, Be2, Bd7, O-O, Ne7, Qc2, Nc8, a4, Be7, Re1, a6, h4, h6, h5, Na7, Bf1, N7c6, Qb1, Qc7, b4, cxb3] ...
cxb3 Gives us inValid move: No such move for piece found: []
8 ♖  .  .  .  ♔  .  .  ♖  
7 .  ♙  ♕  ♗  ♗  ♙  ♙  .  
6 ♙  .  ♘  .  ♙  .  .  ♙  
5 ♘  .  .  ♙  ♟  .  .  ♟  
4 ♟  ♟  ♙  ♟  .  .  .  .  
3 .  .  ♟  .  .  ♞  .  .  
2 .  .  .  ♞  .  ♟  ♟  .  
1 ♜  ♛  ♝  .  ♜  ♝  ♚  .  
  a  b  c  d  e  f  g  h

===== 4583 ===== 
[d4, Nf6, c4, e6, Nc3, Bb4, f3, c5, d5, b5, e4, d6, cxb5, exd5, exd5, O-O, Bd3, a6, Ne2] ...
Ne2 Gives us inValid move: more than one valid move, The notation is disambiguous
8 ♖  ♘  ♗  ♕  .  ♖  ♔  .  
7 .  .  .  .  .  ♙  ♙  ♙  
6 ♙  .  .  ♙  .  ♘  .  .  
5 .  ♟  ♙  ♟  .  .  .  .  
4 .  ♗  .  .  .  .  .  .  
3 .  .  ♞  ♝  .  ♟  .  .  
2 ♟  ♟  .  .  .  .  ♟  ♟  
1 ♜  .  ♝  ♛  ♚  .  ♞  ♜  
  a  b  c  d  e  f  g  h

===== 4597 ===== 
[c4, b6, Nc3, Bb7, d4, e6, e4, Bb4, f3, Ne7, Ne2] ...
Ne2 Gives us inValid move: more than one valid move, The notation is disambiguous
8 ♖  ♘  .  ♕  ♔  .  .  ♖  
7 ♙  ♗  ♙  ♙  ♘  ♙  ♙  ♙  
6 .  ♙  .  .  ♙  .  .  .  
5 .  .  .  .  .  .  .  .  
4 .  ♗  ♟  ♟  ♟  .  .  .  
3 .  .  ♞  .  .  ♟  .  .  
2 ♟  ♟  .  .  .  .  ♟  ♟  
1 ♜  .  ♝  ♛  ♚  ♝  ♞  ♜  
  a  b  c  d  e  f  g  h

===== 4626 ===== 
[e4, e5, Nf3, Nc6, Bb5, a6, Ba4, Bc5, c3, Nge7, d4, exd4, cxd4, Bb4+, Bd2, Bxd2+, Qxd2, d5, exd5, Qxd5, O-O, O-O, Nc3, Qh5, Rfe1, Be6, Ne5, Rad8, Bxc6, Nxc6, Nxc6, bxc6, Qf4, Qa5, Rad1, Qb4, Qd2, Rd7, Re4, Rfd8, b3, h6, Na4, Qxd2, Rxd2, Rd5, Nc3, R5d6, Re5, Rxd4, Rxd4, Rxd4, Kf1, Bd5, Re8+, Kh7, Ra8, Rd3, Nxd5, cxd5, Ke2, Rc3, Rxa6, Rc2+, Ke1, c5, Rc6, d4, a4, d3, a5, f6, a6, Ra2, Rxc5, Rxa6, Rc1, Re6+, Kd2, Re2+, Kxd3, Rxf2, Rb1, Rxg2, b4, Rg5, b5, Rd5+, Kc4, Rd8, b6, Kg6, Rg1+, Kf7, Kc5, Rd2, Rb1, Rd8, b7, Rb8, Kd6, f5, Kc7, Re8, b8=Q, Rxb8] ...
Rxb8 Gives us inValid move: Pawn can move diagonally only when capturing
8 .  .  .  .  ♖  .  .  .  
7 .  ♟  ♚  .  .  ♔  ♙  .  
6 .  .  .  .  .  .  .  ♙  
5 .  .  .  .  .  ♙  .  .  
4 .  .  .  .  .  .  .  .  
3 .  .  .  .  .  .  .  .  
2 .  .  .  .  .  .  .  ♟  
1 .  ♜  .  .  .  .  .  .  
  a  b  c  d  e  f  g  h

===== 4661 ===== 
[d4, e6, Nf3, c5, g3, cxd4, Nxd4, d5, Bg2, e5, Nb3, Nf6, O-O, Be7, Bg5, Nbd7, Nc3, d4, Ne4, Nxe4, Bxe7, Qxe7, Bxe4, Nf6, Bg2, O-O, Qd3, Rd8, Rad1, Bg4, h3, Bh5, Qb5, Rab8, Rfe1, h6, Na5, Rdc8, Rd2, Rc5, Qb4, Qc7, Nxb7, Rxc2, Rxc2, Qxc2, g4, Bg6, Qd6, Re8, Qa3, Qd2, Qa5, Qxb2, Nd6, Re6, Nc4, Qb8, Rc1, Be4, Qc5, Bxg2, Kxg2, Ne4, Qd5, Nc3, Qf3, e4, Qf5, Nxe2, Rc2, Nf4+, Kg3, Ng6+, f4, exf3] ...
exf3 Gives us inValid move: No such move for piece found: []
8 .  ♕  .  .  .  .  ♔  .  
7 ♙  .  .  .  .  ♙  ♙  .  
6 .  .  .  .  ♖  .  ♘  ♙  
5 .  .  .  .  .  ♛  .  .  
4 .  .  ♞  ♙  ♙  ♟  ♟  .  
3 .  .  .  .  .  .  ♚  ♟  
2 ♟  .  ♜  .  .  .  .  .  
1 .  .  .  .  .  .  .  .  
  a  b  c  d  e  f  g  h

===== 4662 ===== 
[d4, e6, c4, b6, Nf3, Bb7, Nc3, Bb4, g3, Bxc3+, bxc3, Nf6, Bg2, O-O, O-O, d6, a4, Nc6, Nd2, Na5, Bxb7, Nxb7, Nb3, a5, Ba3, Re8, c5, bxc5, dxc5, Qd7, cxd6, cxd6, Nd4, Rac8, Qb3, e5, Nb5, d5, Rfd1, Nc5, Qc2, h5, c4, Qh3, f3, h4, gxh4, Ne6, Nd6, d4, Kh1, Nf4, Rg1, d3, exd3, Qxf3+, Rg2, Ng4, Nxe8, Rxe8, Bc5, e4, dxe4, Rxe4, Rg1] ...
Rg1 Gives us inValid move: more than one valid move, The notation is disambiguous
8 .  .  .  .  .  .  ♔  .  
7 .  .  .  .  .  ♙  ♙  .  
6 .  .  .  .  .  .  .  .  
5 ♙  .  ♝  .  .  .  .  .  
4 ♟  .  ♟  .  ♖  ♘  ♘  ♟  
3 .  .  .  .  .  ♕  .  .  
2 .  .  ♛  .  .  .  ♜  ♟  
1 ♜  .  .  .  .  .  .  ♚  
  a  b  c  d  e  f  g  h

===== 4674 ===== 
[d4, d5, c4, e6, Nc3, Be7, cxd5, exd5, Bf4, Nf6, e3, Bf5, Qb3, Nc6, g4, Bc8, h3, O-O, Nf3, Bd6, Bxd6, cxd6, Bd3, Re8, Kf1, Be6, Qxb7, Na5, Qb4, Ne4, Kg2, Rb8, Qa3, h5, Nxe4, dxe4, Bxe4, Nc4, Qd3, d5, Bh7+, Kh8, b3, Nd6, Qb1, Ne4, Bxe4, dxe4, Ne5, Bd5, Qd1, Kh7, gxh5, Be6, h4, Qf6, Rh2, Bf5, Kh1, Rbd8, Qg1, Rd5, Qg3, Rexe5, dxe5, Rxe5, Qf4, Qe7, Rg1, f6, Rhg2, g5, hxg6+] ...
hxg6+ Gives us inValid move: No such move for piece found: [White pawn can only capture up diagonally]
8 .  .  .  .  .  .  .  .  
7 ♙  .  .  .  ♕  .  .  ♔  
6 .  .  .  .  .  ♙  .  .  
5 .  .  .  .  ♖  ♗  ♙  ♟  
4 .  .  .  .  ♙  ♛  .  ♟  
3 .  ♟  .  .  ♟  .  .  .  
2 ♟  .  .  .  .  ♟  ♜  .  
1 .  .  .  .  .  .  ♜  ♚  
  a  b  c  d  e  f  g  h

===== 4690 ===== 
[d4, Nf6, c4, e6, Nc3, Bb4, f3, O-O, a3, Bxc3+, bxc3, Ne8, e4, b6, Bd3, Ba6, e5, d5, cxd5, Bxd3, Qxd3, Qxd5, Nh3, c5, Ng5, g6, Ne4, f5, exf6] ...
exf6 Gives us inValid move: No such move for piece found: []
8 ♖  ♘  .  .  ♘  ♖  ♔  .  
7 ♙  .  .  .  .  .  .  ♙  
6 .  ♙  .  .  ♙  .  ♙  .  
5 .  .  ♙  ♕  ♟  ♙  .  .  
4 .  .  .  ♟  ♞  .  .  .  
3 ♟  .  ♟  ♛  .  ♟  .  .  
2 .  .  .  .  .  .  ♟  ♟  
1 ♜  .  ♝  .  ♚  .  .  ♜  
  a  b  c  d  e  f  g  h

===== 4698 ===== 
[e4, c5, Nf3, d6, d4, cxd4, Nxd4, Nf6, Nc3, a6, Rg1, h5, h3, e5, Nb3, h4, Be3, Be6, Qf3, Nbd7, O-O-O, Rc8, g4, hxg3] ...
hxg3 Gives us inValid move: No such move for piece found: []
8 .  .  ♖  ♕  ♔  ♗  .  ♖  
7 .  ♙  .  ♘  .  ♙  ♙  .  
6 ♙  .  .  ♙  ♗  ♘  .  .  
5 .  .  .  .  ♙  .  .  .  
4 .  .  .  .  ♟  .  ♟  ♙  
3 .  ♞  ♞  .  ♝  ♛  .  ♟  
2 ♟  ♟  ♟  .  .  ♟  .  .  
1 .  .  ♚  ♜  .  ♝  ♜  .  
  a  b  c  d  e  f  g  h

===== 4717 ===== 
[d4, Nf6, c4, g6, Nc3, Bg7, e4, d6, Be2, O-O, Be3, c5, d5, e6, Nf3, exd5, cxd5, Bg4, Nd2, Bxe2, Qxe2, Re8, O-O, Nbd7, Kh1, a6, a4, Rc8, a5, Qc7, f3, Ne5, f4, Ned7, Qf3, c4, Ra4, b5, axb6] ...
axb6 Gives us inValid move: No such move for piece found: []
8 .  .  ♖  .  ♖  .  ♔  .  
7 .  .  ♕  ♘  .  ♙  ♗  ♙  
6 ♙  .  .  ♙  .  ♘  ♙  .  
5 ♟  ♙  .  ♟  .  .  .  .  
4 ♜  .  ♙  .  ♟  ♟  .  .  
3 .  .  ♞  .  ♝  ♛  .  .  
2 .  ♟  .  ♞  .  .  ♟  ♟  
1 .  .  .  .  .  ♜  .  ♚  
  a  b  c  d  e  f  g  h

===== 4760 ===== 
[Nf3, Nf6, g3, g6, c4, Bg7, Nc3, O-O, Bg2, d6, d4, c5, O-O, Nc6, d5, Na5, Nd2, e6, Qc2, exd5, cxd5, Rb8, a4, a6, b3, b5, axb5, axb5, Bb2, Re8, e4, Nd7, Nd1, b4, Bxg7, Kxg7, Ne3, Ba6, Rfe1, Bb5, Bf1, Bxf1, Kxf1, Nb7, Ndc4, Qf6, Kg2, h5, f3, Ra8, Rxa8, Rxa8, h4, Na5, f4, Nxc4, Nxc4, Qc3, Qxc3+, bxc3, Rc1, Nf6, Nxd6, Ra6, e5, Nxd5, Kf3, f5, exf6+] ...
exf6+ Gives us inValid move: No such move for piece found: []
8 .  .  .  .  .  .  .  .  
7 .  .  .  .  .  .  ♔  .  
6 ♖  .  .  ♞  .  .  ♙  .  
5 .  .  ♙  ♘  ♟  ♙  .  ♙  
4 .  .  .  .  .  ♟  .  ♟  
3 .  ♟  ♙  .  .  ♚  ♟  .  
2 .  .  .  .  .  .  .  .  
1 .  .  ♜  .  .  .  .  .  
  a  b  c  d  e  f  g  h

===== 4772 ===== 
[d4, Nf6, Nf3, d5, Bg5, Ne4, Bh4, c5, e3, Nc6, Nbd2, Qb6, dxc5, Nxc5, c4, Bf5, cxd5, Nb4, Nd4, Nbd3+, Bxd3, Bxd3, N2b3, e5, dxe6] ...
dxe6 Gives us inValid move: No such move for piece found: []
8 ♖  .  .  .  ♔  ♗  .  ♖  
7 ♙  ♙  .  .  .  ♙  ♙  ♙  
6 .  ♕  .  .  .  .  .  .  
5 .  .  ♘  ♟  ♙  .  .  .  
4 .  .  .  ♞  .  .  .  ♝  
3 .  ♞  .  ♗  ♟  .  .  .  
2 ♟  ♟  .  .  .  ♟  ♟  ♟  
1 ♜  .  .  ♛  ♚  .  .  ♜  
  a  b  c  d  e  f  g  h

===== 4778 ===== 
[Nf3, g6, e4, Bg7, d4, Nf6, e5, Ne4, Bd3, d5, exd6] ...
exd6 Gives us inValid move: No such move for piece found: []
8 ♖  ♘  ♗  ♕  ♔  .  .  ♖  
7 ♙  ♙  ♙  .  ♙  ♙  ♗  ♙  
6 .  .  .  .  .  .  ♙  .  
5 .  .  .  ♙  ♟  .  .  .  
4 .  .  .  ♟  ♘  .  .  .  
3 .  .  .  ♝  .  ♞  .  .  
2 ♟  ♟  ♟  .  .  ♟  ♟  ♟  
1 ♜  ♞  ♝  ♛  ♚  .  .  ♜  
  a  b  c  d  e  f  g  h

===== 4807 ===== 
[Nf3, Nf6, g3, d5, Bg2, Bg4, O-O, Nbd7, d4, c6, c4, e6, cxd5, exd5, h3, Bxf3, exf3, Be7, Nc3, O-O, h4, Bd6, Qd3, Re8, Bh3, Qc7, Kg2, Nf8, Bg5, N6d7, Rac1, Qb8, Rfe1, h6, Bd2, Rxe1, Rxe1, Nf6, Nd1, a5, a3, a4, Ne3, Qc7, Nf5, Re8, Rxe8, Nxe8, Qc2, b5, Qd1, Nd7, Qe1, Kf8, Ba5, Nb6, Nxd6, Nxd6, Qb4, Kg8, Bxb6, Qxb6, Qxd6, Qxd4, h5, Qxb2, Bf5, g5, hxg6] ...
hxg6 Gives us inValid move: No such move for piece found: []
8 .  .  .  .  .  .  ♔  .  
7 .  .  .  .  .  ♙  .  .  
6 .  .  ♙  ♛  .  .  .  ♙  
5 .  ♙  .  ♙  .  ♝  ♙  ♟  
4 ♙  .  .  .  .  .  .  .  
3 ♟  .  .  .  .  ♟  ♟  .  
2 .  ♕  .  .  .  ♟  ♚  .  
1 .  .  .  .  .  .  .  .  
  a  b  c  d  e  f  g  h

===== 4809 ===== 
[Nf3, Nf6, g3, g6, c4, Bg7, Nc3, c5, Bg2, O-O, d4, cxd4, Nxd4, Nc6, O-O, Nxd4, Qxd4, d6, Bg5, Qa5, Qd2, Be6, b3, Rab8, Rac1, Rfc8, Rfd1, a6, Bf4, b5, Nd5, Qd8, Nxf6+, Bxf6, c5, Be5, Bxe5, dxe5, Qe3, Qc7, Bd5, Bxd5, Rxd5, f6, Rcd1, Rd8, b4, Kf7, Qb3, e6, Rd6, Qe7, Rxa6, Rxd1+, Qxd1, Rd8, Rd6, Rxd6, cxd6, Qd7, Qd3, f5, Qd2, Kf6, h4, h5, f3, Kf7, Kg2, Kf6, a3, Kf7, Kf1, Kf6, Kg2, Kf7, Qd3, Kf6, Kf1, Kf7, Ke1, Ke8, Qd2, Kf7, Kf1, Ke8, f4, exf4, gxf4, Kd8, Qd4, Qb7, Qf6+, Kd7, Qe7+, Kc6, Qxe6, Qa7, d7+, Kc7, Qe5+, Kd8, Qe8+, Kc7, d8=Q+, Kb7, Qed7+] ...
Qed7+ Gives us inValid move: No such move for piece found: []
8 .  .  .  .  ♛  .  .  .  
7 ♕  ♔  .  ♟  .  .  .  .  
6 .  .  .  .  .  .  ♙  .  
5 .  ♙  .  .  .  ♙  .  ♙  
4 .  ♟  .  .  .  ♟  .  ♟  
3 ♟  .  .  .  .  .  .  .  
2 .  .  .  .  ♟  .  .  .  
1 .  .  .  .  .  ♚  .  .  
  a  b  c  d  e  f  g  h

===== 4806 ===== 
[d4, e6, c4, b6, Nc3, Bb7, e4, Bb4, Bd3, f5, Qc2, Nf6, f3, Nc6, Ne2] ...
Ne2 Gives us inValid move: more than one valid move, The notation is disambiguous
8 ♖  .  .  ♕  ♔  .  .  ♖  
7 ♙  ♗  ♙  ♙  .  .  ♙  ♙  
6 .  ♙  ♘  .  ♙  ♘  .  .  
5 .  .  .  .  .  ♙  .  .  
4 .  ♗  ♟  ♟  ♟  .  .  .  
3 .  .  ♞  ♝  .  ♟  .  .  
2 ♟  ♟  ♛  .  .  .  ♟  ♟  
1 ♜  .  ♝  .  ♚  .  ♞  ♜  
  a  b  c  d  e  f  g  h

===== 4814 ===== 
[d4, Nf6, Nf3, b5, Bg5, Bb7, Bxf6, gxf6, Nbd2, e6, e4, Rg8, g3, c5, c3, Qb6, a4, cxd4, Nxd4, b4, a5, Qc5, a6, Bc6, Qb3, Bd6, Bg2, h5, Nc4, bxc3, bxc3, Bc7, O-O, h4, Qb4, Qxb4, cxb4, Be5, Rfd1, hxg3, hxg3, Ke7, Ra5, Bc7, Ra3, Be5, Ra5, Bc7, Rh5, Be5, Nxe5, fxe5, Rxe5, d6, Ra5, Bd7, e5, d5, Rc1, Rc8, Rxc8, Bxc8, Bf1, Kd7, Bb5+, Kc7, Be8, Kb6, Bxf7, Nxa6, Rb5+, Kc7, Bxe6, Bb7, Rxb7+, Kxb7, Bxd5+, Kb8, Bxa8, Kxa8, b5, Nc5, f4, Ne4, Kg2, a5, bxa6] ...
bxa6 Gives us inValid move: No such move for piece found: []
8 ♔  .  .  .  .  .  .  .  
7 .  .  .  .  .  .  .  .  
6 .  .  .  .  .  .  .  .  
5 ♙  ♟  .  .  ♟  .  .  .  
4 .  .  .  ♞  ♘  ♟  .  .  
3 .  .  .  .  .  .  ♟  .  
2 .  .  .  .  .  .  ♚  .  
1 .  .  .  .  .  .  .  .  
  a  b  c  d  e  f  g  h

===== 4820 ===== 
[e4, e5, Nf3, Nc6, Bc4, Bc5, d3, Nf6, c3, d6, Bg5, h6, Bh4, a6, a4, Ba7, Nbd2, Ne7, Qb3, O-O, Bxf6, gxf6, d4, Ng6, O-O, c6, Rfe1, Qe7, Qc2, Kh8, Nf1, Rg8, Kh1, Bg4, Ng1, Be6, Ne3, Rad8, Ne2, d5, exd5, cxd5, Ba2, e4, Qd2, Qf8, Ng3, Nh4, Qe2, Rg5, f4, exf3] ...
exf3 Gives us inValid move: No such move for piece found: []
8 .  .  .  ♖  .  ♕  .  ♔  
7 ♗  ♙  .  .  .  ♙  .  .  
6 ♙  .  .  .  ♗  ♙  .  ♙  
5 .  .  .  ♙  .  .  ♖  .  
4 ♟  .  .  ♟  ♙  ♟  .  ♘  
3 .  .  ♟  .  ♞  .  ♞  .  
2 ♝  ♟  .  .  ♛  .  ♟  ♟  
1 ♜  .  .  .  ♜  .  .  ♚  
  a  b  c  d  e  f  g  h

===== 4831 ===== 
[d4, Nf6, Nf3, e6, c4, Bb4+, Bd2, Bxd2+, Qxd2, d5, Nc3, O-O, e3, b6, cxd5, Nxd5, Nxd5, Qxd5, Rc1, Bb7, Be2, Qd6, Qc3, Rc8, O-O, Nd7, Rfd1, Qe7, b4, a5, b5, c5, bxc6] ...
bxc6 Gives us inValid move: No such move for piece found: []
8 ♖  .  ♖  .  .  .  ♔  .  
7 .  ♗  .  ♘  ♕  ♙  ♙  ♙  
6 .  ♙  .  .  ♙  .  .  .  
5 ♙  ♟  ♙  .  .  .  .  .  
4 .  .  .  ♟  .  .  .  .  
3 .  .  ♛  .  ♟  ♞  .  .  
2 ♟  .  .  .  ♝  ♟  ♟  ♟  
1 .  .  ♜  ♜  .  .  ♚  .  
  a  b  c  d  e  f  g  h

===== 4863 ===== 
[d4, Nf6, c4, e6, Bg5, Bb4+, Nd2, h6, Bh4, O-O, Nf3] ...
Nf3 Gives us inValid move: more than one valid move, The notation is disambiguous
8 ♖  ♘  ♗  ♕  .  ♖  ♔  .  
7 ♙  ♙  ♙  ♙  .  ♙  ♙  .  
6 .  .  .  .  ♙  ♘  .  ♙  
5 .  .  .  .  .  .  .  .  
4 .  ♗  ♟  ♟  .  .  .  ♝  
3 .  .  .  .  .  .  .  .  
2 ♟  ♟  .  ♞  ♟  ♟  ♟  ♟  
1 ♜  .  .  ♛  ♚  ♝  ♞  ♜  
  a  b  c  d  e  f  g  h

===== 4873 ===== 
[c4, Nf6, Nc3, e5, d3, d5, cxd5, Nxd5, Nf3, Nc6, e3, Nxc3, bxc3, Bd6, Be2, O-O, O-O, Qe7, Qb3, b6, e4, Na5, Qb1, c5, Bg5, f6, Be3, Be6, d4, cxd4, cxd4, Nc4, Bxc4, Bxc4, Rc1, Rac8, dxe5, fxe5, Rxc4, Rxc4, Qb3, Rc8] ...
Rc8 Gives us inValid move: more than one valid move, The notation is disambiguous
8 .  .  .  .  .  ♖  ♔  .  
7 ♙  .  .  .  ♕  .  ♙  ♙  
6 .  ♙  .  ♗  .  .  .  .  
5 .  .  .  .  ♙  .  .  .  
4 .  .  ♖  .  ♟  .  .  .  
3 .  ♛  .  .  ♝  ♞  .  .  
2 ♟  .  .  .  .  ♟  ♟  ♟  
1 ♜  .  .  .  .  .  ♚  .  
  a  b  c  d  e  f  g  h

===== 4886 ===== 
[e4, e5, Nf3, Nc6, Bc4, Bc5, b4, Be7, b5, Na5, Be2, d5, Nxe5, dxe4, Bb2, Nf6, Bc3, c6, a4, O-O, O-O, Nd5, bxc6, Nxc6, Nxc6, bxc6, Bc4, Be6, Bxd5, cxd5, Bd4, Bf6, Bxf6, Qxf6, Nc3, Rac8, Rb1, Qg6, f4, exf3] ...
exf3 Gives us inValid move: No such move for piece found: []
8 .  .  ♖  .  .  ♖  ♔  .  
7 ♙  .  .  .  .  ♙  ♙  ♙  
6 .  .  .  .  ♗  .  ♕  .  
5 .  .  .  ♙  .  .  .  .  
4 ♟  .  .  .  ♙  ♟  .  .  
3 .  .  ♞  .  .  .  .  .  
2 .  .  ♟  ♟  .  .  ♟  ♟  
1 .  ♜  .  ♛  .  ♜  ♚  .  
  a  b  c  d  e  f  g  h

===== 4891 ===== 
[e4, c6, d4, d5, Nc3, dxe4, Nxe4, Nf6, Nxf6+, exf6, c3, Bd6, Bd3, O-O, Qc2, Re8+, Ne2, h5, Be3, Nd7, c4, Nf8, O-O-O, Be6, Kb1, Rc8, a3, Ng6, Nc3, Nf4, Bh7+, Kh8, Bxf4, Bxf4, Bf5, g6, Bxe6, Rxe6, Qb3, Re7, g3, Bh6, h3, Bg7, g4, h4, d5, Rd7, Ka2, Qc7, Rhe1, Rcd8, Rd3, Qf4, Ne4, cxd5, cxd5, f5, gxf5, gxf5, Nc5, Rc7, Na4, Qxf2, d6, Rc2, Re7, b5, Qxb5, Rcc8, d7, Rb8, Re8+, Kh7, Qxb8, Rxb8, Rxb8, Bf6, d8=Q, Bxd8] ...
Bxd8 Gives us inValid move: Pawn can move diagonally only when capturing
8 .  ♜  .  .  .  .  .  .  
7 ♙  .  .  ♟  .  ♙  .  ♔  
6 .  .  .  .  .  ♗  .  .  
5 .  .  .  .  .  ♙  .  .  
4 ♞  .  .  .  .  .  .  ♙  
3 ♟  .  .  ♜  .  .  .  ♟  
2 ♚  ♟  .  .  .  ♕  .  .  
1 .  .  .  .  .  .  .  .  
  a  b  c  d  e  f  g  h

===== 4895 ===== 
[Nf3, Nf6, g3, g6, c4, Bg7, Nc3, O-O, Bg2, d5, cxd5, Nxd5, h4, Bg4, O-O, c6, Qb3, Bc8, d4, a5, e4, Nb4, a3, Be6, Qd1, N4a6, Be3, Bg4, Qb3, Bc8, Rfd1, Nd7, h5, Qb6, Qc2, Qc7, Rac1, Nb6, h6, Bh8, d5, Nc4, Bd4, e5, dxe6] ...
dxe6 Gives us inValid move: No such move for piece found: []
8 ♖  .  ♗  .  .  ♖  ♔  ♗  
7 .  ♙  ♕  .  .  ♙  .  ♙  
6 ♘  .  ♙  .  .  .  ♙  ♟  
5 ♙  .  .  ♟  ♙  .  .  .  
4 .  .  ♘  ♝  ♟  .  .  .  
3 ♟  .  ♞  .  .  ♞  ♟  .  
2 .  ♟  ♛  .  .  ♟  ♝  .  
1 .  .  ♜  ♜  .  .  ♚  .  
  a  b  c  d  e  f  g  h

===== 4897 ===== 
[Nf3, d5, g3, Nf6, Bg2, c6, O-O, Bg4, h3, Bh5, c4, e6, d4, Nbd7, cxd5, exd5, Ne5, Be7, f4, Bg6, f5, Bh5, Nc3, Bd6, Bf4, Qe7, Nxd7, Qxd7, Qd2, O-O-O, Bxd6, Qxd6, Qf4, Qxf4, Rxf4, g5, fxg6] ...
fxg6 Gives us inValid move: No such move for piece found: []
8 .  .  ♔  ♖  .  .  .  ♖  
7 ♙  ♙  .  .  .  ♙  .  ♙  
6 .  .  ♙  .  .  ♘  .  .  
5 .  .  .  ♙  .  ♟  ♙  ♗  
4 .  .  .  ♟  .  ♜  .  .  
3 .  .  ♞  .  .  .  ♟  ♟  
2 ♟  ♟  .  .  ♟  .  ♝  .  
1 ♜  .  .  .  .  .  ♚  .  
  a  b  c  d  e  f  g  h

===== 4933 ===== 
[e4, e6, d4, d5, exd5, exd5, Nf3, Nc6, Bb5, Bd6, O-O, Ne7] ...
Ne7 Gives us inValid move: more than one valid move, The notation is disambiguous
8 ♖  .  ♗  ♕  ♔  .  ♘  ♖  
7 ♙  ♙  ♙  .  .  ♙  ♙  ♙  
6 .  .  ♘  ♗  .  .  .  .  
5 .  ♝  .  ♙  .  .  .  .  
4 .  .  .  ♟  .  .  .  .  
3 .  .  .  .  .  ♞  .  .  
2 ♟  ♟  ♟  .  .  ♟  ♟  ♟  
1 ♜  ♞  ♝  ♛  .  ♜  ♚  .  
  a  b  c  d  e  f  g  h

===== 4935 ===== 
[d4, Nf6, Nf3, d5, Bg5, e6, Nbd2, Be7, e3, b6, c3, Bb7, Bd3, Ne4, Bf4, Nxd2, Qxd2, Nd7, O-O, g5, Bg3, h5, h3, g4, Ne5, Nxe5, Bxe5, Bf6, f4, Rg8, hxg4, hxg4, Kf2, Bxe5, fxe5, f5, exf6] ...
exf6 Gives us inValid move: No such move for piece found: [White pawn can only capture up diagonally]
8 ♖  .  .  ♕  ♔  .  ♖  .  
7 ♙  ♗  ♙  .  .  .  .  .  
6 .  ♙  .  .  ♙  .  .  .  
5 .  .  .  ♙  ♟  ♙  .  .  
4 .  .  .  ♟  .  .  ♙  .  
3 .  .  ♟  ♝  ♟  .  .  .  
2 ♟  ♟  .  ♛  .  ♚  ♟  .  
1 ♜  .  .  .  .  ♜  .  .  
  a  b  c  d  e  f  g  h

===== 4939 ===== 
[d4, Nf6, c4, e6, Nc3, Bb4, e3, O-O, Bd3, d5, cxd5, exd5, Qc2, Re8, Ne2] ...
Ne2 Gives us inValid move: more than one valid move, The notation is disambiguous
8 ♖  ♘  ♗  ♕  ♖  .  ♔  .  
7 ♙  ♙  ♙  .  .  ♙  ♙  ♙  
6 .  .  .  .  .  ♘  .  .  
5 .  .  .  ♙  .  .  .  .  
4 .  ♗  .  ♟  .  .  .  .  
3 .  .  ♞  ♝  ♟  .  .  .  
2 ♟  ♟  ♛  .  .  ♟  ♟  ♟  
1 ♜  .  ♝  .  ♚  .  ♞  ♜  
  a  b  c  d  e  f  g  h

===== 4945 ===== 
[e4, e5, d4, exd4, Qxd4, Nc6, Qd3, Nf6, Nf3, Bb4+, Bd2, O-O, Bxb4, Nxb4, Qc4, a5, Nbd2, d5, exd5, Re8+, Be2, b6, Qb3, Nfxd5, a3, a4, axb4, axb3, Rxa8, Nf4, O-O, Nxe2+, Kh1, bxc2, Nb3, Qd5, Ra3, Bg4, Nbd2, Bxf3, Nxf3, c1=Q, Rxc1] ...
Rxc1 Gives us inValid move: Invalid Rook move
8 .  .  .  .  ♖  .  ♔  .  
7 .  .  ♙  .  .  ♙  ♙  ♙  
6 .  ♙  .  .  .  .  .  .  
5 .  .  .  ♕  .  .  .  .  
4 .  ♟  .  .  .  .  .  .  
3 ♜  .  .  .  .  ♞  .  .  
2 .  ♟  ♙  .  ♘  ♟  ♟  ♟  
1 .  .  .  .  .  ♜  .  ♚  
  a  b  c  d  e  f  g  h

===== 4965 ===== 
[d4, Nf6, c4, e6, g3, d5, Bg2, Be7, Nf3, O-O, O-O, dxc4, Qc2, a6, a4, Bd7, Qxc4, Bc6, Bg5, Nbd7, Nc3, h6, Bxf6, Nxf6, a5, Qd6, Rfd1, Rfd8, e3, Rab8, Qe2, Bf8, h4, Qe7, Rd2, Ne4, Rc2, Nf6, Rcc1, Be8, Na4, Bb5, Qc2, c6, Nc3, Nd5, Nxb5, axb5, Ne5, Nb4, Qe2, Ra8, Be4, Ra6, Qf3, Qf6, Qh5, Bd6, f4, Nd5, Qf3, Bxe5, dxe5, Qe7, g4, Qxh4, Rc2, Qe7, g5, g6, gxh6, Kh7, Qg3, Rg8, Kf2, Raa8, Kf3, Rad8, Qg5, Qb4, Bxd5, exd5, Re2, Qe4+, Kg3, Qf5, a6, Qd3, Kf2, d4, axb7, dxe3+, Rxe3, Qc2+, Re2, Rd2, Re1] ...
Re1 Gives us inValid move: more than one valid move, The notation is disambiguous
8 .  .  .  .  .  .  ♖  .  
7 .  ♟  .  .  .  ♙  .  ♔  
6 .  .  ♙  .  .  .  ♙  ♟  
5 .  ♙  .  .  ♟  .  ♛  .  
4 .  .  .  .  .  ♟  .  .  
3 .  .  .  .  .  .  .  .  
2 .  ♟  ♕  ♖  ♜  ♚  .  .  
1 ♜  .  .  .  .  .  .  .  
  a  b  c  d  e  f  g  h

===== 4971 ===== 
[d4, Nf6, c4, e6, Nc3, Bb4, f3, Ba5, e4, d5, cxd5, exd5, e5, Nfd7, f4, c5, Nf3, Nc6, Be3, cxd4, Nxd4, O-O, Bb5, Qh4+, g3, Qh3, Qd2, Nb6, Bf1, Qh5, b3, Re8, Bg2, Nxe5, fxe5, Qxe5, Kf2, Qxe3+, Qxe3, Rxe3, Kxe3, Bxc3, Rac1, Bb4, Rhd1, Bd7, a4, g6, Kf2, Rd8, Bf3, Kg7, Kg2, a5, Rc7, Bc8, Nb5, Na8, Rcc1, Nb6, Rd4, Bd7, Rc7, Bc6, Na7, Rd6, Nxc6, bxc6, Bg4, h5, Bh3, g5, Bf5, Kf6, Bc2, Nd7, Rd1, Ne5, Rf1+, Kg7, Rf5, Re6, Rxg5+, Kh6, Rg8, d4, Bf5, Rf6, Rh8+, Kg7, Rxh5, d3, Rc8, Rd6, Be4, d2, Bc2, Ng6, Bd1, Re6, Rf5, Ne7, Rg5+, Kf6, Rgg8, Nxg8, Rxg8, Re1, Bf3, d1=Q, Bxd1] ...
Bxd1 Gives us inValid move: Pawn can move diagonally only when capturing
8 .  .  .  .  .  .  ♜  .  
7 .  .  .  .  .  ♙  .  .  
6 .  .  ♙  .  .  ♔  .  .  
5 ♙  .  .  .  .  .  .  .  
4 ♟  ♗  .  .  .  .  .  .  
3 .  ♟  .  .  .  ♝  ♟  .  
2 .  .  .  ♙  .  .  ♚  ♟  
1 .  .  .  .  ♖  .  .  .  
  a  b  c  d  e  f  g  h

===== 4976 ===== 
[d4, Nf6, c4, e6, Bg5, Bb4+, Nd2, h6, Bh4, Nc6, Nf3] ...
Nf3 Gives us inValid move: more than one valid move, The notation is disambiguous
8 ♖  .  ♗  ♕  ♔  .  .  ♖  
7 ♙  ♙  ♙  ♙  .  ♙  ♙  .  
6 .  .  ♘  .  ♙  ♘  .  ♙  
5 .  .  .  .  .  .  .  .  
4 .  ♗  ♟  ♟  .  .  .  ♝  
3 .  .  .  .  .  .  .  .  
2 ♟  ♟  .  ♞  ♟  ♟  ♟  ♟  
1 ♜  .  .  ♛  ♚  ♝  ♞  ♜  
  a  b  c  d  e  f  g  h

===== 4980 ===== 
[d4, Nf6, c4, e6, Nc3, Bb4, e3, O-O, Bd3, d5, cxd5, exd5, Ne2] ...
Ne2 Gives us inValid move: more than one valid move, The notation is disambiguous
8 ♖  ♘  ♗  ♕  .  ♖  ♔  .  
7 ♙  ♙  ♙  .  .  ♙  ♙  ♙  
6 .  .  .  .  .  ♘  .  .  
5 .  .  .  ♙  .  .  .  .  
4 .  ♗  .  ♟  .  .  .  .  
3 .  .  ♞  ♝  ♟  .  .  .  
2 ♟  ♟  .  .  .  ♟  ♟  ♟  
1 ♜  .  ♝  ♛  ♚  .  ♞  ♜  
  a  b  c  d  e  f  g  h

===== 4985 ===== 
[d4, Nf6, c4, e6, Bg5, h6, Bh4, g5, Bg3, Bb4+, Nd2, Ne4, Nf3] ...
Nf3 Gives us inValid move: more than one valid move, The notation is disambiguous
8 ♖  ♘  ♗  ♕  ♔  .  .  ♖  
7 ♙  ♙  ♙  ♙  .  ♙  .  .  
6 .  .  .  .  ♙  .  .  ♙  
5 .  .  .  .  .  .  ♙  .  
4 .  ♗  ♟  ♟  ♘  .  .  .  
3 .  .  .  .  .  .  ♝  .  
2 ♟  ♟  .  ♞  ♟  ♟  ♟  ♟  
1 ♜  .  .  ♛  ♚  ♝  ♞  ♜  
  a  b  c  d  e  f  g  h

===== 4998 ===== 
[d4, Nf6, c4, e6, Nc3, Bb4, e3, c5, Ne2] ...
Ne2 Gives us inValid move: more than one valid move, The notation is disambiguous
8 ♖  ♘  ♗  ♕  ♔  .  .  ♖  
7 ♙  ♙  .  ♙  .  ♙  ♙  ♙  
6 .  .  .  .  ♙  ♘  .  .  
5 .  .  ♙  .  .  .  .  .  
4 .  ♗  ♟  ♟  .  .  .  .  
3 .  .  ♞  .  ♟  .  .  .  
2 ♟  ♟  .  .  .  ♟  ♟  ♟  
1 ♜  .  ♝  ♛  ♚  ♝  ♞  ♜  
  a  b  c  d  e  f  g  h

===== 5014 ===== 
[e4, c5, Nf3, d6, d4, cxd4, Nxd4, Nf6, Nc3, a6, Be3, e5, Nb3, Be6, f3, Be7, Qd2, h5, O-O-O, Nbd7, Kb1, Rc8, g3, b5, h4, Nb6, Bxb6, Qxb6, Nd5, Bxd5, exd5, Bd8, Bd3, a5, Bf5, Rb8, f4, a4, Nc1, g6, Bd3, Ng4, Rde1, f5, Rhf1, O-O, Be2, Nf6, fxe5, dxe5, Qh6, Kf7, Nd3, Bc7, Bd1, Rh8, Qg5, Rbe8, a3, Bd6, c3, e4, Nb4, Bxb4, cxb4, Qd6, Be2, Qxd5, Rd1, Qe5, Rd2, Rd8, Rc2, Rc8, Rfc1, Rxc2, Rxc2, Rd8, Qe3, Rd7, Qb6, e3, Bxb5, Re7, Bc4+, Kg7, Re2, Qxg3, Ka2, Qe5, Qc5, Qxc5, bxc5, f4, Re1, f3, Rf1, e2, Bxe2, fxe2, Re1, Kf7, b4, axb3+] ...
axb3+ Gives us inValid move: No such move for piece found: []
8 .  .  .  .  .  .  .  .  
7 .  .  .  .  ♖  ♔  .  .  
6 .  .  .  .  .  ♘  ♙  .  
5 .  .  ♟  .  .  .  .  ♙  
4 ♙  ♟  .  .  .  .  .  ♟  
3 ♟  .  .  .  .  .  .  .  
2 ♚  .  .  .  ♙  .  .  .  
1 .  .  .  .  ♜  .  .  .  
  a  b  c  d  e  f  g  h

===== 5012 ===== 
[e4, c5, Nf3, d6, d4, cxd4, Nxd4, Nf6, Nc3, a6, Bg5, Nbd7, f4, Qc7, Qf3, h6, Bxf6, Nxf6, f5, g5, fxg6] ...
fxg6 Gives us inValid move: No such move for piece found: []
8 ♖  .  ♗  .  ♔  ♗  .  ♖  
7 .  ♙  ♕  .  ♙  ♙  .  .  
6 ♙  .  .  ♙  .  ♘  .  ♙  
5 .  .  .  .  .  ♟  ♙  .  
4 .  .  .  ♞  ♟  .  .  .  
3 .  .  ♞  .  .  ♛  .  .  
2 ♟  ♟  ♟  .  .  .  ♟  ♟  
1 ♜  .  .  .  ♚  ♝  .  ♜  
  a  b  c  d  e  f  g  h

===== 5030 ===== 
[d4, e6, Nc3, Bb4, e4, d5, exd5, exd5, Bd3, Ne7, Ne2] ...
Ne2 Gives us inValid move: more than one valid move, The notation is disambiguous
8 ♖  ♘  ♗  ♕  ♔  .  .  ♖  
7 ♙  ♙  ♙  .  ♘  ♙  ♙  ♙  
6 .  .  .  .  .  .  .  .  
5 .  .  .  ♙  .  .  .  .  
4 .  ♗  .  ♟  .  .  .  .  
3 .  .  ♞  ♝  .  .  .  .  
2 ♟  ♟  ♟  .  .  ♟  ♟  ♟  
1 ♜  .  ♝  ♛  ♚  .  ♞  ♜  
  a  b  c  d  e  f  g  h

===== 5032 ===== 
[e4, c5, Nf3, d6, Bb5+, Nd7, O-O, a6, Bd3, Ngf6, a4, b6, c3, Bb7, Re1, e6, Bc2, c4, d4, cxd3] ...
cxd3 Gives us inValid move: No such move for piece found: []
8 ♖  .  .  ♕  ♔  ♗  .  ♖  
7 .  ♗  .  ♘  .  ♙  ♙  ♙  
6 ♙  ♙  .  ♙  ♙  ♘  .  .  
5 .  .  .  .  .  .  .  .  
4 ♟  .  ♙  ♟  ♟  .  .  .  
3 .  .  ♟  .  .  ♞  .  .  
2 .  ♟  ♝  .  .  ♟  ♟  ♟  
1 ♜  ♞  ♝  ♛  ♜  .  ♚  .  
  a  b  c  d  e  f  g  h

===== 5034 ===== 
[c4, e5, d3, Bb4+, Nd2, c5, Nf3] ...
Nf3 Gives us inValid move: more than one valid move, The notation is disambiguous
8 ♖  ♘  ♗  ♕  ♔  .  ♘  ♖  
7 ♙  ♙  .  ♙  .  ♙  ♙  ♙  
6 .  .  .  .  .  .  .  .  
5 .  .  ♙  .  ♙  .  .  .  
4 .  ♗  ♟  .  .  .  .  .  
3 .  .  .  ♟  .  .  .  .  
2 ♟  ♟  .  ♞  ♟  ♟  ♟  ♟  
1 ♜  .  ♝  ♛  ♚  ♝  ♞  ♜  
  a  b  c  d  e  f  g  h

===== 5045 ===== 
[e4, c5, Nf3, d6, Bb5+, Nd7, a4, Nf6] ...
Nf6 Gives us inValid move: more than one valid move, The notation is disambiguous
8 ♖  .  ♗  ♕  ♔  ♗  ♘  ♖  
7 ♙  ♙  .  ♘  ♙  ♙  ♙  ♙  
6 .  .  .  ♙  .  .  .  .  
5 .  ♝  ♙  .  .  .  .  .  
4 ♟  .  .  .  ♟  .  .  .  
3 .  .  .  .  .  ♞  .  .  
2 .  ♟  ♟  ♟  .  ♟  ♟  ♟  
1 ♜  ♞  ♝  ♛  ♚  .  .  ♜  
  a  b  c  d  e  f  g  h

===== 5048 ===== 
[d4, Nf6, c4, e6, Bg5, Bb4+, Nd2, d5, e3, O-O, Nf3] ...
Nf3 Gives us inValid move: more than one valid move, The notation is disambiguous
8 ♖  ♘  ♗  ♕  .  ♖  ♔  .  
7 ♙  ♙  ♙  .  .  ♙  ♙  ♙  
6 .  .  .  .  ♙  ♘  .  .  
5 .  .  .  ♙  .  .  ♝  .  
4 .  ♗  ♟  ♟  .  .  .  .  
3 .  .  .  .  ♟  .  .  .  
2 ♟  ♟  .  ♞  .  ♟  ♟  ♟  
1 ♜  .  .  ♛  ♚  ♝  ♞  ♜  
  a  b  c  d  e  f  g  h

===== 5063 ===== 
[d4, Nf6, c4, e6, Bg5, c5, d5, exd5, cxd5, d6, e4, Be7, Bf4, O-O, Nd2, Re8, Bd3, Bf8, Ne2, c4, Bc2, Na6, O-O, Nc5, Ng3, b5, b4, cxb3] ...
cxb3 Gives us inValid move: No such move for piece found: []
8 ♖  .  ♗  ♕  ♖  ♗  ♔  .  
7 ♙  .  .  .  .  ♙  ♙  ♙  
6 .  .  .  ♙  .  ♘  .  .  
5 .  ♙  ♘  ♟  .  .  .  .  
4 .  ♟  ♙  .  ♟  ♝  .  .  
3 .  .  .  .  .  .  ♞  .  
2 ♟  .  ♝  ♞  .  ♟  ♟  ♟  
1 ♜  .  .  ♛  .  ♜  ♚  .  
  a  b  c  d  e  f  g  h

===== 5065 ===== 
[d4, Nf6, c4, e6, Bg5, h6, Bh4, Bb4+, Nd2, c5, a3, Bxd2+, Qxd2, cxd4, Nf3, Nc6, Nxd4, Ne4, Bxd8, Nxd2, Nxc6, dxc6, Bc7, Nxc4, O-O-O, O-O, e4, b5, Bxc4, bxc4, Rd6, Bb7, Rhd1, c5, f3, Rac8, Ba5, Bc6, R1d2, f5, exf5, exf5, Re2, Ba4, Kd2, Rb8, Bc3, Rfd8, Re6] ...
Re6 Gives us inValid move: more than one valid move, The notation is disambiguous
8 .  ♖  .  ♖  .  .  ♔  .  
7 ♙  .  .  .  .  .  ♙  .  
6 .  .  .  ♜  .  .  .  ♙  
5 .  .  ♙  .  .  ♙  .  .  
4 ♗  .  ♙  .  .  .  .  .  
3 ♟  .  ♝  .  .  ♟  .  .  
2 .  ♟  .  ♚  ♜  .  ♟  ♟  
1 .  .  .  .  .  .  .  .  
  a  b  c  d  e  f  g  h

===== 5067 ===== 
[d4, Nf6, c4, e6, Bg5, Bb4+, Nd2, h6, Bh4, d5, e3, c5, cxd5, exd5, dxc5, g5, Bg3, Ne4, Nf3] ...
Nf3 Gives us inValid move: more than one valid move, The notation is disambiguous
8 ♖  ♘  ♗  ♕  ♔  .  .  ♖  
7 ♙  ♙  .  .  .  ♙  .  .  
6 .  .  .  .  .  .  .  ♙  
5 .  .  ♟  ♙  .  .  ♙  .  
4 .  ♗  .  .  ♘  .  .  .  
3 .  .  .  .  ♟  .  ♝  .  
2 ♟  ♟  .  ♞  .  ♟  ♟  ♟  
1 ♜  .  .  ♛  ♚  ♝  ♞  ♜  
  a  b  c  d  e  f  g  h

===== 5093 ===== 
[d4, Nf6, c4, e6, Bg5, Bb4+, Nd2, d5, e3, O-O, Nf3] ...
Nf3 Gives us inValid move: more than one valid move, The notation is disambiguous
8 ♖  ♘  ♗  ♕  .  ♖  ♔  .  
7 ♙  ♙  ♙  .  .  ♙  ♙  ♙  
6 .  .  .  .  ♙  ♘  .  .  
5 .  .  .  ♙  .  .  ♝  .  
4 .  ♗  ♟  ♟  .  .  .  .  
3 .  .  .  .  ♟  .  .  .  
2 ♟  ♟  .  ♞  .  ♟  ♟  ♟  
1 ♜  .  .  ♛  ♚  ♝  ♞  ♜  
  a  b  c  d  e  f  g  h

===== 5105 ===== 
[Nf3, d5, c4, e6, d4, Nf6, cxd5, exd5, Nc3, c6, Bf4, Bf5, e3, Bd6, Bxd6, Qxd6, Nh4, Be4, f3, Bg6, e4, dxe4, Nxg6, hxg6, fxe4, Nbd7, Qd2, O-O-O, O-O-O, Qe6, d5, cxd5, exd5, Qb6, Kb1, Kb8, Qf4+, Ka8, d6, Rc8, Bc4, Qb4, Rd4, g5, Qf1, Ne5, a3, Qb6, d7, Qxd4, dxc8=Q+, Rxc8] ...
Rxc8 Gives us inValid move: Pawn can move diagonally only when capturing
8 ♔  .  ♖  .  .  .  .  ♖  
7 ♙  ♙  .  ♟  .  ♙  ♙  .  
6 .  .  .  .  .  ♘  .  .  
5 .  .  .  .  ♘  .  ♙  .  
4 .  .  ♝  ♕  .  .  .  .  
3 ♟  .  ♞  .  .  .  .  .  
2 .  ♟  .  .  .  .  ♟  ♟  
1 .  ♚  .  .  .  ♛  .  ♜  
  a  b  c  d  e  f  g  h

===== 5104 ===== 
[d4, Nf6, c4, e6, Bg5, Bb4+, Nd2, h6, Bh4, b6, e3, Bb7, Nf3] ...
Nf3 Gives us inValid move: more than one valid move, The notation is disambiguous
8 ♖  ♘  .  ♕  ♔  .  .  ♖  
7 ♙  ♗  ♙  ♙  .  ♙  ♙  .  
6 .  ♙  .  .  ♙  ♘  .  ♙  
5 .  .  .  .  .  .  .  .  
4 .  ♗  ♟  ♟  .  .  .  ♝  
3 .  .  .  .  ♟  .  .  .  
2 ♟  ♟  .  ♞  .  ♟  ♟  ♟  
1 ♜  .  .  ♛  ♚  ♝  ♞  ♜  
  a  b  c  d  e  f  g  h

===== 5110 ===== 
[e4, c5, Nf3, d6, Bb5+, Nd7, a4, Nf6] ...
Nf6 Gives us inValid move: more than one valid move, The notation is disambiguous
8 ♖  .  ♗  ♕  ♔  ♗  ♘  ♖  
7 ♙  ♙  .  ♘  ♙  ♙  ♙  ♙  
6 .  .  .  ♙  .  .  .  .  
5 .  ♝  ♙  .  .  .  .  .  
4 ♟  .  .  .  ♟  .  .  .  
3 .  .  .  .  .  ♞  .  .  
2 .  ♟  ♟  ♟  .  ♟  ♟  ♟  
1 ♜  ♞  ♝  ♛  ♚  .  .  ♜  
  a  b  c  d  e  f  g  h

===== 5130 ===== 
[d4, Nf6, c4, g6, h4, Bg7, Nc3, d5, h5, Nxh5, cxd5, c6, e4, cxd5, e5, Bf8, Be2, Ng7, Bh6, Nc6, Qd2, Nf5, Bxf8, Rxf8, Nf3, h5, O-O-O, Qa5, Kb1, Be6, Rc1, a6, Ka1, Kd7, Bd1, Rfc8, Bb3, Rd8, Qf4, Rac8, Na4, Kc7, Rc3, Kb8, Rhc1, Na7, Nc5, Nb5, R3c2, Rc6, a3, Rdc8, Ba4, Nbxd4, Nxd4, Rxc5, Rxc5, Rxc5, Nxe6, fxe6, Bd7, Rxc1+, Qxc1, Qc7, Qxc7+, Kxc7, Bxe6, Kc6, Kb1, h4, Kc1, Kc5, Kd2, Kd4, Bf7, g5, e6, Nd6, Bg6, Ke5, Kd3, b6, b3, Kxe6, a4, Ke5, Bh7, a5, Bg6, Ne4, Ke3, d4+, Kd3, Nxf2+, Kc4, Ne4, Kb5, Nc5, Bc2, d3, Bd1, Nd7, Kc6, Nf6, Kxb6, g4, b4, h3, gxh3, gxh3, bxa5, h2, Bf3, d2, a6, d1=Q, Bxd1] ...
Bxd1 Gives us inValid move: Pawn can move diagonally only when capturing
8 .  .  .  .  .  .  .  .  
7 .  .  .  .  ♙  .  .  .  
6 ♟  ♚  .  .  .  ♘  .  .  
5 .  .  .  .  ♔  .  .  .  
4 ♟  .  .  .  .  .  .  .  
3 .  .  .  .  .  ♝  .  .  
2 .  .  .  ♙  .  .  .  ♙  
1 .  .  .  .  .  .  .  .  
  a  b  c  d  e  f  g  h

===== 5127 ===== 
[d4, Nf6, c4, e6, Bg5, d5, e3, h6, Bh4, Bb4+, Nc3, O-O, cxd5, exd5, Bd3, Be6, Ne2] ...
Ne2 Gives us inValid move: more than one valid move, The notation is disambiguous
8 ♖  ♘  .  ♕  .  ♖  ♔  .  
7 ♙  ♙  ♙  .  .  ♙  ♙  .  
6 .  .  .  .  ♗  ♘  .  ♙  
5 .  .  .  ♙  .  .  .  .  
4 .  ♗  .  ♟  .  .  .  ♝  
3 .  .  ♞  ♝  ♟  .  .  .  
2 ♟  ♟  .  .  .  ♟  ♟  ♟  
1 ♜  .  .  ♛  ♚  .  ♞  ♜  
  a  b  c  d  e  f  g  h

===== 5141 ===== 
[e4, e5, Nf3, Nc6, Bb5, a6, Bxc6, dxc6, O-O, Qf6, d4, exd4, Bg5, Qd6, Nxd4, Be7, Be3, Bd7, Nc3, O-O-O, Qe2, h5, Rad1, Qg6, f4, Bg4, Nf3, f5, Rxd8+, Bxd8, Ne5, Bxe2, Nxg6, Bxf1, Nxh8, Bc4, exf5, Nh6, Bd4, Nxf5, Be5, g5, b3, Bg8, Ne2, c5, fxg5, Bxg5, Nf4, h4, Kf2, c4, Nhg6, b5, g4, hxg3+] ...
hxg3+ Gives us inValid move: No such move for piece found: []
8 .  .  ♔  .  .  .  ♗  .  
7 .  .  ♙  .  .  .  .  .  
6 ♙  .  .  .  .  .  ♞  .  
5 .  ♙  .  .  ♝  ♘  ♗  .  
4 .  .  ♙  .  .  ♞  ♟  ♙  
3 .  ♟  .  .  .  .  .  .  
2 ♟  .  ♟  .  .  ♚  .  ♟  
1 .  .  .  .  .  .  .  .  
  a  b  c  d  e  f  g  h

===== 5144 ===== 
[d4, d5, c4, c6, Nf3, Nf6, e3, Bg4, Qb3, Qb6, Ne5, Bf5, cxd5, Qxb3, axb3, Nxd5, Bd3, Bxd3, Nxd3, e6, Bd2, Na6, Ke2, Ndb4, Bxb4, Nxb4, Nc3, Nxd3, Kxd3, a6, Rhc1, h5, Ne4, h4, Kc4, O-O-O, b4, Be7, g4, hxg3] ...
hxg3 Gives us inValid move: No such move for piece found: []
8 .  .  ♔  ♖  .  .  .  ♖  
7 .  ♙  .  .  ♗  ♙  ♙  .  
6 ♙  .  ♙  .  ♙  .  .  .  
5 .  .  .  .  .  .  .  .  
4 .  ♟  ♚  ♟  ♞  .  ♟  ♙  
3 .  .  .  .  ♟  .  .  .  
2 .  ♟  .  .  .  ♟  .  ♟  
1 ♜  .  ♜  .  .  .  .  .  
  a  b  c  d  e  f  g  h

===== 5150 ===== 
[d4, e6, c4, Bb4+, Bd2, a5, g3, Nf6, Bg2, d6, Nf3, Nbd7, O-O, e5, Bg5, exd4, Nxd4, h6, Bc1, O-O, Nc2, Bc5, Be3, Re8, Bxc5, Nxc5, Nc3, Be6, Ne3, Qd7, Qd4, Bh3, Ned5, Nxd5, cxd5, Bxg2, Kxg2, Re7, Rac1, Rae8, e3, Re5, h4, b5, Ne2, Qf5, Nf4, Re4, Qd2, g5, hxg5, hxg5, Nh5, g4, Nf4, R4e5, Rh1, Qe4+, Kg1, b4, Rh4, f5, Rd1, R5e7, Qd4, Qxd4, exd4, Ne4, Rh5, Rf7, Kg2, Ree7, Ng6, Rd7, Rdh1, Rh7, Rxf5, Rxh1, Kxh1, Rf7, Rxf7, Kxf7, Nf4, Ke7, Kg2, Nd2, b3, Nf3, Ne2, Kf6, Ng1, Nxd4, f4, gxf3+] ...
gxf3+ Gives us inValid move: No such move for piece found: []
8 .  .  .  .  .  .  .  .  
7 .  .  ♙  .  .  .  .  .  
6 .  .  .  ♙  .  ♔  .  .  
5 ♙  .  .  ♟  .  .  .  .  
4 .  ♙  .  ♘  .  ♟  ♙  .  
3 .  ♟  .  .  .  .  ♟  .  
2 ♟  .  .  .  .  .  ♚  .  
1 .  .  .  .  .  .  ♞  .  
  a  b  c  d  e  f  g  h

===== 5156 ===== 
[d4, e6, c4, b6, Nc3, Bb4, e4, Bb7, Bd3, f5, Qc2, Bxc3+, bxc3, Qh4, Nf3, Qg4, exf5, Qxg2, Rg1, Qxf3, d5, Nf6, fxe6, dxe6, Rxg7, Nbd7, dxe6, Ne5, Be2, Qh1+, Bf1, Be4, Qa4+, Bc6, Qc2, O-O-O, e7, Nd3+, Kd2, Nb4+, exd8=Q+] ...
exd8=Q+ Gives us inValid move: Knight can only move L shape  invalid horizontal movement 
8 .  .  ♔  ♖  .  .  .  ♖  
7 ♙  .  ♙  .  ♟  .  ♜  ♙  
6 .  ♙  ♗  .  .  ♘  .  .  
5 .  .  .  .  .  .  .  .  
4 .  ♘  ♟  .  .  .  .  .  
3 .  .  ♟  .  .  .  .  .  
2 ♟  .  ♛  ♚  .  ♟  .  ♟  
1 ♜  .  ♝  .  .  ♝  .  ♕  
  a  b  c  d  e  f  g  h

===== 5158 ===== 
[d4, Nf6, Bf4, g6, Nd2, d5, e3, Bg7, Ngf3, O-O, h3, c5, c3, b6, Bd3, Bb7, Ne5, Nbd7, O-O, Nxe5, Bxe5, Nd7, Bxg7, Kxg7, f4, Nf6, Qf3, Qc7, g4, c4, Bc2, b5, g5, Ne8, h4, Nd6, h5, Rh8, Rae1, Raf8, h6+, Kg8, e4, dxe4, Bxe4, Nxe4, Nxe4, f5, gxf6] ...
gxf6 Gives us inValid move: No such move for piece found: []
8 .  .  .  .  .  ♖  ♔  ♖  
7 ♙  ♗  ♕  .  ♙  .  .  ♙  
6 .  .  .  .  .  .  ♙  ♟  
5 .  ♙  .  .  .  ♙  ♟  .  
4 .  .  ♙  ♟  ♞  ♟  .  .  
3 .  .  ♟  .  .  ♛  .  .  
2 ♟  ♟  .  .  .  .  .  .  
1 .  .  .  .  ♜  ♜  ♚  .  
  a  b  c  d  e  f  g  h

===== 5161 ===== 
[d4, d5, Nf3, Nf6, Bf4, c5, e3, Nc6, Nbd2, cxd4, exd4, Qb6, Nb3, Bg4, h3, Bh5, a4, a6, a5, Qd8, g4, Bg6, Ne5, Nd7, Nxg6, hxg6, c3, e6, Bd3, Be7, Kf1, Bg5, Bg3, Qf6, Kg2, Bh4, Qd2, Bxg3, fxg3, O-O, g5, Qe7, h4, e5, Rae1, Qd6, h5, e4, Be2, gxh5, Bxh5, g6, Bg4, Kg7, Qf4, Qxf4, gxf4, f5, gxf6+] ...
gxf6+ Gives us inValid move: No such move for piece found: []
8 ♖  .  .  .  .  ♖  .  .  
7 .  ♙  .  ♘  .  .  ♔  .  
6 ♙  .  ♘  .  .  .  ♙  .  
5 ♟  .  .  ♙  .  ♙  ♟  .  
4 .  .  .  ♟  ♙  ♟  ♝  .  
3 .  ♞  ♟  .  .  .  .  .  
2 .  ♟  .  .  .  .  ♚  .  
1 .  .  .  .  ♜  .  .  ♜  
  a  b  c  d  e  f  g  h

===== 5172 ===== 
[d4, Nf6, c4, e6, Nc3, Bb4, e3, c5, Ne2] ...
Ne2 Gives us inValid move: more than one valid move, The notation is disambiguous
8 ♖  ♘  ♗  ♕  ♔  .  .  ♖  
7 ♙  ♙  .  ♙  .  ♙  ♙  ♙  
6 .  .  .  .  ♙  ♘  .  .  
5 .  .  ♙  .  .  .  .  .  
4 .  ♗  ♟  ♟  .  .  .  .  
3 .  .  ♞  .  ♟  .  .  .  
2 ♟  ♟  .  .  .  ♟  ♟  ♟  
1 ♜  .  ♝  ♛  ♚  ♝  ♞  ♜  
  a  b  c  d  e  f  g  h

===== 5179 ===== 
[d4, d5, Nf3, Nf6, Bf4, c5, e3, e6, Nbd2, Qb6, Rb1, Bd6, Bxd6, Qxd6, c4, cxd4, c5, Qc7, exd4, a5, a3, a4, b4, axb3] ...
axb3 Gives us inValid move: No such move for piece found: []
8 ♖  ♘  ♗  .  ♔  .  .  ♖  
7 .  ♙  ♕  .  .  ♙  ♙  ♙  
6 .  .  .  .  ♙  ♘  .  .  
5 .  .  ♟  ♙  .  .  .  .  
4 ♙  ♟  .  ♟  .  .  .  .  
3 ♟  .  .  .  .  ♞  .  .  
2 .  .  .  ♞  .  ♟  ♟  ♟  
1 .  ♜  .  ♛  ♚  ♝  .  ♜  
  a  b  c  d  e  f  g  h

===== 5216 ===== 
[d4, Nf6, c4, e6, Nc3, Bb4, e3, b6, Ne2] ...
Ne2 Gives us inValid move: more than one valid move, The notation is disambiguous
8 ♖  ♘  ♗  ♕  ♔  .  .  ♖  
7 ♙  .  ♙  ♙  .  ♙  ♙  ♙  
6 .  ♙  .  .  ♙  ♘  .  .  
5 .  .  .  .  .  .  .  .  
4 .  ♗  ♟  ♟  .  .  .  .  
3 .  .  ♞  .  ♟  .  .  .  
2 ♟  ♟  .  .  .  ♟  ♟  ♟  
1 ♜  .  ♝  ♛  ♚  ♝  ♞  ♜  
  a  b  c  d  e  f  g  h

===== 5217 ===== 
[e4, c5, Nf3, d6, Bb5+, Nd7, c4, Nf6] ...
Nf6 Gives us inValid move: more than one valid move, The notation is disambiguous
8 ♖  .  ♗  ♕  ♔  ♗  ♘  ♖  
7 ♙  ♙  .  ♘  ♙  ♙  ♙  ♙  
6 .  .  .  ♙  .  .  .  .  
5 .  ♝  ♙  .  .  .  .  .  
4 .  .  ♟  .  ♟  .  .  .  
3 .  .  .  .  .  ♞  .  .  
2 ♟  ♟  .  ♟  .  ♟  ♟  ♟  
1 ♜  ♞  ♝  ♛  ♚  .  .  ♜  
  a  b  c  d  e  f  g  h

===== 5220 ===== 
[e4, e5, Nf3, Nc6, Bc4, Bc5, d3, Nf6, a4, O-O, O-O, d6, a5, a6, Be3, h6, Bxc5, dxc5, Nbd2, b5, axb6] ...
axb6 Gives us inValid move: No such move for piece found: []
8 ♖  .  ♗  ♕  .  ♖  ♔  .  
7 .  .  ♙  .  .  ♙  ♙  .  
6 ♙  .  ♘  .  .  ♘  .  ♙  
5 ♟  ♙  ♙  .  ♙  .  .  .  
4 .  .  ♝  .  ♟  .  .  .  
3 .  .  .  ♟  .  ♞  .  .  
2 .  ♟  ♟  ♞  .  ♟  ♟  ♟  
1 ♜  .  .  ♛  .  ♜  ♚  .  
  a  b  c  d  e  f  g  h

===== 5243 ===== 
[d4, Nf6, c4, e6, Bg5, Bb4+, Nd2, h6, Bh4, g5, Bg3, Ne4, Nf3] ...
Nf3 Gives us inValid move: more than one valid move, The notation is disambiguous
8 ♖  ♘  ♗  ♕  ♔  .  .  ♖  
7 ♙  ♙  ♙  ♙  .  ♙  .  .  
6 .  .  .  .  ♙  .  .  ♙  
5 .  .  .  .  .  .  ♙  .  
4 .  ♗  ♟  ♟  ♘  .  .  .  
3 .  .  .  .  .  .  ♝  .  
2 ♟  ♟  .  ♞  ♟  ♟  ♟  ♟  
1 ♜  .  .  ♛  ♚  ♝  ♞  ♜  
  a  b  c  d  e  f  g  h

===== 5248 ===== 
[e4, e5, Nf3, Nc6, Bc4, Nf6, d3, Bc5, O-O, d6, c3, a6, Bb3, Ba7, Nbd2, O-O, h3, h6, Re1, Re8, Nf1, Be6, Be3, Bxe3, Nxe3, Bxb3, Qxb3, Qd7, Rad1, Rab8, Nh4, Ne7, Qc2, Qe6, a3, Rbd8, Nf3, Ng6, Kh2, Nf4, Ng1, d5, g3, Ng6, Nf3, c6, b4, Rd7, c4, Red8, cxd5, cxd5, exd5, Nxd5, Nc4, Rc8, Qb2, Ndf4, gxf4, Nxf4, Ng1, Rxd3, Ne3, e4, Qb1, f5, Rxd3, Nxd3, Re2, f4, Nf1, Qd6, Rxe4, f3+, Ng3, Nxf2, Qb3+, Kh8, Qxf3, Nxe4, Qxe4, Rc3, Ne2] ...
Ne2 Gives us inValid move: more than one valid move, The notation is disambiguous
8 .  .  .  .  .  .  .  ♔  
7 .  ♙  .  .  .  .  ♙  .  
6 ♙  .  .  ♕  .  .  .  ♙  
5 .  .  .  .  .  .  .  .  
4 .  ♟  .  .  ♛  .  .  .  
3 ♟  .  ♖  .  .  .  ♞  ♟  
2 .  .  .  .  .  .  .  ♚  
1 .  .  .  .  .  .  ♞  .  
  a  b  c  d  e  f  g  h

===== 5269 ===== 
[d4, Nf6, c4, e6, Bg5, h6, Bh4, Bb4+, Nd2, g5, Bg3, Ne4, Nf3] ...
Nf3 Gives us inValid move: more than one valid move, The notation is disambiguous
8 ♖  ♘  ♗  ♕  ♔  .  .  ♖  
7 ♙  ♙  ♙  ♙  .  ♙  .  .  
6 .  .  .  .  ♙  .  .  ♙  
5 .  .  .  .  .  .  ♙  .  
4 .  ♗  ♟  ♟  ♘  .  .  .  
3 .  .  .  .  .  .  ♝  .  
2 ♟  ♟  .  ♞  ♟  ♟  ♟  ♟  
1 ♜  .  .  ♛  ♚  ♝  ♞  ♜  
  a  b  c  d  e  f  g  h

===== 5278 ===== 
[d4, Nf6, c4, e6, Bg5, Bb4+, Nd2, d5, e3, O-O, Nf3] ...
Nf3 Gives us inValid move: more than one valid move, The notation is disambiguous
8 ♖  ♘  ♗  ♕  .  ♖  ♔  .  
7 ♙  ♙  ♙  .  .  ♙  ♙  ♙  
6 .  .  .  .  ♙  ♘  .  .  
5 .  .  .  ♙  .  .  ♝  .  
4 .  ♗  ♟  ♟  .  .  .  .  
3 .  .  .  .  ♟  .  .  .  
2 ♟  ♟  .  ♞  .  ♟  ♟  ♟  
1 ♜  .  .  ♛  ♚  ♝  ♞  ♜  
  a  b  c  d  e  f  g  h

===== 5297 ===== 
[d4, d5, c4, c6, Nf3, Nf6, Nc3, dxc4, a4, Bf5, Ne5, e6, f3, Bb4, e4, Bxe4, Nxf7, Kxf7, fxe4, Nxe4, Qh5+, g6, Qf3+, Nf6, Be2, Qxd4, Bd2, Nd7] ...
Nd7 Gives us inValid move: more than one valid move, The notation is disambiguous
8 ♖  ♘  .  .  .  .  .  ♖  
7 ♙  ♙  .  .  .  ♔  .  ♙  
6 .  .  ♙  .  ♙  ♘  ♙  .  
5 .  .  .  .  .  .  .  .  
4 ♟  ♗  ♙  ♕  .  .  .  .  
3 .  .  ♞  .  .  ♛  .  .  
2 .  ♟  .  ♝  ♝  .  ♟  ♟  
1 ♜  .  .  .  ♚  .  .  ♜  
  a  b  c  d  e  f  g  h

===== 5321 ===== 
[e4, e5, Nf3, Nc6, Bc4, Bc5, O-O, Nf6, d3, d6, a4, O-O, a5, a6, c3, Ba7, Be3, Bxe3, fxe3, Ne7, Nbd2, Ng6, d4, b5, axb6] ...
axb6 Gives us inValid move: No such move for piece found: []
8 ♖  .  ♗  ♕  .  ♖  ♔  .  
7 .  .  ♙  .  .  ♙  ♙  ♙  
6 ♙  .  .  ♙  .  ♘  ♘  .  
5 ♟  ♙  .  .  ♙  .  .  .  
4 .  .  ♝  ♟  ♟  .  .  .  
3 .  .  ♟  .  ♟  ♞  .  .  
2 .  ♟  .  ♞  .  .  ♟  ♟  
1 ♜  .  .  ♛  .  ♜  ♚  .  
  a  b  c  d  e  f  g  h

===== 5341 ===== 
[d4, Nf6, c4, d6, Nc3, e5, Nf3, e4, Ng5, Qe7, Qc2, Nc6, Be3, Bf5, Nd5, Nxd5, cxd5, Nd8, g4, Bxg4, Nxe4, Bh5, h4, Bg6, f3, c6, dxc6, Nxc6, h5, Bxe4, fxe4, Qd8, O-O-O, Be7, Kb1, Bg5, Bf2, h6, e3, O-O, Bc4, Rc8, Qd3, a6, a3, b5, Bd5, b4, a4, b3, Rc1, Nb4, Qxb3, Rb8, Qc3, Qe8, b3, Nxd5, exd5, Qe4+, Ka2, Qxd5, Qc4, Qg2, Qe2, Rfe8, Rhg1, Qd5, Rc4, f5, Qd3, Kh7, Rf1, Re4, Bg1, Rbe8, Rc2, Kh8, Qxa6, Bxe3, Bxe3, Rxe3, Qc4, Qe4, d5, Qe5, Qf4, Qxd5, Qc4, Qe5, Rd1, f4, Rd5, Qe6, Qd4, Re2, Rxe2, Qxe2+, Ka3, f3, Rxd6, Qe3, Qxe3, Rxe3, Rd8+, Kh7, Rf8, g5, hxg6+] ...
hxg6+ Gives us inValid move: No such move for piece found: []
8 .  .  .  .  .  ♜  .  .  
7 .  .  .  .  .  .  .  ♔  
6 .  .  .  .  .  .  .  ♙  
5 .  .  .  .  .  .  ♙  ♟  
4 ♟  .  .  .  .  .  .  .  
3 ♚  ♟  .  .  ♖  ♙  .  .  
2 .  .  .  .  .  .  .  .  
1 .  .  .  .  .  .  .  .  
  a  b  c  d  e  f  g  h

===== 5375 ===== 
[e4, e5, Nf3, Nc6, Bc4, Bc5, d3, Nf6, O-O, d6, c3, a6, Re1, Ba7, a4, h6, b4, O-O, Nbd2, Ne7, h3, Be6, Bxe6, fxe6, Qb3, Nh5, Qxe6+, Kh7, Nf1, Ng6, d4, Ngf4, Bxf4, Nxf4, Qg4, Rf6, Ne3, Rg6, Qf5, Qe7, Nd5, Nxd5, exd5, Rf8, Qe4, Qf6, Nh4, Qxf2+, Kh1, Rf6] ...
Rf6 Gives us inValid move: more than one valid move, The notation is disambiguous
8 .  .  .  .  .  ♖  .  .  
7 ♗  ♙  ♙  .  .  .  ♙  ♔  
6 ♙  .  .  ♙  .  .  ♖  ♙  
5 .  .  .  ♟  ♙  .  .  .  
4 ♟  ♟  .  ♟  ♛  .  .  ♞  
3 .  .  ♟  .  .  .  .  ♟  
2 .  .  .  .  .  ♕  ♟  .  
1 ♜  .  .  .  ♜  .  .  ♚  
  a  b  c  d  e  f  g  h

===== 5386 ===== 
[d4, Nf6, c4, e6, Nc3, Bb4, e3, O-O, Bd3, Re8, Ne2] ...
Ne2 Gives us inValid move: more than one valid move, The notation is disambiguous
8 ♖  ♘  ♗  ♕  ♖  .  ♔  .  
7 ♙  ♙  ♙  ♙  .  ♙  ♙  ♙  
6 .  .  .  .  ♙  ♘  .  .  
5 .  .  .  .  .  .  .  .  
4 .  ♗  ♟  ♟  .  .  .  .  
3 .  .  ♞  ♝  ♟  .  .  .  
2 ♟  ♟  .  .  .  ♟  ♟  ♟  
1 ♜  .  ♝  ♛  ♚  .  ♞  ♜  
  a  b  c  d  e  f  g  h

===== 5391 ===== 
[d4, Nf6, c4, c5, d5, b5, cxb5, a6, bxa6, g6, Nc3, d6, e4, Bxa6, Bxa6, Nxa6, Nf3, Bg7, O-O, O-O, Re1, Qb6, h3, Nb4, a3, Na6, e5, Nd7, Bg5, Nxe5, Nxe5, Bxe5, Bxe7, Rfe8, Rxe5, dxe5, d6, Nc7, Ne4, f5, Nf6+, Kf7, Nxe8, Rxe8, d7, Kxe7, dxe8=Q+, Kxe8] ...
Kxe8 Gives us inValid move: Pawn can move diagonally only when capturing
8 .  .  .  .  ♖  .  .  .  
7 .  .  ♘  ♟  ♔  .  .  ♙  
6 .  ♕  .  .  .  .  ♙  .  
5 .  .  ♙  .  ♙  ♙  .  .  
4 .  .  .  .  .  .  .  .  
3 ♟  .  .  .  .  .  .  ♟  
2 .  ♟  .  .  .  ♟  ♟  .  
1 ♜  .  .  ♛  .  .  ♚  .  
  a  b  c  d  e  f  g  h

===== 5395 ===== 
[d4, Nf6, c4, g6, g3, Bg7, Bg2, d5, Nf3, O-O, O-O, Nc6, Na3, dxc4, Nxc4, Be6, b3, Bd5, Bb2, a5, Rc1, Re8, e3, h6, a3, Ne4, Qe2, e6, Rfd1, Qe7, Nfd2, Nxd2, Nxd2, Bxg2, Kxg2, Rad8, Qb5, Rb8, Nc4, Qg5, Qxg5, hxg5, h3, Bf8, Nd2, Rbd8, a4, Rd7, Bc3, f6, Nc4, b6, Rd2, Bb4, Rdc2, Bxc3, Rxc3, Nb4, Nb2, Ree7, Rc4, Na2, Rd1, Nb4, Nd3, Nxd3, Rxd3, e5, d5, e4, Rdd4, f5, Rc6, Kf7, g4, Re5, Rdc4, Rexd5, Rxc7, Rd6] ...
Rd6 Gives us inValid move: more than one valid move, The notation is disambiguous
8 .  .  .  .  .  .  .  .  
7 .  .  ♜  ♖  .  ♔  .  .  
6 .  ♙  .  .  .  .  ♙  .  
5 ♙  .  .  ♖  .  ♙  ♙  .  
4 ♟  .  ♜  .  ♙  .  ♟  .  
3 .  ♟  .  .  ♟  .  .  ♟  
2 .  .  .  .  .  ♟  ♚  .  
1 .  .  .  .  .  .  .  .  
  a  b  c  d  e  f  g  h

===== 5396 ===== 
[d4, c5, d5, g6, e4, Bg7, Nc3, d6, Nf3, Nf6, Bc4, O-O, O-O, Bg4, h3, Bxf3, Qxf3, Nbd7, Qd1, Ne8, a4, Nc7, Bg5, h6, Be3, a6, a5, b5, axb6] ...
axb6 Gives us inValid move: No such move for piece found: []
8 ♖  .  .  ♕  .  ♖  ♔  .  
7 .  .  ♘  ♘  ♙  ♙  ♗  .  
6 ♙  .  .  ♙  .  .  ♙  ♙  
5 ♟  ♙  ♙  ♟  .  .  .  .  
4 .  .  ♝  .  ♟  .  .  .  
3 .  .  ♞  .  ♝  .  .  ♟  
2 .  ♟  ♟  .  .  ♟  ♟  .  
1 ♜  .  .  ♛  .  ♜  ♚  .  
  a  b  c  d  e  f  g  h

===== 5403 ===== 
[e4, e5, Nf3, Nc6, Nc3, Nf6, Bb5, Nd4, Be2, d6, d3, c5, Bg5, Be7, Bxf6, Bxf6, Nxd4, cxd4, Nd5, Be6, Nxf6+, Qxf6, O-O, O-O, Qd2, Rac8, c4, dxc3] ...
dxc3 Gives us inValid move: No such move for piece found: [Black pawn can only capture down diagonally]
8 .  .  ♖  .  .  ♖  ♔  .  
7 ♙  ♙  .  .  .  ♙  ♙  ♙  
6 .  .  .  ♙  ♗  ♕  .  .  
5 .  .  .  .  ♙  .  .  .  
4 .  .  ♟  ♙  ♟  .  .  .  
3 .  .  .  ♟  .  .  .  .  
2 ♟  ♟  .  ♛  ♝  ♟  ♟  ♟  
1 ♜  .  .  .  .  ♜  ♚  .  
  a  b  c  d  e  f  g  h

===== 5404 ===== 
[d4, Nf6, c4, e6, Bg5, c5, d5, exd5, cxd5, d6, e4, Nbd7, Nc3, h6, Bf4, a6, a4, Qa5, Bd2, Be7, f4, O-O, Nf3, Re8, Bd3, c4, Bc2, Bf8, O-O, Rb8, Kh1, Qc5, a5, b5, axb6] ...
axb6 Gives us inValid move: No such move for piece found: []
8 .  ♖  ♗  .  ♖  ♗  ♔  .  
7 .  .  .  ♘  .  ♙  ♙  .  
6 ♙  .  .  ♙  .  ♘  .  ♙  
5 ♟  ♙  ♕  ♟  .  .  .  .  
4 .  .  ♙  .  ♟  ♟  .  .  
3 .  .  ♞  .  .  ♞  .  .  
2 .  ♟  ♝  ♝  .  .  ♟  ♟  
1 ♜  .  .  ♛  .  ♜  .  ♚  
  a  b  c  d  e  f  g  h

===== 5407 ===== 
[d4, Nf6, c4, e6, Bg5, d5, e3, Bb4+, Nc3, h6, Bh4, g5, Bg3, Ne4, Qc2, h5, f3, Nxg3, hxg3, c5, dxc5, dxc4, Bxc4, Nc6, Ne2] ...
Ne2 Gives us inValid move: more than one valid move, The notation is disambiguous
8 ♖  .  ♗  ♕  ♔  .  .  ♖  
7 ♙  ♙  .  .  .  ♙  .  .  
6 .  .  ♘  .  ♙  .  .  .  
5 .  .  ♟  .  .  .  ♙  ♙  
4 .  ♗  ♝  .  .  .  .  .  
3 .  .  ♞  .  ♟  ♟  ♟  .  
2 ♟  ♟  ♛  .  .  .  ♟  .  
1 ♜  .  .  .  ♚  .  ♞  ♜  
  a  b  c  d  e  f  g  h

===== 5416 ===== 
[d4, Nf6, c4, e6, Bg5, d5, e3, c5, cxd5, cxd4, Qxd4, Qa5+, Nd2, Nxd5, Nf3] ...
Nf3 Gives us inValid move: more than one valid move, The notation is disambiguous
8 ♖  ♘  ♗  .  ♔  ♗  .  ♖  
7 ♙  ♙  .  .  .  ♙  ♙  ♙  
6 .  .  .  .  ♙  .  .  .  
5 ♕  .  .  ♘  .  .  ♝  .  
4 .  .  .  ♛  .  .  .  .  
3 .  .  .  .  ♟  .  .  .  
2 ♟  ♟  .  ♞  .  ♟  ♟  ♟  
1 ♜  .  .  .  ♚  ♝  ♞  ♜  
  a  b  c  d  e  f  g  h

===== 5421 ===== 
[d4, Nf6, c4, e6, Bg5, d5, e3, Bb4+, Nc3, h6, Bh4, c5, dxc5, g5, Bg3, Qa5, Qc2, Ne4, Ne2] ...
Ne2 Gives us inValid move: more than one valid move, The notation is disambiguous
8 ♖  ♘  ♗  .  ♔  .  .  ♖  
7 ♙  ♙  .  .  .  ♙  .  .  
6 .  .  .  .  ♙  .  .  ♙  
5 ♕  .  ♟  ♙  .  .  ♙  .  
4 .  ♗  ♟  .  ♘  .  .  .  
3 .  .  ♞  .  ♟  .  ♝  .  
2 ♟  ♟  ♛  .  .  ♟  ♟  ♟  
1 ♜  .  .  .  ♚  ♝  ♞  ♜  
  a  b  c  d  e  f  g  h

===== 5437 ===== 
[d4, d5, c4, c6, Nf3, Nf6, Nc3, dxc4, a4, Bf5, Nh4, Bg6, Nxg6, hxg6, e3, e6, g3, Bb4, Bg2, Qa5, O-O, Nbd7, Na2, Be7, Bd2, Qf5, Qe2, a5, f4, Qd3, Qxd3, cxd3, Nc1, Nb6, Nxd3, Nc4, Bc1, Nd5, Re1, Nb4, Nxb4, Bxb4, Re2, O-O-O, Rc2, Nb6, e4, Rxd4, Be3, Rc4, Rac1, Rxc2, Rxc2, Nxa4, b3, Nc3, Bd4, Nb5, Bxg7, Rd8, h4, Nd4, Bxd4, Rxd4, Rf2, Be1, Rf3, Rxe4, Rd3, Re2, h5, gxh5, Bf3, Rd2, Rxd2, Bxd2, Bxh5, f6, Kf2, Kd7, Ke2, Bc1, Kd3, Kd6, Ke4, b5, Kd3, Kc5, Bf7, e5, fxe5, fxe5, Be8, Bh6, Ke4, Bg7, g4, a4, bxa4, bxa4, Kd3, a3, Bf7, Kb4, g5, c5, Ba2, c4+, Kd2, Bf8, Kc2, Be7, g6, Bf8, Kd2, Bh6+, Kc2, e4, Kd1, c3, Kc2, e3, Kd3, c2, g7, c1=N+, Kc2] ...
Kc2 Gives us inValid move: Pawn can move diagonally only when capturing
8 .  .  .  .  .  .  .  .  
7 .  .  .  .  .  .  ♟  .  
6 .  .  .  .  .  .  .  ♗  
5 .  .  .  .  .  .  .  .  
4 .  ♔  .  .  .  .  .  .  
3 ♙  .  .  ♚  ♙  .  .  .  
2 ♝  .  ♙  .  .  .  .  .  
1 .  .  .  .  .  .  .  .  
  a  b  c  d  e  f  g  h

===== 5439 ===== 
[d4, Nf6, c4, e6, Bg5, Bb4+, Nd2, h6, Bh4, d5, e3, c5, dxc5, g5, Bg3, Ne4, Nf3] ...
Nf3 Gives us inValid move: more than one valid move, The notation is disambiguous
8 ♖  ♘  ♗  ♕  ♔  .  .  ♖  
7 ♙  ♙  .  .  .  ♙  .  .  
6 .  .  .  .  ♙  .  .  ♙  
5 .  .  ♟  ♙  .  .  ♙  .  
4 .  ♗  ♟  .  ♘  .  .  .  
3 .  .  .  .  ♟  .  ♝  .  
2 ♟  ♟  .  ♞  .  ♟  ♟  ♟  
1 ♜  .  .  ♛  ♚  ♝  ♞  ♜  
  a  b  c  d  e  f  g  h

===== 5446 ===== 
[d4, Nf6, c4, g6, g3, c5, Nf3, Bg7, Bg2, O-O, Nc3, d5, dxc5, dxc4, Qa4, Be6, Ng5, Bd7, Qxc4, Bc6, O-O, Bxg2, Kxg2, Nbd7, Bf4, Qc8, b4, Qc6+, Nf3, b6, Rac1, bxc5, b5, Qb7, a4, e5, Be3, e4, Nd2, Rfe8, h3, Rac8, Qb3, Ne5, Nc4, Nxc4, Qxc4, Nd7, Rfd1, Nb6, Qa2, Bxc3, Rxc3, c4, Bxb6, e3+, f3, Qxb6, Rxc4, Qe6, Rxc8, Qxa2, Rxe8+, Kg7, Rxe3, Qxa4, Rb1, Qc2, Rbb3, Qc4, h4, h6, Kf2, g5, hxg5, h5, b6, axb6, Rxb6, h4, Rh6, hxg3+, Kxg3, Qc5, Kf2, Qxg5, Rh3, Qc5, Rg3+, Kf6, Rg4, Kf5, Re4] ...
Re4 Gives us inValid move: more than one valid move, The notation is disambiguous
8 .  .  .  .  .  .  .  .  
7 .  .  .  .  .  ♙  .  .  
6 .  .  .  .  .  .  .  .  
5 .  .  ♕  .  .  ♔  .  .  
4 .  .  .  .  .  .  ♜  .  
3 .  .  .  .  ♜  ♟  .  .  
2 .  .  .  .  ♟  ♚  .  .  
1 .  .  .  .  .  .  .  .  
  a  b  c  d  e  f  g  h

===== 5444 ===== 
[d4, Nf6, c4, e6, Bg5, Bb4+, Nd2, h6, Bh4, O-O, Nf3] ...
Nf3 Gives us inValid move: more than one valid move, The notation is disambiguous
8 ♖  ♘  ♗  ♕  .  ♖  ♔  .  
7 ♙  ♙  ♙  ♙  .  ♙  ♙  .  
6 .  .  .  .  ♙  ♘  .  ♙  
5 .  .  .  .  .  .  .  .  
4 .  ♗  ♟  ♟  .  .  .  ♝  
3 .  .  .  .  .  .  .  .  
2 ♟  ♟  .  ♞  ♟  ♟  ♟  ♟  
1 ♜  .  .  ♛  ♚  ♝  ♞  ♜  
  a  b  c  d  e  f  g  h

===== 5451 ===== 
[d4, Nf6, c4, e6, Bg5, Bb4+, Nd2, h6, Bh4, g5, Bg3, Ne4, Nf3] ...
Nf3 Gives us inValid move: more than one valid move, The notation is disambiguous
8 ♖  ♘  ♗  ♕  ♔  .  .  ♖  
7 ♙  ♙  ♙  ♙  .  ♙  .  .  
6 .  .  .  .  ♙  .  .  ♙  
5 .  .  .  .  .  .  ♙  .  
4 .  ♗  ♟  ♟  ♘  .  .  .  
3 .  .  .  .  .  .  ♝  .  
2 ♟  ♟  .  ♞  ♟  ♟  ♟  ♟  
1 ♜  .  .  ♛  ♚  ♝  ♞  ♜  
  a  b  c  d  e  f  g  h

===== 5461 ===== 
[d4, d6, e4, Nf6, Nc3, g6, Nf3, Bg7, Be3, c6, h3, Qa5, Bd3, Nbd7, O-O, e5, Ne2, h6, Ng3, O-O, c3, Qd8, Re1, Qe7, a4, a5, Qd2, Kh7, Rad1, Re8, Bc2, Nf8, Qc1, Qc7, b4, Be6, Qb2, N8d7, Qb1, axb4, cxb4, Nb6, dxe5, dxe5, a5, Nc4, Bb3, Nd7, Rc1, Nxe3, Rxe3, Bf8, h4, Rad8, h5, Qd6, hxg6+, fxg6, Bxe6, Qxe6, Rec3, Nf6, b5, cxb5, Qxb5, Rd7, Rc7, Rd8] ...
Rd8 Gives us inValid move: more than one valid move, The notation is disambiguous
8 .  .  .  .  ♖  ♗  .  .  
7 .  ♙  ♜  ♖  .  .  .  ♔  
6 .  .  .  .  ♕  ♘  ♙  ♙  
5 ♟  ♛  .  .  ♙  .  .  .  
4 .  .  .  .  ♟  .  .  .  
3 .  .  .  .  .  ♞  ♞  .  
2 .  .  .  .  .  ♟  ♟  .  
1 .  .  ♜  .  .  .  ♚  .  
  a  b  c  d  e  f  g  h

===== 5467 ===== 
[e4, e5, Bc4, Nf6, d3, Bc5, c3, d6, Qf3, c6, Bb3, d5, h3, Be6, Bg5, Nbd7, Qe2, h6, Bh4, a5, Nf3, a4, Bd1, dxe4, dxe4, Qc7, Nbd2, Nh5, Bc2, Nf4, Qf1, Qb6, O-O-O, Bxa2, Nc4, Qc7, Bg3, b5, Rxd7, Qxd7, Ncxe5, Qe6, Bxf4, Bb3, Nd3, Bb6, Be3, Bxe3+, fxe3, Bxc2, Kxc2, Qxe4, Nd2, Qe7, Qf3, O-O, Qxc6, a3, Qc5, Qe6, b3, a2, Ra1, Qg6, Qd5, Rfd8, Qe4, Qd6, Nf3, Ra7, Nd4, Re7, Qf3, g6, Rxa2, Rde8, Qf4, Qd7, Kd2, Re4, Qxh6, Qd5, Rc2, Rxe3, Qxe3, Rxe3, Kxe3, Qg5+, Kf3, Qf6+, Ke2, Qg5, Kf1, Qe3, Ne1, Qf4+, Ndf3, g5, Rf2, f5, Nd4, Qe3, Nxf5, Qxc3, Rf3, Qc1, Nd4, b4, Nc2] ...
Nc2 Gives us inValid move: more than one valid move, The notation is disambiguous
8 .  .  .  .  .  .  ♔  .  
7 .  .  .  .  .  .  .  .  
6 .  .  .  .  .  .  .  .  
5 .  .  .  .  .  .  ♙  .  
4 .  ♙  .  ♞  .  .  .  .  
3 .  ♟  .  .  .  ♜  .  ♟  
2 .  .  .  .  .  .  ♟  .  
1 .  .  ♕  .  ♞  ♚  .  .  
  a  b  c  d  e  f  g  h

===== 5478 ===== 
[d4, Nf6, c4, e6, Bg5, Bb4+, Nd2, d5, e3, O-O, Nf3] ...
Nf3 Gives us inValid move: more than one valid move, The notation is disambiguous
8 ♖  ♘  ♗  ♕  .  ♖  ♔  .  
7 ♙  ♙  ♙  .  .  ♙  ♙  ♙  
6 .  .  .  .  ♙  ♘  .  .  
5 .  .  .  ♙  .  .  ♝  .  
4 .  ♗  ♟  ♟  .  .  .  .  
3 .  .  .  .  ♟  .  .  .  
2 ♟  ♟  .  ♞  .  ♟  ♟  ♟  
1 ♜  .  .  ♛  ♚  ♝  ♞  ♜  
  a  b  c  d  e  f  g  h

===== 5481 ===== 
[e4, e5, Nf3, Nc6, Bb5, a6, Ba4, Nge7, O-O, Ng6, c3, d5, d4, dxe4, Nxe5, Nxe5] ...
Nxe5 Gives us inValid move: more than one valid move, The notation is disambiguous
8 ♖  .  ♗  ♕  ♔  ♗  .  ♖  
7 .  ♙  ♙  .  .  ♙  ♙  ♙  
6 ♙  .  ♘  .  .  .  ♘  .  
5 .  .  .  .  ♞  .  .  .  
4 ♝  .  .  ♟  ♙  .  .  .  
3 .  .  ♟  .  .  .  .  .  
2 ♟  ♟  .  .  .  ♟  ♟  ♟  
1 ♜  ♞  ♝  ♛  .  ♜  ♚  .  
  a  b  c  d  e  f  g  h

===== 5486 ===== 
[Nf3, d5, g3, c6, Bg2, Bg4, O-O, Nf6, d3, e6, h3, Bh5, Nbd2, Be7, e4, O-O, Qe2, a5, c3, a4, Rd1, Na6, Nf1, Qa5, g4, Bg6, Ne5, Rfd8, Ng3, dxe4, Nxg6, hxg6, Nxe4, Nxe4, Bxe4, Qb5, Bf3, Bg5, Be3, Bxe3, fxe3, Nc7, d4, Qg5, a3, Nd5, Re1, e5, Bxd5, Rxd5, Qg2, Re8, Rad1, Rd7, d5, cxd5, Rxd5, Rxd5, Qxd5, Rd8, Qf3, f5, Kg2, Rd2+, Re2, e4, Qf1, Rd3, Qf4, Qxf4, exf4, Kf7, h4, Ke6, h5, gxh5, gxh5, Rf3, Rd2, Rxf4, Rd4, Rg4+, Kf2, Ke5, Rb4, Kf4, Rxb7, e3+, Ke2, Rg2+, Kd3, Rd2+, Kc4, e2, Re7, Kf3, b4, axb3] ...
axb3 Gives us inValid move: No such move for piece found: []
8 .  .  .  .  .  .  .  .  
7 .  .  .  .  ♜  .  ♙  .  
6 .  .  .  .  .  .  .  .  
5 .  .  .  .  .  ♙  .  ♟  
4 ♙  ♟  ♚  .  .  .  .  .  
3 ♟  .  ♟  .  .  ♔  .  .  
2 .  .  .  ♖  ♙  .  .  .  
1 .  .  .  .  .  .  .  .  
  a  b  c  d  e  f  g  h

===== 5488 ===== 
[d4, Nf6, c4, e6, Bg5, h6, Bh4, Bb4+, Nd2, g5, Bg3, Ne4, Nf3] ...
Nf3 Gives us inValid move: more than one valid move, The notation is disambiguous
8 ♖  ♘  ♗  ♕  ♔  .  .  ♖  
7 ♙  ♙  ♙  ♙  .  ♙  .  .  
6 .  .  .  .  ♙  .  .  ♙  
5 .  .  .  .  .  .  ♙  .  
4 .  ♗  ♟  ♟  ♘  .  .  .  
3 .  .  .  .  .  .  ♝  .  
2 ♟  ♟  .  ♞  ♟  ♟  ♟  ♟  
1 ♜  .  .  ♛  ♚  ♝  ♞  ♜  
  a  b  c  d  e  f  g  h

===== 5499 ===== 
[e4, e5, Nf3, Nc6, Bb5, a6, Ba4, Nge7, O-O, Ng6, c3, d5, d4, dxe4, Nxe5, Nxe5] ...
Nxe5 Gives us inValid move: more than one valid move, The notation is disambiguous
8 ♖  .  ♗  ♕  ♔  ♗  .  ♖  
7 .  ♙  ♙  .  .  ♙  ♙  ♙  
6 ♙  .  ♘  .  .  .  ♘  .  
5 .  .  .  .  ♞  .  .  .  
4 ♝  .  .  ♟  ♙  .  .  .  
3 .  .  ♟  .  .  .  .  .  
2 ♟  ♟  .  .  .  ♟  ♟  ♟  
1 ♜  ♞  ♝  ♛  .  ♜  ♚  .  
  a  b  c  d  e  f  g  h

===== 5512 ===== 
[e4, c5, Nf3, d6, Bb5+, Nd7, d4, cxd4, Nxd4, Nf6] ...
Nf6 Gives us inValid move: more than one valid move, The notation is disambiguous
8 ♖  .  ♗  ♕  ♔  ♗  ♘  ♖  
7 ♙  ♙  .  ♘  ♙  ♙  ♙  ♙  
6 .  .  .  ♙  .  .  .  .  
5 .  ♝  .  .  .  .  .  .  
4 .  .  .  ♞  ♟  .  .  .  
3 .  .  .  .  .  .  .  .  
2 ♟  ♟  ♟  .  .  ♟  ♟  ♟  
1 ♜  ♞  ♝  ♛  ♚  .  .  ♜  
  a  b  c  d  e  f  g  h

===== 5527 ===== 
[e4, e5, Nf3, Nc6, Bc4, Nf6, d3, Be7, O-O, O-O, a4, d5, exd5, Nxd5, Re1, Nb6, Bb3, Bg4, c3, Nd7, h3, Bh5, Bc2, a5, Nbd2, Kh8, Ne4, Nc5, Be3, Nxe4, dxe4, Bd6, Bb3, Qe7, Bd5, Nd8, g4, Bg6, Bg5, f6, Be3, c6, Bc4, Bf7, Qb3, Bxc4, Qxc4, Ne6, Red1, Bc5, Bxc5, Nxc5, Rd2, Rfd8, Rad1, Rxd2, Rxd2, Ne6, Kh2, g6, h4, Kg7, Kg3, h5, gxh5, gxh5, Kh2, Nf4, Rd1, Rd8, Rg1+, Kh6, Rg8, b5, axb5, cxb5, Qa2, Qe6, Qxe6, Nxe6, Rxd8, Nxd8, Nd2, Ne6, Kg3, Kg6, Kf3, a4, Ke3, Nf4, Nf3, Kf7, Kd2, Ke6, Kc2, Kd6, b3, Kc5, b4+, Kd6, Nd2, Ng2, Nf3, Nf4, Nd2, Ng2, Nf3, Kc6, Kd3, Kb6, Kc2, Kc7, Kb2, Kc6, Ka3, Nf4, Nd2, Nd3, Nf3, Nxf2, Nd2, Nd3, c4, Nf4, cxb5+, Kxb5, Nb1, Ng2, Nc3+, Kc6, Kxa4, Nxh4, b5+, Kb7, Ka5, Nf3, b6, h4, Na4, Nd4, Nc5+, Kc6, Nd3, Kd6, b7, Nc6+, Kb6, h3, Nb4, Nb8, Nd3, h2, Nf2, Nd7+, Ka6, Kc7, Ka7, Nb8, Ka8, Nc6, Nh1, Kb6, Ng3, Kc5, b8=Q, Nxb8] ...
Nxb8 Gives us inValid move: Pawn can move diagonally only when capturing
8 ♚  .  .  .  .  .  .  .  
7 .  ♟  .  .  .  .  .  .  
6 .  .  ♘  .  .  ♙  .  .  
5 .  .  ♔  .  ♙  .  .  .  
4 .  .  .  .  ♟  .  .  .  
3 .  .  .  .  .  .  ♞  .  
2 .  .  .  .  .  .  .  ♙  
1 .  .  .  .  .  .  .  .  
  a  b  c  d  e  f  g  h

===== 5525 ===== 
[d4, Nf6, c4, e6, Bg5, Bb4+, Nd2, h6, Bh4, d5, e3, Nbd7, Nf3] ...
Nf3 Gives us inValid move: more than one valid move, The notation is disambiguous
8 ♖  .  ♗  ♕  ♔  .  .  ♖  
7 ♙  ♙  ♙  ♘  .  ♙  ♙  .  
6 .  .  .  .  ♙  ♘  .  ♙  
5 .  .  .  ♙  .  .  .  .  
4 .  ♗  ♟  ♟  .  .  .  ♝  
3 .  .  .  .  ♟  .  .  .  
2 ♟  ♟  .  ♞  .  ♟  ♟  ♟  
1 ♜  .  .  ♛  ♚  ♝  ♞  ♜  
  a  b  c  d  e  f  g  h

===== 5534 ===== 
[d4, Nf6, Bg5, e6, c4, h6, Bh4, c5, d5, g5, Bg3, exd5, cxd5, d6, e4, Bg7, Nc3, O-O, Bd3, b5, Nxb5, Nxe4, Bxe4, Qa5+, Nc3, Re8, Ne2] ...
Ne2 Gives us inValid move: more than one valid move, The notation is disambiguous
8 ♖  ♘  ♗  .  ♖  .  ♔  .  
7 ♙  .  .  .  .  ♙  ♗  .  
6 .  .  .  ♙  .  .  .  ♙  
5 ♕  .  ♙  ♟  .  .  ♙  .  
4 .  .  .  .  ♝  .  .  .  
3 .  .  ♞  .  .  .  ♝  .  
2 ♟  ♟  .  .  .  ♟  ♟  ♟  
1 ♜  .  .  ♛  ♚  .  ♞  ♜  
  a  b  c  d  e  f  g  h

===== 5546 ===== 
[d4, Nf6, c4, e6, Bg5, d5, e3, h6, Bh4, Be7, Nc3, O-O, Qc2, a6, c5, Nc6, Nf3, b6, cxb6, cxb6, a3, Bb7, Bd3, Rc8, Qe2, b5, O-O, Na5, Ne5, Ne4, Bxe7, Qxe7, Bxe4, dxe4, Rac1, Nc4, Nxc4, Rxc4, Qd2, Rfc8, Ne2, Bd5, Rxc4, Rxc4, Rc1, Qc7, Rxc4, Qxc4, h4, a5, Nf4, b4, axb4, axb4, h5, Kh7, Qd1, Qb3, Qa1, Qa2, Qxa2, Bxa2, Kh2, g5, hxg6+] ...
hxg6+ Gives us inValid move: No such move for piece found: []
8 .  .  .  .  .  .  .  .  
7 .  .  .  .  .  ♙  .  ♔  
6 .  .  .  .  ♙  .  .  ♙  
5 .  .  .  .  .  .  ♙  ♟  
4 .  ♙  .  ♟  ♙  ♞  .  .  
3 .  .  .  .  ♟  .  .  .  
2 ♗  ♟  .  .  .  ♟  ♟  ♚  
1 .  .  .  .  .  .  .  .  
  a  b  c  d  e  f  g  h

===== 5548 ===== 
[d4, Nf6, c4, e6, Bg5, Bb4+, Nd2, h6, Bh4, g5, Bg3, Ne4, Nf3] ...
Nf3 Gives us inValid move: more than one valid move, The notation is disambiguous
8 ♖  ♘  ♗  ♕  ♔  .  .  ♖  
7 ♙  ♙  ♙  ♙  .  ♙  .  .  
6 .  .  .  .  ♙  .  .  ♙  
5 .  .  .  .  .  .  ♙  .  
4 .  ♗  ♟  ♟  ♘  .  .  .  
3 .  .  .  .  .  .  ♝  .  
2 ♟  ♟  .  ♞  ♟  ♟  ♟  ♟  
1 ♜  .  .  ♛  ♚  ♝  ♞  ♜  
  a  b  c  d  e  f  g  h

===== 5593 ===== 
[d4, Nf6, c4, e6, Bg5, d5, e3, h6, Bh4, Bb4+, Nc3, c5, cxd5, g5, Bg3, Nxd5, Bb5+, Bd7, Bxd7+, Nxd7, Ne2] ...
Ne2 Gives us inValid move: more than one valid move, The notation is disambiguous
8 ♖  .  .  ♕  ♔  .  .  ♖  
7 ♙  ♙  .  ♘  .  ♙  .  .  
6 .  .  .  .  ♙  .  .  ♙  
5 .  .  ♙  ♘  .  .  ♙  .  
4 .  ♗  .  ♟  .  .  .  .  
3 .  .  ♞  .  ♟  .  ♝  .  
2 ♟  ♟  .  .  .  ♟  ♟  ♟  
1 ♜  .  .  ♛  ♚  .  ♞  ♜  
  a  b  c  d  e  f  g  h

===== 5595 ===== 
[d4, Nf6, c4, e6, Bg5, Bb4+, Nd2, O-O, Nf3] ...
Nf3 Gives us inValid move: more than one valid move, The notation is disambiguous
8 ♖  ♘  ♗  ♕  .  ♖  ♔  .  
7 ♙  ♙  ♙  ♙  .  ♙  ♙  ♙  
6 .  .  .  .  ♙  ♘  .  .  
5 .  .  .  .  .  .  ♝  .  
4 .  ♗  ♟  ♟  .  .  .  .  
3 .  .  .  .  .  .  .  .  
2 ♟  ♟  .  ♞  ♟  ♟  ♟  ♟  
1 ♜  .  .  ♛  ♚  ♝  ♞  ♜  
  a  b  c  d  e  f  g  h

===== 5669 ===== 
[d4, Nf6, c4, e6, Bg5, Bb4+, Nd2, h6, Bh4, g5, Bg3, Ne4, Nf3] ...
Nf3 Gives us inValid move: more than one valid move, The notation is disambiguous
8 ♖  ♘  ♗  ♕  ♔  .  .  ♖  
7 ♙  ♙  ♙  ♙  .  ♙  .  .  
6 .  .  .  .  ♙  .  .  ♙  
5 .  .  .  .  .  .  ♙  .  
4 .  ♗  ♟  ♟  ♘  .  .  .  
3 .  .  .  .  .  .  ♝  .  
2 ♟  ♟  .  ♞  ♟  ♟  ♟  ♟  
1 ♜  .  .  ♛  ♚  ♝  ♞  ♜  
  a  b  c  d  e  f  g  h

===== 5713 ===== 
[d4, Nf6, c4, e6, Nf3, Bb4+, Nbd2, O-O, a3, Be7, e4, d6, Be2, a5, b3, d5, e5, Ne4, Qc2, Nxd2, Bxd2, a4, b4, dxc4, Bxc4, Nd7, h4, Nb6, Bd3, h6, Rh3, f5, exf6] ...
exf6 Gives us inValid move: No such move for piece found: []
8 ♖  .  ♗  ♕  .  ♖  ♔  .  
7 .  ♙  ♙  .  ♗  .  ♙  .  
6 .  ♘  .  .  ♙  .  .  ♙  
5 .  .  .  .  ♟  ♙  .  .  
4 ♙  ♟  .  ♟  .  .  .  ♟  
3 ♟  .  .  ♝  .  ♞  .  ♜  
2 .  .  ♛  ♝  .  ♟  ♟  .  
1 ♜  .  .  .  ♚  .  .  .  
  a  b  c  d  e  f  g  h

===== 5720 ===== 
[e4, e6, d4, d5, e5, c5, c3, Nc6, Nf3, Qb6, a3, c4, g3, Na5, Nbd2, Bd7, h4, Ne7, Bh3, h6, O-O, O-O-O, Ne1, Kb8, Ng2, Qc7, Ne3, Nc8, f4, g6, h5, Nb6, hxg6, fxg6, Nf3, Be7, Ng4, Rdf8, Be3, h5, Ngh2, Bd8, Qc2, Rhg8, Ng5, Qc6, Nhf3, Nc8, Nh7, Rf7, Nfg5, Bxg5, Nxg5, Rff8, Nh7, Rf7, Nf6, Rgg7, g4, hxg4, Bxg4, Ne7, Kf2, Ng8, Nxg8, Rxg8, Kg3, Qc8, Rh1, Nc6, Rag1, Ne7, Qh2, a6, Qh4, Qc7, Qg5, Qb6, Rg2, Ka7, Rh6, Rgg7, Kh2, Nf5, Rh3, Ba4, Bg1, Bb3, Kh1, Ba2, Bd1, Bb1, Bc2, Bxc2, Rxc2, Qb3, Rhh2, Rh7, Rg2] ...
Rg2 Gives us inValid move: more than one valid move, The notation is disambiguous
8 .  .  .  .  .  .  .  .  
7 ♔  ♙  .  .  .  ♖  .  ♖  
6 ♙  .  .  .  ♙  .  ♙  .  
5 .  .  .  ♙  ♟  ♘  ♛  .  
4 .  .  ♙  ♟  .  ♟  .  .  
3 ♟  ♕  ♟  .  .  .  .  .  
2 .  ♟  ♜  .  .  .  .  ♜  
1 .  .  .  .  .  .  ♝  ♚  
  a  b  c  d  e  f  g  h

===== 5718 ===== 
[d4, Nf6, c4, e6, Nf3, d5, g3, Be7, Bg2, O-O, O-O, dxc4, Qc2, a6, a4, Bd7, Qxc4, Bc6, Bg5, Bd5, Qc2, Be4, Qc1, Nc6, e3, Bb4, Nc3, Bxc3, bxc3, Qd5, Bxf6, Bxf3, c4, Qe4, Bxf3, Qxf3, Bg5, f6, Bf4, e5, Qd1, Qxd1, Rfxd1, exf4, gxf4, Na5, c5, b5, cxb6] ...
cxb6 Gives us inValid move: No such move for piece found: []
8 ♖  .  .  .  .  ♖  ♔  .  
7 .  .  ♙  .  .  .  ♙  ♙  
6 ♙  .  .  .  .  ♙  .  .  
5 ♘  ♙  ♟  .  .  .  .  .  
4 ♟  .  .  ♟  .  ♟  .  .  
3 .  .  .  .  ♟  .  .  .  
2 .  .  .  .  .  ♟  .  ♟  
1 ♜  .  .  ♜  .  .  ♚  .  
  a  b  c  d  e  f  g  h

===== 5724 ===== 
[e4, e5, Nf3, Nc6, Bb5, Nf6, O-O, Nxe4, d4, Nd6, Bxc6, dxc6, dxe5, Nf5, Qxd8+, Kxd8, h3, h6, Nc3, Bd7, b3, Kc8, Bb2, b6, Rad1, c5, g4, Ne7, Kg2, a5, a4, Be6, Kg3, Kb7, Ne2, g5, h4, gxh4+, Nxh4, h5, g5, Rg8, f4, Nf5+, Nxf5, Bxf5, Rd2, Be7, Kh4, Rad8, Rxd8, Rxd8, Ng3, Bxc2, f5, Bxb3, Rf2, Rd3, e6, Bxg5+, Kxg5, Rxg3+, Kh4, Rg8, e7, Bxa4, Rd2, Kc8, Bf6, Bd7, Kxh5, a4, Kh6, b5, Kh7, Rg1, Rd5, c4, Bg7, a3, Kg8, a2, Kf8, Re1, Bc3, Re3, Be5, Rxe5, Rd1, b4, f6, b3, Kxf7, b2, Kg7, b1=Q, f7, Qxd1] ...
Qxd1 Gives us inValid move: Pawn can move diagonally only when capturing
8 .  .  ♔  .  .  .  .  .  
7 .  .  ♙  ♗  ♟  ♟  ♚  .  
6 .  .  .  .  .  .  .  .  
5 .  .  .  .  ♖  .  .  .  
4 .  .  ♙  .  .  .  .  .  
3 .  .  .  .  .  .  .  .  
2 ♙  ♙  .  .  .  .  .  .  
1 .  .  .  ♜  .  .  .  .  
  a  b  c  d  e  f  g  h

===== 5727 ===== 
[e4, e5, Nf3, Nc6, Bb5, a6, Ba4, Nge7, O-O, Ng6, c3, d5, d4, dxe4, Nxe5, Nxe5] ...
Nxe5 Gives us inValid move: more than one valid move, The notation is disambiguous
8 ♖  .  ♗  ♕  ♔  ♗  .  ♖  
7 .  ♙  ♙  .  .  ♙  ♙  ♙  
6 ♙  .  ♘  .  .  .  ♘  .  
5 .  .  .  .  ♞  .  .  .  
4 ♝  .  .  ♟  ♙  .  .  .  
3 .  .  ♟  .  .  .  .  .  
2 ♟  ♟  .  .  .  ♟  ♟  ♟  
1 ♜  ♞  ♝  ♛  .  ♜  ♚  .  
  a  b  c  d  e  f  g  h

===== 5732 ===== 
[d4, d5, c4, c6, Nf3, Nf6, Nc3, dxc4, a4, Bf5, Ne5, Na6, e3, Nb4, Bxc4, e6, O-O, Bc2, Qe2, Be7, e4, Qxd4, Nf3, Qc5, Ne1, Qh5, f3, Rd8, Kh1, Bxa4, Rxa4, b5, Nxb5, cxb5, Bxb5+, Kf8, Rxa7, Bd6, g4, Qe5, g5, Nh5, f4, Qd4, Rb7, g6, f5, h6, gxh6, exf5, exf5, Qd5+, Qf3, Qxf3+, Nxf3, gxf5, Bc4, Be7, Ne5, Rh7, b3, Nf6, Rxe7, Kxe7, Ba3, Nd5] ...
Nd5 Gives us inValid move: more than one valid move, The notation is disambiguous
8 .  .  .  ♖  .  .  .  .  
7 .  .  .  .  ♔  ♙  .  ♖  
6 .  .  .  .  .  ♘  .  ♟  
5 .  .  .  .  ♞  ♙  .  .  
4 .  ♘  ♝  .  .  .  .  .  
3 ♝  ♟  .  .  .  .  .  .  
2 .  .  .  .  .  .  .  ♟  
1 .  .  .  .  .  ♜  .  ♚  
  a  b  c  d  e  f  g  h

===== 5733 ===== 
[e4, e5, Nf3, Nc6, Bb5, Nf6, O-O, Nxe4, d4, Nd6, Bxc6, dxc6, dxe5, Nf5, Qxd8+, Kxd8, h3, Bd7, Rd1, Be7, Nc3, Kc8, g4, Nh4, Nxh4, Bxh4, Kg2, b6, Bf4, Re8, Rd2, Be6, Bg3, Be7, f4, g6, Rf1, f5, exf6] ...
exf6 Gives us inValid move: No such move for piece found: []
8 ♖  .  ♔  .  ♖  .  .  .  
7 ♙  .  ♙  .  ♗  .  .  ♙  
6 .  ♙  ♙  .  ♗  .  ♙  .  
5 .  .  .  .  ♟  ♙  .  .  
4 .  .  .  .  .  ♟  ♟  .  
3 .  .  ♞  .  .  .  ♝  ♟  
2 ♟  ♟  ♟  ♜  .  .  ♚  .  
1 .  .  .  .  .  ♜  .  .  
  a  b  c  d  e  f  g  h

===== 5748 ===== 
[e4, e6, d4, d5, e5, c5, c3, Nc6, Nf3, Qb6, a3, Bd7, b4, cxd4, cxd4, Rc8, Be3, Nh6, Bd3, Ng4, O-O, Be7, Nbd2, Nxe3, fxe3, Nb8, Qe2, a6, Nb3, Bb5, Nc5, Bxd3, Qxd3, O-O, Rab1, Qa7, Rfc1, b6, Na4, Qb7, Nc3, Nd7, Ne2, Rxc1+, Rxc1, Rc8, Rf1, a5, b5, a4, Nc3, Qc7, Nxa4, Qc2, Qxc2, Rxc2, Ra1, f5, exf6] ...
exf6 Gives us inValid move: No such move for piece found: [White pawn can only capture up diagonally]
8 .  .  .  .  .  .  ♔  .  
7 .  .  .  ♘  ♗  .  ♙  ♙  
6 .  ♙  .  .  ♙  .  .  .  
5 .  ♟  .  ♙  ♟  ♙  .  .  
4 ♞  .  .  ♟  .  .  .  .  
3 ♟  .  .  .  ♟  ♞  .  .  
2 .  .  ♖  .  .  .  ♟  ♟  
1 ♜  .  .  .  .  .  ♚  .  
  a  b  c  d  e  f  g  h

===== 5750 ===== 
[d4, Nf6, c4, e6, Bg5, h6, Bh4, Bb4+, Nd2, d5, e3, O-O, Nf3] ...
Nf3 Gives us inValid move: more than one valid move, The notation is disambiguous
8 ♖  ♘  ♗  ♕  .  ♖  ♔  .  
7 ♙  ♙  ♙  .  .  ♙  ♙  .  
6 .  .  .  .  ♙  ♘  .  ♙  
5 .  .  .  ♙  .  .  .  .  
4 .  ♗  ♟  ♟  .  .  .  ♝  
3 .  .  .  .  ♟  .  .  .  
2 ♟  ♟  .  ♞  .  ♟  ♟  ♟  
1 ♜  .  .  ♛  ♚  ♝  ♞  ♜  
  a  b  c  d  e  f  g  h

===== 5773 ===== 
[e4, c5, Nf3, d6, d4, cxd4, Nxd4, Nf6, Nc3, a6, Be3, Ng4, Bg5, h6, Bh4, g5, Bg3, Bg7, h3, Ne5, Nf5, Bxf5, exf5, Qa5, Qd5, Nbc6, Qxa5, Nxa5, Nd5, Rc8, O-O-O, e6, f6, Bf8, Bxe5, dxe5, Nc3, Rxc3, bxc3, h5, Be2, Rh6, Rhe1, g4, hxg4, hxg4, Bxg4, Rxf6, Rxe5, Nc4, Re2, Bc5, Rd3, Bxf2, Rf3, Bh4, Rxf6, Bxf6, Bf3, b6, Re4, b5, Rg4, Bxc3, Rg8+, Ke7, Ra8, a5, Be2, Nd6, Ra7+, Kf6, Rc7, Be5, Rc6, Kf5, Rb6, b4, Ra6, Kf4, Rxa5, Bd4, a4, bxa3] ...
bxa3 Gives us inValid move: No such move for piece found: []
8 .  .  .  .  .  .  .  .  
7 .  .  .  .  .  ♙  .  .  
6 .  .  .  ♘  ♙  .  .  .  
5 ♜  .  .  .  .  .  .  .  
4 ♟  ♙  .  ♗  .  ♔  .  .  
3 .  .  .  .  .  .  .  .  
2 .  .  ♟  .  ♝  .  ♟  .  
1 .  .  ♚  .  .  .  .  .  
  a  b  c  d  e  f  g  h

===== 5787 ===== 
[d4, Nf6, c4, e6, Bg5, Bb4+, Nd2, h6, Bh4, g5, Bg3, Ne4, Nf3] ...
Nf3 Gives us inValid move: more than one valid move, The notation is disambiguous
8 ♖  ♘  ♗  ♕  ♔  .  .  ♖  
7 ♙  ♙  ♙  ♙  .  ♙  .  .  
6 .  .  .  .  ♙  .  .  ♙  
5 .  .  .  .  .  .  ♙  .  
4 .  ♗  ♟  ♟  ♘  .  .  .  
3 .  .  .  .  .  .  ♝  .  
2 ♟  ♟  .  ♞  ♟  ♟  ♟  ♟  
1 ♜  .  .  ♛  ♚  ♝  ♞  ♜  
  a  b  c  d  e  f  g  h

===== 5792 ===== 
[d4, d5, c4, e6, Nc3, Be7, Nf3, Nf6, cxd5, exd5, Bf4, c6, h3, Bf5, e3, Qb6, Bd3, Bxd3, Qxd3, Nbd7, O-O-O, O-O, Nh4, g6, Nf3, Rfe8, h4, h5, Ng5, Bb4, f3, Qa5, Kb1, Bxc3, Qxc3, Qxc3, bxc3, Nb6, Rhe1, Nc4, e4, dxe4, fxe4, Rad8, Kc2, Ng4, Re2, f6, Nf3, Rd7, a4, a5, Kb3, b5, d5, Nb6, axb5, cxb5, d6, Rc8, Nd4, Rc5, Ra2, Ne5, Rxa5, Rxd6, Rda1, Nbc4, Ra8+, Kf7, Rh8, Rd7, Raa8, Ke7, Rh7+, Nf7, Ra6, Ne5] ...
Ne5 Gives us inValid move: more than one valid move, The notation is disambiguous
8 .  .  .  .  .  .  .  .  
7 .  .  .  ♖  ♔  ♘  .  ♜  
6 ♜  .  .  .  .  ♙  ♙  .  
5 .  ♙  ♖  .  .  .  .  ♙  
4 .  .  ♘  ♞  ♟  ♝  .  ♟  
3 .  ♚  ♟  .  .  .  .  .  
2 .  .  .  .  .  .  ♟  .  
1 .  .  .  .  .  .  .  .  
  a  b  c  d  e  f  g  h

===== 5806 ===== 
[d4, Nf6, c4, e6, Bg5, d5, e3, Be7, Nc3, O-O, Qc2, c5, dxc5, d4, exd4, Qxd4, Nf3, Qxc5, Bd3, h6, Be3, Qc7, O-O, a6, Ne4, Bd7, a3, Bc6, h3, Nbd7, b4, Rac8, Rac1, Bxe4, Bxe4, Nxe4, Qxe4, Nf6, Qb1, Rfd8, Qb3, Qd7, Rfd1, Qe8, Bd4, Ne4, c5, Bf6, Bxf6, Nxf6, Ne5, Nd5, Nc4, Qe7, a4, Rc7, a5, Rcd7, Ne5, Rc7, Rd4, Qf6, Re1, Nf4, Rxd8+, Qxd8, Qf3, Nd5, Qe4, Nf6, Qe3, Nd5, Qd4, Qf6, g3, Qf5, h4, Rc8, Qe4, Qxe4, Rxe4, Rd8, Rd4, Kf8, Nc4, Ke7, Nd6, Rd7, h5, Nc7, Rg4, Kf6, Rf4+, Ke5, Nxf7+, Kd5, Nd6, e5, Rg4, Ne6, Kg2, e4, Nxe4, Kc4, Nd6+, Kb3, f4, Nd4, f5, Nc6, Ne8, Nxb4, Rxg7, Rd5, f6, Rd2+, Kh3, Nd5, f7, Rf2, Nd6, Ne7, Rh7, Kb4, Rh8, Kxc5, Nxb7+, Kc6, f8=Q, Rxf8] ...
Rxf8 Gives us inValid move: Path is blocked by another piece
8 .  .  .  .  .  .  .  ♜  
7 .  ♞  .  .  ♘  ♟  .  .  
6 ♙  .  ♔  .  .  .  .  ♙  
5 ♟  .  .  .  .  .  .  ♟  
4 .  .  .  .  .  .  .  .  
3 .  .  .  .  .  .  ♟  ♚  
2 .  .  .  .  .  ♖  .  .  
1 .  .  .  .  .  .  .  .  
  a  b  c  d  e  f  g  h

===== 5803 ===== 
[d4, Nf6, c4, e6, Bg5, Bb4+, Nd2, h6, Bh4, g5, Bg3, Ne4, Nf3] ...
Nf3 Gives us inValid move: more than one valid move, The notation is disambiguous
8 ♖  ♘  ♗  ♕  ♔  .  .  ♖  
7 ♙  ♙  ♙  ♙  .  ♙  .  .  
6 .  .  .  .  ♙  .  .  ♙  
5 .  .  .  .  .  .  ♙  .  
4 .  ♗  ♟  ♟  ♘  .  .  .  
3 .  .  .  .  .  .  ♝  .  
2 ♟  ♟  .  ♞  ♟  ♟  ♟  ♟  
1 ♜  .  .  ♛  ♚  ♝  ♞  ♜  
  a  b  c  d  e  f  g  h

===== 5809 ===== 
[Nf3, d5, d4, Nf6, c4, c6, e3, Bg4, Nbd2, e6, h3, Bf5, Nh4, Be4, Nhf3, Bf5, Nh4, Be4, Nhf3, Nbd7, Nxe4, Nxe4, a3, Bd6, Bd3, f5, O-O, O-O, b4, Qf6, b5, g5, bxc6, bxc6, Nd2, Rf7, Qa4, Nb6, Qc2, Bc7, cxd5, cxd5, f3, Ng3, Rf2, Rc8, Qb3, f4, Nf1, Nf5, Bxf5, Qxf5, Bd2, Nc4, Re1, Bb6, Bc3, Rfc7, e4, Qf7, exd5, exd5, Bb4, Bxd4, Qd3, Qf6, Re2] ...
Re2 Gives us inValid move: more than one valid move, The notation is disambiguous
8 .  .  ♖  .  .  .  ♔  .  
7 ♙  .  ♖  .  .  .  .  ♙  
6 .  .  .  .  .  ♕  .  .  
5 .  .  .  ♙  .  .  ♙  .  
4 .  ♝  ♘  ♗  .  ♙  .  .  
3 ♟  .  .  ♛  .  ♟  .  ♟  
2 .  .  .  .  .  ♜  ♟  .  
1 .  .  .  .  ♜  ♞  ♚  .  
  a  b  c  d  e  f  g  h

===== 5810 ===== 
[d4, Nf6, c4, e6, Bg5, Bb4+, Nd2, c5, a3, Bxd2+, Qxd2, cxd4, Nf3, Ne4, Bxd8, Nxd2, Kxd2, Kxd8, Nxd4, Ke7, h4, Nc6, e3, b6, h5, Bb7, f3, Nxd4, exd4, f5, Bd3, Kf6, b4, g5, hxg6] ...
hxg6 Gives us inValid move: No such move for piece found: []
8 ♖  .  .  .  .  .  .  ♖  
7 ♙  ♗  .  ♙  .  .  .  ♙  
6 .  ♙  .  .  ♙  ♔  .  .  
5 .  .  .  .  .  ♙  ♙  ♟  
4 .  ♟  ♟  ♟  .  .  .  .  
3 ♟  .  .  ♝  .  ♟  .  .  
2 .  .  .  ♚  .  .  ♟  .  
1 ♜  .  .  .  .  .  .  ♜  
  a  b  c  d  e  f  g  h

===== 5811 ===== 
[d4, d6, e4, g6, Nf3, Bg7, Bd3, Nf6, O-O, O-O, Re1, Nc6, d5, Nb4, Bf1, a5, h3, c6, c4, Nd7, Nc3, Nc5, Bg5, h6, Be3, Bd7, Qd2, Kh7, Bd4, Bxd4, Nxd4, e5, dxe6] ...
dxe6 Gives us inValid move: No such move for piece found: []
8 ♖  .  .  ♕  .  ♖  .  .  
7 .  ♙  .  ♗  .  ♙  .  ♔  
6 .  .  ♙  ♙  .  .  ♙  ♙  
5 ♙  .  ♘  ♟  ♙  .  .  .  
4 .  ♘  ♟  ♞  ♟  .  .  .  
3 .  .  ♞  .  .  .  .  ♟  
2 ♟  ♟  .  ♛  .  ♟  ♟  .  
1 ♜  .  .  .  ♜  ♝  ♚  .  
  a  b  c  d  e  f  g  h

===== 5813 ===== 
[d4, Nf6, c4, e6, Bg5, h6, Bh4, g5, Bg3, Ne4, Nc3, Bb4, Qc2, f5, e3, b6, Bd3, Bb7, Ne2] ...
Ne2 Gives us inValid move: more than one valid move, The notation is disambiguous
8 ♖  ♘  .  ♕  ♔  .  .  ♖  
7 ♙  ♗  ♙  ♙  .  .  .  .  
6 .  ♙  .  .  ♙  .  .  ♙  
5 .  .  .  .  .  ♙  ♙  .  
4 .  ♗  ♟  ♟  ♘  .  .  .  
3 .  .  ♞  ♝  ♟  .  ♝  .  
2 ♟  ♟  ♛  .  .  ♟  ♟  ♟  
1 ♜  .  .  .  ♚  .  ♞  ♜  
  a  b  c  d  e  f  g  h

===== 5820 ===== 
[d4, d5, c4, c6, Nf3, Nf6, Nc3, dxc4, e4, b5, Qc2, e6, Be2, Nbd7, O-O, Bb7, b3, b4, e5, Nd5, Bg5, Qc7, Nxd5, cxd5, bxc4, h6, Be3, dxc4, Bxc4, Be7, Rfc1, O-O, Qd2, Qd8, Bd3, Bd5, Bxh6, f5, exf6] ...
exf6 Gives us inValid move: No such move for piece found: []
8 ♖  .  .  ♕  .  ♖  ♔  .  
7 ♙  .  .  ♘  ♗  .  ♙  .  
6 .  .  .  .  ♙  .  .  ♝  
5 .  .  .  ♗  ♟  ♙  .  .  
4 .  ♙  .  ♟  .  .  .  .  
3 .  .  .  ♝  .  ♞  .  .  
2 ♟  .  .  ♛  .  ♟  ♟  ♟  
1 ♜  .  ♜  .  .  .  ♚  .  
  a  b  c  d  e  f  g  h

===== 5836 ===== 
[d4, e6, Nf3, c5, c3, Nf6, Bf4, b6, e3, Be7, h3, O-O, Be2, Ba6, Bxa6, Nxa6, O-O, Qc8, Qe2, Qb7, Nbd2, cxd4, exd4, d6, a4, Nc7, Ng5, Ncd5, Bh2, a6, Nge4, Nxe4, Nxe4, Qc6, c4, Nf6, Nd2, d5, b3, Rfd8, Nf3, Ne4, Rfc1, Bb4, Qe3, Rac8, Qf4, Bd6, Ne5, Bxe5, Qxe5, dxc4, Rxc4, Qd5, Re1, Nf6, Qe2, Rxc4, bxc4, Qxd4, Be5, Qd3, Qxd3, Rxd3, a5, bxa5, Ra1, Nd7, Bg3, Rd4, Rxa5, Rxc4, Rxa6, Rc8, Ra7, Nf6, Be5, Nd5, g3, h5, h4, f6, Bd6, Rc6, Bb8, e5, Ra8, Kf7, Ra5, Nc3, Ba7, Ne4, Ra4, Nd6, Be3, Nf5, Ra3, Ke6, Kg2, Kd5, Ra5+, Ke6, Ra3, Kf7, Ra7+, Kg6, Ra3, Rc4, Bb6, Rb4, Bc5, Rb5, Be3, Rd5, Bb6, Nd6, Be3, Rb5, Rd3, Nf5, Rc3, Ra5, Bb6, Ra4, Rb3, Rc4, Ba7, Ne7, Rd3, Nc6, Be3, Nb4, Rb3, Nd5, Rd3, Ne7, Rd7, Nf5, Rd3, Ra4, Rb3, Re4, Bb6, Re2, Bc5, Rc2, Bb6, Rc6, Be3, Rc7, Ra3, Rd7, Rc3, Kf7, Bb6, Ne7, Ra3, Nd5, Be3, Ke6, Ra6+, Kf5, Ra3, Ke4, Ra4+, Kf5, Ra3, Rb7, Bc5, Rd7, Rb3, Rc7, Be3, Rc3, Rxc3, Nxc3, Kf3, e4+, Kg2, Kg4, Bc5, Nd5, Bd4, Ne7, Bc5, Nf5, Bf8, g5, hxg5, fxg5, Bc5, h4, gxh4, gxh4, Ba7, h3+, Kh1, Nh4, Kh2, Nf3+, Kh1, Kf5, Bb8, Ke6, Ba7, Kd5, Be3, Kc4, Ba7, Kd3, Be3, Ke2, Ba7, Ke1, Be3, Nd2, Ba7, Nf1, Bb6, Ke2, Ba7, Kf3, Bb6, Kg4, Ba7, Nd2, Be3, Nf3, Ba7, Ne5, Bd4, Ng6, Ba7, Ne7, Kh2, Nf5, Bc5, Kh4, Ba7, Nh6, Kh1, Ng4, Bd4, Kg5, Ba7, Kf4, Kg1, Ke5, Bb8+, Kd5, Kf1, Kc4, Bf4, Kd3, Bg3, Kd2, Bf4+, Kd1, Bg3, Kd2, Bf4+, Kd3, Bb8, Kd4, Bf4, Ne5, Be3+, Kd3, Kg1, Ke2, Bf4, Ng4, Bg3, Kf3, Kh1, Nxf2+, Kh2, e3, Bc7, e2, Ba5, Kg4, Kg1, Nd3, Kh2, e1=Q, Bxe1] ...
Bxe1 Gives us inValid move: Pawn can move diagonally only when capturing
8 .  .  .  .  .  .  .  .  
7 .  .  .  .  .  .  .  .  
6 .  .  .  .  .  .  .  .  
5 ♝  .  .  .  .  .  .  .  
4 .  .  .  .  .  .  ♔  .  
3 .  .  .  ♘  .  .  .  ♙  
2 .  .  .  .  ♙  .  .  ♚  
1 .  .  .  .  .  .  .  .  
  a  b  c  d  e  f  g  h

===== 5855 ===== 
[e4, c6, d4, d5, exd5, cxd5, Bd3, Nf6, c3, Bg4, Qb3, Qc7, h3, Bd7, Ne2, Nc6, Bf4, e5, dxe5, Nxe5, Bxe5, Qxe5, Nd2, Bc5, Nf3, Qd6, O-O, O-O, Ned4, Rfe8, Rfe1, Bb6, Qc2, g6, Rad1, a6, Qb1, Kg7, Rxe8, Rxe8, Re1, Re7, Rxe7, Qxe7, Qe1, Qxe1+, Nxe1, Ne4, Kf1, f5, Ke2, Kf6, Nec2, Ke5, Nf3+, Kd6, Ncd4, Bd8, Bc2, Bf6, Ne1, h5, Nd3, g5, f3, Ng3+, Kf2, h4, f4, g4, Ke3, Ne4, Ne1, Ng3, Bd3, Bg7, Nec2, Bh6, Ne2, Nh5, Ncd4, Nxf4, Nxf4, Ke5, Ne2] ...
Ne2 Gives us inValid move: more than one valid move, The notation is disambiguous
8 .  .  .  .  .  .  .  .  
7 .  ♙  .  ♗  .  .  .  .  
6 ♙  .  .  .  .  .  .  ♗  
5 .  .  .  ♙  ♔  ♙  .  .  
4 .  .  .  ♞  .  ♞  ♙  ♙  
3 .  .  ♟  ♝  ♚  .  .  ♟  
2 ♟  ♟  .  .  .  .  ♟  .  
1 .  .  .  .  .  .  .  .  
  a  b  c  d  e  f  g  h

===== 5896 ===== 
[e4, e5, Nf3, Nc6, Bb5, a6, Ba4, Nf6, d3, Bc5, c3, b5, Bb3, d5, exd5, Nxd5, O-O, O-O, Nbd2, f6, Ne4, Ba7, a4, Be6, Re1, Kh8, Bd2, Bg8, h4, f5, axb5, axb5, Ng3, Qd6, h5, h6, Nh4, Nde7, Bxg8, Kxg8, Qe2, Rae8, d4, exd4, Qxb5, Rb8, Qc4+, Qd5, Qxd5+, Nxd5, c4, Ndb4, Bxb4, Rxb4, Ng6, Ra8, Nxf5, d3, Nge7+, Nxe7, Nxe7+, Kh7, Nc6, Rxc4, Nxa7, d2, Red1, Rc1, Raxc1, dxc1=Q, Rxc1] ...
Rxc1 Gives us inValid move: Invalid Rook move
8 ♖  .  .  .  .  .  .  .  
7 ♞  .  ♙  .  .  .  ♙  ♔  
6 .  .  .  .  .  .  .  ♙  
5 .  .  .  .  .  .  .  ♟  
4 .  .  .  .  .  .  .  .  
3 .  .  .  .  .  .  .  .  
2 .  ♟  .  ♙  .  ♟  ♟  .  
1 .  .  ♜  ♜  .  .  ♚  .  
  a  b  c  d  e  f  g  h

===== 5900 ===== 
[e4, c5, Nf3, e6, c3, Nf6, Bd3, d5, e5, Nfd7, Bc2, d4, O-O, Nc6, Ba4, g5, Bxc6, bxc6, Qe2, Bg7, Qe4, h5, cxd4, g4, Ne1, cxd4, f4, Ba6, d3, c5, Nd2, O-O, Nc4, f6, Qc6, Bxc4, dxc4, fxe5, Qxe6+, Kh8, Nd3, Qe8, Qxe8, Raxe8, fxe5, Nxe5, Nf4, Kh7, b3, d3, Rb1, Ng6, g3, Bd4+, Kh1, Re2, Rd1, Ne5, Nxe2, dxe2, Bf4, exd1=Q+, Rxd1] ...
Rxd1 Gives us inValid move: Path is blocked by another piece
8 .  .  .  .  .  ♖  .  .  
7 ♙  .  .  .  .  .  .  ♔  
6 .  .  .  .  .  .  .  .  
5 .  .  ♙  .  ♘  .  .  ♙  
4 .  .  ♟  ♗  .  ♝  ♙  .  
3 .  ♟  .  .  .  .  ♟  .  
2 ♟  .  .  .  ♙  .  .  ♟  
1 .  ♜  .  ♜  .  .  .  ♚  
  a  b  c  d  e  f  g  h

===== 5901 ===== 
[e4, c5, Nc3, a6, Nge2, Nf6, g3, b5, Bg2, e5, d3, d6, O-O, Be7, f4, O-O, h3, b4, Nb1, Nc6, Nd2, a5, Nc4, Ba6, Ne3, a4, c4, bxc3] ...
bxc3 Gives us inValid move: No such move for piece found: []
8 ♖  .  .  ♕  .  ♖  ♔  .  
7 .  .  .  .  ♗  ♙  ♙  ♙  
6 ♗  .  ♘  ♙  .  ♘  .  .  
5 .  .  ♙  .  ♙  .  .  .  
4 ♙  ♙  ♟  .  ♟  ♟  .  .  
3 .  .  .  ♟  ♞  .  ♟  ♟  
2 ♟  ♟  .  .  ♞  .  ♝  .  
1 ♜  .  ♝  ♛  .  ♜  ♚  .  
  a  b  c  d  e  f  g  h

===== 5907 ===== 
[e4, c5, Nf3, e6, d4, cxd4, Nxd4, Nc6, Nc3, Nf6, a3, d6, Be3, Be7, g4, Nxd4, Bxd4, e5, g5, exd4, gxf6, dxc3, fxe7, Qxe7, bxc3, Qxe4+, Qe2, Qxe2+, Bxe2, Be6, Bf3, Rc8, Kd2, b6, a4, Rc5, a5, bxa5, Rhb1, Ke7, Rb7+, Kf6, Rxa7, Rhc8, Be4, Rh5, Ra3, Rxh2, Ke3, Rh5, Ra6, Rhc5, Kd2, d5, Bd3, h5, R6xa5, Rxa5, Rxa5, g5, Ra1, g4, Rh1, Kg5, Ke3, Rxc3, f4+, gxf3] ...
gxf3 Gives us inValid move: No such move for piece found: []
8 .  .  .  .  .  .  .  .  
7 .  .  .  .  .  ♙  .  .  
6 .  .  .  .  ♗  .  .  .  
5 .  .  .  ♙  .  .  ♔  ♙  
4 .  .  .  .  .  ♟  ♙  .  
3 .  .  ♖  ♝  ♚  .  .  .  
2 .  .  ♟  .  .  .  .  .  
1 .  .  .  .  .  .  .  ♜  
  a  b  c  d  e  f  g  h

===== 5911 ===== 
[e4, c5, Nf3, e6, d4, cxd4, Nxd4, Nc6, Nc3, Nf6, Ndb5, d6, Bf4, e5, Bg5, a6, Na3, b5, Bxf6, gxf6, Nd5, f5, c3, Bg7, exf5, Bxf5, Be2, O-O, O-O, Be6, Nc2, Rb8, Ncb4, Nxb4, Nxb4, Qb6, Bf3, Rbc8, Qd2, a5, Nd5, Qd8, Rfd1, f5, a4, bxa4, Rxa4, e4, Be2, Rc5, Nf4, Bb3, Ra3, Bxd1, Bxd1, Qf6, Bb3+, Kh8, Ne6, Rfc8, Nxc5, Rxc5, Ra4, Qe5, Rd4, Bf8, g3, h6, Kg2, Kg7, Bc4, Qf6, b4, axb4, cxb4, Re5, Bd5, Qg5, b5, Qxd2, Rxd2, Be7, b6, Bd8, b7, Bc7, f4, exf3+] ...
exf3+ Gives us inValid move: No such move for piece found: []
8 .  .  .  .  .  .  .  .  
7 .  ♟  ♗  .  .  .  ♔  .  
6 .  .  .  ♙  .  .  .  ♙  
5 .  .  .  ♝  ♖  ♙  .  .  
4 .  .  .  .  ♙  ♟  .  .  
3 .  .  .  .  .  .  ♟  .  
2 .  .  .  ♜  .  .  ♚  ♟  
1 .  .  .  .  .  .  .  .  
  a  b  c  d  e  f  g  h

===== 5946 ===== 
[e4, e6, d4, d5, e5, c5, c3, Qb6, Nf3, Nc6, a3, Nh6, b4, cxd4, cxd4, Nf5, Be3, Be7, Bd3, Nxe3, fxe3, O-O, O-O, f5, exf6] ...
exf6 Gives us inValid move: No such move for piece found: [White pawn can only capture up diagonally]
8 ♖  .  ♗  .  .  ♖  ♔  .  
7 ♙  ♙  .  .  ♗  .  ♙  ♙  
6 .  ♕  ♘  .  ♙  .  .  .  
5 .  .  .  ♙  ♟  ♙  .  .  
4 .  ♟  .  ♟  .  .  .  .  
3 ♟  .  .  ♝  ♟  ♞  .  .  
2 .  .  .  .  .  .  ♟  ♟  
1 ♜  ♞  .  ♛  .  ♜  ♚  .  
  a  b  c  d  e  f  g  h

===== 5987 ===== 
[e4, c5, Nf3, d6, d4, cxd4, Nxd4, Nf6, Nc3, Nc6, Bg5, e5, Bxf6, gxf6, Nf5, Bxf5, exf5, Be7, Nd5, O-O, c3, Kh8, Bd3, Nb8, O-O, Nd7, Be4, Nb6, Nxb6, Qxb6, Qb3, Qc7, Bd5, Bd8, Rad1, Qd7, Rd3, Qxf5, Rf3, Qg6, Qxb7, Bb6, Be4, Qg4, Bxh7, Kxh7, Rh3+, Qxh3, gxh3, f5, Kh1, Rae8, Rg1, Bxf2, Rg2, Be3, Qf3, Bh6, Qxf5+, Kh8, Qf6+, Kh7, Qxd6, e4, Rg4, Re6, Qc5, e3, Qf5+, Kh8, Re4, Rg6, Rg4, Re6, Re4, Rg6, Rh4, Kg7, Qe5+, Kg8, Rg4, Kh7, Qe4, Rg8] ...
Rg8 Gives us inValid move: more than one valid move, The notation is disambiguous
8 .  .  .  .  .  ♖  .  .  
7 ♙  .  .  .  .  ♙  .  ♔  
6 .  .  .  .  .  .  ♖  ♗  
5 .  .  .  .  .  .  .  .  
4 .  .  .  .  ♛  .  ♜  .  
3 .  .  ♟  .  ♙  .  .  ♟  
2 ♟  ♟  .  .  .  .  .  ♟  
1 .  .  .  .  .  .  .  ♚  
  a  b  c  d  e  f  g  h

===== 5996 ===== 
[d4, Nf6, c4, e6, Nc3, Bb4, e3, b6, Bd3, Bb7, Nf3, O-O, O-O, d6, Qe2, Bxc3, bxc3, Be4, Bxe4, Nxe4, Qd3, f5, Ne1, Nc6, f3, Nf6, Nc2, Qd7, e4, fxe4, fxe4, e5, Bg5, Nh5, Qe2, Nf4, Bxf4, exf4, Qh5, Qf7, Qd5, Ne7, Qxf7+, Rxf7, Nb4, Re8, Rae1, g5, e5, dxe5, Rxe5, Rf5, Re6, Rff8, Rfe1, Kf7, Na6, Nf5, Nxc7, Rc8, Nd5, Rxc4, R1e5, Kg7, g4, fxg3] ...
fxg3 Gives us inValid move: No such move for piece found: []
8 .  .  .  .  .  ♖  .  .  
7 ♙  .  .  .  .  .  ♔  ♙  
6 .  ♙  .  .  ♜  .  .  .  
5 .  .  .  ♞  ♜  ♘  ♙  .  
4 .  .  ♖  ♟  .  ♙  ♟  .  
3 .  .  ♟  .  .  .  .  .  
2 ♟  .  .  .  .  .  .  ♟  
1 .  .  .  .  .  .  ♚  .  
  a  b  c  d  e  f  g  h

===== 5997 ===== 
[d4, Nf6, c4, e6, Nf3, Bb4+, Nbd2, b6, a3, Bxd2+, Bxd2, Bb7, Bg5, d6, e3, Nbd7, Qc2, c5, Rd1, Qc7, dxc5, Bxf3, gxf3, Qxc5, Rg1, Qc6, Be2, d5, Qb3, dxc4, Qxc4, Qxc4, Bxc4, Ne5, Bb5+, Ke7, Ke2, Rac8, f4, Rc2+, Kf1, Nc6, Kg2, Rc8, b4, Nb8, Rd3, Rb2, Ba4, a6, Bd1, Nd7] ...
Nd7 Gives us inValid move: more than one valid move, The notation is disambiguous
8 .  ♘  ♖  .  .  .  .  .  
7 .  .  .  .  ♔  ♙  ♙  ♙  
6 ♙  ♙  .  .  ♙  ♘  .  .  
5 .  .  .  .  .  .  ♝  .  
4 .  ♟  .  .  .  ♟  .  .  
3 ♟  .  .  ♜  ♟  .  .  .  
2 .  ♖  .  .  .  ♟  ♚  ♟  
1 .  .  .  ♝  .  .  ♜  .  
  a  b  c  d  e  f  g  h

===== 6020 ===== 
[Nf3, Nf6, d4, g6, g3, Bg7, Bg2, O-O, O-O, d5, Ne5, Nbd7, c4, dxc4, Nxc4, Nb6, Nxb6, axb6, Nc3, Ne8, d5, Nd6, Bf4, Bd7, Qc2, Ra5, e4, e5, dxe6] ...
dxe6 Gives us inValid move: No such move for piece found: []
8 .  .  .  ♕  .  ♖  ♔  .  
7 .  ♙  ♙  ♗  .  ♙  ♗  ♙  
6 .  ♙  .  ♘  .  .  ♙  .  
5 ♖  .  .  ♟  ♙  .  .  .  
4 .  .  .  .  ♟  ♝  .  .  
3 .  .  ♞  .  .  .  ♟  .  
2 ♟  ♟  ♛  .  .  ♟  ♝  ♟  
1 ♜  .  .  .  .  ♜  ♚  .  
  a  b  c  d  e  f  g  h

===== 6023 ===== 
[Nf3, Nc6, c4, e5, Nc3, g6, d4, exd4, Nxd4, Bg7, Nxc6, bxc6, g3, Ne7, Bg2, O-O, O-O, Rb8, Qa4, a6, Rd1, Re8, c5, Nd5, Nxd5, cxd5, Bxd5, Qe7, Be3, Rxb2, Qc4, Be5, Rab1, Rxb1, Rxb1, c6, Bf3, Kf8, Rd1, Rd8, h4, Kg7, Kg2, h6, h5, g5, Bg4, Qf6, Qe4, d5, cxd6] ...
cxd6 Gives us inValid move: No such move for piece found: []
8 .  .  ♗  ♖  .  .  .  .  
7 .  .  .  .  .  ♙  ♔  .  
6 ♙  .  ♙  .  .  ♕  .  ♙  
5 .  .  ♟  ♙  ♗  .  ♙  ♟  
4 .  .  .  .  ♛  .  ♝  .  
3 .  .  .  .  ♝  .  ♟  .  
2 ♟  .  .  .  ♟  ♟  ♚  .  
1 .  .  .  ♜  .  .  .  .  
  a  b  c  d  e  f  g  h

===== 6043 ===== 
[e4, c5, Nf3, Nc6, d4, cxd4, Nxd4, e5, Nb5, d6, N1c3, a6, Na3, b5, Nd5, Nf6, Nxf6+, Qxf6, c4, b4, Nc2, Qg6, Qd5, Bb7, Nxb4, Nd8, Qd1, Qxe4+, Be3, Be7, Nd5, Bh4, Qd3, Qxd3, Bxd3, Ne6, O-O, Rc8, b4, e4, Be2, Bf6, Nxf6+, gxf6, Rac1, f5, f4, exf3] ...
exf3 Gives us inValid move: No such move for piece found: []
8 .  .  ♖  .  ♔  .  .  ♖  
7 .  ♗  .  .  .  ♙  .  ♙  
6 ♙  .  .  ♙  ♘  .  .  .  
5 .  .  .  .  .  ♙  .  .  
4 .  ♟  ♟  .  ♙  ♟  .  .  
3 .  .  .  .  ♝  .  .  .  
2 ♟  .  .  .  ♝  .  ♟  ♟  
1 .  .  ♜  .  .  ♜  ♚  .  
  a  b  c  d  e  f  g  h

===== 6125 ===== 
[e4, c5, Nf3, d6, d4, cxd4, Nxd4, Nf6, Nc3, a6, Be2, e5, Nb3, Be7, O-O, O-O, Re1, Be6, Bf1, Nbd7, Nd5, Rc8, c4, Nb6, Nd2, Nbxd5, exd5, Bg4, Qb3, b5, cxb5, axb5, Nb1, Qa5, Bd2, b4, Bxb4, Qxd5, Nd2, Qd4, Bc3, Qa7, Ne4, Be6, Nxf6+, Bxf6, Qd1, Qb8, Qh5, g6, Qe2, Bg7, a4, f6, a5, d5, a6, Qa7, Bb4, Rfd8, Rec1, d4, Ba5, Re8, b4, f5, b5, e4, Qd1, d3, Rxc8, Rxc8, Rc1, Rxc1, Qxc1, Bd4, Qc6, Bxf2+, Kh1, Qd7, Qb7, Kf7, b6, Ke7, Qxd7+, Kxd7, b7, Ba7, Bb6, d2, Bb5+, Ke7, Bxa7, d1=Q+, Bg1, e3, b8=Q, e2, Bxe2, Qxe2, Qb7+] ...
Qb7+ Gives us inValid move: can not move bishop
8 .  .  .  .  .  .  .  .  
7 .  ♟  .  .  ♔  .  .  ♙  
6 ♟  .  .  .  ♗  .  ♙  .  
5 .  .  .  .  .  ♙  .  .  
4 .  .  .  .  .  .  .  .  
3 .  .  .  .  .  .  .  .  
2 .  .  .  .  ♕  .  ♟  ♟  
1 .  .  .  .  .  .  ♝  ♚  
  a  b  c  d  e  f  g  h

===== 6124 ===== 
[d4, f5, g3, Nf6, c4, g6, Bg2, Bg7, Nf3, O-O, Nc3, d6, d5, c6, O-O, e5, dxe6] ...
dxe6 Gives us inValid move: No such move for piece found: []
8 ♖  ♘  ♗  ♕  .  ♖  ♔  .  
7 ♙  ♙  .  .  .  .  ♗  ♙  
6 .  .  ♙  ♙  .  ♘  ♙  .  
5 .  .  .  ♟  ♙  ♙  .  .  
4 .  .  ♟  .  .  .  .  .  
3 .  .  ♞  .  .  ♞  ♟  .  
2 ♟  ♟  .  .  ♟  ♟  ♝  ♟  
1 ♜  .  ♝  ♛  .  ♜  ♚  .  
  a  b  c  d  e  f  g  h

===== 6132 ===== 
[e4, d6, d4, Nf6, Nc3, g6, f4, Bg7, Nf3, O-O, Be3, b6, Qe2, Ba6, Qd2, Bb7, e5, Ng4, O-O-O, dxe5, Nxe5, Nxe5, dxe5, Qxd2+, Rxd2, Nc6, Be2, Bh6, Nd5, Rac8, Bf3, Ba8, Rhd1, Kh8, Kb1, e6, Nc3, Kg8, Re1, Rfd8, Rxd8+, Rxd8, Rd1, Rxd1+, Nxd1, Bb7, Nc3, a6, b4, Nd8, Bxb7, Nxb7, Ne4, Bg7, c4, Kf8, Kc2, Ke7, g4, h6, Kd3, Kd7, h4, Nd8, b5, axb5, cxb5, Nb7, h5, gxh5, gxh5, Ke7, Bf2, f5, exf6+] ...
exf6+ Gives us inValid move: No such move for piece found: []
8 .  .  .  .  .  .  .  .  
7 .  ♘  ♙  .  ♔  .  ♗  .  
6 .  ♙  .  .  ♙  .  .  ♙  
5 .  ♟  .  .  ♟  ♙  .  ♟  
4 .  .  .  .  ♞  ♟  .  .  
3 .  .  .  ♚  .  .  .  .  
2 ♟  .  .  .  .  ♝  .  .  
1 .  .  .  .  .  .  .  .  
  a  b  c  d  e  f  g  h

===== 6140 ===== 
[e4, e5, Nf3, Nc6, d4, exd4, Nxd4, Nf6, Nxc6, bxc6, e5, Qe7, Qe2, Nd5, c4, Nb6, Nc3, Qe6, Qe4, d5, exd6] ...
exd6 Gives us inValid move: No such move for piece found: []
8 ♖  .  ♗  .  ♔  ♗  .  ♖  
7 ♙  .  ♙  .  .  ♙  ♙  ♙  
6 .  ♘  ♙  .  ♕  .  .  .  
5 .  .  .  ♙  ♟  .  .  .  
4 .  .  ♟  .  ♛  .  .  .  
3 .  .  ♞  .  .  .  .  .  
2 ♟  ♟  .  .  .  ♟  ♟  ♟  
1 ♜  .  ♝  .  ♚  ♝  .  ♜  
  a  b  c  d  e  f  g  h

===== 6182 ===== 
[e4, c5, Nf3, Nc6, Bb5, g6, O-O, Bg7, Re1, Nf6, e5, Nd5, Nc3, Nc7, Bxc6, dxc6, Ne4, Ne6, d3, O-O, Be3, b6, Qd2, f5, exf6] ...
exf6 Gives us inValid move: No such move for piece found: []
8 ♖  .  ♗  ♕  .  ♖  ♔  .  
7 ♙  .  .  .  ♙  .  ♗  ♙  
6 .  ♙  ♙  .  ♘  .  ♙  .  
5 .  .  ♙  .  ♟  ♙  .  .  
4 .  .  .  .  ♞  .  .  .  
3 .  .  .  ♟  ♝  ♞  .  .  
2 ♟  ♟  ♟  ♛  .  ♟  ♟  ♟  
1 ♜  .  .  .  ♜  .  ♚  .  
  a  b  c  d  e  f  g  h

===== 6189 ===== 
[d4, Nf6, c4, e6, Nc3, Bb4, Qc2, O-O, e4, d5, e5, Ne4, Bd3, c5, cxd5, exd5, Ne2] ...
Ne2 Gives us inValid move: more than one valid move, The notation is disambiguous
8 ♖  ♘  ♗  ♕  .  ♖  ♔  .  
7 ♙  ♙  .  .  .  ♙  ♙  ♙  
6 .  .  .  .  .  .  .  .  
5 .  .  ♙  ♙  ♟  .  .  .  
4 .  ♗  .  ♟  ♘  .  .  .  
3 .  .  ♞  ♝  .  .  .  .  
2 ♟  ♟  ♛  .  .  ♟  ♟  ♟  
1 ♜  .  ♝  .  ♚  .  ♞  ♜  
  a  b  c  d  e  f  g  h

===== 6196 ===== 
[d4, Nf6, c4, e6, Nf3, b6, a3, Bb7, Nc3, d5, cxd5, Nxd5, e3, g6, Bb5+, c6, Bd3, Bg7, Nxd5, exd5, O-O, O-O, b4, Nd7, Rb1, a5, Bd2, axb4, axb4, b5, Bc3, Nb6, Ne5, Nc4, Nxc4, dxc4, Be4, Qe7, Bf3, Ra3, Qd2, Rfa8, Ra1, Bf8, Rxa3, Rxa3, Rb1, Qf6, Ra1, Rxa1+, Bxa1, Bg7, Qc2, Bc8, Qe4, Bd7, Bc3, h5, g3, Qd8, h4, Qa8, Qc2, Bf5, e4, Be6, Qb2, Qa4, Kh2, Bd7, Qa1, Qc2, Qe1, Bg4, Bxg4, hxg4, e5, Kf8, Qd2, Qxd2, Bxd2, f6, Bc3, fxe5, dxe5, Ke7, Kg2, Ke6, f4, gxf3+] ...
gxf3+ Gives us inValid move: No such move for piece found: [Black pawn can only capture down diagonally]
8 .  .  .  .  .  .  .  .  
7 .  .  .  .  .  .  ♗  .  
6 .  .  ♙  .  ♔  .  ♙  .  
5 .  ♙  .  .  ♟  .  .  .  
4 .  ♟  ♙  .  .  ♟  ♙  ♟  
3 .  .  ♝  .  .  .  ♟  .  
2 .  .  .  .  .  .  ♚  .  
1 .  .  .  .  .  .  .  .  
  a  b  c  d  e  f  g  h

===== 6209 ===== 
[Nf3, c5, e4, e6, d4, cxd4, Nxd4, a6, Bd3, Nc6, Nxc6, dxc6, Nd2, e5, Nc4, Be6, Bd2, Bxc4, Bxc4, Qd4, Qe2, b5, Bb3, Nf6, O-O-O, Qxe4, Rhe1, Qxe2, Rxe2, Nd7, Bc3, Ra7, f4, Be7, fxe5, Nc5, e6, Nxb3+, axb3, Rg8, Bd4, Rb7, exf7+, Kxf7, Rf1+, Ke8, Bc5, Rf8, Rfe1, Rf7, b4, Kd8, Re6, Bxc5, Re8+, Kd7, bxc5, Rf1, Re7+] ...
Re7+ Gives us inValid move: more than one valid move, The notation is disambiguous
8 .  .  .  .  ♜  .  .  .  
7 .  ♖  .  ♔  .  .  ♙  ♙  
6 ♙  .  ♙  .  .  .  .  .  
5 .  ♙  ♟  .  .  .  .  .  
4 .  .  .  .  .  .  .  .  
3 .  .  .  .  .  .  .  .  
2 .  ♟  ♟  .  .  .  ♟  ♟  
1 .  .  ♚  .  ♜  ♖  .  .  
  a  b  c  d  e  f  g  h

===== 6233 ===== 
[e4, c5, Nf3, d6, d4, Nf6, Nc3, cxd4, Nxd4, a6, Be3, e6, g4, e5, Nf5, g6, g5, gxf5, exf5, d5, Qf3, d4, O-O-O, Nbd7, Bd2, Qa5, gxf6, dxc3, Bxc3, Bb4, Rd5, Qb6, Bxe5, Nxe5, Rxe5+, Kd8, Bg2, Kc7, Rd1, Bd7, Qf4, Bd6, Qc4+, Kb8, Re7, Rc8, Qxf7, Qc7, Rd2, Bf4, Qb3, Bxd2+, Kxd2, Qf4+, Kd1, Rc7, Qg3, Qxf5, Be4, Qg4+, f3, Qxg3, hxg3, Ka7, g4, Kb6, g5, Bc6, Rxc7, Kxc7, Bxh7, Bxf3+, Kd2, Re8, g6, Bd5, f7, Rd8, Ke3, Kd6, Kf4, Ke7, Ke5, Bxa2, Bg8, Rxg8, fxg8=Q, Bxg8] ...
Bxg8 Gives us inValid move: Path is blocked by another piece
8 .  .  .  .  .  .  ♖  .  
7 .  ♙  .  .  ♔  ♟  .  .  
6 ♙  .  .  .  .  .  ♟  .  
5 .  .  .  .  ♚  .  .  .  
4 .  .  .  .  .  .  .  .  
3 .  .  .  .  .  .  .  .  
2 ♗  ♟  ♟  .  .  .  .  .  
1 .  .  .  .  .  .  .  .  
  a  b  c  d  e  f  g  h

===== 6237 ===== 
[e4, c5, Nf3, Nc6, Nc3, g6, d4, cxd4, Nxd4, Bg7, Be3, Nf6, Be2, O-O, O-O, d6, Nb3, a6, a4, Be6, f4, Rc8, Qd2, Na5, Nxa5, Qxa5, Bf3, Qb4, Rfb1, Ng4, Bxg4, Bxg4, Qd3, Qc4, a5, Bd7, Ra3, f5, Nd5, Qxd3, cxd3, Rce8, Rb3, Bc6, Nc7, Rc8, Ne6, fxe4, Nxf8, Rxf8, dxe4, Bxe4, Rc1, Rf5, Rc7, Kf7, Bd2, Bc6, Re3, Bd4, Rxe7+] ...
Rxe7+ Gives us inValid move: more than one valid move, The notation is disambiguous
8 .  .  .  .  .  .  .  .  
7 .  ♙  ♜  .  ♙  ♔  .  ♙  
6 ♙  .  ♗  ♙  .  .  ♙  .  
5 ♟  .  .  .  .  ♖  .  .  
4 .  .  .  ♗  .  ♟  .  .  
3 .  .  .  .  ♜  .  .  .  
2 .  ♟  .  ♝  .  .  ♟  ♟  
1 .  .  .  .  .  .  ♚  .  
  a  b  c  d  e  f  g  h

===== 6235 ===== 
[e4, c5, Nf3, Nc6, Bb5, g6, O-O, Bg7, Re1, Nf6, e5, Nd5, Nc3, Nc7, Bxc6, dxc6, Ne4, Ne6, d3, O-O, Be3, b6, Qd2, f5, exf6] ...
exf6 Gives us inValid move: No such move for piece found: []
8 ♖  .  ♗  ♕  .  ♖  ♔  .  
7 ♙  .  .  .  ♙  .  ♗  ♙  
6 .  ♙  ♙  .  ♘  .  ♙  .  
5 .  .  ♙  .  ♟  ♙  .  .  
4 .  .  .  .  ♞  .  .  .  
3 .  .  .  ♟  ♝  ♞  .  .  
2 ♟  ♟  ♟  ♛  .  ♟  ♟  ♟  
1 ♜  .  .  .  ♜  .  ♚  .  
  a  b  c  d  e  f  g  h

===== 6250 ===== 
[Nf3, Nf6, c4, g6, Nc3, Bg7, e4, O-O, d4, c6, Be2, d5, e5, Ne4, O-O, Nxc3, bxc3, dxc4, Bxc4, c5, Be3, Nc6, Ng5, Na5, Bd3, cxd4, cxd4, h6, Ne4, f5, exf6] ...
exf6 Gives us inValid move: No such move for piece found: []
8 ♖  .  ♗  ♕  .  ♖  ♔  .  
7 ♙  ♙  .  .  ♙  .  ♗  .  
6 .  .  .  .  .  .  ♙  ♙  
5 ♘  .  .  .  ♟  ♙  .  .  
4 .  .  .  ♟  ♞  .  .  .  
3 .  .  .  ♝  ♝  .  .  .  
2 ♟  .  .  .  .  ♟  ♟  ♟  
1 ♜  .  .  ♛  .  ♜  ♚  .  
  a  b  c  d  e  f  g  h

===== 6252 ===== 
[e4, e5, Nf3, Nc6, Bb5, a6, Ba4, Nf6, O-O, Nxe4, d4, b5, Bb3, d5, dxe5, Be6, Be3, Be7, c3, O-O, Nbd2, Qd7, Re1, f5, exf6] ...
exf6 Gives us inValid move: No such move for piece found: []
8 ♖  .  .  .  .  ♖  ♔  .  
7 .  .  ♙  ♕  ♗  .  ♙  ♙  
6 ♙  .  ♘  .  ♗  .  .  .  
5 .  ♙  .  ♙  ♟  ♙  .  .  
4 .  .  .  .  ♘  .  .  .  
3 .  ♝  ♟  .  ♝  ♞  .  .  
2 ♟  ♟  .  ♞  .  ♟  ♟  ♟  
1 ♜  .  .  ♛  ♜  .  ♚  .  
  a  b  c  d  e  f  g  h

===== 6267 ===== 
[c4, c5, Nf3, Nc6, Nc3, e5, d3, g6, a3, a5, e3, f5, d4, e4, d5, Nb8, Nd2, d6, g4, Nf6, gxf5, gxf5, Bh3, Bg7, Rg1, O-O, b3, Kh8, Bb2, Nbd7, Na4, Ne8, Bxg7+, Nxg7, Qc2, Ne5, Qc3, Qf6, f4, exf3] ...
exf3 Gives us inValid move: No such move for piece found: []
8 ♖  .  ♗  .  .  ♖  .  ♔  
7 .  ♙  .  .  .  .  ♘  ♙  
6 .  .  .  ♙  .  ♕  .  .  
5 ♙  .  ♙  ♟  ♘  ♙  .  .  
4 ♞  .  ♟  .  ♙  ♟  .  .  
3 ♟  ♟  ♛  .  ♟  .  .  ♝  
2 .  .  .  ♞  .  .  .  ♟  
1 ♜  .  .  .  ♚  .  ♜  .  
  a  b  c  d  e  f  g  h

===== 6281 ===== 
[e4, c5, c3, Nf6, e5, Nd5, Nf3, Nc6, Bc4, Nb6, Bb3, d5, exd6] ...
exd6 Gives us inValid move: No such move for piece found: []
8 ♖  .  ♗  ♕  ♔  ♗  .  ♖  
7 ♙  ♙  .  .  ♙  ♙  ♙  ♙  
6 .  ♘  ♘  .  .  .  .  .  
5 .  .  ♙  ♙  ♟  .  .  .  
4 .  .  .  .  .  .  .  .  
3 .  ♝  ♟  .  .  ♞  .  .  
2 ♟  ♟  .  ♟  .  ♟  ♟  ♟  
1 ♜  ♞  ♝  ♛  ♚  .  .  ♜  
  a  b  c  d  e  f  g  h

===== 6282 ===== 
[d4, Nf6, c4, e6, Nf3, b6, Nc3, Bb7, a3, d5, cxd5, Nxd5, Bd2, Nd7, Nxd5, exd5, b4, Bd6, Bg5, f6, Bh4, a5, Bg3, Qe7, Bxd6, Qxd6, b5, c5, bxc6] ...
bxc6 Gives us inValid move: No such move for piece found: []
8 ♖  .  .  .  ♔  .  .  ♖  
7 .  ♗  .  ♘  .  .  ♙  ♙  
6 .  ♙  .  ♕  .  ♙  .  .  
5 ♙  ♟  ♙  ♙  .  .  .  .  
4 .  .  .  ♟  .  .  .  .  
3 ♟  .  .  .  .  ♞  .  .  
2 .  .  .  .  ♟  ♟  ♟  ♟  
1 ♜  .  .  ♛  ♚  ♝  .  ♜  
  a  b  c  d  e  f  g  h

===== 6299 ===== 
[d4, Nf6, c4, g6, Nc3, Bg7, e4, d6, Nf3, O-O, Be2, e5, O-O, c6, Re1, Na6, Bf1, Bg4, d5, Ne8, Be2, Bd7, Bg5, f6, dxc6, Bxc6, Be3, f5, b4, f4, Bc1, Nxb4, Qb3, a5, c5+, Kh8, cxd6, Nxd6, Bb2, Qe7, Bf1, Qf7, Rad1, Qxb3, axb3, Rad8, Ba3, h6, Rd2, Nf7, Red1, Rxd2, Rxd2, Rd8, Rxd8+, Nxd8, Bc4, Bf6, Bxb4, axb4, Nd5, Kg7, Nd2, b5, Be2, Ne6, Nxb4, Be8, Nd5, Nd4, Bd1, Bd8, Nf3, Nxf3+, Bxf3, Kf8, Be2, Bc6, b4, Be7, Nxe7, Kxe7, f3, g5, g4, fxg3] ...
fxg3 Gives us inValid move: No such move for piece found: []
8 .  .  .  .  .  .  .  .  
7 .  .  .  .  ♔  .  .  .  
6 .  .  ♗  .  .  .  .  ♙  
5 .  ♙  .  .  ♙  .  ♙  .  
4 .  ♟  .  .  ♟  ♙  ♟  .  
3 .  .  .  .  .  ♟  .  .  
2 .  .  .  .  ♝  .  .  ♟  
1 .  .  .  .  .  .  ♚  .  
  a  b  c  d  e  f  g  h

===== 6335 ===== 
[Nf3, Nf6, c4, e6, Nc3, Bb4, g4, d6, g5, Bxc3, bxc3, Nfd7, d4, b6, a4, Nc6, e4, Qe7, Be3, f5, gxf6] ...
gxf6 Gives us inValid move: No such move for piece found: []
8 ♖  .  ♗  .  ♔  .  .  ♖  
7 ♙  .  ♙  ♘  ♕  .  ♙  ♙  
6 .  ♙  ♘  ♙  ♙  .  .  .  
5 .  .  .  .  .  ♙  ♟  .  
4 ♟  .  ♟  ♟  ♟  .  .  .  
3 .  .  ♟  .  ♝  ♞  .  .  
2 .  .  .  .  .  ♟  .  ♟  
1 ♜  .  .  ♛  ♚  ♝  .  ♜  
  a  b  c  d  e  f  g  h

===== 6337 ===== 
[e4, c5, Nf3, e6, d4, cxd4, Nxd4, a6, Nc3, b5, Bd3, Qb6, Nf3, Nc6, O-O, Qb8, Re1, Nge7, e5, Bb7, Be4, Qc7, Bf4, f5, exf6] ...
exf6 Gives us inValid move: No such move for piece found: []
8 ♖  .  .  .  ♔  ♗  .  ♖  
7 .  ♗  ♕  ♙  ♘  .  ♙  ♙  
6 ♙  .  ♘  .  ♙  .  .  .  
5 .  ♙  .  .  ♟  ♙  .  .  
4 .  .  .  .  ♝  ♝  .  .  
3 .  .  ♞  .  .  ♞  .  .  
2 ♟  ♟  ♟  .  .  ♟  ♟  ♟  
1 ♜  .  .  ♛  ♜  .  ♚  .  
  a  b  c  d  e  f  g  h

===== 6345 ===== 
[e4, c6, d4, d5, Nd2, dxe4, Nxe4, Bf5, Ng3, Bg6, h4, h6, Nf3, Nd7, h5, Bh7, Bd3, Bxd3, Qxd3, e6, Bf4, Qa5+, Bd2, Bb4, c3, Be7, c4, Qc7, O-O, Ngf6, Rfe1, O-O, Nf5, Bd6, Nxd6, Qxd6, Qb3, c5, Rad1, cxd4, Bb4, Nc5, Ne5, b6, Qf3, Nfd7, Nxd7, Qxd7, Bc3, e5, Rxe5, dxc3, Rxd7, Nxd7, Re2, cxb2, Rxb2, Nf6, Rd2, Rac8, Rd4, Rc5, g4, b5, cxb5, Rxb5, Kg2, Rg5, Kh3, Nh7, Qb3, Re5, Kg3, Re6, Qd3, Rfe8, Rd8, Rxd8, Qxd8+, Nf8, a4, g5, hxg6] ...
hxg6 Gives us inValid move: No such move for piece found: []
8 .  .  .  ♛  .  ♘  ♔  .  
7 ♙  .  .  .  .  ♙  .  .  
6 .  .  .  .  ♖  .  .  ♙  
5 .  .  .  .  .  .  ♙  ♟  
4 ♟  .  .  .  .  .  ♟  .  
3 .  .  .  .  .  .  ♚  .  
2 .  .  .  .  .  ♟  .  .  
1 .  .  .  .  .  .  .  .  
  a  b  c  d  e  f  g  h

===== 6344 ===== 
[d4, Nf6, c4, g6, Nc3, d5, Qb3, dxc4, Qxc4, Bg7, e4, O-O, Be2, c6, Nf3, b5, Qb3, Qa5, Bd2, Be6, Qc2, b4, Nb1, Qb6, O-O, Nbd7, Be3, Bxa2, Nfd2, Bxb1, Rfxb1, a5, d5, c5, Nc4, Qc7, f4, Rfe8, Bf3, e5, dxe6] ...
dxe6 Gives us inValid move: No such move for piece found: []
8 ♖  .  .  .  ♖  .  ♔  .  
7 .  .  ♕  ♘  .  ♙  ♗  ♙  
6 .  .  .  .  .  ♘  ♙  .  
5 ♙  .  ♙  ♟  ♙  .  .  .  
4 .  ♙  ♞  .  ♟  ♟  .  .  
3 .  .  .  .  ♝  ♝  .  .  
2 .  ♟  ♛  .  .  .  ♟  ♟  
1 ♜  ♜  .  .  .  .  ♚  .  
  a  b  c  d  e  f  g  h

===== 6351 ===== 
[d4, Nf6, c4, e6, Nc3, Bb4, Qc2, O-O, a3, Bxc3+, Qxc3, b6, Nf3, Bb7, e3, d5, b4, Nbd7, cxd5, Nxd5, Qb2, Qc8, Bd2, c5, Rc1, Ba6, dxc5, Bxf1, Rxf1, bxc5, bxc5, Rb8, Qc2, Qc6, e4, N5f6, Nd4, Qa6, f4, e5, Nf5, exf4, c6, Ne5, Rf3, Rbe8, Bb4, Nxe4, Ne7+, Rxe7, Bxe7, Re8, Qxe4, Rxe7, c7, Re8, Kd1, Qc8, Rd3, Kf8, Qb4+, Kg8, Qe4, Kf8, Rd4, Ng6, Qd5, Qg4+, Kc2, Ne7, Qf3, Qg6+, Kd2, Qb6, Qxf4, Qa5+, Rc3, Nf5, Rd3] ...
Rd3 Gives us inValid move: more than one valid move, The notation is disambiguous
8 .  .  .  .  ♖  ♔  .  .  
7 ♙  .  ♟  .  .  ♙  ♙  ♙  
6 .  .  .  .  .  .  .  .  
5 ♕  .  .  .  .  ♘  .  .  
4 .  .  .  ♜  .  ♛  .  .  
3 ♟  .  ♜  .  .  .  .  .  
2 .  .  .  ♚  .  .  ♟  ♟  
1 .  .  .  .  .  .  .  .  
  a  b  c  d  e  f  g  h

===== 6354 ===== 
[d4, Nf6, c4, e6, Nf3, b6, g3, Ba6, Nbd2, Bb7, Bg2, c5, e4, cxd4, e5, Ng4, O-O, Nc6, h3, Nh6, Ne4, Be7, Bf4, O-O, Nxd4, Nxd4, Qxd4, Nf5, Qd3, Qc7, Rad1, Rfd8, b3, Rac8, Qe2, Bc6, h4, Qb7, h5, Bc5, g4, Nd4, Qd3, d5, exd6] ...
exd6 Gives us inValid move: No such move for piece found: []
8 .  .  ♖  ♖  .  .  ♔  .  
7 ♙  ♕  .  .  .  ♙  ♙  ♙  
6 .  ♙  ♗  .  ♙  .  .  .  
5 .  .  ♗  ♙  ♟  .  .  ♟  
4 .  .  ♟  ♘  ♞  ♝  ♟  .  
3 .  ♟  .  ♛  .  .  .  .  
2 ♟  .  .  .  .  ♟  ♝  .  
1 .  .  .  ♜  .  ♜  ♚  .  
  a  b  c  d  e  f  g  h

===== 6355 ===== 
[e4, e6, d4, d5, Nd2, c5, exd5, exd5, Ngf3, Nc6, Bb5, Bd6, dxc5, Bxc5, O-O, Ne7] ...
Ne7 Gives us inValid move: more than one valid move, The notation is disambiguous
8 ♖  .  ♗  ♕  ♔  .  ♘  ♖  
7 ♙  ♙  .  .  .  ♙  ♙  ♙  
6 .  .  ♘  .  .  .  .  .  
5 .  ♝  ♗  ♙  .  .  .  .  
4 .  .  .  .  .  .  .  .  
3 .  .  .  .  .  ♞  .  .  
2 ♟  ♟  ♟  ♞  .  ♟  ♟  ♟  
1 ♜  .  ♝  ♛  .  ♜  ♚  .  
  a  b  c  d  e  f  g  h

===== 6368 ===== 
[d4, Nf6, c4, e6, Nc3, Bb4, Qc2, d5, cxd5, exd5, Bg5, c5, dxc5, h6, Bh4, g5, Bg3, Ne4, e3, Qa5, Ne2] ...
Ne2 Gives us inValid move: more than one valid move, The notation is disambiguous
8 ♖  ♘  ♗  .  ♔  .  .  ♖  
7 ♙  ♙  .  .  .  ♙  .  .  
6 .  .  .  .  .  .  .  ♙  
5 ♕  .  ♟  ♙  .  .  ♙  .  
4 .  ♗  .  .  ♘  .  .  .  
3 .  .  ♞  .  ♟  .  ♝  .  
2 ♟  ♟  ♛  .  .  ♟  ♟  ♟  
1 ♜  .  .  .  ♚  ♝  ♞  ♜  
  a  b  c  d  e  f  g  h

===== 6384 ===== 
[d4, Nf6, Nf3, d5, Bf4, c5, c3, cxd4, cxd4, Nc6, Nc3, Bf5, e3, e6, Bb5, Bb4, O-O, O-O, Rc1, Bxc3, Rxc3, Ne4, Rc1, g5, Bg3, h5, Bxc6, bxc6, Ne5, h4, Nxc6, Qd7, Be5, f6, f3, Nd6, Bxd6, Qxd6, Qd2, Rf7, b4, Rg7, h3, Re8, Rfe1, Rc7, b5, a6, a4, axb5, axb5, Rb7, e4, dxe4, fxe4, Bh7, e5, Qf8, Rc5, Rg7, exf6, Qxf6, Ne5, Bf5, Rf1, Qd8, Qe3, g4, hxg4, Bxg4, Nc6, Qc7, Rg5, h3, gxh3, Bf5, Rxf5] ...
Rxf5 Gives us inValid move: more than one valid move, The notation is disambiguous
8 .  .  .  .  ♖  .  ♔  .  
7 .  .  ♕  .  .  .  ♖  .  
6 .  .  ♞  .  ♙  .  .  .  
5 .  ♟  .  .  .  ♗  ♜  .  
4 .  .  .  ♟  .  .  .  .  
3 .  .  .  .  ♛  .  .  ♟  
2 .  .  .  .  .  .  .  .  
1 .  .  .  .  .  ♜  ♚  .  
  a  b  c  d  e  f  g  h

===== 6413 ===== 
[d4, Nf6, c4, e6, Nf3, b6, Nc3, Bb7, a3, d5, cxd5, Nxd5, Bd2, Nd7, Qc2, Nxc3, Bxc3, Be7, e4, O-O, Rd1, Rc8, Bc4, Nf6, Bd3, c5, e5, c4, Be2, Nd5, O-O, Nf4, Ne1, Nxe2+, Qxe2, Qd5, f4, Qe4, Qf2, b5, Nc2, f5, exf6] ...
exf6 Gives us inValid move: No such move for piece found: []
8 .  .  ♖  .  .  ♖  ♔  .  
7 ♙  ♗  .  .  ♗  .  ♙  ♙  
6 .  .  .  .  ♙  .  .  .  
5 .  ♙  .  .  ♟  ♙  .  .  
4 .  .  ♙  ♟  ♕  ♟  .  .  
3 ♟  .  ♝  .  .  .  .  .  
2 .  ♟  ♞  .  .  ♛  ♟  ♟  
1 .  .  .  ♜  .  ♜  ♚  .  
  a  b  c  d  e  f  g  h

===== 6432 ===== 
[e4, c5, Nf3, e6, d4, cxd4, Nxd4, a6, Nc3, Qc7, Bd3, Nf6, O-O, Bc5, Nb3, Be7, f4, d6, a4, Nc6, a5, b5, axb6] ...
axb6 Gives us inValid move: No such move for piece found: []
8 ♖  .  ♗  .  ♔  .  .  ♖  
7 .  .  ♕  .  ♗  ♙  ♙  ♙  
6 ♙  .  ♘  ♙  ♙  ♘  .  .  
5 ♟  ♙  .  .  .  .  .  .  
4 .  .  .  .  ♟  ♟  .  .  
3 .  ♞  ♞  ♝  .  .  .  .  
2 .  ♟  ♟  .  .  .  ♟  ♟  
1 ♜  .  ♝  ♛  .  ♜  ♚  .  
  a  b  c  d  e  f  g  h

===== 6437 ===== 
[d4, Nf6, c4, e6, Nf3, b6, g3, Ba6, b3, Bb4+, Bd2, Be7, Nc3, c6, e4, d5, Qc2, dxe4, Nxe4, c5, Bc3, Bb7, Bd3, cxd4, Nxd4, Na6, Nxf6+, Bxf6, Be4, Bxe4, Qxe4, O-O, Rd1, Nc5, Qf3, Qc7, O-O, Qb7, Qxb7, Nxb7, Bb4, Rfc8, Rd2, a5, Ba3, a4, Nb5, axb3, axb3, Nc5, Rb1, Ne4, Rd7, h5, Bc1, Rd8, Rxd8+, Rxd8, Be3, Nd2, Bxd2, Rxd2, h4, Kh7, Kf1, Kg6, Kg2, Be7, Nc3, Kf5, Na4, Bf6, Nxb6, Bd4, Nc8, Kg4, Rf1, Bc5, b4, Bxb4, Nb6, Bc5, Na4, Bd4, c5, Rc2, c6, e5, c7, e4, Rd1, Rxf2+, Kh1, Kh3, c8=Q+, f5, Kg1, Rc2+, Rxd4, Rxc8] ...
Rxc8 Gives us inValid move: Path is blocked by another piece
8 .  .  .  .  .  .  .  .  
7 .  .  ♟  .  .  .  ♙  .  
6 .  .  .  .  .  .  .  .  
5 .  .  .  .  .  ♙  .  ♙  
4 ♞  .  .  ♜  ♙  .  .  ♟  
3 .  .  .  .  .  .  ♟  ♔  
2 .  .  ♖  .  .  .  .  .  
1 .  .  .  .  .  .  ♚  .  
  a  b  c  d  e  f  g  h

===== 6445 ===== 
[e4, c5, Nf3, d6, d4, cxd4, Nxd4, Nf6, Nc3, a6, Bg5, e6, f4, Qc7, Bxf6, gxf6, Qd2, Nc6, O-O-O, Bd7, Kb1, Nxd4, Qxd4, Be7, Be2, h5, Rhf1, Qc5, Qd2, b5, Bf3, Rc8, Ne2, h4, Nd4, b4, Rfe1, a5, e5, fxe5, fxe5, dxe5, Nb3, Qc7, Nxa5, Ba4, Nb3, f5, Qe2, Kf7, Bh5+, Kg7, g4, hxg3] ...
hxg3 Gives us inValid move: No such move for piece found: []
8 .  .  ♖  .  .  .  .  ♖  
7 .  .  ♕  .  ♗  .  ♔  .  
6 .  .  .  .  ♙  .  .  .  
5 .  .  .  .  ♙  ♙  .  ♝  
4 ♗  ♙  .  .  .  .  ♟  ♙  
3 .  ♞  .  .  .  .  .  .  
2 ♟  ♟  ♟  .  ♛  .  .  ♟  
1 .  ♚  .  ♜  ♜  .  .  .  
  a  b  c  d  e  f  g  h

===== 6459 ===== 
[d4, e6, c4, d5, Nf3, c6, Qc2, Nf6, Nbd2, Nbd7, g3, Be7, Bg2, O-O, O-O, b6, e4, Bb7, e5, Ne8, cxd5, cxd5, Re1, Rc8, Qa4, a5, Nf1, Ba6, Qd1, b5, h4, b4, Ng5, Qc7, Ne3, Bxg5, hxg5, Qb6, Bf1, Bxf1, Kxf1, f5, exf6] ...
exf6 Gives us inValid move: No such move for piece found: []
8 .  .  ♖  .  ♘  ♖  ♔  .  
7 .  .  .  ♘  .  .  ♙  ♙  
6 .  ♕  .  .  ♙  .  .  .  
5 ♙  .  .  ♙  ♟  ♙  ♟  .  
4 .  ♙  .  ♟  .  .  .  .  
3 .  .  .  .  ♞  .  ♟  .  
2 ♟  ♟  .  .  .  ♟  .  .  
1 ♜  .  ♝  ♛  ♜  ♚  .  .  
  a  b  c  d  e  f  g  h

===== 6470 ===== 
[d4, Nf6, c4, g6, Nc3, Bg7, e4, d6, Nf3, O-O, Be2, e5, O-O, Na6, Re1, c6, Bf1, exd4, Nxd4, Ng4, h3, Qb6, hxg4, Qxd4, g5, Qxd1, Rxd1, Nc5, f3, Be5, Be3, a5, Rac1, a4, Rc2, Ne6, Ne2, Nc5, Nc1, Re8, Nd3, Nxd3, Rxd3, f5, gxf6] ...
gxf6 Gives us inValid move: No such move for piece found: [White pawn can only capture up diagonally]
8 ♖  .  ♗  .  ♖  .  ♔  .  
7 .  ♙  .  .  .  .  .  ♙  
6 .  .  ♙  ♙  .  .  ♙  .  
5 .  .  .  .  ♗  ♙  ♟  .  
4 ♙  .  ♟  .  ♟  .  .  .  
3 .  .  .  ♜  ♝  ♟  .  .  
2 ♟  ♟  ♜  .  .  .  ♟  .  
1 .  .  .  .  .  ♝  ♚  .  
  a  b  c  d  e  f  g  h

===== 6491 ===== 
[e4, e6, d4, d5, Nd2, c5, Ngf3, Nc6, exd5, exd5, Bb5, Bd6, dxc5, Bxc5, Nb3, Bd6, O-O, Ne7] ...
Ne7 Gives us inValid move: more than one valid move, The notation is disambiguous
8 ♖  .  ♗  ♕  ♔  .  ♘  ♖  
7 ♙  ♙  .  .  .  ♙  ♙  ♙  
6 .  .  ♘  ♗  .  .  .  .  
5 .  ♝  .  ♙  .  .  .  .  
4 .  .  .  .  .  .  .  .  
3 .  ♞  .  .  .  ♞  .  .  
2 ♟  ♟  ♟  .  .  ♟  ♟  ♟  
1 ♜  .  ♝  ♛  .  ♜  ♚  .  
  a  b  c  d  e  f  g  h

===== 6540 ===== 
[e4, e5, Nf3, Nc6, Bb5, a6, Ba4, Nf6, O-O, Be7, Re1, b5, Bb3, d6, c3, O-O, h3, Nb8, d4, Nbd7, Nbd2, Bb7, Bc2, Re8, Nf1, Bf8, Ng3, g6, b3, Bg7, d5, Qe7, c4, Qf8, Be3, Bh6, Bxh6, Qxh6, cxb5, axb5, b4, Rec8, Bb3, c5, dxc6] ...
dxc6 Gives us inValid move: No such move for piece found: []
8 ♖  .  ♖  .  .  .  ♔  .  
7 .  ♗  .  ♘  .  ♙  .  ♙  
6 .  .  .  ♙  .  ♘  ♙  ♕  
5 .  ♙  ♙  ♟  ♙  .  .  .  
4 .  ♟  .  .  ♟  .  .  .  
3 .  ♝  .  .  .  ♞  ♞  ♟  
2 ♟  .  .  .  .  ♟  ♟  .  
1 ♜  .  .  ♛  ♜  .  ♚  .  
  a  b  c  d  e  f  g  h

===== 6549 ===== 
[e4, c5, c3, Nf6, e5, Nd5, Nf3, Nc6, Bc4, Nb6, Bb3, d5, exd6] ...
exd6 Gives us inValid move: No such move for piece found: []
8 ♖  .  ♗  ♕  ♔  ♗  .  ♖  
7 ♙  ♙  .  .  ♙  ♙  ♙  ♙  
6 .  ♘  ♘  .  .  .  .  .  
5 .  .  ♙  ♙  ♟  .  .  .  
4 .  .  .  .  .  .  .  .  
3 .  ♝  ♟  .  .  ♞  .  .  
2 ♟  ♟  .  ♟  .  ♟  ♟  ♟  
1 ♜  ♞  ♝  ♛  ♚  .  .  ♜  
  a  b  c  d  e  f  g  h

===== 6563 ===== 
[e4, e5, Nf3, Nc6, Bb5, a6, Ba4, Nf6, O-O, Be7, Re1, b5, Bb3, O-O, a3, d6, c3, Na5, Bc2, c5, d4, Nd7, b4, cxb4, cxb4, Nc4, Nc3, Ndb6, h3, exd4, Nxd4, Bf6, Rb1, Bd7, Rb3, Re8, f4, Rc8, Kh1, g6, Rf1, Bg7, Nce2, Na4, f5, Nab6, Nf4, Qf6, fxg6, fxg6, Nf5, Kh8, Nxg7, Qxg7, Rg3, Rf8, e5, Nxe5, Bb2, Nbc4, Nxg6+, hxg6, Rxf8+, Rxf8, Bxg6, Bg4, Rxg4, Qf6, Bd4, Qf1+, Qxf1, Rxf1+, Kh2, Nxa3, Bd3, Rd1, Rg3, Nc4] ...
Nc4 Gives us inValid move: more than one valid move, The notation is disambiguous
8 .  .  .  .  .  .  .  ♔  
7 .  .  .  .  .  .  .  .  
6 ♙  .  .  ♙  .  .  .  .  
5 .  ♙  .  .  ♘  .  .  .  
4 .  ♟  .  ♝  .  .  .  .  
3 ♘  .  .  ♝  .  .  ♜  ♟  
2 .  .  .  .  .  .  ♟  ♚  
1 .  .  .  ♖  .  .  .  .  
  a  b  c  d  e  f  g  h

===== 6580 ===== 
[d4, d5, c4, c6, Nf3, Nf6, Nc3, e6, g3, Nbd7, Bg2, dxc4, a4, a5, O-O, Bd6, Qc2, O-O, Rd1, Qe7, Nd2, Nb6, Nce4, Nxe4, Nxe4, Bb4, Bf4, f6, Rac1, Bd7, Nd2, Be8, Nxc4, Nxc4, Qxc4, Bf7, Qc2, Bg6, Qb3, Bf7, Qc2, Bg6, Qc4, Bf7, Be3, Rfd8, h4, Rd7, Be4, f5, Bg2, e5, Qc2, e4, Bf1, Qe6, Bf4, Qb3, e3, Qxc2, Rxc2, Bb3, Bc4+, Bxc4, Rxc4, Rd5, h5, Rad8, Rdc1, Be7, Kg2, g5, hxg6] ...
hxg6 Gives us inValid move: No such move for piece found: []
8 .  .  .  ♖  .  .  ♔  .  
7 .  ♙  .  .  ♗  .  .  ♙  
6 .  .  ♙  .  .  .  .  .  
5 ♙  .  .  ♖  .  ♙  ♙  ♟  
4 ♟  .  ♜  ♟  ♙  ♝  .  .  
3 .  .  .  .  ♟  .  ♟  .  
2 .  ♟  .  .  .  ♟  ♚  .  
1 .  .  ♜  .  .  .  .  .  
  a  b  c  d  e  f  g  h

===== 6582 ===== 
[e4, e5, Nf3, Nc6, Bb5, a6, Ba4, Nf6, O-O, Nxe4, d4, b5, Bb3, d5, dxe5, Be6, Be3, Be7, c3, Nc5, Bc2, Nd7, Re1, Ndxe5, Nxe5, Nxe5, Bd4, f6, a4, b4, cxb4, Bf7, Nc3, O-O, b5, axb5, axb5, Rxa1, Qxa1, c5, bxc6] ...
bxc6 Gives us inValid move: No such move for piece found: [White pawn can only capture up diagonally]
8 .  .  .  ♕  .  ♖  ♔  .  
7 .  .  .  .  ♗  ♗  ♙  ♙  
6 .  .  .  .  .  ♙  .  .  
5 .  ♟  ♙  ♙  ♘  .  .  .  
4 .  .  .  ♝  .  .  .  .  
3 .  .  ♞  .  .  .  .  .  
2 .  ♟  ♝  .  .  ♟  ♟  ♟  
1 ♛  .  .  .  ♜  .  ♚  .  
  a  b  c  d  e  f  g  h

===== 6584 ===== 
[d4, Nf6, c4, e6, g3, d5, Bg2, Bb4+, Nd2, O-O, Nf3] ...
Nf3 Gives us inValid move: more than one valid move, The notation is disambiguous
8 ♖  ♘  ♗  ♕  .  ♖  ♔  .  
7 ♙  ♙  ♙  .  .  ♙  ♙  ♙  
6 .  .  .  .  ♙  ♘  .  .  
5 .  .  .  ♙  .  .  .  .  
4 .  ♗  ♟  ♟  .  .  .  .  
3 .  .  .  .  .  .  ♟  .  
2 ♟  ♟  .  ♞  ♟  ♟  ♝  ♟  
1 ♜  .  ♝  ♛  ♚  .  ♞  ♜  
  a  b  c  d  e  f  g  h

===== 6591 ===== 
[d4, Nf6, c4, e6, Nf3, b6, g3, Ba6, Qc2, c5, d5, exd5, cxd5, Bb7, Bg2, Nxd5, O-O, Be7, Rd1, Nc6, Qf5, Nf6, e4, g6, Qf4, O-O, e5, Nh5, Qg4, d5, exd6] ...
exd6 Gives us inValid move: No such move for piece found: []
8 ♖  .  .  ♕  .  ♖  ♔  .  
7 ♙  ♗  .  .  ♗  ♙  .  ♙  
6 .  ♙  ♘  .  .  .  ♙  .  
5 .  .  ♙  ♙  ♟  .  .  ♘  
4 .  .  .  .  .  .  ♛  .  
3 .  .  .  .  .  ♞  ♟  .  
2 ♟  ♟  .  .  .  ♟  ♝  ♟  
1 ♜  ♞  ♝  ♜  .  .  ♚  .  
  a  b  c  d  e  f  g  h

===== 6594 ===== 
[d4, Nf6, c4, e6, g3, Bb4+, Nd2, O-O, Nf3] ...
Nf3 Gives us inValid move: more than one valid move, The notation is disambiguous
8 ♖  ♘  ♗  ♕  .  ♖  ♔  .  
7 ♙  ♙  ♙  ♙  .  ♙  ♙  ♙  
6 .  .  .  .  ♙  ♘  .  .  
5 .  .  .  .  .  .  .  .  
4 .  ♗  ♟  ♟  .  .  .  .  
3 .  .  .  .  .  .  ♟  .  
2 ♟  ♟  .  ♞  ♟  ♟  .  ♟  
1 ♜  .  ♝  ♛  ♚  ♝  ♞  ♜  
  a  b  c  d  e  f  g  h

===== 6626 ===== 
[e4, e5, Nf3, Nc6, Bb5, a6, Ba4, Nf6, O-O, Be7, Re1, b5, Bb3, O-O, d4, Nxd4, Nxd4, exd4, e5, Ne8, Qxd4, Bb7, c4, bxc4, Qxc4, d5, exd6] ...
exd6 Gives us inValid move: No such move for piece found: []
8 ♖  .  .  ♕  ♘  ♖  ♔  .  
7 .  ♗  ♙  .  ♗  ♙  ♙  ♙  
6 ♙  .  .  .  .  .  .  .  
5 .  .  .  ♙  ♟  .  .  .  
4 .  .  ♛  .  .  .  .  .  
3 .  ♝  .  .  .  .  .  .  
2 ♟  ♟  .  .  .  ♟  ♟  ♟  
1 ♜  ♞  ♝  .  ♜  .  ♚  .  
  a  b  c  d  e  f  g  h

===== 6632 ===== 
[d4, Nf6, c4, e6, Nf3, d5, Nc3, Bb4, Qa4+, Nc6, Bg5, h6, Bxf6, Qxf6, e3, O-O, cxd5, exd5, Be2, Rd8, O-O, a6, Rfc1, Rb8, a3, Bf8, b4, Ne7, Qb3, Be6, a4, Nf5, b5, axb5, axb5, c5, bxc6] ...
bxc6 Gives us inValid move: No such move for piece found: []
8 .  ♖  .  ♖  .  ♗  ♔  .  
7 .  ♙  .  .  .  ♙  ♙  .  
6 .  .  .  .  ♗  ♕  .  ♙  
5 .  ♟  ♙  ♙  .  ♘  .  .  
4 .  .  .  ♟  .  .  .  .  
3 .  ♛  ♞  .  ♟  ♞  .  .  
2 .  .  .  .  ♝  ♟  ♟  ♟  
1 ♜  .  ♜  .  .  .  ♚  .  
  a  b  c  d  e  f  g  h

===== 6660 ===== 
[d4, Nf6, c4, c5, d5, b5, Nf3, g6, cxb5, a6, b6, d6, Nc3, Qxb6, e4, Bg7, Nd2, Nbd7, a4, Qb4, Be2, Ne5, O-O, O-O, Ra3, g5, Qc2, Bd7, b3, g4, Na2, Qb7, Nc4, Nxc4, Bxc4, Nh5, Bb2, Nf4, Bxg7, Kxg7, Nc1, Ng6, Nd3, f6, Raa1, a5, f4, gxf3] ...
gxf3 Gives us inValid move: No such move for piece found: []
8 ♖  .  .  .  .  ♖  .  .  
7 .  ♕  .  ♗  ♙  .  ♔  ♙  
6 .  .  .  ♙  .  ♙  ♘  .  
5 ♙  .  ♙  ♟  .  .  .  .  
4 ♟  .  ♝  .  ♟  ♟  ♙  .  
3 .  ♟  .  ♞  .  .  .  .  
2 .  .  ♛  .  .  .  ♟  ♟  
1 ♜  .  .  .  .  ♜  ♚  .  
  a  b  c  d  e  f  g  h

===== 6671 ===== 
[d4, d5, c4, c6, Nc3, Nf6, e3, e6, Nf3, Nbd7, Bd3, dxc4, Bxc4, b5, Bd3, Bb7, e4, b4, Na4, c5, e5, Nd5, O-O, cxd4, Re1, g6, Bg5, Qa5, Nd2, Rc8, Nc4, Rxc4, Bxc4, Bg7, Rc1, Nxe5, Rxe5, Bxe5, Qe2, Nc7, Bh6, Bd6, Bb3, Qf5, Rd1, Ke7, Rxd4, Rd8, Rd1, Nd5, g4, Nf4, gxf5, Nxe2+, Kf1, Ba6, Ke1, gxf5, Be3, Ng1, f4, Nf3+, Kf2, Nxh2, Bxa7, Ng4+, Ke1, h5, Nc5, Bc8, Bb6, Rh8, a4, bxa3] ...
bxa3 Gives us inValid move: No such move for piece found: []
8 .  .  ♗  .  .  .  .  ♖  
7 .  .  .  .  ♔  ♙  .  .  
6 .  ♝  .  ♗  ♙  .  .  .  
5 .  .  ♞  .  .  ♙  .  ♙  
4 ♟  ♙  .  .  .  ♟  ♘  .  
3 .  ♝  .  .  .  .  .  .  
2 .  ♟  .  .  .  .  .  .  
1 .  .  .  ♜  ♚  .  .  .  
  a  b  c  d  e  f  g  h

===== 6674 ===== 
[e4, c5, Nf3, d6, d4, cxd4, Nxd4, Nf6, Nc3, a6, Be3, e6, f3, b5, Qd2, b4, Na4, Nbd7, c4, bxc3] ...
bxc3 Gives us inValid move: No such move for piece found: []
8 ♖  .  ♗  ♕  ♔  ♗  .  ♖  
7 .  .  .  ♘  .  ♙  ♙  ♙  
6 ♙  .  .  ♙  ♙  ♘  .  .  
5 .  .  .  .  .  .  .  .  
4 ♞  ♙  ♟  ♞  ♟  .  .  .  
3 .  .  .  .  ♝  ♟  .  .  
2 ♟  ♟  .  ♛  .  .  ♟  ♟  
1 ♜  .  .  .  ♚  ♝  .  ♜  
  a  b  c  d  e  f  g  h

===== 6683 ===== 
[d4, Nf6, c4, e6, Nf3, d5, g3, dxc4, Bg2, Bb4+, Nbd2, b5, a4, c6, Qc2, Bb7, O-O, O-O, e4, Nbd7, e5, Nd5, Ne4, h6, Bd2, a5, b3, cxb3, Qxb3, bxa4, Rxa4, Ba6, Rc1, Bb5, Raa1, Be7, g4, Bb4, Bxb4, axb4, g5, Nf4, gxh6, gxh6, Rxa8, Qxa8, Qe3, Ne2+, Kh1, Qa3, Re1, Qxe3, fxe3, Ra8, Bf1, Nc3, Nfd2, Ra2, Bxb5, cxb5, Kg1, Kf8, Kf1, Ke7, Rc1, f5, exf6+] ...
exf6+ Gives us inValid move: No such move for piece found: [White pawn can only capture up diagonally]
8 .  .  .  .  .  .  .  .  
7 .  .  .  ♘  ♔  .  .  .  
6 .  .  .  .  ♙  .  .  ♙  
5 .  ♙  .  .  ♟  ♙  .  .  
4 .  ♙  .  ♟  ♞  .  .  .  
3 .  .  ♘  .  ♟  .  .  .  
2 ♖  .  .  ♞  .  .  .  ♟  
1 .  .  ♜  .  .  ♚  .  .  
  a  b  c  d  e  f  g  h

===== 6699 ===== 
[c4, Nf6, d4, c6, Bf4, d6, Nc3, Nbd7, Nf3, Qa5, Bd2, e5, e3, Qc7, Qc2, Be7, g4, Nxg4, Rg1, Nf8, h3, Nf6, Rxg7, Ng6, Ng5, Rf8, Nxh7, Nxh7, Rxh7, Bd7, O-O-O, O-O-O, Bd3, Nh4, Kb1, Nf3, Bc1, exd4, Ne2, dxe3, Bxe3, Kb8, Bf5, Ng5, Bxg5, Bxg5, Ng3, Bf4, Bxd7, Qxd7, Qf5, Qxf5+, Nxf5, Kc7, h4, Kd7, Re1, Rde8, Rxe8, Rxe8, Nd4, Ke7, Rh5, Be5, Nf3, Bf6, Rf5, Rh8, Rf4, Rh5, Kc2, Be5, Rg4, Ke6, a4, Kf5, Rg8, Kf4, Ne1, Rh7, b3, a5, Kd3, Bf6, Rb8, Bxh4, Ng2+, Kf3, Nxh4+, Rxh4, Rxb7, f5, Ra7, Kxf2, Rxa5, c5, Ra6, Rd4+, Kc3, f4, Ra8, f3, a5, Rd1, Kb2, Re1, a6, Re7, b4, cxb4, Kb3, Ke2, Kxb4, f2, Rf8, f1=Q, Rxf1] ...
Rxf1 Gives us inValid move: Path is blocked by another piece
8 .  .  .  .  .  ♜  .  .  
7 .  .  .  .  ♖  .  .  .  
6 ♟  .  .  ♙  .  .  .  .  
5 .  .  .  .  .  .  .  .  
4 .  ♚  ♟  .  .  .  .  .  
3 .  .  .  .  .  .  .  .  
2 .  .  .  .  ♔  ♙  .  .  
1 .  .  .  .  .  .  .  .  
  a  b  c  d  e  f  g  h

===== 6701 ===== 
[d4, Nf6, c4, e6, Nc3, Bb4, e3, O-O, Bd3, d5, cxd5, exd5, Ne2] ...
Ne2 Gives us inValid move: more than one valid move, The notation is disambiguous
8 ♖  ♘  ♗  ♕  .  ♖  ♔  .  
7 ♙  ♙  ♙  .  .  ♙  ♙  ♙  
6 .  .  .  .  .  ♘  .  .  
5 .  .  .  ♙  .  .  .  .  
4 .  ♗  .  ♟  .  .  .  .  
3 .  .  ♞  ♝  ♟  .  .  .  
2 ♟  ♟  .  .  .  ♟  ♟  ♟  
1 ♜  .  ♝  ♛  ♚  .  ♞  ♜  
  a  b  c  d  e  f  g  h

===== 6707 ===== 
[c4, c6, e4, d5, exd5, cxd5, cxd5, Nf6, Nc3, Nxd5, Nf3, Nxc3, bxc3, g6, d4, Bg7, Bd3, O-O, O-O, Nc6, Re1, b6, Bg5, Re8, Qd2, Bb7, h4, Rc8, h5, Na5, Re3, Nc4, Bxc4, Rxc4, Rae1, f6, Bf4, g5, Bg3, h6, Qe2, Bd5, Nd2, Ra4, c4, Bf7, d5, Rxa2, Qd3, e5, dxe6] ...
dxe6 Gives us inValid move: No such move for piece found: []
8 .  .  .  ♕  ♖  .  ♔  .  
7 ♙  .  .  .  .  ♗  ♗  .  
6 .  ♙  .  .  .  ♙  .  ♙  
5 .  .  .  ♟  ♙  .  ♙  ♟  
4 .  .  ♟  .  .  .  .  .  
3 .  .  .  ♛  ♜  .  ♝  .  
2 ♖  .  .  ♞  .  ♟  ♟  .  
1 .  .  .  .  ♜  .  ♚  .  
  a  b  c  d  e  f  g  h

===== 6712 ===== 
[e4, c5, Nf3, Nc6, d4, cxd4, Nxd4, Nf6, Nc3, e5, Ndb5, d6, Nd5, Nxd5, exd5, Nb8, c4, Be7, Be2, O-O, O-O, Nd7, Be3, a6, Nc3, f5, f3, Bg5, Bf2, Bh4, Be3, Bg5, Qd2, Bxe3+, Qxe3, a5, f4, Re8, Bd3, Nc5, Bc2, Bd7, Kh1, Qf6, fxe5, Rxe5, Qf2, Rae8, Rad1, g6, h3, Kg7, Qf4, g5, Qf2, f4, Bb1, a4, b4, axb3] ...
axb3 Gives us inValid move: No such move for piece found: []
8 .  .  .  .  ♖  .  .  .  
7 .  ♙  .  ♗  .  .  ♔  ♙  
6 .  .  .  ♙  .  ♕  .  .  
5 .  .  ♘  ♟  ♖  .  ♙  .  
4 ♙  ♟  ♟  .  .  ♙  .  .  
3 .  .  ♞  .  .  .  .  ♟  
2 ♟  .  .  .  .  ♛  ♟  .  
1 .  ♝  .  ♜  .  ♜  .  ♚  
  a  b  c  d  e  f  g  h

===== 6716 ===== 
[e4, e5, Nf3, d6, d4, exd4, Nxd4, Nf6, Nc3, Be7, g3, d5, e5, Ng4, Bg2, c6, f4, Nh6, O-O, Qc7, f5, Qxe5, Bxh6, O-O, Bf4, Qf6, g4, Bc5, Ne2] ...
Ne2 Gives us inValid move: more than one valid move, The notation is disambiguous
8 ♖  ♘  ♗  .  .  ♖  ♔  .  
7 ♙  ♙  .  .  .  ♙  ♙  ♙  
6 .  .  ♙  .  .  ♕  .  .  
5 .  .  ♗  ♙  .  ♟  .  .  
4 .  .  .  ♞  .  ♝  ♟  .  
3 .  .  ♞  .  .  .  .  .  
2 ♟  ♟  ♟  .  .  .  ♝  ♟  
1 ♜  .  .  ♛  .  ♜  ♚  .  
  a  b  c  d  e  f  g  h

===== 6726 ===== 
[e4, c5, Nf3, Nc6, d4, cxd4, Nxd4, Nf6, Nc3, e5, Ndb5, d6, Bg5, a6, Na3, b5, Nd5, Be7, Bxf6, Bxf6, c4, b4, Nc2, a5, Qf3, Bg5, h4, Bh6, g4, f6, Rg1, O-O, Qg3, g6, g5, fxg5, hxg5, Bg7, O-O-O, a4, c5, b3, axb3, axb3, Qxb3, Be6, Bh3, Bf7, Qb6, Qxb6, Nxb6, dxc5, Nxa8, Rxa8, Rg3, Nd4, Ra3, Rb8, Bg4, h5, gxh6] ...
gxh6 Gives us inValid move: No such move for piece found: []
8 .  ♖  .  .  .  .  ♔  .  
7 .  .  .  .  .  ♗  ♗  .  
6 .  .  .  .  .  .  ♙  .  
5 .  .  ♙  .  ♙  .  ♟  ♙  
4 .  .  .  ♘  ♟  .  ♝  .  
3 ♜  .  .  .  .  .  .  .  
2 .  ♟  ♞  .  .  ♟  .  .  
1 .  .  ♚  ♜  .  .  .  .  
  a  b  c  d  e  f  g  h

===== 6730 ===== 
[e4, c6, d4, d5, exd5, cxd5, Nf3, Nc6, Ne5, e6, c3, Nxe5, dxe5, Ne7, Nd2, Nc6, Nf3, Qc7, Bf4, Be7, Bg3, Bd7, Bd3, g5, Qe2, h5, h4, g4, Nd2, a6, a4, Bf8, O-O, Bg7, Rfe1, Qb6, b4, a5, b5, Ne7, c4, O-O, cxd5, exd5, Nb3, Rac8, Rad1, Nf5, Bxf5, Bxf5, Rxd5, Qe6, Qd2, b6, Re3, Rc2, Qd1, Rfc8, Kh2, Rb2, Rd8+, Kh7, Rxc8, Qxc8, Nd4, Qd7, Re1, Bg6, e6, Qxd4, Qxd4, Bxd4, e7, f6, e8=Q, Bxe8] ...
Bxe8 Gives us inValid move: can not move bishop
8 .  .  .  .  .  .  .  .  
7 .  .  .  .  ♟  .  .  ♔  
6 .  ♙  .  .  .  ♙  ♗  .  
5 ♙  ♟  .  .  .  .  .  ♙  
4 ♟  .  .  ♗  .  .  ♙  ♟  
3 .  .  .  .  .  .  ♝  .  
2 .  ♖  .  .  .  ♟  ♟  ♚  
1 .  .  .  .  ♜  .  .  .  
  a  b  c  d  e  f  g  h

===== 6731 ===== 
[d4, Nf6, c4, e6, Nc3, Bb4, Qc2, d5, a3, Bxc3+, Qxc3, c5, dxc5, d4, Qg3, Nc6, Nf3, e5, Nxe5, Qa5+, Kd1, Nxe5, Qxe5+, Be6, Bd2, Qa4+, Ke1, Rd8, c6, Qxc6, Qb5, Bxc4, Qxc6+, bxc6, Rc1, Bb5, Bb4, Kd7, Bc5, Ke6, f3, a5, Kf2, Rd5, e4, dxe3+] ...
dxe3+ Gives us inValid move: No such move for piece found: []
8 .  .  .  .  .  .  .  ♖  
7 .  .  .  .  .  ♙  ♙  ♙  
6 .  .  ♙  .  ♔  ♘  .  .  
5 ♙  ♗  ♝  ♖  .  .  .  .  
4 .  .  .  ♙  ♟  .  .  .  
3 ♟  .  .  .  .  ♟  .  .  
2 .  ♟  .  .  .  ♚  ♟  ♟  
1 .  .  ♜  .  .  ♝  .  ♜  
  a  b  c  d  e  f  g  h

===== 6736 ===== 
[e4, e5, Nf3, Nc6, Bb5, a6, Ba4, Nf6, d3, b5, Bb3, Be7, a4, Rb8, axb5, axb5, Nc3, O-O, Nd5, Nxd5, exd5, Nd4, Nxd4, exd4, O-O, d6, Bd2, Bd7, Ra5, Rb7, Re1, Bg5, Re4, Bf6, Qa1, Bf5, Re1, Be5, h3, Qh4, Qd1, Bd7, Qf3, Re8, Re4, Qd8, Qd1, h6, f4, Bf6, Rxe8+, Qxe8, Qe1, Qb8, Qa1, Qe8, Ra8, Rb8, Ra7, Rc8, Qe1, Qd8, Ba5, h5, Kh2, h4, Qb4, Be8, c4, dxc3] ...
dxc3 Gives us inValid move: No such move for piece found: [Black pawn can only capture down diagonally]
8 .  .  ♖  ♕  ♗  .  ♔  .  
7 ♜  .  ♙  .  .  ♙  ♙  .  
6 .  .  .  ♙  .  ♗  .  .  
5 ♝  ♙  .  ♟  .  .  .  .  
4 .  ♛  ♟  ♙  .  ♟  .  ♙  
3 .  ♝  .  ♟  .  .  .  ♟  
2 .  ♟  .  .  .  .  ♟  ♚  
1 .  .  .  .  .  .  .  .  
  a  b  c  d  e  f  g  h

===== 6740 ===== 
[d4, Nf6, Nf3, g6, Bg5, Bg7, Nbd2, d6, e4, O-O, c3, c5, dxc5, dxc5, Bc4, Nc6, O-O, Qc7, Qe2, h6, Bh4, Nh5, Rfe1, Bg4, Qe3, g5, Bg3, Nxg3, hxg3, b6, Nh2, Bh5, g4, Bg6, g3, Rad8, f4, Nd4, Rac1, b5, Bf1, gxf4, gxf4, Ne6, e5, f5, exf6] ...
exf6 Gives us inValid move: No such move for piece found: []
8 .  .  .  ♖  .  ♖  ♔  .  
7 ♙  .  ♕  .  ♙  .  ♗  .  
6 .  .  .  .  ♘  .  ♗  ♙  
5 .  ♙  ♙  .  ♟  ♙  .  .  
4 .  .  .  .  .  ♟  ♟  .  
3 .  .  ♟  .  ♛  .  .  .  
2 ♟  ♟  .  ♞  .  .  .  ♞  
1 .  .  ♜  .  ♜  ♝  ♚  .  
  a  b  c  d  e  f  g  h

===== 6775 ===== 
[e4, c5, Nf3, e6, c3, Nf6, e5, Nd5, d4, cxd4, cxd4, d6, Bc4, Nc6, O-O, Be7, Bd2, O-O, Nc3, dxe5, dxe5, Nxc3, Bxc3, b6, Qe2, Bb7, Bd3, Bb4, Bxh7+, Kxh7, Qe4+, Kg8, Bxb4, Nxb4, Qxb7, Qd5, Qxd5, Nxd5, Rfd1, Rac8, Rd2, Rc4, g3, Rfc8, Kg2, Kh7, h4, b5, Re1, Kg6, Ng5, Rc2, Ree2, Rxd2, Rxd2, b4, Kf3, a5, Ne4, a4, g4, Kh7, Nd6, Rc7, Rd4, Kg8, Rc4, Rxc4, Nxc4, a3, Nxa3, bxa3, bxa3, Kf8, h5, Ne7, a4, Nc6, Ke4, g5, hxg6] ...
hxg6 Gives us inValid move: No such move for piece found: []
8 .  .  .  .  .  ♔  .  .  
7 .  .  .  .  .  ♙  .  .  
6 .  .  ♘  .  ♙  .  .  .  
5 .  .  .  .  ♟  .  ♙  ♟  
4 ♟  .  .  .  ♚  .  ♟  .  
3 .  .  .  .  .  .  .  .  
2 ♟  .  .  .  .  ♟  .  .  
1 .  .  .  .  .  .  .  .  
  a  b  c  d  e  f  g  h

===== 6778 ===== 
[c4, Nf6, d4, e6, Nf3, d5, Nc3, c6, Bg5, h6, Bh4, dxc4, e4, g5, Bg3, b5, Be2, Bb7, O-O, Nbd7, Ne5, Bg7, b3, cxb3, axb3, O-O, Nxd7, Qxd7, e5, Nd5, Ne4, Qe7, Qc1, a5, Rd1, b4, Bh5, Rfd8, Nd6, f5, exf6] ...
exf6 Gives us inValid move: No such move for piece found: []
8 ♖  .  .  ♖  .  .  ♔  .  
7 .  ♗  .  .  ♕  .  ♗  .  
6 .  .  ♙  ♞  ♙  .  .  ♙  
5 ♙  .  .  ♘  ♟  ♙  ♙  ♝  
4 .  ♙  .  ♟  .  .  .  .  
3 .  ♟  .  .  .  .  ♝  .  
2 .  .  .  .  .  ♟  ♟  ♟  
1 ♜  .  ♛  ♜  .  .  ♚  .  
  a  b  c  d  e  f  g  h

===== 6782 ===== 
[d4, Nf6, c4, e6, Nf3, b6, g3, Bb7, Bg2, Be7, Nc3, O-O, Qc2, Na6, e4, d5, cxd5, Nb4, Qb1, Ba6, Bf1, Bxf1, Kxf1, exd5, e5, Ne4, Nxe4, dxe4, Qxe4, f5, exf6] ...
exf6 Gives us inValid move: No such move for piece found: []
8 ♖  .  .  ♕  .  ♖  ♔  .  
7 ♙  .  ♙  .  ♗  .  ♙  ♙  
6 .  ♙  .  .  .  .  .  .  
5 .  .  .  .  ♟  ♙  .  .  
4 .  ♘  .  ♟  ♛  .  .  .  
3 .  .  .  .  .  ♞  ♟  .  
2 ♟  ♟  .  .  .  ♟  .  ♟  
1 ♜  .  ♝  .  .  ♚  .  ♜  
  a  b  c  d  e  f  g  h

===== 6783 ===== 
[e4, c6, d4, d5, exd5, cxd5, Nf3, Nc6, Bb5, e6, O-O, Bd6, c4, Ne7] ...
Ne7 Gives us inValid move: more than one valid move, The notation is disambiguous
8 ♖  .  ♗  ♕  ♔  .  ♘  ♖  
7 ♙  ♙  .  .  .  ♙  ♙  ♙  
6 .  .  ♘  ♗  ♙  .  .  .  
5 .  ♝  .  ♙  .  .  .  .  
4 .  .  ♟  ♟  .  .  .  .  
3 .  .  .  .  .  ♞  .  .  
2 ♟  ♟  .  .  .  ♟  ♟  ♟  
1 ♜  ♞  ♝  ♛  .  ♜  ♚  .  
  a  b  c  d  e  f  g  h

===== 6785 ===== 
[e4, Nf6, e5, Nd5, d4, d6, Nf3, dxe5, Nxe5, c6, Be2, Nd7, Nf3, N7f6, O-O, Bf5, Nh4, Bg6, c4, Nb6, Nc3, e6, g3, Be7, Be3, Qc7, Nxg6, hxg6, Qb3, Rd8, Rfd1, O-O, Rac1, e5, d5, Nbd7, Bf3, Bc5, Bxc5, Nxc5, Qa3, b6, b4, e4, Be2, Nb7, Qxa7, Ra8, d6, Rxa7, dxc7, Rc8, c5, bxc5, b5, cxb5, Nxb5, Rxa2, Bf1, g5, Ra1, Rxa1, Rxa1, Nd8, cxd8=Q+, Rxd8] ...
Rxd8 Gives us inValid move: Knight can only move L shape   
8 .  .  ♖  ♘  .  .  ♔  .  
7 .  .  ♟  .  .  ♙  ♙  .  
6 .  .  .  .  .  ♘  .  .  
5 .  ♞  ♙  .  .  .  ♙  .  
4 .  .  .  .  ♙  .  .  .  
3 .  .  .  .  .  .  ♟  .  
2 .  .  .  .  .  ♟  .  ♟  
1 ♜  .  .  .  .  ♝  ♚  .  
  a  b  c  d  e  f  g  h

===== 6800 ===== 
[d4, Nf6, Nf3, g6, Bg5, Bg7, Nbd2, O-O, c3, h6, Bh4, d6, e4, c5, dxc5, dxc5, Bc4, Nc6, O-O, Nh5, Qe2, Qc7, Rfe1, Na5, Bb5, a6, Ba4, b5, Bc2, e5, Nf1, Nf4, Qd1, Nc4, Qb1, Bg4, Bd1, g5, Bg3, Rad8, h3, Bh5, Bxf4, exf4, Be2, Bxf3, Bxf3, Nd2, Nxd2, Rxd2, e5, Bxe5, Qf5, f6, Rad1, Rfd8, Qe6+, Kg7, Qxa6, b4, Rxd2, Rxd2, Rd1, bxc3, bxc3, Rxd1+, Bxd1, c4, Be2, Bxc3, Bxc4, Be5, Qe6, Qd8, Qf7+, Kh8, f3, Bd6, a4, Bb4, Kh2, Qf8, Qg6, Be1, Bd3, f5, a5, Bg3+, Kh1, Qg7, Qe8+, Qg8, Qe5+, Qg7, Qb8+, Qg8, Qb6, Qd5, Qxh6+, Kg8, Qxg5+, Kf7, Qxf5+, Qxf5, Bxf5, Bf2, g4, fxg3] ...
fxg3 Gives us inValid move: No such move for piece found: []
8 .  .  .  .  .  .  .  .  
7 .  .  .  .  .  ♔  .  .  
6 .  .  .  .  .  .  .  .  
5 ♟  .  .  .  .  ♝  .  .  
4 .  .  .  .  .  ♙  ♟  .  
3 .  .  .  .  .  ♟  .  ♟  
2 .  .  .  .  .  ♗  .  .  
1 .  .  .  .  .  .  .  ♚  
  a  b  c  d  e  f  g  h

===== 6860 ===== 
[e4, c5, c3, Nf6, e5, Nd5, Nf3, Nc6, Bc4, Nb6, Bb3, d5, exd6] ...
exd6 Gives us inValid move: No such move for piece found: []
8 ♖  .  ♗  ♕  ♔  ♗  .  ♖  
7 ♙  ♙  .  .  ♙  ♙  ♙  ♙  
6 .  ♘  ♘  .  .  .  .  .  
5 .  .  ♙  ♙  ♟  .  .  .  
4 .  .  .  .  .  .  .  .  
3 .  ♝  ♟  .  .  ♞  .  .  
2 ♟  ♟  .  ♟  .  ♟  ♟  ♟  
1 ♜  ♞  ♝  ♛  ♚  .  .  ♜  
  a  b  c  d  e  f  g  h

===== 6861 ===== 
[d4, d5, c4, c6, Nf3, Nf6, Nc3, a6, a4, e6, Bf4, dxc4, e3, Nd5, Bxc4, Nxf4, exf4, Be7, O-O, Nd7, a5, O-O, Re1, b5, axb6] ...
axb6 Gives us inValid move: No such move for piece found: []
8 ♖  .  ♗  ♕  .  ♖  ♔  .  
7 .  .  .  ♘  ♗  ♙  ♙  ♙  
6 ♙  .  ♙  .  ♙  .  .  .  
5 ♟  ♙  .  .  .  .  .  .  
4 .  .  ♝  ♟  .  ♟  .  .  
3 .  .  ♞  .  .  ♞  .  .  
2 .  ♟  .  .  .  ♟  ♟  ♟  
1 ♜  .  .  ♛  ♜  .  ♚  .  
  a  b  c  d  e  f  g  h

===== 6871 ===== 
[d4, d5, c4, c6, Nf3, Nf6, Nc3, a6, a4, e6, Bf4, a5, e3, Na6, Be2, Be7, O-O, Nb4, Qb3, O-O, Na2, Na6, h3, Ne4, Rac1, f5, Nc3, Nd6, Ne5, Nb4, Rfd1, Bd7, Na2, Nxa2, Qxa2, Be8, Qb3, Ra7, f3, Kh8, Kh1, Bf6, Qc3, Nf7, Nd3, g5, Bh2, Bg7, Nc5, Qe7, Qb3, Nd8, e4, f4, cxd5, exd5, Bf1, Bf7, Qb6, Ra8, Bg1, h5, Re1, Qd6, Bd3, g4, e5, Qe7, e6, Bxe6, Re2, gxf3, gxf3, Qh4, Rh2, Bf5, Bf2, Qe7, Bxf5, Rxf5, Re1, Qf7, Rg2, Bf8, Reg1, Bxc5, Qxc5, Ne6, Qd6, Rd8, Qa3, Kh7, Qd3, Kh6, Bh4, Rf8, Qe2, Nxd4, Qd3, c5, Bg5+, Kh7, Bxf4, Ne6, Be5, d4, f4, b6, Qe4, Kh6, Qc6, Kh7, Rg6, Re8, R6g2, d3, Qe4, c4, b3, d2, Rxd2, Nc5, Rg7+, Qxg7, Qxf5+, Qg6, Qxg6+, Kxg6, bxc4, Nxa4, Rd6+, Kf5, Kg2, Re6, Rd5, Ke4, Rd4+, Ke3, Rd5, Ke4, Rd4+, Kf5, Kf3, Rc6, Bd6, Nc5, Rd5+, Kg6, Bxc5, bxc5, Rg5+, Kh6, Rg2, a4, Ra2, Ra6, Ke4, Kg6, Kd5, Kf5, Kxc5, Kxf4, Kb5, Ra8, Rxa4, Rb8+, Kc6, h4, c5+, Kg3, Ra3+, Kg2, Kc7, Rg8, c6, Rg3, Rxg3+, hxg3, Kb7, Kh2, c7, g2, c8=Q, g1=Q, h4, Qb1+, Kc7] ...
Kc7 Gives us inValid move: Pawn can move diagonally only when capturing
8 .  .  .  .  .  .  .  .  
7 .  ♚  ♟  .  .  .  .  .  
6 .  .  .  .  .  .  .  .  
5 .  .  .  .  .  .  .  .  
4 .  .  .  .  .  .  .  ♟  
3 .  .  .  .  .  .  .  .  
2 .  .  .  .  .  .  .  ♔  
1 .  ♕  .  .  .  .  .  .  
  a  b  c  d  e  f  g  h

===== 6902 ===== 
[d4, Nf6, c4, e6, Nc3, Bb4, Nf3, b6, Bg5, Bb7, Nd2, h6, Bh4, Nc6, e3, Ne7, f3, Nf5, Bf2, c5, dxc5, Bxc5, e4, Ne3, Qb3, O-O, e5, Nh5, Nde4, Nf4, Nxc5, Nexg2+, Bxg2, Nxg2+, Kf1, Bxf3, N3e4, Ne3+, Qxe3, Bxh1, Kg1, Bxe4, Nxe4, d5, exd6] ...
exd6 Gives us inValid move: No such move for piece found: []
8 ♖  .  .  ♕  .  ♖  ♔  .  
7 ♙  .  .  .  .  ♙  ♙  .  
6 .  ♙  .  .  ♙  .  .  ♙  
5 .  .  .  ♙  ♟  .  .  .  
4 .  .  ♟  .  ♞  .  .  .  
3 .  .  .  .  ♛  .  .  .  
2 ♟  ♟  .  .  .  ♝  .  ♟  
1 ♜  .  .  .  .  .  ♚  .  
  a  b  c  d  e  f  g  h

===== 6909 ===== 
[e4, e5, Nf3, Nc6, Bb5, a6, Ba4, Nf6, O-O, Be7, Re1, b5, Bb3, d6, c3, O-O, h3, Nb8, d4, Nbd7, Nbd2, Bb7, Bc2, Re8, a4, Bf8, Bd3, c6, b3, Qc7, Bb2, g6, Qc2, Bg7, Bf1, Rac8, Rad1, bxa4, bxa4, d5, dxe5, Nxe4, Nxe4, dxe4, Ng5, Rxe5, Bc1, Re7, Rxe4, Ne5, f4, h6, fxe5, hxg5, e6, f5, Ree1, Bf6, Bc4, Kg7, Qd3, Qa5, h4, gxh4, Qe3, g5, Rd7, Re8] ...
Re8 Gives us inValid move: more than one valid move, The notation is disambiguous
8 .  .  ♖  .  .  .  .  .  
7 .  ♗  .  ♜  ♖  .  ♔  .  
6 ♙  .  ♙  .  ♟  ♗  .  .  
5 ♕  .  .  .  .  ♙  ♙  .  
4 ♟  .  ♝  .  .  .  .  ♙  
3 .  .  ♟  .  ♛  .  .  .  
2 .  .  .  .  .  .  ♟  .  
1 .  .  ♝  .  ♜  .  ♚  .  
  a  b  c  d  e  f  g  h

===== 6914 ===== 
[Nf3, Nf6, c4, e6, Nc3, d5, d4, Be7, Bf4, O-O, e3, Nbd7, c5, c6, Bd3, b6, b4, a5, a3, Ba6, O-O, Qc8, Qc2, Bxd3, Qxd3, Nh5, Be5, Qb7, Rfc1, Rfc8, h3, Nxe5, Nxe5, b5, Rcb1, Qc7, a4, axb4, axb5, bxc3, Nxc6, Nf6, Qxc3, Bf8, Rxa8, Rxa8, Ra1, Ne4, Qb2, Re8, Ne5, Nxc5, b6, Qb7, Qb5, Ra8, Rxa8, Qxa8, dxc5, Qa1+, Kh2, Qxe5+, g3, d4, b7, Qf5, Qb2, dxe3, fxe3, Qxc5, b8=Q, Qxe3, Qc7] ...
Qc7 Gives us inValid move: queen can not move
8 .  .  .  .  .  ♗  ♔  .  
7 .  ♟  .  .  .  ♙  ♙  ♙  
6 .  .  .  .  ♙  .  .  .  
5 .  .  .  .  .  .  .  .  
4 .  .  .  .  .  .  .  .  
3 .  .  .  .  ♕  .  ♟  ♟  
2 .  ♛  .  .  .  .  .  ♚  
1 .  .  .  .  .  .  .  .  
  a  b  c  d  e  f  g  h

===== 6925 ===== 
[c4, c6, g3, d5, Bg2, Nf6, Nf3, Bg4, Ne5, Be6, cxd5, Bxd5, Nf3, c5, Nc3, Bc6, O-O, e6, d3, Be7, a3, O-O, Qc2, Nbd7, Rd1, b5, b3, Qb6, Bb2, Rac8, Rac1, Rfd8, Qb1, c4, dxc4, bxc4, bxc4, Bc5, Rf1, Ng4, e3, Ndf6, Qc2, Bxe3, Rcd1, Nxf2, Rxf2, Ng4, Rf1] ...
Rf1 Gives us inValid move: more than one valid move, The notation is disambiguous
8 .  .  ♖  ♖  .  .  ♔  .  
7 ♙  .  .  .  .  ♙  ♙  ♙  
6 .  ♕  ♗  .  ♙  .  .  .  
5 .  .  .  .  .  .  .  .  
4 .  .  ♟  .  .  .  ♘  .  
3 ♟  .  ♞  .  ♗  ♞  ♟  .  
2 .  ♝  ♛  .  .  ♜  ♝  ♟  
1 .  .  .  ♜  .  .  ♚  .  
  a  b  c  d  e  f  g  h

===== 6933 ===== 
[e4, c5, Nf3, e6, g3, d5, exd5, exd5, d4, Nc6, Bg2, Bg4, O-O, Be7, dxc5, Bxc5, Qe1+, Be7, Ne5, Be6, c4, Nf6, Nc3, Rc8, cxd5, Nxd5, Bh6, Nxe5, Rd1, gxh6, Qxe5, Bf6, Qe2, Bxc3, Bxd5, Qe7, Qb5+, Qd7, Qb3, Rc5, Bxe6, Qxe6, Qa3, b6, bxc3, O-O, Qxa7, Rxc3, Rfe1, Qf6, Qa4, Rc5, Re4, Rf5, Rg4+, Kh8, Qb4, Rc8, Rc4, Re8, Re4, Rc8, Re2, Rfc5, Re4, Rf5, Rde1, Rg8, Re8, Rg5] ...
Rg5 Gives us inValid move: more than one valid move, The notation is disambiguous
8 .  .  .  .  ♜  .  ♖  ♔  
7 .  .  .  .  .  ♙  .  ♙  
6 .  ♙  .  .  .  ♕  .  ♙  
5 .  .  .  .  .  ♖  .  .  
4 .  ♛  .  .  .  .  .  .  
3 .  .  .  .  .  .  ♟  .  
2 ♟  .  .  .  .  ♟  .  ♟  
1 .  .  .  .  ♜  .  ♚  .  
  a  b  c  d  e  f  g  h

===== 6938 ===== 
[d4, d5, c4, c6, Nf3, Nf6, Nc3, e6, e3, Nbd7, Qc2, Bd6, b3, O-O, Be2, b6, Bb2, Qe7, O-O, Bb7, Rfe1, Rfe8, Rad1, Rad8, Bf1, Bb4, a3, Bxa3, Bxa3, Qxa3, cxd5, exd5, Ra1, Qd6, Rxa7, Qb8, Rea1, c5, b4, cxd4, Nxd4, Rc8, Qb3, Ne5, h3, g6, Be2, Re7, R7a2, Nc4, Rd1, Nxe3, fxe3, Rxe3, Rd3, Qg3, Nd1, Qe1+, Bf1, Rxd3, Qxd3, Qxb4, Qd2, Qd6, Nf3, Ne4, Qd4, Rc1, Rb2, Qc5, Ne3, Ba6, Rxb6, Qxd4, Nxd4, Bxf1, Nxf1, Nd2, Rf6, Rd1, Ne2, d4, Ng3] ...
Ng3 Gives us inValid move: more than one valid move, The notation is disambiguous
8 .  .  .  .  .  .  ♔  .  
7 .  .  .  .  .  ♙  .  ♙  
6 .  .  .  .  .  ♜  ♙  .  
5 .  .  .  .  .  .  .  .  
4 .  .  .  ♙  .  .  .  .  
3 .  .  .  .  .  .  .  ♟  
2 .  .  .  ♘  ♞  .  ♟  .  
1 .  .  .  ♖  .  ♞  ♚  .  
  a  b  c  d  e  f  g  h

===== 6937 ===== 
[d4, d5, c4, c6, Nf3, Nf6, e3, a6, Bd3, Bg4, Nbd2, Nbd7, Qc2, e6, O-O, dxc4, Bxc4, Be7, e4, O-O, Bd3, h6, h3, Bh5, e5, Nd5, g4, Nb4, Bh7+, Kh8, Qb1, f5, exf6] ...
exf6 Gives us inValid move: No such move for piece found: []
8 ♖  .  .  ♕  .  ♖  .  ♔  
7 .  ♙  .  ♘  ♗  .  ♙  ♝  
6 ♙  .  ♙  .  ♙  .  .  ♙  
5 .  .  .  .  ♟  ♙  .  ♗  
4 .  ♘  .  ♟  .  .  ♟  .  
3 .  .  .  .  .  ♞  .  ♟  
2 ♟  ♟  .  ♞  .  ♟  .  .  
1 ♜  ♛  ♝  .  .  ♜  ♚  .  
  a  b  c  d  e  f  g  h

===== 6940 ===== 
[e4, c5, Nf3, d6, d4, cxd4, Nxd4, Nf6, Nc3, g6, Bc4, Bg7, O-O, O-O, Re1, Bg4, f3, Bd7, Be3, Nc6, a4, Ne5, Bf1, Rc8, a5, a6, Nd5, Nxd5, exd5, Nc4, Bxc4, Rxc4, c3, Re8, Nc2, Ra4, Bb6, Rxa1, Qxa1, Qc8, Ne3, e5, dxe6] ...
dxe6 Gives us inValid move: No such move for piece found: []
8 .  .  ♕  .  ♖  .  ♔  .  
7 .  ♙  .  ♗  .  ♙  ♗  ♙  
6 ♙  ♝  .  ♙  .  .  ♙  .  
5 ♟  .  .  ♟  ♙  .  .  .  
4 .  .  .  .  .  .  .  .  
3 .  .  ♟  .  ♞  ♟  .  .  
2 .  ♟  .  .  .  .  ♟  ♟  
1 ♛  .  .  .  ♜  .  ♚  .  
  a  b  c  d  e  f  g  h

===== 6948 ===== 
[d4, Nf6, c4, g6, Nc3, d5, Qb3, dxc4, Qxc4, Be6, Qb5+, Bd7, Qb3, c5, dxc5, Bg7, e4, Nc6, Nf3, Qa5, Bc4, O-O, O-O, Qxc5, Be3, Qh5, Be2, Qa5, Rfd1, Rfd8, Nd5, Nxd5, exd5, Ne5, a4, Ng4, Bd4, Bxd4, Rxd4, Qb6, Qc3, Rac8, Bc4, e5, dxe6] ...
dxe6 Gives us inValid move: No such move for piece found: []
8 .  .  ♖  ♖  .  .  ♔  .  
7 ♙  ♙  .  ♗  .  ♙  .  ♙  
6 .  ♕  .  .  .  .  ♙  .  
5 .  .  .  ♟  ♙  .  .  .  
4 ♟  .  ♝  ♜  .  .  ♘  .  
3 .  .  ♛  .  .  ♞  .  .  
2 .  ♟  .  .  .  ♟  ♟  ♟  
1 ♜  .  .  .  .  .  ♚  .  
  a  b  c  d  e  f  g  h

===== 6952 ===== 
[e4, c5, Nf3, d6, d4, cxd4, Nxd4, Nf6, Nc3, g6, Be3, Bg7, f3, Nc6, Qd2, O-O, Bc4, Bd7, O-O-O, Rb8, Bb3, Na5, Bh6, Bxh6, Qxh6, b5, g4, Nxb3+, Nxb3, b4, Nd5, Nxd5, exd5, Rb6, Rhe1, e5, dxe6] ...
dxe6 Gives us inValid move: No such move for piece found: []
8 .  .  .  ♕  .  ♖  ♔  .  
7 ♙  .  .  ♗  .  ♙  .  ♙  
6 .  ♖  .  ♙  .  .  ♙  ♛  
5 .  .  .  ♟  ♙  .  .  .  
4 .  ♙  .  .  .  .  ♟  .  
3 .  ♞  .  .  .  ♟  .  .  
2 ♟  ♟  ♟  .  .  .  .  ♟  
1 .  .  ♚  ♜  ♜  .  .  .  
  a  b  c  d  e  f  g  h

===== 6958 ===== 
[d4, Nf6, c4, g6, f3, Nc6, Nc3, d5, cxd5, Nxd5, e4, Nxc3, bxc3, e5, Bb5, Bd7, Ne2, Bg7, Be3, O-O, d5, Na5, Bd3, b6, O-O, Nb7, c4, c5, dxc6] ...
dxc6 Gives us inValid move: No such move for piece found: []
8 ♖  .  .  ♕  .  ♖  ♔  .  
7 ♙  ♘  .  ♗  .  ♙  ♗  ♙  
6 .  ♙  .  .  .  .  ♙  .  
5 .  .  ♙  ♟  ♙  .  .  .  
4 .  .  ♟  .  ♟  .  .  .  
3 .  .  .  ♝  ♝  ♟  .  .  
2 ♟  .  .  .  ♞  .  ♟  ♟  
1 ♜  .  .  ♛  .  ♜  ♚  .  
  a  b  c  d  e  f  g  h

===== 6975 ===== 
[d4, Nf6, c4, e6, Nc3, Bb4, Qc2, O-O, e4, d6, Bd3, Nc6, Ne2] ...
Ne2 Gives us inValid move: more than one valid move, The notation is disambiguous
8 ♖  .  ♗  ♕  .  ♖  ♔  .  
7 ♙  ♙  ♙  .  .  ♙  ♙  ♙  
6 .  .  ♘  ♙  ♙  ♘  .  .  
5 .  .  .  .  .  .  .  .  
4 .  ♗  ♟  ♟  ♟  .  .  .  
3 .  .  ♞  ♝  .  .  .  .  
2 ♟  ♟  ♛  .  .  ♟  ♟  ♟  
1 ♜  .  ♝  .  ♚  .  ♞  ♜  
  a  b  c  d  e  f  g  h

===== 6984 ===== 
[d4, Nf6, c4, g6, Nc3, d5, Bf4, Bg7, e3, c5, dxc5, Qa5, Rc1, dxc4, Bxc4, O-O, Ne2] ...
Ne2 Gives us inValid move: more than one valid move, The notation is disambiguous
8 ♖  ♘  ♗  .  .  ♖  ♔  .  
7 ♙  ♙  .  .  ♙  ♙  ♗  ♙  
6 .  .  .  .  .  ♘  ♙  .  
5 ♕  .  ♟  .  .  .  .  .  
4 .  .  ♝  .  .  ♝  .  .  
3 .  .  ♞  .  ♟  .  .  .  
2 ♟  ♟  .  .  .  ♟  ♟  ♟  
1 .  .  ♜  ♛  ♚  .  ♞  ♜  
  a  b  c  d  e  f  g  h

===== 6998 ===== 
[e4, c5, Nf3, d6, d4, cxd4, Nxd4, Nf6, Nc3, g6, Be3, Bg7, f3, Nc6, Qd2, O-O, O-O-O, d5, exd5, Nxd5, Nxc6, bxc6, Bd4, Bxd4, Qxd4, Qb6, Na4, Qc7, Bc4, Rd8, Bb3, Bf5, g4, Nf4, Qe3, Be6, h4, Bxb3, axb3, Ng2, Rxd8+, Rxd8, Qe4, Qf4+, Qxf4, Nxf4, Nc3, h5, Re1, hxg4, fxg4, Ne6, Ne4, Kg7, b4, Rh8, Ng5, Nxg5, hxg5, e6, Re4, Rb8, Rc4, Rb5, Rxc6, Rxb4, c4, a5, Kb1, e5, Rc5, e4, Rxa5, Rxc4, Re5, e3, Rxe3, Rxg4, Re5, f5, gxf6+] ...
gxf6+ Gives us inValid move: No such move for piece found: []
8 .  .  .  .  .  .  .  .  
7 .  .  .  .  .  .  ♔  .  
6 .  .  .  .  .  .  ♙  .  
5 .  .  .  .  ♜  ♙  ♟  .  
4 .  .  .  .  .  .  ♖  .  
3 .  .  .  .  .  .  .  .  
2 .  ♟  .  .  .  .  .  .  
1 .  ♚  .  .  .  .  .  .  
  a  b  c  d  e  f  g  h

===== 7019 ===== 
[d4, Nf6, c4, g6, g3, Bg7, Bg2, d5, cxd5, Nxd5, e4, Nb6, Ne2, c5, d5, e6, O-O, O-O, Nbc3, Na6, Nf4, e5, Nd3, Nc4, Qe2, Qa5, a3, Bd7, Bg5, Rfc8, Be7, Qb6, d6, Be6, Nd5, Bxd5, d7, Be6, dxc8=Q+, Rxc8] ...
Rxc8 Gives us inValid move: Path is blocked by another piece
8 ♖  .  ♖  .  .  .  ♔  .  
7 ♙  ♙  .  ♟  ♝  ♙  ♗  ♙  
6 ♘  ♕  .  .  ♗  .  ♙  .  
5 .  .  ♙  .  ♙  .  .  .  
4 .  .  ♘  .  ♟  .  .  .  
3 ♟  .  .  ♞  .  .  ♟  .  
2 .  ♟  .  .  ♛  ♟  ♝  ♟  
1 ♜  .  .  .  .  ♜  ♚  .  
  a  b  c  d  e  f  g  h

===== 7040 ===== 
[e4, c5, Nf3, Nc6, Bb5, e6, c3, d5, Qe2, Ne7] ...
Ne7 Gives us inValid move: more than one valid move, The notation is disambiguous
8 ♖  .  ♗  ♕  ♔  ♗  ♘  ♖  
7 ♙  ♙  .  .  .  ♙  ♙  ♙  
6 .  .  ♘  .  ♙  .  .  .  
5 .  ♝  ♙  ♙  .  .  .  .  
4 .  .  .  .  ♟  .  .  .  
3 .  .  ♟  .  .  ♞  .  .  
2 ♟  ♟  .  ♟  ♛  ♟  ♟  ♟  
1 ♜  ♞  ♝  .  ♚  .  .  ♜  
  a  b  c  d  e  f  g  h

===== 7047 ===== 
[d4, Nf6, c4, e6, Nc3, Bb4, f3, c5, d5, O-O, a3, Bxc3+, bxc3, Re8, e4, d6, Ne2, Qa5, Bd2, Nbd7, Ng3, Nb6, Be2, Bd7, a4, h6, O-O, Nxa4, Bd3, a6, f4, exd5, cxd5, b5, Bc2, Qb6, Kh1, Nb2, Qf3, Nc4, Bc1, a5, Bd3, a4, h3, a3, Ra2, Ra4, Kh2, Qb7, Bxc4, bxc4, Rxa3, Rxa3, Bxa3, Ba4, Bc1, Bc2, e5, dxe5, fxe5, Rxe5, Bxh6, Qxd5, Qf2, Ne4, Qxc2, Nxg3, Rd1, Qe4, Qf2, Nf5, Bf4, Rd5, Re1, Qd3, Re8+, Kh7, Qe1, Qc2, Rf8, Rd1, Qe8, Nh6, Rh8+, Kg6, Qc6+, f6, Bxh6, gxh6, Qe8+, Kf5, Rxh6, Rd6, Rh5+, Kf4, Rh4+, Kf5, Qe3, Qd3, Qf4+, Ke6, Rh6, Qxc3, Qg4+, Kd5, Rh5+, Kc6, Qe4+, Kb6, Qe8, Qd4, Qb8+, Ka5, Rf5, c3, Rf1, c2, Qb3, Qe5+, Kh1, Rd1, Rxd1, cxd1=Q+, Qxd1] ...
Qxd1 Gives us inValid move: queen can not move
8 .  .  .  .  .  .  .  .  
7 .  .  .  .  .  .  .  .  
6 .  .  .  .  .  ♙  .  .  
5 ♔  .  ♙  .  ♕  .  .  .  
4 .  .  .  .  .  .  .  .  
3 .  ♛  .  .  .  .  .  ♟  
2 .  .  ♙  .  .  .  ♟  .  
1 .  .  .  ♜  .  .  .  ♚  
  a  b  c  d  e  f  g  h

===== 7057 ===== 
[d4, d5, c4, dxc4, e4, c5, d5, Nf6, Nc3, b5, Bf4, Qa5, a4, Nxe4, Ne2] ...
Ne2 Gives us inValid move: more than one valid move, The notation is disambiguous
8 ♖  ♘  ♗  .  ♔  ♗  .  ♖  
7 ♙  .  .  .  ♙  ♙  ♙  ♙  
6 .  .  .  .  .  .  .  .  
5 ♕  ♙  ♙  ♟  .  .  .  .  
4 ♟  .  ♙  .  ♘  ♝  .  .  
3 .  .  ♞  .  .  .  .  .  
2 .  ♟  .  .  .  ♟  ♟  ♟  
1 ♜  .  .  ♛  ♚  ♝  ♞  ♜  
  a  b  c  d  e  f  g  h

===== 7060 ===== 
[e4, c5, Nf3, e6, b3, a6, Bb2, d5, exd5, exd5, d4, Nf6, Be2, Nc6, O-O, cxd4, Nxd4, Bc5, Nxc6, bxc6, c4, O-O, cxd5, cxd5, Bf3, Be6, Nc3, Rc8, Rc1, d4, Ne2, d3, Bxf6, dxe2, Bxd8, exd1=Q, Rfxd1] ...
Rfxd1 Gives us inValid move: No such move for piece found: []
8 .  .  ♖  ♝  .  ♖  ♔  .  
7 .  .  .  .  .  ♙  ♙  ♙  
6 ♙  .  .  .  ♗  .  .  .  
5 .  .  ♗  .  .  .  .  .  
4 .  .  .  .  .  .  .  .  
3 .  ♟  .  .  .  ♝  .  .  
2 ♟  .  .  .  ♙  ♟  ♟  ♟  
1 .  .  ♜  ♛  .  ♜  ♚  .  
  a  b  c  d  e  f  g  h

===== 7063 ===== 
[d4, Nf6, c4, e6, Nc3, Bb4, Qc2, O-O, a3, Bxc3+, Qxc3, b6, Bg5, Bb7, Nf3, d6, Nd2, Nbd7, f3, h6, Bh4, c5, e4, Re8, Bd3, e5, d5, Nf8, Bf2, N6d7, Nf1, Ng6, g3, Qf6, Be2, Ne7, h4, Qg6, h5, Qg5, g4, Nc8, Bh4, Qf4, Ne3, g5, hxg6] ...
hxg6 Gives us inValid move: No such move for piece found: []
8 ♖  .  ♘  .  ♖  .  ♔  .  
7 ♙  ♗  .  ♘  .  ♙  .  .  
6 .  ♙  .  ♙  .  .  .  ♙  
5 .  .  ♙  ♟  ♙  .  ♙  ♟  
4 .  .  ♟  .  ♟  ♕  ♟  ♝  
3 ♟  .  ♛  .  ♞  ♟  .  .  
2 .  ♟  .  .  ♝  .  .  .  
1 ♜  .  .  .  ♚  .  .  ♜  
  a  b  c  d  e  f  g  h

===== 7074 ===== 
[c4, Nf6, Nc3, d5, cxd5, Nxd5, d4, g6, e4, Nxc3, bxc3, Bg7, Be3, O-O, Nf3, c5, Be2, Nc6, O-O, Bg4, d5, Bxf3, Bxf3, Ne5, Be2, Nd7, Rb1, b6, Qc2, Qc7, f4, Bh6, Rbd1, Rae8, Bb5, Rd8, Qe2, Nf6, Qf3, e5, dxe6] ...
dxe6 Gives us inValid move: No such move for piece found: []
8 .  .  .  ♖  .  ♖  ♔  .  
7 ♙  .  ♕  .  .  ♙  .  ♙  
6 .  ♙  .  .  .  ♘  ♙  ♗  
5 .  ♝  ♙  ♟  ♙  .  .  .  
4 .  .  .  .  ♟  ♟  .  .  
3 .  .  ♟  .  ♝  ♛  .  .  
2 ♟  .  .  .  .  .  ♟  ♟  
1 .  .  .  ♜  .  ♜  ♚  .  
  a  b  c  d  e  f  g  h

===== 7077 ===== 
[e4, e5, Nf3, Nc6, Bb5, Nf6, d3, Bc5, O-O, Nd4, Nxd4, Bxd4, c3, Bb6, Nd2, c6, Ba4, d6, Nc4, Bc7, Ne3, O-O, Qf3, d5, Bc2, Re8, Re1, h6, h3, a5, a4, Bb6, Nf5, Bxf5, Qxf5, dxe4, dxe4, Qe7, Bb3, Kf8, Bc4, Rad8, b3, Bc5, Ra2, Rd6, Qf3, Red8, g3, Nd7, Be3, Bxe3, Qxe3, Nf6, Qa7, Rd1, Re2] ...
Re2 Gives us inValid move: more than one valid move, The notation is disambiguous
8 .  .  .  ♖  .  ♔  .  .  
7 ♛  ♙  .  .  ♕  ♙  ♙  .  
6 .  .  ♙  .  .  ♘  .  ♙  
5 ♙  .  .  .  ♙  .  .  .  
4 ♟  .  ♝  .  ♟  .  .  .  
3 .  ♟  ♟  .  .  .  ♟  ♟  
2 ♜  .  .  .  .  ♟  .  .  
1 .  .  .  ♖  ♜  .  ♚  .  
  a  b  c  d  e  f  g  h

===== 7090 ===== 
[d4, f5, g3, Nf6, Bg2, g6, Nf3, Bg7, O-O, O-O, c4, d6, Nc3, c6, d5, e5, dxe6] ...
dxe6 Gives us inValid move: No such move for piece found: []
8 ♖  ♘  ♗  ♕  .  ♖  ♔  .  
7 ♙  ♙  .  .  .  .  ♗  ♙  
6 .  .  ♙  ♙  .  ♘  ♙  .  
5 .  .  .  ♟  ♙  ♙  .  .  
4 .  .  ♟  .  .  .  .  .  
3 .  .  ♞  .  .  ♞  ♟  .  
2 ♟  ♟  .  .  ♟  ♟  ♝  ♟  
1 ♜  .  ♝  ♛  .  ♜  ♚  .  
  a  b  c  d  e  f  g  h

===== 7094 ===== 
[d4, Nf6, c4, e6, Nc3, Bb4, e3, O-O, Ne2] ...
Ne2 Gives us inValid move: more than one valid move, The notation is disambiguous
8 ♖  ♘  ♗  ♕  .  ♖  ♔  .  
7 ♙  ♙  ♙  ♙  .  ♙  ♙  ♙  
6 .  .  .  .  ♙  ♘  .  .  
5 .  .  .  .  .  .  .  .  
4 .  ♗  ♟  ♟  .  .  .  .  
3 .  .  ♞  .  ♟  .  .  .  
2 ♟  ♟  .  .  .  ♟  ♟  ♟  
1 ♜  .  ♝  ♛  ♚  ♝  ♞  ♜  
  a  b  c  d  e  f  g  h

===== 7113 ===== 
[e4, e5, Nf3, Nc6, Nc3, Nf6, Bb5, Bd6, O-O, O-O, d3, Re8, Re1, a6, Bc4, Na5, a3, Nxc4, dxc4, h6, h3, Bc5, Be3, Bxe3, Rxe3, d6, Qd2, Be6, b3, Nd7, Rd1, Rf8, Qe2, b6, Ne1, Nc5, Nd3, Nxd3, cxd3, b5, d4, exd4, Rxd4, bxc4, bxc4, Qf6, Rd1, Rab8, Nd5, Bxd5, cxd5, Rb2, Qf3, Qxf3, Rxf3, Re2, Rd4, Rc2, Ra4, Ra8, g4, c5, dxc6] ...
dxc6 Gives us inValid move: No such move for piece found: []
8 ♖  .  .  .  .  .  ♔  .  
7 .  .  .  .  .  ♙  ♙  .  
6 ♙  .  .  ♙  .  .  .  ♙  
5 .  .  ♙  ♟  .  .  .  .  
4 ♜  .  .  .  ♟  .  ♟  .  
3 ♟  .  .  .  .  ♜  .  ♟  
2 .  .  ♖  .  .  ♟  .  .  
1 .  .  .  .  .  .  ♚  .  
  a  b  c  d  e  f  g  h

===== 7142 ===== 
[e4, c5, Nf3, d6, d4, cxd4, Nxd4, Nf6, Nc3, g6, Be3, Bg7, f3, O-O, Qd2, Nc6, Bc4, Bd7, Bb3, Nxd4, Bxd4, b5, a4, b4, Nd5, Nxd5, Bxg7, Kxg7, exd5, a5, h4, e5, dxe6] ...
dxe6 Gives us inValid move: No such move for piece found: []
8 ♖  .  .  ♕  .  ♖  .  .  
7 .  .  .  ♗  .  ♙  ♔  ♙  
6 .  .  .  ♙  .  .  ♙  .  
5 ♙  .  .  ♟  ♙  .  .  .  
4 ♟  ♙  .  .  .  .  .  ♟  
3 .  ♝  .  .  .  ♟  .  .  
2 .  ♟  ♟  ♛  .  .  ♟  .  
1 ♜  .  .  .  ♚  .  .  ♜  
  a  b  c  d  e  f  g  h

===== 7197 ===== 
[e4, d6, d4, Nf6, Nc3, g6, Be3, a6, a4, Bg7, h3, O-O, Nf3, Nc6, Be2, e5, d5, Ne7, a5, Ne8, h4, f5, h5, Nf6, hxg6, Nxg6, Ng5, Qe7, Qd3, fxe4, Ncxe4, Nxe4, Nxe4, Nf4, Bxf4, exf4, g4, fxg3] ...
fxg3 Gives us inValid move: No such move for piece found: []
8 ♖  .  ♗  .  .  ♖  ♔  .  
7 .  ♙  ♙  .  ♕  .  ♗  ♙  
6 ♙  .  .  ♙  .  .  .  .  
5 ♟  .  .  ♟  .  .  .  .  
4 .  .  .  .  ♞  ♙  ♟  .  
3 .  .  .  ♛  .  .  .  .  
2 .  ♟  ♟  .  ♝  ♟  .  .  
1 ♜  .  .  .  ♚  .  .  ♜  
  a  b  c  d  e  f  g  h

===== 7225 ===== 
[d4, d5, c4, Nc6, Nf3, Bg4, Nc3, e6, Bf4, Bd6, Bg3, Nf6, e3, O-O, a3, Ne7, Qb3, b6, Ne5, c5, Nxg4, Nxg4, Rd1, Bxg3, hxg3, Nf6, cxd5, exd5, Be2, Qd6, Qc2, h6, O-O, c4, b3, Qxa3, bxc4, dxc4, Bf3, Rab8, Ra1, Qd6, Nb5, Qd7, Qxc4, a5, e4, Rfc8, Qe2, Rc6, Rab1, Rd8, Rfd1, Rdc8, d5, Rc2, Qe3, R2c5, Nd4, Re8, Qd3, Qd6, Qa6, Rb8, Nb3, Rc2, Nd4, Rc5, Nb3, Rc2, Qd3, Rcc8, Nd2, Ng6, Be2, Qc5, Rb5, Qc3, f4, a4, e5, Nd7, Qxc3, Rxc3, Ne4, Rc7, Ra1, Ra7, d6, Ngf8, Nc3, Nc5, Nd5, Ra5, Rxb6, Rxb6, Nxb6, Nfe6, Bc4, Kf8, f5, Nd8, Rf1, Ncb7, Re1, a3, e6, fxe6, fxe6, Nxd6, e7+, Ke8, exd8=R+, Kxd8] ...
Kxd8 Gives us inValid move: Pawn can move diagonally only when capturing
8 .  .  .  ♘  ♔  .  .  .  
7 .  .  .  .  ♟  .  ♙  .  
6 .  ♞  .  ♘  .  .  .  ♙  
5 ♖  .  .  .  .  .  .  .  
4 .  .  ♝  .  .  .  .  .  
3 ♙  .  .  .  .  .  ♟  .  
2 .  .  .  .  .  .  ♟  .  
1 .  .  .  .  ♜  .  ♚  .  
  a  b  c  d  e  f  g  h

===== 7235 ===== 
[d4, d5, Nf3, Nc6, c4, Bg4, cxd5, Bxf3, gxf3, Qxd5, e3, e5, Nc3, Bb4, Bd2, Bxc3, bxc3, Nge7, c4, Qd6, d5, Nb8, Rb1, b6, Bb4, c5, dxc6] ...
dxc6 Gives us inValid move: No such move for piece found: []
8 ♖  ♘  .  .  ♔  .  .  ♖  
7 ♙  .  .  .  ♘  ♙  ♙  ♙  
6 .  ♙  .  ♕  .  .  .  .  
5 .  .  ♙  ♟  ♙  .  .  .  
4 .  ♝  ♟  .  .  .  .  .  
3 .  .  .  .  ♟  ♟  .  .  
2 ♟  .  .  .  .  ♟  .  ♟  
1 .  ♜  .  ♛  ♚  ♝  .  ♜  
  a  b  c  d  e  f  g  h

===== 7236 ===== 
[d4, Nf6, c4, e6, Nc3, Bb4, e3, O-O, Bd3, c5, Ne2] ...
Ne2 Gives us inValid move: more than one valid move, The notation is disambiguous
8 ♖  ♘  ♗  ♕  .  ♖  ♔  .  
7 ♙  ♙  .  ♙  .  ♙  ♙  ♙  
6 .  .  .  .  ♙  ♘  .  .  
5 .  .  ♙  .  .  .  .  .  
4 .  ♗  ♟  ♟  .  .  .  .  
3 .  .  ♞  ♝  ♟  .  .  .  
2 ♟  ♟  .  .  .  ♟  ♟  ♟  
1 ♜  .  ♝  ♛  ♚  .  ♞  ♜  
  a  b  c  d  e  f  g  h

===== 7246 ===== 
[e4, e6, d4, d5, Nc3, Nf6, e5, Nfd7, f4, c5, Nf3, Nc6, Be3, a6, Qd2, b5, dxc5, Bxc5, Bd3, Qb6, Bf2, b4, Na4, Bxf2+, Qxf2, Qxf2+, Kxf2, a5, Rac1, Ba6, Bxa6, Rxa6, c4, bxc3] ...
bxc3 Gives us inValid move: No such move for piece found: []
8 .  .  .  .  ♔  .  .  ♖  
7 .  .  .  ♘  .  ♙  ♙  ♙  
6 ♖  .  ♘  .  ♙  .  .  .  
5 ♙  .  .  ♙  ♟  .  .  .  
4 ♞  ♙  ♟  .  .  ♟  .  .  
3 .  .  .  .  .  ♞  .  .  
2 ♟  ♟  .  .  .  ♚  ♟  ♟  
1 .  .  ♜  .  .  .  .  ♜  
  a  b  c  d  e  f  g  h

===== 7253 ===== 
[e4, e5, Nf3, Nc6, Bb5, Nf6, Qe2, a6, Ba4, Be7, c3, d6, O-O, O-O, d4, Bd7, d5, Nb8, Bxd7, Nbxd7, c4, g6, Nc3, Nh5, Rb1, Ng7, b4, f5, Be3, Rb8, Rfd1, Qe8, a4, f4, Bd2, g5, h3, h5, Nh2, Qg6, f3, Ne8, Rdc1, Nef6, Kf1, Kf7, Ke1, g4, Kd1, gxh3, gxh3, Rg8, Kc2, Qg2, Rh1, Qxe2, Nxe2, Rg2, Kd3, Nb6, Rbg1, Rbg8, Rxg2, Rxg2, a5, Nxc4, Bc1, b5, axb6] ...
axb6 Gives us inValid move: No such move for piece found: []
8 .  .  .  .  .  .  .  .  
7 .  .  ♙  .  ♗  ♔  .  .  
6 ♙  .  .  ♙  .  ♘  .  .  
5 ♟  ♙  .  ♟  ♙  .  .  ♙  
4 .  ♟  ♘  .  ♟  ♙  .  .  
3 .  .  .  ♚  .  ♟  .  ♟  
2 .  .  .  .  ♞  .  ♖  ♞  
1 .  .  ♝  .  .  .  .  ♜  
  a  b  c  d  e  f  g  h

===== 7260 ===== 
[e4, c6, d4, d5, e5, Bf5, Nf3, e6, Be2, Ne7, O-O, c5, c4, Nbc6, dxc5, d4, Bd3, Bxd3, Qxd3, Ng6, Qe4, Bxc5, a3, a5, Nbd2, Bb6, Rb1, a4, b4, axb3] ...
axb3 Gives us inValid move: No such move for piece found: []
8 ♖  .  .  ♕  ♔  .  .  ♖  
7 .  ♙  .  .  .  ♙  ♙  ♙  
6 .  ♗  ♘  .  ♙  .  ♘  .  
5 .  .  .  .  ♟  .  .  .  
4 ♙  ♟  ♟  ♙  ♛  .  .  .  
3 ♟  .  .  .  .  ♞  .  .  
2 .  .  .  ♞  .  ♟  ♟  ♟  
1 .  ♜  ♝  .  .  ♜  ♚  .  
  a  b  c  d  e  f  g  h

===== 7268 ===== 
[Nf3, d5, d4, Nf6, c4, c6, Nc3, e6, e3, Nbd7, Bd3, dxc4, Bxc4, b5, Bd3, Bb7, O-O, a6, e4, c5, d5, c4, Bc2, Qc7, Nd4, e5, Nf5, g6, Nh6, Nh5, g3, Bc5, Qf3, Rf8, Bd2, Bd4, b4, cxb3] ...
cxb3 Gives us inValid move: No such move for piece found: []
8 ♖  .  .  .  ♔  ♖  .  .  
7 .  ♗  ♕  ♘  .  ♙  .  ♙  
6 ♙  .  .  .  .  .  ♙  ♞  
5 .  ♙  .  ♟  ♙  .  .  ♘  
4 .  ♟  ♙  ♗  ♟  .  .  .  
3 .  .  ♞  .  .  ♛  ♟  .  
2 ♟  .  ♝  ♝  .  ♟  .  ♟  
1 ♜  .  .  .  .  ♜  ♚  .  
  a  b  c  d  e  f  g  h

===== 7295 ===== 
[d4, d5, c4, c6, Nf3, Nf6, e3, Bf5, Nc3, e6, Nh4, Bg6, Nxg6, hxg6, Bd3, Nbd7, O-O, Bd6, h3, dxc4, Bxc4, Nb6, Bb3, e5, Qc2, Qe7, Bd2, O-O-O, d5, e4, dxc6, Qe5, f4, exf3] ...
exf3 Gives us inValid move: No such move for piece found: []
8 .  .  ♔  ♖  .  .  .  ♖  
7 ♙  ♙  .  .  .  ♙  ♙  .  
6 .  ♘  ♟  ♗  .  ♘  ♙  .  
5 .  .  .  .  ♕  .  .  .  
4 .  .  .  .  ♙  ♟  .  .  
3 .  ♝  ♞  .  ♟  .  .  ♟  
2 ♟  ♟  ♛  ♝  .  .  ♟  .  
1 ♜  .  .  .  .  ♜  ♚  .  
  a  b  c  d  e  f  g  h

===== 7304 ===== 
[d4, Nf6, c4, e6, Nf3, b6, g3, Ba6, Qc2, Bb4+, Bd2, Be7, Bg2, c6, O-O, d5, Ne5, Nfd7, cxd5, cxd5, Bf4, Nxe5, dxe5, O-O, Rd1, Bb7, Nd2, Nc6, Nf3, g5, Be3, g4, Nd4, Nxe5, Bh6, Re8, e4, Bc5, Nb3, Rc8, Nxc5, Rxc5, Qa4, Bc6, Qd4, Qf6, Bf4, dxe4, Bxe4, Nf3+, Bxf3, Qxd4, Rxd4, Bxf3, Rd7, Rd5, Rxd5, exd5, Be3, Re4, Re1, d4, Bd2, Rxe1+, Bxe1, Be2, f4, gxf3] ...
gxf3 Gives us inValid move: No such move for piece found: []
8 .  .  .  .  .  .  ♔  .  
7 ♙  .  .  .  .  ♙  .  ♙  
6 .  ♙  .  .  .  .  .  .  
5 .  .  .  .  .  .  .  .  
4 .  .  .  ♙  .  ♟  ♙  .  
3 .  .  .  .  .  .  ♟  .  
2 ♟  ♟  .  .  ♗  .  .  ♟  
1 .  .  .  .  ♝  .  ♚  .  
  a  b  c  d  e  f  g  h

===== 7305 ===== 
[e4, e5, Nf3, Nc6, Bb5, Nf6, d3, Bc5, c3, O-O, O-O, Re8, Bg5, h6, Bh4, Bf8, Nbd2, d6, d4, exd4, Nxd4, Bd7, Nxc6, bxc6, Bd3, Be7, f4, Qb8, Bxf6, Bxf6, e5, dxe5, Ne4, Qxb2, f5, Red8, Bc4, Be8, Qh5, Rd6, Rab1, Qc2, Qg4, Kf8, h3, Rad8, Kh2, Qa4, Rb4, Qa3, Rb7, R6d7, Qf3, Qa4, Qe2, Re7, Nxf6, gxf6, Qe3, Red7, Qc5+, Rd6, Rxc7, Qc2, Rc8, Rd7] ...
Rd7 Gives us inValid move: more than one valid move, The notation is disambiguous
8 .  .  ♜  ♖  ♗  ♔  .  .  
7 ♙  .  .  .  .  ♙  .  .  
6 .  .  ♙  ♖  .  ♙  .  ♙  
5 .  .  ♛  .  ♙  ♟  .  .  
4 .  .  ♝  .  .  .  .  .  
3 .  .  ♟  .  .  .  .  ♟  
2 ♟  .  ♕  .  .  .  ♟  ♚  
1 .  .  .  .  .  ♜  .  .  
  a  b  c  d  e  f  g  h

===== 7322 ===== 
[e4, c5, Nf3, d6, Bb5+, Nd7, c3, Nf6] ...
Nf6 Gives us inValid move: more than one valid move, The notation is disambiguous
8 ♖  .  ♗  ♕  ♔  ♗  ♘  ♖  
7 ♙  ♙  .  ♘  ♙  ♙  ♙  ♙  
6 .  .  .  ♙  .  .  .  .  
5 .  ♝  ♙  .  .  .  .  .  
4 .  .  .  .  ♟  .  .  .  
3 .  .  ♟  .  .  ♞  .  .  
2 ♟  ♟  .  ♟  .  ♟  ♟  ♟  
1 ♜  ♞  ♝  ♛  ♚  .  .  ♜  
  a  b  c  d  e  f  g  h

===== 7333 ===== 
[Nf3, Nf6, c4, g6, Nc3, Bg7, e4, d6, d4, O-O, Be2, e5, Be3, exd4, Nxd4, Re8, f3, c6, Bf2, d5, exd5, cxd5, O-O, Nc6, c5, Re5, a3, Qf8, b4, Bd7, Nxc6, bxc6, Bd4, Re6, Bd3, Nh5, Bc2, Rae8, Qd2, Bxd4+, Qxd4, Qh6, f4, Re3, f5, Qg5, b5, R8e5, b6, Qd8, Rab1, axb6, cxb6, Ng7, b7, Qb8, Na4, Bxf5, Nc5, Ne6, Qxe5, Rxe5, Nd7, Qa7+, Kh1, Kg7, b8=Q, Qxb8] ...
Qxb8 Gives us inValid move: Pawn can move diagonally only when capturing
8 .  .  .  .  .  .  .  .  
7 ♕  ♟  .  ♞  .  ♙  ♔  ♙  
6 .  .  ♙  .  ♘  .  ♙  .  
5 .  .  .  ♙  ♖  ♗  .  .  
4 .  .  .  .  .  .  .  .  
3 ♟  .  .  .  .  .  .  .  
2 .  .  ♝  .  .  .  ♟  ♟  
1 .  ♜  .  .  .  ♜  .  ♚  
  a  b  c  d  e  f  g  h

===== 7337 ===== 
[d4, Nf6, c4, e6, Nc3, Bb4, Qc2, d5, cxd5, exd5, Bg5, h6, Bh4, c5, dxc5, g5, Bg3, Ne4, e3, Qa5, Rc1, Nd7, Ne2] ...
Ne2 Gives us inValid move: more than one valid move, The notation is disambiguous
8 ♖  .  ♗  .  ♔  .  .  ♖  
7 ♙  ♙  .  ♘  .  ♙  .  .  
6 .  .  .  .  .  .  .  ♙  
5 ♕  .  ♟  ♙  .  .  ♙  .  
4 .  ♗  .  .  ♘  .  .  .  
3 .  .  ♞  .  ♟  .  ♝  .  
2 ♟  ♟  ♛  .  .  ♟  ♟  ♟  
1 .  .  ♜  .  ♚  ♝  ♞  ♜  
  a  b  c  d  e  f  g  h

===== 7340 ===== 
[e4, e5, Nf3, Nc6, Bb5, Nf6, O-O, Nxe4, d4, Nd6, Bxc6, dxc6, dxe5, Nf5, Qxd8+, Kxd8, Nc3, Ke8, b3, Be6, Bb2, Bb4, Ne2, Bd5, Ne1, h5, Nd3, Be7, Nef4, Rh6, c4, Be4, Rad1, g5, Rfe1, Bxd3, Nxd3, b5, c5, Ng7, b4, a5, a3, Ne6, g3, g4, Kg2, Rg6, Nf4, Rg5, Bc1, Rf5, h3, gxh3+, Nxh3, axb4, axb4, Ra4, Bd2, Ra3, f4, h4, Re3, Rxe3, Bxe3, hxg3, Kxg3, Rh5, Bf2, f5, exf6] ...
exf6 Gives us inValid move: No such move for piece found: []
8 .  .  .  .  ♔  .  .  .  
7 .  .  ♙  .  ♗  .  .  .  
6 .  .  ♙  .  ♘  .  .  .  
5 .  ♙  ♟  .  ♟  ♙  .  ♖  
4 .  ♟  .  .  .  ♟  .  .  
3 .  .  .  .  .  .  ♚  ♞  
2 .  .  .  .  .  ♝  .  .  
1 .  .  .  ♜  .  .  .  .  
  a  b  c  d  e  f  g  h

===== 7366 ===== 
[e4, c5, Nf3, g6, c4, Nc6, d4, cxd4, Nxd4, Nf6, Nc3, Nxd4, Qxd4, d6, Bg5, Bg7, Qd2, O-O, Bd3, a5, O-O, a4, Rfe1, Bd7, Rab1, Re8, h3, Qa5, b4, axb3] ...
axb3 Gives us inValid move: No such move for piece found: []
8 ♖  .  .  .  ♖  .  ♔  .  
7 .  ♙  .  ♗  ♙  ♙  ♗  ♙  
6 .  .  .  ♙  .  ♘  ♙  .  
5 ♕  .  .  .  .  .  ♝  .  
4 ♙  ♟  ♟  .  ♟  .  .  .  
3 .  .  ♞  ♝  .  .  .  ♟  
2 ♟  .  .  ♛  .  ♟  ♟  .  
1 .  ♜  .  .  ♜  .  ♚  .  
  a  b  c  d  e  f  g  h

===== 7378 ===== 
[c4, e6, Nf3, d5, g3, dxc4, Bg2, c6, O-O, b5, a4, Bb7, b3, cxb3, Qxb3, b4, Bb2, Nf6, Ne5, a5, d3, Be7, Nd2, O-O, Rac1, Nd5, e4, Nb6, f4, N8d7, f5, Nc5, Rxc5, Bxc5+, Kh1, exf5, Rxf5, Qe7, Ng4, Bc8, Nf6+, gxf6, Bxf6, Bxf5, Bxe7, Be6, Qd1, Bxe7, e5, Nd5, Qh5, f5, exf6] ...
exf6 Gives us inValid move: No such move for piece found: []
8 ♖  .  .  .  .  ♖  ♔  .  
7 .  .  .  .  ♗  .  .  ♙  
6 .  .  ♙  .  ♗  .  .  .  
5 ♙  .  .  ♘  ♟  ♙  .  ♛  
4 ♟  ♙  .  .  .  .  .  .  
3 .  .  .  ♟  .  .  ♟  .  
2 .  .  .  ♞  .  .  ♝  ♟  
1 .  .  .  .  .  .  .  ♚  
  a  b  c  d  e  f  g  h

===== 7403 ===== 
[e4, e6, d4, d5, Nc3, Bb4, e5, c5, a3, Bxc3+, bxc3, Ne7, Nf3, Nbc6, Bd3, Bd7, O-O, Qc7, Re1, Na5, Ng5, Ng6, Re3, c4, Be2, Nc6, Bh5, Nce7, Qg4, Ba4, Ra2, Nf5, Re1, O-O-O, Nf3, Kb8, h4, Rdf8, Qh3, Nge7, Qh2, h6, Bg4, g5, h5, Ng7, Nd2, f5, exf6] ...
exf6 Gives us inValid move: No such move for piece found: []
8 .  ♔  .  .  .  ♖  .  ♖  
7 ♙  ♙  ♕  .  ♘  .  ♘  .  
6 .  .  .  .  ♙  .  .  ♙  
5 .  .  .  ♙  ♟  ♙  ♙  ♟  
4 ♗  .  ♙  ♟  .  .  ♝  .  
3 ♟  .  ♟  .  .  .  .  .  
2 ♜  .  ♟  ♞  .  ♟  ♟  ♛  
1 .  .  ♝  .  ♜  .  ♚  .  
  a  b  c  d  e  f  g  h

===== 7402 ===== 
[e4, d6, d4, Nf6, Nc3, e5, dxe5, dxe5, Qxd8+, Kxd8, Nf3, Bd6, Bg5, Be6, O-O-O, Nd7] ...
Nd7 Gives us inValid move: more than one valid move, The notation is disambiguous
8 ♖  ♘  .  ♔  .  .  .  ♖  
7 ♙  ♙  ♙  .  .  ♙  ♙  ♙  
6 .  .  .  ♗  ♗  ♘  .  .  
5 .  .  .  .  ♙  .  ♝  .  
4 .  .  .  .  ♟  .  .  .  
3 .  .  ♞  .  .  ♞  .  .  
2 ♟  ♟  ♟  .  .  ♟  ♟  ♟  
1 .  .  ♚  ♜  .  ♝  .  ♜  
  a  b  c  d  e  f  g  h

===== 7406 ===== 
[e4, e6, d4, d5, Nc3, Bb4, exd5, exd5, Bd3, Nf6, Ne2] ...
Ne2 Gives us inValid move: more than one valid move, The notation is disambiguous
8 ♖  ♘  ♗  ♕  ♔  .  .  ♖  
7 ♙  ♙  ♙  .  .  ♙  ♙  ♙  
6 .  .  .  .  .  ♘  .  .  
5 .  .  .  ♙  .  .  .  .  
4 .  ♗  .  ♟  .  .  .  .  
3 .  .  ♞  ♝  .  .  .  .  
2 ♟  ♟  ♟  .  .  ♟  ♟  ♟  
1 ♜  .  ♝  ♛  ♚  .  ♞  ♜  
  a  b  c  d  e  f  g  h

===== 7407 ===== 
[e4, e6, d4, d5, Nc3, Bb4, e5, Ne7, a3, Bxc3+, bxc3, c5, Qg4, O-O, Bd3, f5, exf6] ...
exf6 Gives us inValid move: No such move for piece found: []
8 ♖  ♘  ♗  ♕  .  ♖  ♔  .  
7 ♙  ♙  .  .  ♘  .  ♙  ♙  
6 .  .  .  .  ♙  .  .  .  
5 .  .  ♙  ♙  ♟  ♙  .  .  
4 .  .  .  ♟  .  .  ♛  .  
3 ♟  .  ♟  ♝  .  .  .  .  
2 .  .  ♟  .  .  ♟  ♟  ♟  
1 ♜  .  ♝  .  ♚  .  ♞  ♜  
  a  b  c  d  e  f  g  h

===== 7430 ===== 
[c4, g6, e4, e5, Nc3, Bg7, g3, d6, Nge2, c5, d3, Nc6, Bg2, Nge7, a3, Nd4, b4, Bg4, h3, Bxe2, Nxe2, Nxe2, Qxe2, Nc6, Rb1, b6, O-O, O-O, Be3, Rc8, Qd2, Rc7, Kh1, Kh8, Rb2, f5, Rbb1, Nd4, Bxd4, cxd4, exf5, gxf5, Bd5, Qe8, b5, Re7, Rbe1, e4, f4, exf3] ...
exf3 Gives us inValid move: No such move for piece found: []
8 .  .  .  .  ♕  ♖  .  ♔  
7 ♙  .  .  .  ♖  .  ♗  ♙  
6 .  ♙  .  ♙  .  .  .  .  
5 .  ♟  .  ♝  .  ♙  .  .  
4 .  .  ♟  ♙  ♙  ♟  .  .  
3 ♟  .  .  ♟  .  .  ♟  ♟  
2 .  .  .  ♛  .  .  .  .  
1 .  .  .  .  ♜  ♜  .  ♚  
  a  b  c  d  e  f  g  h

===== 7435 ===== 
[e4, e5, Nf3, Nc6, Bb5, Nf6, O-O, Nxe4, Re1, Nd6, Nxe5, Be7, Bf1, Nxe5, Rxe5, O-O, d4, Ne8, d5, d6, Re1, Bg5, Nc3, Bxc1, Rxc1, Nf6, Qd4, Bd7, Ne4, Re8, Nxf6+, Qxf6, Qxf6, gxf6, Red1, a5, f3, Kg7, Kf2, a4, Rd4, Ra5, Rcd1, Rc5, R1d2, Ra8, Rc4, b6, b4, axb3] ...
axb3 Gives us inValid move: No such move for piece found: []
8 ♖  .  .  .  .  .  .  .  
7 .  .  ♙  ♗  .  ♙  ♔  ♙  
6 .  ♙  .  ♙  .  ♙  .  .  
5 .  .  ♖  ♟  .  .  .  .  
4 ♙  ♟  ♜  .  .  .  .  .  
3 .  .  .  .  .  ♟  .  .  
2 ♟  .  ♟  ♜  .  ♚  ♟  ♟  
1 .  .  .  .  .  ♝  .  .  
  a  b  c  d  e  f  g  h

===== 7439 ===== 
[d4, Nf6, c4, g6, f3, d6, e4, e5, d5, Nh5, Be3, Bg7, Nc3, O-O, Qd2, f5, O-O-O, f4, Bf2, Bf6, Qe1, Nd7, Kb1, Be7, g3, c5, dxc6] ...
dxc6 Gives us inValid move: No such move for piece found: []
8 ♖  .  ♗  ♕  .  ♖  ♔  .  
7 ♙  ♙  .  ♘  ♗  .  .  ♙  
6 .  .  .  ♙  .  .  ♙  .  
5 .  .  ♙  ♟  ♙  .  .  ♘  
4 .  .  ♟  .  ♟  ♙  .  .  
3 .  .  ♞  .  .  ♟  ♟  .  
2 ♟  ♟  .  .  .  ♝  .  ♟  
1 .  ♚  .  ♜  ♛  ♝  ♞  ♜  
  a  b  c  d  e  f  g  h

===== 7461 ===== 
[g3, g6, Bg2, Bg7, Nf3, e5, O-O, c5, c4, Nc6, Nc3, Nge7, a3, O-O, b4, cxb4, axb4, e4, Ng5, f5, b5, Ne5, Qb3, h6, d4, exd3] ...
exd3 Gives us inValid move: No such move for piece found: []
8 ♖  .  ♗  ♕  .  ♖  ♔  .  
7 ♙  ♙  .  ♙  ♘  .  ♗  .  
6 .  .  .  .  .  .  ♙  ♙  
5 .  ♟  .  .  ♘  ♙  ♞  .  
4 .  .  ♟  ♟  ♙  .  .  .  
3 .  ♛  ♞  .  .  .  ♟  .  
2 .  .  .  .  ♟  ♟  ♝  ♟  
1 ♜  .  ♝  .  .  ♜  ♚  .  
  a  b  c  d  e  f  g  h

===== 7485 ===== 
[d4, Nf6, c4, e6, Nc3, Bb4, e3, O-O, Ne2] ...
Ne2 Gives us inValid move: more than one valid move, The notation is disambiguous
8 ♖  ♘  ♗  ♕  .  ♖  ♔  .  
7 ♙  ♙  ♙  ♙  .  ♙  ♙  ♙  
6 .  .  .  .  ♙  ♘  .  .  
5 .  .  .  .  .  .  .  .  
4 .  ♗  ♟  ♟  .  .  .  .  
3 .  .  ♞  .  ♟  .  .  .  
2 ♟  ♟  .  .  .  ♟  ♟  ♟  
1 ♜  .  ♝  ♛  ♚  ♝  ♞  ♜  
  a  b  c  d  e  f  g  h

===== 7489 ===== 
[e4, c6, d4, d5, Nc3, dxe4, Nxe4, Nd7, c3, Ngf6, Nxf6+, Nxf6, Bd3, Qd5, f3, Bf5, Ne2, Bxd3, Nf4, Qg5, Qxd3, Nd5, g3, e6, Qe2, Nxf4, Bxf4, Qd5, Be5, f6, Bf4, O-O-O, O-O, Bd6, Be3, e5, dxe5, Qxe5, Qf2, a6, Rfe1, Qf5, Bb6, Bc7, Bxc7, Kxc7, Re7+, Rd7, Rae1, Rd8] ...
Rd8 Gives us inValid move: more than one valid move, The notation is disambiguous
8 .  .  .  .  .  .  .  ♖  
7 .  ♙  ♔  ♖  ♜  .  ♙  ♙  
6 ♙  .  ♙  .  .  ♙  .  .  
5 .  .  .  .  .  ♕  .  .  
4 .  .  .  .  .  .  .  .  
3 .  .  ♟  .  .  ♟  ♟  .  
2 ♟  ♟  .  .  .  ♛  .  ♟  
1 .  .  .  .  ♜  .  ♚  .  
  a  b  c  d  e  f  g  h

===== 7491 ===== 
[d4, d5, c4, c6, e3, Bf5, cxd5, cxd5, Qb3, Qc7, Bb5+, Nd7, Nc3, e6, Nf3, Nf6] ...
Nf6 Gives us inValid move: more than one valid move, The notation is disambiguous
8 ♖  .  .  .  ♔  ♗  ♘  ♖  
7 ♙  ♙  ♕  ♘  .  ♙  ♙  ♙  
6 .  .  .  .  ♙  .  .  .  
5 .  ♝  .  ♙  .  ♗  .  .  
4 .  .  .  ♟  .  .  .  .  
3 .  ♛  ♞  .  ♟  ♞  .  .  
2 ♟  ♟  .  .  .  ♟  ♟  ♟  
1 ♜  .  ♝  .  ♚  .  .  ♜  
  a  b  c  d  e  f  g  h

===== 7538 ===== 
[c4, e5, Nc3, Nf6, Nf3, Nc6, g3, d5, cxd5, Nxd5, Bg2, Nb6, a3, Be7, O-O, O-O, b4, Re8, d3, Bf8, Be3, a5, Bxb6, cxb6, b5, Nd4, Nxd4, exd4, Na4, Re5, Qc2, Rxb5, Rfb1, Bd7, Bxb7, Rb8, Rxb5, Bxb5, Be4, Bd7, Nb2, Rc8, Qd1, b5, a4, bxa4, Nc4, Bb4, f4, g6, Rxa4, Bxa4, Qxa4, Qe8, Qb3, Kg7, Qa2, a4, Ne5, f6, Nc4, Bf8, f5, a3, Kg2, gxf5, Bxf5, Rb8, e4, dxe3] ...
dxe3 Gives us inValid move: No such move for piece found: []
8 .  ♖  .  .  ♕  ♗  .  .  
7 .  .  .  .  .  .  ♔  ♙  
6 .  .  .  .  .  ♙  .  .  
5 .  .  .  .  .  ♝  .  .  
4 .  .  ♞  ♙  ♟  .  .  .  
3 ♙  .  .  ♟  .  .  ♟  .  
2 ♛  .  .  .  .  .  ♚  ♟  
1 .  .  .  .  .  .  .  .  
  a  b  c  d  e  f  g  h

===== 7552 ===== 
[d4, Nf6, Nf3, g6, g3, Bg7, Bg2, c5, c3, d5, dxc5, O-O, O-O, a5, Be3, Nc6, Na3, a4, Qc1, e5, Rd1, Qe7, Nb5, Be6, Ng5, Bg4, Nd6, h6, Nf3, Kh7, h3, Be6, b4, axb3] ...
axb3 Gives us inValid move: No such move for piece found: []
8 ♖  .  .  .  .  ♖  .  .  
7 .  ♙  .  .  ♕  ♙  ♗  ♔  
6 .  .  ♘  ♞  ♗  ♘  ♙  ♙  
5 .  .  ♟  ♙  ♙  .  .  .  
4 ♙  ♟  .  .  .  .  .  .  
3 .  .  ♟  .  ♝  ♞  ♟  ♟  
2 ♟  .  .  .  ♟  ♟  ♝  .  
1 ♜  .  ♛  ♜  .  .  ♚  .  
  a  b  c  d  e  f  g  h

===== 7557 ===== 
[d4, Nf6, c4, e6, Nf3, d5, Nc3, Nbd7, Bf4, Bb4, cxd5, exd5, e3, Ne4, Qc2, g5, Be5, Nxe5, Nxe5, Bxc3+, bxc3, f6, Nf3, Bf5, Bd3, Qd7, O-O, Nd6, Nd2, O-O-O, c4, Bxd3, Qxd3, dxc4, Nxc4, Nxc4, Qxc4, Rhe8, Rab1, Re6, Rb5, Rc6, Qb3, Rb6, a4, Kb8, Rc1, f5, Rcc5, Rxb5, axb5, b6, Re5, h6, h3, f4, Qc2, fxe3, fxe3, Re8, Qe4, Rxe5, Qxe5, a5, bxa6] ...
bxa6 Gives us inValid move: No such move for piece found: []
8 .  ♔  .  .  .  .  .  .  
7 .  .  ♙  ♕  .  .  .  .  
6 .  ♙  .  .  .  .  .  ♙  
5 ♙  ♟  .  .  ♛  .  ♙  .  
4 .  .  .  ♟  .  .  .  .  
3 .  .  .  .  ♟  .  .  ♟  
2 .  .  .  .  .  .  ♟  .  
1 .  .  .  .  .  .  ♚  .  
  a  b  c  d  e  f  g  h

===== 7573 ===== 
[e4, e6, d4, d5, Nd2, c5, exd5, exd5, Bb5+, Nc6, Ngf3, cxd4, O-O, Bd6, Re1+, Ne7] ...
Ne7 Gives us inValid move: more than one valid move, The notation is disambiguous
8 ♖  .  ♗  ♕  ♔  .  ♘  ♖  
7 ♙  ♙  .  .  .  ♙  ♙  ♙  
6 .  .  ♘  ♗  .  .  .  .  
5 .  ♝  .  ♙  .  .  .  .  
4 .  .  .  ♙  .  .  .  .  
3 .  .  .  .  .  ♞  .  .  
2 ♟  ♟  ♟  ♞  .  ♟  ♟  ♟  
1 ♜  .  ♝  ♛  ♜  .  ♚  .  
  a  b  c  d  e  f  g  h

===== 7579 ===== 
[e4, c5, Nf3, d6, Bb5+, Nd7, c3, Nf6] ...
Nf6 Gives us inValid move: more than one valid move, The notation is disambiguous
8 ♖  .  ♗  ♕  ♔  ♗  ♘  ♖  
7 ♙  ♙  .  ♘  ♙  ♙  ♙  ♙  
6 .  .  .  ♙  .  .  .  .  
5 .  ♝  ♙  .  .  .  .  .  
4 .  .  .  .  ♟  .  .  .  
3 .  .  ♟  .  .  ♞  .  .  
2 ♟  ♟  .  ♟  .  ♟  ♟  ♟  
1 ♜  ♞  ♝  ♛  ♚  .  .  ♜  
  a  b  c  d  e  f  g  h

===== 7585 ===== 
[d4, Nf6, c4, e6, Nf3, d5, Nc3, Bb4, Bg5, h6, Bxf6, Qxf6, e3, O-O, Rc1, dxc4, Bxc4, c5, O-O, cxd4, Ne4, Qf5, Ng3, Qa5, exd4, Nc6, Qe2, Bd7, a3, Bd6, Ne4, Bf4, Rc3, Rad8, Rd1, b5, Bd3, b4, Rc5, Qb6, g3, Bb8, Qe3, f5, Rb5, f4, Qc1, Qc7, Rc5, fxg3, Ne5, gxf2+, Nxf2, Qd6, Rxc6, Bxc6, Qxc6, bxa3, bxa3, Rf4, Bc4, g5, Bxe6+, Kg7, Rb1, Rxd4, Rb7+, Kf6, Qf3+, Kxe6, Qf7+, Kxe5, Re7+, Qxe7, Qxe7+, Kf5, Qh7+, Kf6, Qxh6+, Kf5, Qh7+, Kf6, Ne4+, Ke5, Qe7+, Kf5, Nf2, Bf4, Qxa7, Kg6, Qb6+, R8d6, Qb1+, Kg7, Qb7+, Rd7, Qf3, Rf7, Qc3, Bxh2+, Kxh2, Rxf2+, Kg3, Rf4] ...
Rf4 Gives us inValid move: more than one valid move, The notation is disambiguous
8 .  .  .  .  .  .  .  .  
7 .  .  .  .  .  .  ♔  .  
6 .  .  .  .  .  .  .  .  
5 .  .  .  .  .  .  ♙  .  
4 .  .  .  ♖  .  .  .  .  
3 ♟  .  ♛  .  .  .  ♚  .  
2 .  .  .  .  .  ♖  .  .  
1 .  .  .  .  .  .  .  .  
  a  b  c  d  e  f  g  h

===== 7592 ===== 
[d4, Nf6, c4, c5, Nf3, cxd4, Nxd4, Nc6, Nc3, g6, g3, d6, Bg2, Bd7, Nxc6, Bxc6, e4, Bg7, O-O, O-O, Be3, a5, Qe2, Nd7, Rfd1, a4, Rac1, Qa5, Nd5, Bxd5, Rxd5, Qa6, h4, Rfc8, Rb5, Rc7, h5, Rac8, h6, Bh8, b4, axb3] ...
axb3 Gives us inValid move: No such move for piece found: []
8 .  .  ♖  .  .  .  ♔  ♗  
7 .  ♙  ♖  ♘  ♙  ♙  .  ♙  
6 ♕  .  .  ♙  .  .  ♙  ♟  
5 .  ♜  .  .  .  .  .  .  
4 ♙  ♟  ♟  .  ♟  .  .  .  
3 .  .  .  .  ♝  .  ♟  .  
2 ♟  .  .  .  ♛  ♟  ♝  .  
1 .  .  ♜  .  .  .  ♚  .  
  a  b  c  d  e  f  g  h

===== 7591 ===== 
[e4, c5, Nf3, d6, Bb5+, Nd7, O-O, Nf6] ...
Nf6 Gives us inValid move: more than one valid move, The notation is disambiguous
8 ♖  .  ♗  ♕  ♔  ♗  ♘  ♖  
7 ♙  ♙  .  ♘  ♙  ♙  ♙  ♙  
6 .  .  .  ♙  .  .  .  .  
5 .  ♝  ♙  .  .  .  .  .  
4 .  .  .  .  ♟  .  .  .  
3 .  .  .  .  .  ♞  .  .  
2 ♟  ♟  ♟  ♟  .  ♟  ♟  ♟  
1 ♜  ♞  ♝  ♛  .  ♜  ♚  .  
  a  b  c  d  e  f  g  h

===== 7600 ===== 
[Nf3, Nf6, g3, d5, Bg2, Bg4, c4, c6, O-O, e6, d3, Bd6, h3, Bh5, Qb3, Qe7, Bg5, Na6, Nbd2, Nc5, Qc2, Ncd7, e4, Bxf3, Bxf3, d4, Bg2, h6, Bxf6, Nxf6, Rac1, Nd7, f4, e5, f5, a5, Kh2, a4, h4, Kd8, Bh3, Kc7, Nf3, Bc5, Kg2, Nf6, Nh2, g5, fxg6] ...
fxg6 Gives us inValid move: No such move for piece found: []
8 ♖  .  .  .  .  .  .  ♖  
7 .  ♙  ♔  .  ♕  ♙  .  .  
6 .  .  ♙  .  .  ♘  .  ♙  
5 .  .  ♗  .  ♙  ♟  ♙  .  
4 ♙  .  ♟  ♙  ♟  .  .  ♟  
3 .  .  .  ♟  .  .  ♟  ♝  
2 ♟  ♟  ♛  .  .  .  ♚  ♞  
1 .  .  ♜  .  .  ♜  .  .  
  a  b  c  d  e  f  g  h

===== 7628 ===== 
[d4, Nf6, c4, e6, Nf3, d5, Nc3, Be7, Bg5, h6, Bh4, O-O, e3, Ne4, Bxe7, Qxe7, Rc1, c6, Qc2, Nxc3, Qxc3, Nd7, Be2, dxc4, Qxc4, e5, O-O, exd4, Nxd4, Nf6, b4, Bd7, Rfd1, Rfe8, Qc5, g6, a4, Qxc5, bxc5, a5, Nb3, Re5, Rd4, Kf8, Kf1, Ke7, Bc4, g5, h3, b5, cxb6] ...
cxb6 Gives us inValid move: No such move for piece found: []
8 ♖  .  .  .  .  .  .  .  
7 .  .  .  ♗  ♔  ♙  .  .  
6 .  .  ♙  .  .  ♘  .  ♙  
5 ♙  ♙  ♟  .  ♖  .  ♙  .  
4 ♟  .  ♝  ♜  .  .  .  .  
3 .  ♞  .  .  ♟  .  .  ♟  
2 .  .  .  .  .  ♟  ♟  .  
1 .  .  ♜  .  .  ♚  .  .  
  a  b  c  d  e  f  g  h

===== 7637 ===== 
[d4, Nf6, c4, g6, Nc3, d5, Nf3, Bg7, Qb3, dxc4, Qxc4, O-O, e4, Na6, Be2, c5, d5, e6, O-O, exd5, exd5, Re8, Bg5, h6, Be3, Bf5, Rad1, Ne4, Nxe4, Bxe4, Qc1, Qf6, Bxh6, Qxb2, Qxb2, Bxb2, Ng5, Bd4, Nxe4, Rxe4, Bf3, Re7, d6, Rd7, Bf4, Nb4, Rd2, Re8, Rc1, Re6, h4, Be5, Bxe5, Rxe5, Bxb7, Rxb7, d7, Nc6, d8=Q+, Nxd8] ...
Nxd8 Gives us inValid move: Pawn can move diagonally only when capturing
8 .  .  .  .  .  .  ♔  .  
7 ♙  ♖  .  ♟  .  ♙  .  .  
6 .  .  ♘  .  .  .  ♙  .  
5 .  .  ♙  .  ♖  .  .  .  
4 .  .  .  .  .  .  .  ♟  
3 .  .  .  .  .  .  .  .  
2 ♟  .  .  ♜  .  ♟  ♟  .  
1 .  .  ♜  .  .  .  ♚  .  
  a  b  c  d  e  f  g  h

===== 7641 ===== 
[d4, Nf6, Bg5, c5, d5, Ne4, Bc1, e6, c4, b5, cxb5, Qa5+, Nd2, exd5, e3, a6, bxa6, Nxa6, Nf3] ...
Nf3 Gives us inValid move: more than one valid move, The notation is disambiguous
8 ♖  .  ♗  .  ♔  ♗  .  ♖  
7 .  .  .  ♙  .  ♙  ♙  ♙  
6 ♘  .  .  .  .  .  .  .  
5 ♕  .  ♙  ♙  .  .  .  .  
4 .  .  .  .  ♘  .  .  .  
3 .  .  .  .  ♟  .  .  .  
2 ♟  ♟  .  ♞  .  ♟  ♟  ♟  
1 ♜  .  ♝  ♛  ♚  ♝  ♞  ♜  
  a  b  c  d  e  f  g  h

===== 7644 ===== 
[d4, Nf6, c4, e6, Nc3, Bb4, e3, c5, Ne2] ...
Ne2 Gives us inValid move: more than one valid move, The notation is disambiguous
8 ♖  ♘  ♗  ♕  ♔  .  .  ♖  
7 ♙  ♙  .  ♙  .  ♙  ♙  ♙  
6 .  .  .  .  ♙  ♘  .  .  
5 .  .  ♙  .  .  .  .  .  
4 .  ♗  ♟  ♟  .  .  .  .  
3 .  .  ♞  .  ♟  .  .  .  
2 ♟  ♟  .  .  .  ♟  ♟  ♟  
1 ♜  .  ♝  ♛  ♚  ♝  ♞  ♜  
  a  b  c  d  e  f  g  h

===== 7651 ===== 
[c4, Nf6, Nc3, e6, d4, Bb4, e3, O-O, Ne2] ...
Ne2 Gives us inValid move: more than one valid move, The notation is disambiguous
8 ♖  ♘  ♗  ♕  .  ♖  ♔  .  
7 ♙  ♙  ♙  ♙  .  ♙  ♙  ♙  
6 .  .  .  .  ♙  ♘  .  .  
5 .  .  .  .  .  .  .  .  
4 .  ♗  ♟  ♟  .  .  .  .  
3 .  .  ♞  .  ♟  .  .  .  
2 ♟  ♟  .  .  .  ♟  ♟  ♟  
1 ♜  .  ♝  ♛  ♚  ♝  ♞  ♜  
  a  b  c  d  e  f  g  h

===== 7664 ===== 
[c4, e5, Nc3, Nf6, Nf3, Nc6, g3, Bb4, Nd5, Bc5, Bg2, d6, O-O, O-O, d3, Nxd5, cxd5, Nd4, Nxd4, exd4, Bd2, a5, e4, dxe3] ...
dxe3 Gives us inValid move: No such move for piece found: [Black pawn can only capture down diagonally]
8 ♖  .  ♗  ♕  .  ♖  ♔  .  
7 .  ♙  ♙  .  .  ♙  ♙  ♙  
6 .  .  .  ♙  .  .  .  .  
5 ♙  .  ♗  ♟  .  .  .  .  
4 .  .  .  ♙  ♟  .  .  .  
3 .  .  .  ♟  .  .  ♟  .  
2 ♟  ♟  .  ♝  .  ♟  ♝  ♟  
1 ♜  .  .  ♛  .  ♜  ♚  .  
  a  b  c  d  e  f  g  h

===== 7667 ===== 
[d4, f5, g3, Nf6, Bg2, e6, c4, c6, Nf3, d5, O-O, Bd6, b3, Qe7, Ne5, O-O, Nd2, a5, Bb2, Nbd7, Qc2, a4, Ndf3, Ne4, e3, a3, Bc3, Nxe5, Nxe5, Bd7, Nxd7, Qxd7, c5, Bc7, b4, h5, Be1, e5, dxe5, Bxe5, Rd1, Qe6, f3, Nf6, Bh3, g6, e4, dxe4, fxe4, Bb2, exf5, Qxa2, Bf2, g5, Rfe1, Qf7, Re6, Ng4, Bxg4, hxg4, Rg6+, Kh7, Rd7, Qxd7, f6, Qd1+, Qxd1, Kxg6, Qd3+, Kh6, h4, gxh3] ...
gxh3 Gives us inValid move: No such move for piece found: [Black pawn can only capture down diagonally]
8 ♖  .  .  .  .  ♖  .  .  
7 .  ♙  .  .  .  .  .  .  
6 .  .  ♙  .  .  ♟  .  ♔  
5 .  .  ♟  .  .  .  ♙  .  
4 .  ♟  .  .  .  .  ♙  ♟  
3 ♙  .  .  ♛  .  .  ♟  .  
2 .  ♗  .  .  .  ♝  .  .  
1 .  .  .  .  .  .  ♚  .  
  a  b  c  d  e  f  g  h

===== 7691 ===== 
[d4, d5, c4, e6, Nc3, c6, e3, Nf6, b3, Bb4, Bb2, Qa5, Qc1, Ne4, Ne2] ...
Ne2 Gives us inValid move: more than one valid move, The notation is disambiguous
8 ♖  ♘  ♗  .  ♔  .  .  ♖  
7 ♙  ♙  .  .  .  ♙  ♙  ♙  
6 .  .  ♙  .  ♙  .  .  .  
5 ♕  .  .  ♙  .  .  .  .  
4 .  ♗  ♟  ♟  ♘  .  .  .  
3 .  ♟  ♞  .  ♟  .  .  .  
2 ♟  ♝  .  .  .  ♟  ♟  ♟  
1 ♜  .  ♛  .  ♚  ♝  ♞  ♜  
  a  b  c  d  e  f  g  h

===== 7695 ===== 
[e4, c5, Nf3, d6, Bb5+, Nd7, c3, Nf6] ...
Nf6 Gives us inValid move: more than one valid move, The notation is disambiguous
8 ♖  .  ♗  ♕  ♔  ♗  ♘  ♖  
7 ♙  ♙  .  ♘  ♙  ♙  ♙  ♙  
6 .  .  .  ♙  .  .  .  .  
5 .  ♝  ♙  .  .  .  .  .  
4 .  .  .  .  ♟  .  .  .  
3 .  .  ♟  .  .  ♞  .  .  
2 ♟  ♟  .  ♟  .  ♟  ♟  ♟  
1 ♜  ♞  ♝  ♛  ♚  .  .  ♜  
  a  b  c  d  e  f  g  h

===== 7701 ===== 
[e4, c5, Nf3, d6, Bb5+, Nd7, O-O, Nf6] ...
Nf6 Gives us inValid move: more than one valid move, The notation is disambiguous
8 ♖  .  ♗  ♕  ♔  ♗  ♘  ♖  
7 ♙  ♙  .  ♘  ♙  ♙  ♙  ♙  
6 .  .  .  ♙  .  .  .  .  
5 .  ♝  ♙  .  .  .  .  .  
4 .  .  .  .  ♟  .  .  .  
3 .  .  .  .  .  ♞  .  .  
2 ♟  ♟  ♟  ♟  .  ♟  ♟  ♟  
1 ♜  ♞  ♝  ♛  .  ♜  ♚  .  
  a  b  c  d  e  f  g  h

===== 7713 ===== 
[d4, Nf6, c4, e6, Nf3, d5, Nc3, Bb4, cxd5, Nxd5, Bd2, O-O, e4, Nxc3, bxc3, Be7, Bd3, c5, O-O, Nd7, e5, f5, exf6] ...
exf6 Gives us inValid move: No such move for piece found: []
8 ♖  .  ♗  ♕  .  ♖  ♔  .  
7 ♙  ♙  .  ♘  ♗  .  ♙  ♙  
6 .  .  .  .  ♙  .  .  .  
5 .  .  ♙  .  ♟  ♙  .  .  
4 .  .  .  ♟  .  .  .  .  
3 .  .  ♟  ♝  .  ♞  .  .  
2 ♟  .  .  ♝  .  ♟  ♟  ♟  
1 ♜  .  .  ♛  .  ♜  ♚  .  
  a  b  c  d  e  f  g  h

===== 7742 ===== 
[Nf3, d5, g3, g6, c4, c6, Qa4, Nd7, cxd5, cxd5, Bg2, Bg7, Nc3, Nf6] ...
Nf6 Gives us inValid move: more than one valid move, The notation is disambiguous
8 ♖  .  ♗  ♕  ♔  .  ♘  ♖  
7 ♙  ♙  .  ♘  ♙  ♙  ♗  ♙  
6 .  .  .  .  .  .  ♙  .  
5 .  .  .  ♙  .  .  .  .  
4 ♛  .  .  .  .  .  .  .  
3 .  .  ♞  .  .  ♞  ♟  .  
2 ♟  ♟  .  ♟  ♟  ♟  ♝  ♟  
1 ♜  .  ♝  .  ♚  .  .  ♜  
  a  b  c  d  e  f  g  h

===== 7758 ===== 
[e4, e5, Nf3, Nc6, Bb5, a6, Bxc6, dxc6, O-O, Bd6, d4, exd4, Qxd4, f6, Nbd2, Be6, b3, Qe7, Nc4, Bc5, Qd3, Qd7, Qxd7+, Bxd7, Be3, Be7, Nd4, O-O-O, Rad1, Re8, f3, Bf8, Bf2, Nh6, Ne3, Nf7, Ne2, g6, Nf4, Bg7, a4, Re7, Nd3, Kb8, Nc4, Bc8, a5, Rhe8, Nc5, f5, Bd4, Bxd4+, Rxd4, Ka7, exf5, Bxf5, Ne4, c5, Rd2, Bxe4, fxe4, Nd8, e5, Nc6, Rd5, Nxe5, Rxc5, Nc6, Rd5, b5, axb6+] ...
axb6+ Gives us inValid move: No such move for piece found: []
8 .  .  .  .  ♖  .  .  .  
7 ♔  .  ♙  .  ♖  .  .  ♙  
6 ♙  .  ♘  .  .  .  ♙  .  
5 ♟  ♙  .  ♜  .  .  .  .  
4 .  .  ♞  .  .  .  .  .  
3 .  ♟  .  .  .  .  .  .  
2 .  .  ♟  .  .  .  ♟  ♟  
1 .  .  .  .  .  ♜  ♚  .  
  a  b  c  d  e  f  g  h

===== 7766 ===== 
[e4, c5, Nf3, d6, Bb5+, Bd7, Bxd7+, Qxd7, c4, Nf6, Nc3, g6, d4, cxd4, Nxd4, Bg7, f3, O-O, Be3, Nc6, Rc1, Nxd4, Bxd4, Rfc8, b3, Nh5, O-O, Bxd4+, Qxd4, Nf6, Rfe1, Rc7, Rcd1, Qc6, Nb5, Rd7, Nxa7, Qc5, Qxc5, dxc5, Nb5, Rxa2, e5, Rxd1, Rxd1, Nh5, g3, Rb2, Rd8+, Kg7, Re8, Rb1+, Kg2, Rb2+, Kg1, Rb1+, Kg2, Rb2+, Kh3, e6, Re7, Rxb3, Kg4, Kf8, Rxb7, h6, Rc7, f5+, exf6] ...
exf6 Gives us inValid move: No such move for piece found: []
8 .  .  .  .  .  ♔  .  .  
7 .  .  ♜  .  .  .  .  .  
6 .  .  .  .  ♙  .  ♙  ♙  
5 .  ♞  ♙  .  ♟  ♙  .  ♘  
4 .  .  ♟  .  .  .  ♚  .  
3 .  ♖  .  .  .  ♟  ♟  .  
2 .  .  .  .  .  .  .  ♟  
1 .  .  .  .  .  .  .  .  
  a  b  c  d  e  f  g  h

===== 7771 ===== 
[e4, c5, b3, g6, Bb2, Nf6, e5, Nd5, e6, f6, exd7+, Qxd7, Nc3, Nc6, Bb5, Nc7, Bxc6, Qxc6, Qf3, Bd7, O-O-O, e5, Qxc6, Bxc6, f3, Ne6, Nge2, Be7, Rhf1, b5, Rde1, Kf7, Nd1, a5, Ne3, Bd6, Nc3, h5, a4, b4, Ne4, Bc7, Nc4, h4, g4, hxg3] ...
hxg3 Gives us inValid move: No such move for piece found: []
8 ♖  .  .  .  .  .  .  ♖  
7 .  .  ♗  .  .  ♔  .  .  
6 .  .  ♗  .  ♘  ♙  ♙  .  
5 ♙  .  ♙  .  ♙  .  .  .  
4 ♟  ♙  ♞  .  ♞  .  ♟  ♙  
3 .  ♟  .  .  .  ♟  .  .  
2 .  ♝  ♟  ♟  .  .  .  ♟  
1 .  .  ♚  .  ♜  ♜  .  .  
  a  b  c  d  e  f  g  h

===== 7770 ===== 
[c4, Nf6, Nf3, g6, g3, Bg7, Bg2, O-O, O-O, d6, Nc3, Nc6, d4, Bf5, Bg5, Ne4, Nxe4, Bxe4, d5, Bxf3, exf3, Nd4, Re1, Re8, Re4, c5, dxc6] ...
dxc6 Gives us inValid move: No such move for piece found: []
8 ♖  .  .  ♕  ♖  .  ♔  .  
7 ♙  ♙  .  .  ♙  ♙  ♗  ♙  
6 .  .  .  ♙  .  .  ♙  .  
5 .  .  ♙  ♟  .  .  ♝  .  
4 .  .  ♟  ♘  ♜  .  .  .  
3 .  .  .  .  .  ♟  ♟  .  
2 ♟  ♟  .  .  .  ♟  ♝  ♟  
1 ♜  .  .  ♛  .  .  ♚  .  
  a  b  c  d  e  f  g  h

===== 7794 ===== 
[e4, e5, Nf3, Nc6, Bb5, a6, Ba4, Nf6, O-O, Nxe4, d4, b5, Bb3, d5, dxe5, Be6, Nbd2, Nc5, c3, Be7, Bc2, d4, Nb3, d3, Nxc5, dxc2, Qxd8+, Rxd8, Nxe6, fxe6, Be3, Rd5, Rfc1, Nxe5, Nxe5, Rxe5, Bd4, Rg5, Rxc2, Kf7, Be3, Re5, c4, b4, Rd1, Rd8, Rxd8, Bxd8, Kf1, Bg5, Bd4, Ra5, b3, Bf6, Be3, Bg5, f4, Be7, g4, h5, h3, g6, Ke2, hxg4, hxg4, e5, Kf3, exf4, Bxf4, Bd6, c5, Bxc5, Bxc7, Rb5, Ke4, Ke6, Bf4, Ra5, Bd2, Be7, Rc6+, Kd7, Rxg6, Rxa2, Bf4, Ra3, g5, Rxb3, Rb6, Bxg5, Bxg5, a5, Ra6, a4, Rxa4, Kc6, Ra5, Ra3, Rf5, b3, Bf6, Ra2, Bd4, b2, Rc5+, Kb6, Rc3+, Kb5, Rb3+, Kc4, Rb8, b1=Q+, Rxb1] ...
Rxb1 Gives us inValid move: Path is blocked by another piece
8 .  ♜  .  .  .  .  .  .  
7 .  .  .  .  .  .  .  .  
6 .  .  .  .  .  .  .  .  
5 .  .  .  .  .  .  .  .  
4 .  .  ♔  ♝  ♚  .  .  .  
3 .  .  .  .  .  .  .  .  
2 ♖  ♙  .  .  .  .  .  .  
1 .  .  .  .  .  .  .  .  
  a  b  c  d  e  f  g  h

===== 7797 ===== 
[e4, c5, Nf3, e6, d4, cxd4, Nxd4, Nc6, Nc3, Qc7, a3, a6, Be3, Be7, f4, b5, Nxc6, Qxc6, Bd3, Bb7, O-O, Nf6, Kh1, d5, exd5, Nxd5, Be4, Qd7, Bxd5, Bxd5, Nxd5, Qxd5, Qxd5, exd5, Bd4, f6, g3, Kf7, Kg2, Rhe8, Kf3, Rac8, Rf2, Bc5, Rd1, Re4, Bxc5, Rxc5, Rd3, b4, Rxd5, Rxd5, Kxe4, Rb5, a4, Ra5, b3, Rc5, c4, bxc3] ...
bxc3 Gives us inValid move: No such move for piece found: []
8 .  .  .  .  .  .  .  .  
7 .  .  .  .  .  ♔  ♙  ♙  
6 ♙  .  .  .  .  ♙  .  .  
5 .  .  ♖  .  .  .  .  .  
4 ♟  ♙  ♟  .  ♚  ♟  .  .  
3 .  ♟  .  .  .  .  ♟  .  
2 .  .  .  .  .  ♜  .  ♟  
1 .  .  .  .  .  .  .  .  
  a  b  c  d  e  f  g  h

===== 7815 ===== 
[e4, c5, Nf3, d6, Bb5+, Nd7, a4, Nf6] ...
Nf6 Gives us inValid move: more than one valid move, The notation is disambiguous
8 ♖  .  ♗  ♕  ♔  ♗  ♘  ♖  
7 ♙  ♙  .  ♘  ♙  ♙  ♙  ♙  
6 .  .  .  ♙  .  .  .  .  
5 .  ♝  ♙  .  .  .  .  .  
4 ♟  .  .  .  ♟  .  .  .  
3 .  .  .  .  .  ♞  .  .  
2 .  ♟  ♟  ♟  .  ♟  ♟  ♟  
1 ♜  ♞  ♝  ♛  ♚  .  .  ♜  
  a  b  c  d  e  f  g  h

===== 7820 ===== 
[e4, e5, Nf3, Nc6, Bb5, a6, Ba4, Nf6, O-O, b5, Bb3, Bb7, Nc3, Be7, d3, O-O, a3, Nd4, Nxd4, exd4, Nd5, Nxd5, exd5, c5, dxc6] ...
dxc6 Gives us inValid move: No such move for piece found: [White pawn can only capture up diagonally]
8 ♖  .  .  ♕  .  ♖  ♔  .  
7 .  ♗  .  ♙  ♗  ♙  ♙  ♙  
6 ♙  .  .  .  .  .  .  .  
5 .  ♙  ♙  ♟  .  .  .  .  
4 .  .  .  ♙  .  .  .  .  
3 ♟  ♝  .  ♟  .  .  .  .  
2 .  ♟  ♟  .  .  ♟  ♟  ♟  
1 ♜  .  ♝  ♛  .  ♜  ♚  .  
  a  b  c  d  e  f  g  h

===== 7838 ===== 
[d4, Nf6, c4, e6, Nf3, d5, Nc3, Nbd7, Bf4, dxc4, e3, b5, Nxb5, Bb4+, Nc3, Nd5, a3, Nxc3, Qd2, Ne2, axb4, Nxf4, exf4, Bb7, Be2, O-O, O-O, Nb6, Ne5, Qd6, Rfd1, Rfb8, Rac1, Qd5, Bf1, h6, Nxc4, Nxc4, Rxc4, Qd6, Rc5, Bd5, b5, c6, bxc6, Bxc6, b4, Bd5, b5, Rb7, Rdc1, Rd8, Qe3, Rbd7, Qe5, Qxe5, dxe5, g5, fxg5, hxg5, Rc7, Kg7, Rxd7, Rxd7, Ra1, Kg6, g4, Bf3, h3, Rd2, Ra3, Bd5, Ra1, Bf3, Ra3, Bd5, f3, f5, exf6] ...
exf6 Gives us inValid move: No such move for piece found: []
8 .  .  .  .  .  .  .  .  
7 ♙  .  .  .  .  .  .  .  
6 .  .  .  .  ♙  .  ♔  .  
5 .  ♟  .  ♗  ♟  ♙  ♙  .  
4 .  .  .  .  .  .  ♟  .  
3 ♜  .  .  .  .  ♟  .  ♟  
2 .  .  .  ♖  .  .  .  .  
1 .  .  .  .  .  ♝  ♚  .  
  a  b  c  d  e  f  g  h

===== 7841 ===== 
[e4, c5, Nf3, d6, Bb5+, Nd7, a4, Nf6] ...
Nf6 Gives us inValid move: more than one valid move, The notation is disambiguous
8 ♖  .  ♗  ♕  ♔  ♗  ♘  ♖  
7 ♙  ♙  .  ♘  ♙  ♙  ♙  ♙  
6 .  .  .  ♙  .  .  .  .  
5 .  ♝  ♙  .  .  .  .  .  
4 ♟  .  .  .  ♟  .  .  .  
3 .  .  .  .  .  ♞  .  .  
2 .  ♟  ♟  ♟  .  ♟  ♟  ♟  
1 ♜  ♞  ♝  ♛  ♚  .  .  ♜  
  a  b  c  d  e  f  g  h

===== 7849 ===== 
[e4, e5, Nf3, Nc6, Bb5, a6, Ba4, Nf6, d3, Bc5, Bxc6, dxc6, h3, Nd7, Be3, Bd6, Nc3, c5, Nd2, Nb8, a4, Nc6, a5, Be6, O-O, O-O, Nc4, Be7, b3, b5, axb6] ...
axb6 Gives us inValid move: No such move for piece found: []
8 ♖  .  .  ♕  .  ♖  ♔  .  
7 .  .  ♙  .  ♗  ♙  ♙  ♙  
6 ♙  .  ♘  .  ♗  .  .  .  
5 ♟  ♙  ♙  .  ♙  .  .  .  
4 .  .  ♞  .  ♟  .  .  .  
3 .  ♟  ♞  ♟  ♝  .  .  ♟  
2 .  .  ♟  .  .  ♟  ♟  .  
1 ♜  .  .  ♛  .  ♜  ♚  .  
  a  b  c  d  e  f  g  h

===== 7852 ===== 
[d4, Nf6, c4, e6, Nc3, Bb4, Nf3, b6, Qc2, Bb7, a3, Bxc3+, Qxc3, O-O, Bg5, d6, Nd2, Nbd7, e3, c5, dxc5, Nxc5, b4, Ncd7, f3, Rc8, Be2, Ne5, Qb2, Ng6, Rc1, h6, Bxf6, Qxf6, Qxf6, gxf6, Kf2, Rfd8, Rhd1, Bc6, Nb1, Kf8, Nc3, f5, Rd4, Ke7, Rcd1, Rd7, g3, Rcd8, h3, Kf6, f4, Ne7, g4, Kg7, Bf3, Rc8, Be2, Rcd8, b5, Bb7, a4, a5, bxa6] ...
bxa6 Gives us inValid move: No such move for piece found: []
8 .  .  .  ♖  .  .  .  .  
7 .  ♗  .  ♖  ♘  ♙  ♔  .  
6 .  ♙  .  ♙  ♙  .  .  ♙  
5 ♙  ♟  .  .  .  ♙  .  .  
4 ♟  .  ♟  ♜  .  ♟  ♟  .  
3 .  .  ♞  .  ♟  .  .  ♟  
2 .  .  .  .  ♝  ♚  .  .  
1 .  .  .  ♜  .  .  .  .  
  a  b  c  d  e  f  g  h

===== 7855 ===== 
[e4, c5, Nf3, d6, d4, cxd4, Nxd4, Nf6, Nc3, a6, Be3, e5, Nb3, Be6, f3, Nbd7, g4, Nb6, g5, Nh5, Qd2, Be7, O-O-O, O-O, Kb1, Rc8, Rg1, g6, h4, Qc7, Qf2, Nc4, Bxc4, Qxc4, Nc1, b5, Nb3, b4, Na4, Rc7, Nb6, Qb5, Nd5, Bxd5, Rxd5, Qd7, Qe2, Rfc8, Rc1, Qh3, Qf2, f5, gxf6] ...
gxf6 Gives us inValid move: No such move for piece found: []
8 .  .  ♖  .  .  .  ♔  .  
7 .  .  ♖  .  ♗  .  .  ♙  
6 ♙  .  .  ♙  .  .  ♙  .  
5 .  .  .  ♜  ♙  ♙  ♟  ♘  
4 .  ♙  .  .  ♟  .  .  ♟  
3 .  ♞  .  .  ♝  ♟  .  ♕  
2 ♟  ♟  ♟  .  .  ♛  .  .  
1 .  ♚  ♜  .  .  .  .  .  
  a  b  c  d  e  f  g  h

===== 7875 ===== 
[Nf3, d5, g3, c6, Bg2, Bf5, d3, Nd7, Nh4, Bg4, O-O, e6, h3, Bh5, Qe1, Be7, Nf3, Ngf6, e4, O-O, Nbd2, a5, e5, Ne8, a4, Nc7, b3, c5, Bb2, Nb8, Nh2, Nc6, f4, f5, exf6] ...
exf6 Gives us inValid move: No such move for piece found: []
8 ♖  .  .  ♕  .  ♖  ♔  .  
7 .  ♙  ♘  .  ♗  .  ♙  ♙  
6 .  .  ♘  .  ♙  .  .  .  
5 ♙  .  ♙  ♙  ♟  ♙  .  ♗  
4 ♟  .  .  .  .  ♟  .  .  
3 .  ♟  .  ♟  .  .  ♟  ♟  
2 .  ♝  ♟  ♞  .  .  ♝  ♞  
1 ♜  .  .  .  ♛  ♜  ♚  .  
  a  b  c  d  e  f  g  h

===== 7881 ===== 
[Nf3, d5, g3, g6, c4, dxc4, Na3, Nc6, Nxc4, Bg7, Bg2, e5, O-O, Nge7, d3, O-O, Bd2, Be6, Rc1, a5, b3, Qd7, Bc3, f6, Qc2, b5, Ncd2, a4, Ne4, axb3, axb3, Bf7, Bd2, Ra3, Nc5, Qd6, Nb7, Qd7, Nc5, Qd6, Be3, Rfa8, Nd2, Ra2, Qd1, Nd5, Nce4, Qd7, Bc5, h6, Nc3, Nxc3, Rxc3, f5, Rc2, R8a6, Qb1, Rxc2, Qxc2, Nd4, Bxd4, exd4, Rc1, Bf8, Bc6, Qe7, Bxb5, Ra7, Nf3, c5, Bc4, Kg7, Bxf7, Qxf7, Nd2, Qe6, Nc4, Be7, Re1, h5, e4, dxe3] ...
dxe3 Gives us inValid move: No such move for piece found: []
8 .  .  .  .  .  .  .  .  
7 ♖  .  .  .  ♗  .  ♔  .  
6 .  .  .  .  ♕  .  ♙  .  
5 .  .  ♙  .  .  ♙  .  ♙  
4 .  .  ♞  ♙  ♟  .  .  .  
3 .  ♟  .  ♟  .  .  ♟  .  
2 .  .  ♛  .  .  ♟  .  ♟  
1 .  .  .  .  ♜  .  ♚  .  
  a  b  c  d  e  f  g  h

===== 7900 ===== 
[Nf3, d5, g3, g6, Bg2, Bg7, O-O, Nf6, c4, O-O, cxd5, Nxd5, d4, Nb6, Nc3, Nc6, d5, Na5, e4, c6, Bf4, Nac4, Qe2, cxd5, exd5, Bg4, h3, Bxf3, Bxf3, Nd6, Rfe1, Re8, Rac1, a6, b3, Rc8, Qd2, Nd7, Na4, Rxc1, Qxc1, Bd4, Qd2, Bg7, h4, h5, Nb2, Nb5, Re3, Nd4, Bg2, e5, dxe6] ...
dxe6 Gives us inValid move: No such move for piece found: []
8 .  .  .  ♕  ♖  .  ♔  .  
7 .  ♙  .  ♘  .  ♙  ♗  .  
6 ♙  .  .  .  .  .  ♙  .  
5 .  .  .  ♟  ♙  .  .  ♙  
4 .  .  .  ♘  .  ♝  .  ♟  
3 .  ♟  .  .  ♜  .  ♟  .  
2 ♟  ♞  .  ♛  .  ♟  ♝  .  
1 .  .  .  .  .  .  ♚  .  
  a  b  c  d  e  f  g  h

===== 7904 ===== 
[d4, d5, Bf4, Bf5, e3, e6, Bd3, Bxd3, Qxd3, c6, Nd2, Nf6, Ngf3, Be7, O-O, O-O, h3, Nbd7, a4, c5, a5, c4, Qe2, b5, axb6] ...
axb6 Gives us inValid move: No such move for piece found: []
8 ♖  .  .  ♕  .  ♖  ♔  .  
7 ♙  .  .  ♘  ♗  ♙  ♙  ♙  
6 .  .  .  .  ♙  ♘  .  .  
5 ♟  ♙  .  ♙  .  .  .  .  
4 .  .  ♙  ♟  .  ♝  .  .  
3 .  .  .  .  ♟  ♞  .  ♟  
2 .  ♟  ♟  ♞  ♛  ♟  ♟  .  
1 ♜  .  .  .  .  ♜  ♚  .  
  a  b  c  d  e  f  g  h

===== 7909 ===== 
[e4, c5, Nf3, d6, d4, cxd4, Nxd4, Nf6, Nc3, a6, Be3, Ng4, Bg5, h6, Bc1, Nf6, Bc4, e6, Bb3, Be7, O-O, O-O, f4, b5, e5, dxe5, fxe5, Nh7, Qg4, Kh8, Be3, Bg5, Bf2, Nd7, h4, Be7, Qe4, Rb8, Nc6, Qe8, Nxb8, Nxb8, Rad1, Nd7, Ne2, Nc5, Bxc5, Bxc5+, Kh1, Qe7, c3, Bb7, Qg4, f5, exf6] ...
exf6 Gives us inValid move: No such move for piece found: []
8 .  .  .  .  .  ♖  .  ♔  
7 .  ♗  .  .  ♕  .  ♙  ♘  
6 ♙  .  .  .  ♙  .  .  ♙  
5 .  ♙  ♗  .  ♟  ♙  .  .  
4 .  .  .  .  .  .  ♛  ♟  
3 .  ♝  ♟  .  .  .  .  .  
2 ♟  ♟  .  .  ♞  .  ♟  .  
1 .  .  .  ♜  .  ♜  .  ♚  
  a  b  c  d  e  f  g  h

===== 7922 ===== 
[d4, Nf6, Nf3, g6, g3, c6, Bg2, d5, O-O, Bg7, b3, O-O, Bb2, a5, c4, a4, e3, Nbd7, Qe2, b5, Nbd2, Ba6, Rfc1, Re8, Qd1, Ne4, Nxe4, dxe4, Ng5, e5, Nxe4, exd4, Bxd4, Ne5, Nc5, Qe7, cxb5, Bxb5, bxa4, Ba6, Nxa6, Rxa6, Rab1, Rea8, Bxe5, Bxe5, Bxc6, Rd8, Qe2, Ra7, Rd1, Rc8, Qb5, Kg7, a5, Rb8, Qd5, Rc8, a4, Bc3, a6, Rxa6, Bb7, Ra5, Qxa5, Bxa5, Bxc8, h5, Ba6, h4, Bf1, Qe4, Rb5, Qxa4, Rd4, Qa1, Rxh4, Be1, Rf4, f5, h4, Bd2, h5, gxh5, Rbxf5, Kg6, Kg2, Qa8+, Rf3, Qe4, Rf4] ...
Rf4 Gives us inValid move: more than one valid move, The notation is disambiguous
8 .  .  .  .  .  .  .  .  
7 .  .  .  .  .  .  .  .  
6 .  .  .  .  .  .  ♔  .  
5 .  .  .  .  .  ♜  .  ♙  
4 .  .  .  .  ♕  .  .  .  
3 .  .  .  .  ♟  ♜  ♟  .  
2 .  .  .  ♗  .  ♟  ♚  .  
1 .  .  .  .  .  ♝  .  .  
  a  b  c  d  e  f  g  h

===== 7933 ===== 
[d4, Nf6, c4, e6, Nf3, b6, g3, Bb7, Bg2, Be7, O-O, O-O, Nc3, Ne4, Bd2, Bf6, Rc1, c5, d5, exd5, cxd5, Nxd2, Nxd2, d6, Nde4, Be7, f4, f5, Nf2, Ba6, a4, Bf6, Re1, Nd7, e3, Rb8, Qc2, g6, Nb5, Bxb5, axb5, Bg7, Bh3, Kh8, e4, g5, fxg5, f4, Bf5, fxg3, Nh3, gxh2+, Kh1, Be5, Qe2, Rf7, Rc2, Rg7, Rf1, Qe8, Qd3, Nf8, Rg2, Ng6, Bxg6, Qxg6, Nf4, Bxf4, Rxf4, Qh5, Qc3, Kg8, Qf6, Rf7, Qe6, Rf8] ...
Rf8 Gives us inValid move: more than one valid move, The notation is disambiguous
8 .  ♖  .  .  .  .  ♔  .  
7 ♙  .  .  .  .  ♖  .  ♙  
6 .  ♙  .  ♙  ♛  .  .  .  
5 .  ♟  ♙  ♟  .  .  ♟  ♕  
4 .  .  .  .  ♟  ♜  .  .  
3 .  .  .  .  .  .  .  .  
2 .  ♟  .  .  .  .  ♜  ♙  
1 .  .  .  .  .  .  .  ♚  
  a  b  c  d  e  f  g  h

===== 7936 ===== 
[d4, d5, c4, e6, Nc3, Nf6, cxd5, exd5, Bg5, Be7, e3, O-O, Bd3, Be6, Nge2, Nbd7, O-O, c5, Nf4, c4, Bc2, a6, a4, Rb8, a5, h6, Bh4, b5, axb6] ...
axb6 Gives us inValid move: No such move for piece found: []
8 .  ♖  .  ♕  .  ♖  ♔  .  
7 .  .  .  ♘  ♗  ♙  ♙  .  
6 ♙  .  .  .  ♗  ♘  .  ♙  
5 ♟  ♙  .  ♙  .  .  .  .  
4 .  .  ♙  ♟  .  ♞  .  ♝  
3 .  .  ♞  .  ♟  .  .  .  
2 .  ♟  ♝  .  .  ♟  ♟  ♟  
1 ♜  .  .  ♛  .  ♜  ♚  .  
  a  b  c  d  e  f  g  h

===== 7937 ===== 
[e4, d6, d4, Nf6, f3, c6, c4, g6, Nc3, Bg7, Be3, O-O, Nge2, Nbd7, Qd2, a6, a4, c5, d5, Nb6, Ng3, e6, a5, Nbd7, dxe6, Ne5, exf7+, Rxf7, Be2, Be6, Nd5, Nxd5, cxd5, Bd7, O-O, b5, axb6] ...
axb6 Gives us inValid move: No such move for piece found: []
8 ♖  .  .  ♕  .  .  ♔  .  
7 .  .  .  ♗  .  ♖  ♗  ♙  
6 ♙  .  .  ♙  .  .  ♙  .  
5 ♟  ♙  ♙  ♟  ♘  .  .  .  
4 .  .  .  .  ♟  .  .  .  
3 .  .  .  .  ♝  ♟  ♞  .  
2 .  ♟  .  ♛  ♝  .  ♟  ♟  
1 ♜  .  .  .  .  ♜  ♚  .  
  a  b  c  d  e  f  g  h

===== 7948 ===== 
[d4, Nf6, c4, e6, Nc3, Bb4, e3, O-O, Ne2] ...
Ne2 Gives us inValid move: more than one valid move, The notation is disambiguous
8 ♖  ♘  ♗  ♕  .  ♖  ♔  .  
7 ♙  ♙  ♙  ♙  .  ♙  ♙  ♙  
6 .  .  .  .  ♙  ♘  .  .  
5 .  .  .  .  .  .  .  .  
4 .  ♗  ♟  ♟  .  .  .  .  
3 .  .  ♞  .  ♟  .  .  .  
2 ♟  ♟  .  .  .  ♟  ♟  ♟  
1 ♜  .  ♝  ♛  ♚  ♝  ♞  ♜  
  a  b  c  d  e  f  g  h

===== 7950 ===== 
[d4, Nf6, c4, e6, Nc3, Bb4, e3, O-O, Ne2] ...
Ne2 Gives us inValid move: more than one valid move, The notation is disambiguous
8 ♖  ♘  ♗  ♕  .  ♖  ♔  .  
7 ♙  ♙  ♙  ♙  .  ♙  ♙  ♙  
6 .  .  .  .  ♙  ♘  .  .  
5 .  .  .  .  .  .  .  .  
4 .  ♗  ♟  ♟  .  .  .  .  
3 .  .  ♞  .  ♟  .  .  .  
2 ♟  ♟  .  .  .  ♟  ♟  ♟  
1 ♜  .  ♝  ♛  ♚  ♝  ♞  ♜  
  a  b  c  d  e  f  g  h

===== 7953 ===== 
[d4, Nf6, c4, e6, Nf3, b6, g3, Bb7, Bg2, Be7, Nc3, Na6, O-O, O-O, d5, Bb4, Bd2, Nc5, Nh4, Re8, a3, Bxc3, Bxc3, exd5, cxd5, Nce4, Bd4, c5, dxc6] ...
dxc6 Gives us inValid move: No such move for piece found: []
8 ♖  .  .  ♕  ♖  .  ♔  .  
7 ♙  ♗  .  ♙  .  ♙  ♙  ♙  
6 .  ♙  .  .  .  ♘  .  .  
5 .  .  ♙  ♟  .  .  .  .  
4 .  .  .  ♝  ♘  .  .  ♞  
3 ♟  .  .  .  .  .  ♟  .  
2 .  ♟  .  .  ♟  ♟  ♝  ♟  
1 ♜  .  .  ♛  .  ♜  ♚  .  
  a  b  c  d  e  f  g  h

===== 7958 ===== 
[e4, e5, Nf3, Nc6, Bb5, Nf6, O-O, Nxe4, Re1, Nd6, Nxe5, Be7, Bf1, O-O, Nc3, Nxe5, Rxe5, Ne8, Nd5, Bd6, Re1, c6, Ne3, Bc7, Nf5, d5, Ne7+, Kh8, Nxc8, Rxc8, g3, Nd6, Bh3, f5, d3, Qd7, Qh5, Rce8, Bf4, g6, Qf3, Nf7, Bd2, Rxe1+, Rxe1, Re8, Qd1, Kg8, a4, a6, a5, Qd8, b4, Rxe1+, Qxe1, Ne5, Qe2, d4, Bg2, Qd7, Bf4, Nf7, Bd2, Nd8, c4, dxc3] ...
dxc3 Gives us inValid move: No such move for piece found: []
8 .  .  .  ♘  .  .  ♔  .  
7 .  ♙  ♗  ♕  .  .  .  ♙  
6 ♙  .  ♙  .  .  .  ♙  .  
5 ♟  .  .  .  .  ♙  .  .  
4 .  ♟  ♟  ♙  .  .  .  .  
3 .  .  .  ♟  .  .  ♟  .  
2 .  .  .  ♝  ♛  ♟  ♝  ♟  
1 .  .  .  .  .  .  ♚  .  
  a  b  c  d  e  f  g  h

===== 7986 ===== 
[e4, e5, Nf3, Nc6, Bc4, Bc5, O-O, Nf6, d3, O-O, a4, a6, c3, d6, Re1, Ba7, h3, Ne7, d4, Ng6, Nbd2, c6, Bf1, a5, dxe5, dxe5, Qc2, Be6, Nc4, Qc7, b4, axb4, cxb4, b5, Ne3, bxa4, Rxa4, Bxe3, Bxe3, Rxa4, Qxa4, Nxe4, Rc1, Bd5, b5, cxb5, Qxe4, Qxc1, Qxd5, Qc7, Qxb5, Rb8, Qd5, Rd8, Qb3, Rb8, Qa2, h6, Qd5, Qe7, Qe4, Qf6, g3, Rc8, Bd3, Qc6, Qf5, Re8, Be4, Qe6, Qh5, Ne7, Qxe5, Qxe5, Nxe5, Ng6, Bxg6, Rxe5, Bd3, f6, Kg2, Kh8, Kf3, Rd5, Bg6, Ra5, Ke4, Rb5, h4, Re5+, Kd4, Ra5, Kc4, Re5, Bd4, Ra5, Bc5, Kg8, Kd5, Rb5, Kd6, Ra5, Be3, Re5, Bf4, Ra5, Bd3, Ra7, Ke6, Rb7, Kf5, Rd7, Bc2, Rb7, Kg6, Rb2, Bf5, Rxf2, Be6+, Kh8, Bd6, Re2, Bg4, Re8, Bf5, Kg8, Bc2, Re3, Bb1, Kh8, Kf7, Rb3, Be4, Re3, Bf5, Rc3, g4, Rc6, Bf8, Rc7+, Kg6, Kg8, Bb4, Rb7, Bd6, Kh8, Bf8, Kg8, Ba3, Kh8, Be6, Rb6, Kf7, Rb7+, Be7, h5, gxh5, f5, Bxf5, Rxe7+, Kxe7, Kg8, Bd3, Kh8, Kf8, g5, hxg6] ...
hxg6 Gives us inValid move: No such move for piece found: [White pawn can only capture up diagonally]
8 .  .  .  .  .  ♚  .  ♔  
7 .  .  .  .  .  .  .  .  
6 .  .  .  .  .  .  .  .  
5 .  .  .  .  .  .  ♙  ♟  
4 .  .  .  .  .  .  .  ♟  
3 .  .  .  ♝  .  .  .  .  
2 .  .  .  .  .  .  .  .  
1 .  .  .  .  .  .  .  .  
  a  b  c  d  e  f  g  h

===== 7983 ===== 
[e4, c5, Nf3, d6, d4, cxd4, Nxd4, Nf6, f3, e5, Nb3, Be7, c4, a5, Be3, a4, Nc1, O-O, Nc3, Qa5, Qd2, Na6, Be2, Nc5, O-O, Bd7, Rb1, Rfc8, b4, axb3] ...
axb3 Gives us inValid move: No such move for piece found: []
8 ♖  .  ♖  .  .  .  ♔  .  
7 .  ♙  .  ♗  ♗  ♙  ♙  ♙  
6 .  .  .  ♙  .  ♘  .  .  
5 ♕  .  ♘  .  ♙  .  .  .  
4 ♙  ♟  ♟  .  ♟  .  .  .  
3 .  .  ♞  .  ♝  ♟  .  .  
2 ♟  .  .  ♛  ♝  .  ♟  ♟  
1 .  ♜  ♞  .  .  ♜  ♚  .  
  a  b  c  d  e  f  g  h

===== 8004 ===== 
[d4, Nf6, c4, e6, Nc3, Bb4, e3, O-O, Ne2] ...
Ne2 Gives us inValid move: more than one valid move, The notation is disambiguous
8 ♖  ♘  ♗  ♕  .  ♖  ♔  .  
7 ♙  ♙  ♙  ♙  .  ♙  ♙  ♙  
6 .  .  .  .  ♙  ♘  .  .  
5 .  .  .  .  .  .  .  .  
4 .  ♗  ♟  ♟  .  .  .  .  
3 .  .  ♞  .  ♟  .  .  .  
2 ♟  ♟  .  .  .  ♟  ♟  ♟  
1 ♜  .  ♝  ♛  ♚  ♝  ♞  ♜  
  a  b  c  d  e  f  g  h

===== 8016 ===== 
[e4, d6, d4, Nf6, Nc3, g6, Be3, a6, h3, Bg7, f4, b5, e5, Nfd7, Nf3, Nb6, Bd3, Bb7, O-O, e6, Be4, Bxe4, Nxe4, Nc6, Qe2, Qd7, Rad1, Nd5, c3, f5, exf6] ...
exf6 Gives us inValid move: No such move for piece found: []
8 ♖  .  .  .  ♔  .  .  ♖  
7 .  .  ♙  ♕  .  .  ♗  ♙  
6 ♙  .  ♘  ♙  ♙  .  ♙  .  
5 .  ♙  .  ♘  ♟  ♙  .  .  
4 .  .  .  ♟  ♞  ♟  .  .  
3 .  .  ♟  .  ♝  ♞  .  ♟  
2 ♟  ♟  .  .  ♛  .  ♟  .  
1 .  .  .  ♜  .  ♜  ♚  .  
  a  b  c  d  e  f  g  h

===== 8029 ===== 
[e4, e5, Nf3, Nc6, Nc3, Nf6, Bb5, Bd6, d3, O-O, O-O, h6, a3, Re8, h3, Bc5, Be3, Nd4, Bc4, c6, Re1, Nxf3+, Qxf3, Bxe3, fxe3, b5, Ba2, a5, Ne2, d6, Ng3, Be6, Rf1, d5, Rf2, Ra7, exd5, cxd5, Nf5, Kh7, Qg3, Bxf5, Rxf5, Rc7, c3, b4, cxb4, axb4, a4, b3, Bxb3, Qb8, Ra3, e4, Kh2, exd3, Bxd5, d2, Rd3, Rc2, Qxb8, Rxb8, b3, Nxd5, Rfxd5, d1=Q, Rxd1] ...
Rxd1 Gives us inValid move: Path is blocked by another piece
8 .  ♖  .  .  .  .  .  .  
7 .  .  .  .  .  ♙  ♙  ♔  
6 .  .  .  .  .  .  .  ♙  
5 .  .  .  ♜  .  .  .  .  
4 ♟  .  .  .  .  .  .  .  
3 .  ♟  .  ♜  ♟  .  .  ♟  
2 .  .  ♖  ♙  .  .  ♟  ♚  
1 .  .  .  .  .  .  .  .  
  a  b  c  d  e  f  g  h

===== 8041 ===== 
[e4, g6, d4, d6, Nf3, Nf6, Nc3, Bg7, Be2, O-O, O-O, a6, e5, Nfd7, exd6, cxd6, Bf4, b5, a3, Bb7, Re1, Nf6, h3, Nbd7, a4, b4, Na2, Nd5, Bd2, a5, c3, bxc3, Nxc3, Nxc3, Bxc3, Nf6, Nd2, Nd5, Bf3, e6, Nc4, Qc7, Bxd5, Bxd5, Ne3, Qb7, Qd2, Rfb8, Bxa5, Bh6, Bc3, Bxg2, d5, Bxh3, Qd4, e5, Qh4, Bxe3, Rxe3, Bf5, Qf6, Ra6, f4, Qb6, Re1] ...
Re1 Gives us inValid move: more than one valid move, The notation is disambiguous
8 .  ♖  .  .  .  .  ♔  .  
7 .  .  .  .  .  ♙  .  ♙  
6 ♖  ♕  .  ♙  .  ♛  ♙  .  
5 .  .  .  ♟  ♙  ♗  .  .  
4 ♟  .  .  .  .  ♟  .  .  
3 .  .  ♝  .  ♜  .  .  .  
2 .  ♟  .  .  .  .  .  .  
1 ♜  .  .  .  .  .  ♚  .  
  a  b  c  d  e  f  g  h

===== 8053 ===== 
[b3, e5, Bb2, Nc6, e3, Nge7, Nf3, e4, Ng5, d5, Qh5, Ng6, Nc3, Nce5, Be2, c6, f4, exf3] ...
exf3 Gives us inValid move: No such move for piece found: []
8 ♖  .  ♗  ♕  ♔  ♗  .  ♖  
7 ♙  ♙  .  .  .  ♙  ♙  ♙  
6 .  .  ♙  .  .  .  ♘  .  
5 .  .  .  ♙  ♘  .  ♞  ♛  
4 .  .  .  .  ♙  ♟  .  .  
3 .  ♟  ♞  .  ♟  .  .  .  
2 ♟  ♝  ♟  ♟  ♝  .  ♟  ♟  
1 ♜  .  .  .  ♚  .  .  ♜  
  a  b  c  d  e  f  g  h

===== 8056 ===== 
[e4, e5, Nf3, Nc6, d3, Nf6, g3, d5, exd5, Nxd5, Bg2, Be7, O-O, O-O, Re1, f6, d4, Bg4, h3, Bxf3, Qxf3, Nb6, dxe5, fxe5, Qe4, Bc5, Be3, Bxe3, Qxe3, Qd4, Nc3, Rad8, Bxc6, bxc6, Qxd4, exd4, Ne4, Rd5, b3, c5, c4, dxc3] ...
dxc3 Gives us inValid move: No such move for piece found: []
8 .  .  .  .  .  ♖  ♔  .  
7 ♙  .  ♙  .  .  .  ♙  ♙  
6 .  ♘  .  .  .  .  .  .  
5 .  .  ♙  ♖  .  .  .  .  
4 .  .  ♟  ♙  ♞  .  .  .  
3 .  ♟  .  .  .  .  ♟  ♟  
2 ♟  .  .  .  .  ♟  .  .  
1 ♜  .  .  .  ♜  .  ♚  .  
  a  b  c  d  e  f  g  h

===== 8063 ===== 
[e4, e6, d4, d5, exd5, exd5, Nf3, Nf6, Bd3, Bd6, Qe2+, Qe7, Qxe7+, Bxe7, Bf4, c6, O-O, O-O, Re1, Re8, Nbd2, Bg4, Ne5, Be6, Nb3, a5, Nc5, Bxc5, dxc5, Nbd7, Nxd7, Bxd7, f3, a4, Kf2, Be6, Bd6, Nd7, b4, axb3] ...
axb3 Gives us inValid move: No such move for piece found: []
8 ♖  .  .  .  ♖  .  ♔  .  
7 .  ♙  .  ♘  .  ♙  ♙  ♙  
6 .  .  ♙  ♝  ♗  .  .  .  
5 .  .  ♟  ♙  .  .  .  .  
4 ♙  ♟  .  .  .  .  .  .  
3 .  .  .  ♝  .  ♟  .  .  
2 ♟  .  ♟  .  .  ♚  ♟  ♟  
1 ♜  .  .  .  ♜  .  .  .  
  a  b  c  d  e  f  g  h

===== 8073 ===== 
[e4, c5, Nf3, d6, d4, cxd4, Nxd4, Nf6, Nc3, a6, a4, e5, Nf3, Be7, Bg5, Be6, Bxf6, Bxf6, Nd5, Nd7, Bc4, Rc8, Qe2, Nb6, Nxf6+, Qxf6, Bxe6, Qxe6, O-O, O-O, Rfd1, Rc6, a5, Nd7, b3, Rfc8, Rd2, Nc5, Rad1, Qe7, Qe3, g6, g3, b5, axb6] ...
axb6 Gives us inValid move: No such move for piece found: []
8 .  .  ♖  .  .  .  ♔  .  
7 .  .  .  .  ♕  ♙  .  ♙  
6 ♙  .  ♖  ♙  .  .  ♙  .  
5 ♟  ♙  ♘  .  ♙  .  .  .  
4 .  .  .  .  ♟  .  .  .  
3 .  ♟  .  .  ♛  ♞  ♟  .  
2 .  .  ♟  ♜  .  ♟  .  ♟  
1 .  .  .  ♜  .  .  ♚  .  
  a  b  c  d  e  f  g  h

===== 8092 ===== 
[d4, Nf6, c4, e6, Nc3, Bb4, e3, O-O, Bd3, d5, cxd5, exd5, Ne2] ...
Ne2 Gives us inValid move: more than one valid move, The notation is disambiguous
8 ♖  ♘  ♗  ♕  .  ♖  ♔  .  
7 ♙  ♙  ♙  .  .  ♙  ♙  ♙  
6 .  .  .  .  .  ♘  .  .  
5 .  .  .  ♙  .  .  .  .  
4 .  ♗  .  ♟  .  .  .  .  
3 .  .  ♞  ♝  ♟  .  .  .  
2 ♟  ♟  .  .  .  ♟  ♟  ♟  
1 ♜  .  ♝  ♛  ♚  .  ♞  ♜  
  a  b  c  d  e  f  g  h

===== 8099 ===== 
[e4, c5, Nf3, d6, d4, cxd4, Nxd4, Nf6, Nc3, a6, Be2, e5, Nf3, Be7, Bg5, Nbd7, a4, b6, Nd2, h6, Bxf6, Nxf6, Nc4, Bb7, a5, b5, Nb6, Nxe4, Nxe4, Bxe4, Bf3, Bxf3, Qxf3, Ra7, c4, d5, cxb5, Bb4+, Ke2, Bxa5, Nxd5, axb5, b4, Bb6, Rxa7, Bxa7, Ra1, Bb8, Qd3, O-O, Qxb5, e4, g3, Be5, Rd1, Qg5, Kf1, f5, Qe2, Kh8, f4, exf3] ...
exf3 Gives us inValid move: No such move for piece found: []
8 .  .  .  .  .  ♖  .  ♔  
7 .  .  .  .  .  .  ♙  .  
6 .  .  .  .  .  .  .  ♙  
5 .  .  .  ♞  ♗  ♙  ♕  .  
4 .  ♟  .  .  ♙  ♟  .  .  
3 .  .  .  .  .  .  ♟  .  
2 .  .  .  .  ♛  .  .  ♟  
1 .  .  .  ♜  .  ♚  .  .  
  a  b  c  d  e  f  g  h

===== 8100 ===== 
[d4, Nf6, c4, g6, Nf3, Bg7, g3, O-O, Bg2, d5, cxd5, Nxd5, O-O, Nb6, Nc3, Nc6, d5, Na5, e4, c6, Bf4, Nac4, Qe2, Bg4, h3, Bxf3, Bxf3, cxd5, exd5, Re8, Rac1, e5, dxe6] ...
dxe6 Gives us inValid move: No such move for piece found: []
8 ♖  .  .  ♕  ♖  .  ♔  .  
7 ♙  ♙  .  .  .  ♙  ♗  ♙  
6 .  ♘  .  .  .  .  ♙  .  
5 .  .  .  ♟  ♙  .  .  .  
4 .  .  ♘  .  .  ♝  .  .  
3 .  .  ♞  .  .  ♝  ♟  ♟  
2 ♟  ♟  .  .  ♛  ♟  .  .  
1 .  .  ♜  .  .  ♜  ♚  .  
  a  b  c  d  e  f  g  h

===== 8122 ===== 
[e4, c5, Nf3, d6, d4, cxd4, Nxd4, Nf6, Nc3, a6, Be2, e5, Nf3, h6, Nd2, b5, Nf1, Bb7, Bf3, Nbd7, Ne3, Nb6, O-O, Rc8, Qd3, g6, Rd1, Be7, a4, b4, Na2, a5, c3, b3, Nb4, axb4, a5, bxc3, axb6, c2, Rd2, Qxb6, Ra3, O-O, Rxb3, Qa7, Ra3, Qd4, Qb3, Qxd2, Bxd2, c1=Q+, Bxc1] ...
Bxc1 Gives us inValid move: Path is blocked by another piece
8 .  .  ♖  .  .  ♖  ♔  .  
7 .  ♗  .  .  ♗  ♙  .  .  
6 .  .  .  ♙  .  ♘  ♙  ♙  
5 .  .  .  .  ♙  .  .  .  
4 .  .  .  .  ♟  .  .  .  
3 ♜  ♛  .  .  ♞  ♝  .  .  
2 .  ♟  ♙  ♝  .  ♟  ♟  ♟  
1 .  .  .  .  .  .  ♚  .  
  a  b  c  d  e  f  g  h

===== 8152 ===== 
[e4, e6, d4, d5, exd5, exd5, Nf3, Bd6, c4, c6, Nc3, Ne7, Bd3, dxc4, Bxc4, O-O, h3, Nd7, O-O, Nb6, Bb3, Ned5, Re1, Bf5, Ne5, Bxe5, Rxe5, Qd7, Qf3, Be6, Ne4, Rae8, a4, Ne7, Nf6+, gxf6, Qxf6, Qd8, Rxe6, Nbd5, Qg5+, Kh8, Re1, Rg8, Qh5, Qb6, Bxd5, Nxd5, Bh6, Qc7, Qf5, f6, Qf3, Qb6, Re4, Qxb2, Rae1, Rxe4, Qxe4, Qa3, Qe6, Qd3, Re4, Qd1+, Kh2, Qh5, Bd2, Qg6, Rg4, Qe8, Rxg8+, Qxg8, Qd7, Qb8+, g3, Qc7, Qe8+, Kg7, a5, b5, axb6] ...
axb6 Gives us inValid move: No such move for piece found: []
8 .  .  .  .  ♛  .  .  .  
7 ♙  .  ♕  .  .  .  ♔  ♙  
6 .  .  ♙  .  .  ♙  .  .  
5 ♟  ♙  .  ♘  .  .  .  .  
4 .  .  .  ♟  .  .  .  .  
3 .  .  .  .  .  .  ♟  ♟  
2 .  .  .  ♝  .  ♟  .  ♚  
1 .  .  .  .  .  .  .  .  
  a  b  c  d  e  f  g  h

===== 8158 ===== 
[c4, e5, Nc3, Nc6, Nf3, Nf6, g3, g6, d4, exd4, Nxd4, Bg7, Bg2, O-O, Bf4, Nh5, Nxc6, dxc6, Qxd8, Rxd8, Bxc7, Rd4, c5, Rc4, O-O, Rxc5, Rfc1, Nf6, Bd6, Rh5, Rd1, Be6, Bf3, Ra5, Rd2, h6, Rad1, Ra6, e4, Bg4, Bxg4, Nxg4, Kg2, Ne5, b3, Nc4, bxc4, Bxc3, Rc2, Bg7, c5, Re8, e5, b5, cxb6] ...
cxb6 Gives us inValid move: No such move for piece found: []
8 .  .  .  .  ♖  .  ♔  .  
7 ♙  .  .  .  .  ♙  ♗  .  
6 ♖  .  ♙  ♝  .  .  ♙  ♙  
5 .  ♙  ♟  .  ♟  .  .  .  
4 .  .  .  .  .  .  .  .  
3 .  .  .  .  .  .  ♟  .  
2 ♟  .  ♜  .  .  ♟  ♚  ♟  
1 .  .  .  ♜  .  .  .  .  
  a  b  c  d  e  f  g  h

===== 8162 ===== 
[e4, c5, Nf3, d6, Bb5+, Nd7, a4, Nf6] ...
Nf6 Gives us inValid move: more than one valid move, The notation is disambiguous
8 ♖  .  ♗  ♕  ♔  ♗  ♘  ♖  
7 ♙  ♙  .  ♘  ♙  ♙  ♙  ♙  
6 .  .  .  ♙  .  .  .  .  
5 .  ♝  ♙  .  .  .  .  .  
4 ♟  .  .  .  ♟  .  .  .  
3 .  .  .  .  .  ♞  .  .  
2 .  ♟  ♟  ♟  .  ♟  ♟  ♟  
1 ♜  ♞  ♝  ♛  ♚  .  .  ♜  
  a  b  c  d  e  f  g  h

===== 8172 ===== 
[e4, e5, Nf3, Nc6, Bb5, a6, Ba4, Nf6, O-O, b5, Bb3, Bc5, c3, d6, a4, Rb8, d4, Bb6, a5, Ba7, h3, O-O, Be3, Ra8, Re1, h6, Nbd2, Re8, g4, Qe7, Nf1, Nd8, Ng3, c5, Qd2, c4, Bc2, Nh7, b4, cxb3] ...
cxb3 Gives us inValid move: No such move for piece found: []
8 ♖  .  ♗  ♘  ♖  .  ♔  .  
7 ♗  .  .  .  ♕  ♙  ♙  ♘  
6 ♙  .  .  ♙  .  .  .  ♙  
5 ♟  ♙  .  .  ♙  .  .  .  
4 .  ♟  ♙  ♟  ♟  .  ♟  .  
3 .  .  ♟  .  ♝  ♞  ♞  ♟  
2 .  .  ♝  ♛  .  ♟  .  .  
1 ♜  .  .  .  ♜  .  ♚  .  
  a  b  c  d  e  f  g  h

===== 8179 ===== 
[e4, c5, Nf3, g6, d4, cxd4, Nxd4, Nc6, c4, Nf6, Nc3, Nxd4, Qxd4, d6, f3, Bg7, Be3, O-O, Qd2, Qa5, Rc1, Be6, Nd5, Qxa2, Nxe7+, Kh8, Bd4, Rae8, Qc3, Nh5, Bxg7+, Nxg7, b4, Qa4, b5, a5, Nd5, Bxd5, cxd5, f5, Ra1, Qb4, Qxb4, axb4, Bd3, Nh5, Kd2, fxe4, Bxe4, Nf6, Rhe1, Re5, Ra7, Rf7, Bd3, Rxe1, Kxe1, Nxd5, Kd2, Nf4, Bf1, Ne6, Bc4, d5, Bd3, Nc5, Ra8+, Kg7, Rd8, Rd7, Rc8, b6, Rc6, Ra7, Bb1, Ra1, Kc1, Nd3+, Kc2, b3+, Kxd3, Rxb1, Kc3, Kf7, Rxb6, d4+, Kb4, Ke7, Rc6, d3, b6, d2, b7, d1=Q, b8=Q, Qd4+, Kb5, Qd3+, Kb6, Qd4+, Kb7] ...
Kb7 Gives us inValid move: Pawn can move diagonally only when capturing
8 .  .  .  .  .  .  .  .  
7 .  ♟  .  .  ♔  .  .  ♙  
6 .  ♚  ♜  .  .  .  ♙  .  
5 .  .  .  .  .  .  .  .  
4 .  .  .  ♕  .  .  .  .  
3 .  ♙  .  .  .  ♟  .  .  
2 .  .  .  .  .  .  ♟  ♟  
1 .  ♖  .  .  .  .  .  .  
  a  b  c  d  e  f  g  h

===== 8181 ===== 
[e4, Nc6, Nf3, d6, d4, Nf6, Bd3, e5, c3, g6, O-O, Bg7, Re1, O-O, h3, Re8, Nbd2, h6, Nf1, Bd7, Ng3, Qe7, Be3, Kh7, Qd2, a5, Rad1, a4, d5, Na5, c4, b6, Qc3, Nb7, b4, axb3] ...
axb3 Gives us inValid move: No such move for piece found: []
8 ♖  .  .  .  ♖  .  .  .  
7 .  ♘  ♙  ♗  ♕  ♙  ♗  ♔  
6 .  ♙  .  ♙  .  ♘  ♙  ♙  
5 .  .  .  ♟  ♙  .  .  .  
4 ♙  ♟  ♟  .  ♟  .  .  .  
3 .  .  ♛  ♝  ♝  ♞  ♞  ♟  
2 ♟  .  .  .  .  ♟  ♟  .  
1 .  .  .  ♜  ♜  .  ♚  .  
  a  b  c  d  e  f  g  h

===== 8190 ===== 
[e4, c5, a3, g6, Nc3, Bg7, Bc4, Nc6, d3, d6, h4, Nf6, Nge2, h5, Bg5, Nd4, Nxd4, cxd4, Nd5, Nxd5, Bxd5, Qb6, O-O, O-O, Bxe7, Re8, Bg5, Qxb2, Rb1, Qxa3, Qf3, Be6, Rxb7, Bxd5, exd5, Rf8, Be7, Rab8, Rd7, Qa4, Rxd6, Rfe8, Bf6, Bf8, Rc6, Rbc8, g3, a5, c4, dxc3] ...
dxc3 Gives us inValid move: No such move for piece found: []
8 .  .  ♖  .  ♖  ♗  ♔  .  
7 .  .  .  .  .  ♙  .  .  
6 .  .  ♜  .  .  ♝  ♙  .  
5 ♙  .  .  ♟  .  .  .  ♙  
4 ♕  .  ♟  ♙  .  .  .  ♟  
3 .  .  .  ♟  .  ♛  ♟  .  
2 .  .  .  .  .  ♟  .  .  
1 .  .  .  .  .  ♜  ♚  .  
  a  b  c  d  e  f  g  h

===== 8195 ===== 
[e4, g6, d4, Bg7, Nf3, d6, Be2, Nf6, Nc3, O-O, O-O, Nc6, Be3, e5, dxe5, dxe5, Qxd8, Rxd8, Rfd1, Bg4, Kf1, Bxf3, Bxf3, Nd4, Rac1, a6, Nd5, Nxd5, exd5, Rd7, Bxd4, exd4, Re1, Kf8, Ke2, Rad8, Kd3, Rd6, c4, dxc3] ...
dxc3 Gives us inValid move: No such move for piece found: []
8 .  .  .  ♖  .  ♔  .  .  
7 .  ♙  ♙  .  .  ♙  ♗  ♙  
6 ♙  .  .  ♖  .  .  ♙  .  
5 .  .  .  ♟  .  .  .  .  
4 .  .  ♟  ♙  .  .  .  .  
3 .  .  .  ♚  .  ♝  .  .  
2 ♟  ♟  .  .  .  ♟  ♟  ♟  
1 .  .  ♜  .  ♜  .  .  .  
  a  b  c  d  e  f  g  h

===== 8205 ===== 
[d4, Nf6, c4, e6, Nc3, Bb4, e3, O-O, Bd3, d5, a3, Bxc3+, bxc3, dxc4, Bxc4, c5, Nf3, Qc7, Be2, b6, Bb2, Ba6, c4, cxd4, Nxd4, Nbd7, O-O, Rac8, Nb5, Qb8, a4, Rfd8, Qd6, Bxb5, Qxb8, Nxb8, axb5, Rd2, Bxf6, gxf6, Rfe1, Rc7, Rad1, Rxd1, Rxd1, Nd7, g4, Kf8, Kg2, Ke7, Kg3, Nc5, f3, a5, bxa6] ...
bxa6 Gives us inValid move: No such move for piece found: []
8 .  .  .  .  .  .  .  .  
7 .  .  ♖  .  ♔  ♙  .  ♙  
6 .  ♙  .  .  ♙  ♙  .  .  
5 ♙  ♟  ♘  .  .  .  .  .  
4 .  .  ♟  .  .  .  ♟  .  
3 .  .  .  .  ♟  ♟  ♚  .  
2 .  .  .  .  ♝  .  .  ♟  
1 .  .  .  ♜  .  .  .  .  
  a  b  c  d  e  f  g  h

===== 8216 ===== 
[Nf3, c5, e3, Nf6, d4, e6, c4, d5, cxd5, exd5, Bb5+, Bd7, Bxd7+, Nbxd7, O-O, c4, a4, a6, a5, Bd6, b3, Rc8, bxc4, dxc4, Qa4, O-O, Ba3, b5, axb6] ...
axb6 Gives us inValid move: No such move for piece found: []
8 .  .  ♖  ♕  .  ♖  ♔  .  
7 .  .  .  ♘  .  ♙  ♙  ♙  
6 ♙  .  .  ♗  .  ♘  .  .  
5 ♟  ♙  .  .  .  .  .  .  
4 ♛  .  ♙  ♟  .  .  .  .  
3 ♝  .  .  .  ♟  ♞  .  .  
2 .  .  .  .  .  ♟  ♟  ♟  
1 ♜  ♞  .  .  .  ♜  ♚  .  
  a  b  c  d  e  f  g  h

===== 8223 ===== 
[e4, c5, Nf3, d6, Bb5+, Nd7, a4, Nf6] ...
Nf6 Gives us inValid move: more than one valid move, The notation is disambiguous
8 ♖  .  ♗  ♕  ♔  ♗  ♘  ♖  
7 ♙  ♙  .  ♘  ♙  ♙  ♙  ♙  
6 .  .  .  ♙  .  .  .  .  
5 .  ♝  ♙  .  .  .  .  .  
4 ♟  .  .  .  ♟  .  .  .  
3 .  .  .  .  .  ♞  .  .  
2 .  ♟  ♟  ♟  .  ♟  ♟  ♟  
1 ♜  ♞  ♝  ♛  ♚  .  .  ♜  
  a  b  c  d  e  f  g  h

===== 8246 ===== 
[e4, c6, d4, d5, exd5, cxd5, c3, Nc6, Bd3, Nf6, Bf4, Bg4, Qb3, Qc8, Nd2, e6, Ngf3, Be7, O-O, Bh5, Rae1, Bg6, Bxg6, hxg6, h4, a6, a4, Nh5, Bh2, Nf6, Bf4, Nh5, Bg5, Bxg5, hxg5, Qc7, Qxd5, Nf4, Qe4, O-O-O, g3, Nh3+, Kg2, Rh5, Qg4, Rdh8, Ne4, Ne7, Rh1, Nd5, Ne5, Kb8, Qf3, f5, gxf6] ...
gxf6 Gives us inValid move: No such move for piece found: [White pawn can only capture up diagonally]
8 .  ♔  .  .  .  .  .  ♖  
7 .  ♙  ♕  .  .  .  ♙  .  
6 ♙  .  .  .  ♙  .  ♙  .  
5 .  .  .  ♘  ♞  ♙  ♟  ♖  
4 ♟  .  .  ♟  ♞  .  .  .  
3 .  .  ♟  .  .  ♛  ♟  ♘  
2 .  ♟  .  .  .  ♟  ♚  .  
1 .  .  .  .  ♜  .  .  ♜  
  a  b  c  d  e  f  g  h

===== 8247 ===== 
[d4, Nf6, Nf3, d5, Bf4, Bf5, e3, e6, c4, Bxb1, Qxb1, Bb4+, Kd1, Bd6, Bg5, h6, Bh4, g5, Bg3, Ne4, Qc2, g4, Nd2, Bxg3, Nxe4, dxe4, hxg3, f5, Qb3, Nd7, c5, Ke7, Bc4, e5, Rh5, exd4, Rxf5, Rf8, Rxf8, Kxf8, exd4, Ne5, Qc3, Nxc4, Qxc4, b5, cxb6] ...
cxb6 Gives us inValid move: No such move for piece found: []
8 ♖  .  .  ♕  .  ♔  .  .  
7 ♙  .  ♙  .  .  .  .  .  
6 .  .  .  .  .  .  .  ♙  
5 .  ♙  ♟  .  .  .  .  .  
4 .  .  ♛  ♟  ♙  .  ♙  .  
3 .  .  .  .  .  .  ♟  .  
2 ♟  ♟  .  .  .  ♟  ♟  .  
1 ♜  .  .  ♚  .  .  .  .  
  a  b  c  d  e  f  g  h

===== 8249 ===== 
[e4, e6, d4, d5, Nc3, dxe4, Nxe4, Bd7, Nf3, Bc6, Bd3, Nd7, O-O, Ngf6, Ng3, g6, Qe2, Bg7, Ne5, Nxe5, dxe5, Nd7, f4, O-O, Be4, Bxe4, Nxe4, Qe7, Be3, Rfd8, Rad1, f5, exf6] ...
exf6 Gives us inValid move: No such move for piece found: []
8 ♖  .  .  ♖  .  .  ♔  .  
7 ♙  ♙  ♙  ♘  ♕  .  ♗  ♙  
6 .  .  .  .  ♙  .  ♙  .  
5 .  .  .  .  ♟  ♙  .  .  
4 .  .  .  .  ♞  ♟  .  .  
3 .  .  .  .  ♝  .  .  .  
2 ♟  ♟  ♟  .  ♛  .  ♟  ♟  
1 .  .  .  ♜  .  ♜  ♚  .  
  a  b  c  d  e  f  g  h

===== 8260 ===== 
[f4, c5, Nf3, Nc6, e4, e6, Nc3, Nge7, g3, d5, d3, dxe4, dxe4, Qxd1+, Nxd1, b6, c3, Bb7, Nf2, h5, Be3, Ng8, O-O-O, Nf6, Bb5, a6, Ba4, Be7, Ne5, b5, Nxc6, Bxc6, Bc2, Ng4, Nxg4, hxg4, Rd2, Rd8, Rhd1, Rxd2, Rxd2, Rh5, e5, Rh8, Bd1, Bf3, Bxf3, gxf3, Rf2, f5, exf6] ...
exf6 Gives us inValid move: No such move for piece found: []
8 .  .  .  .  ♔  .  .  ♖  
7 .  .  .  .  ♗  .  ♙  .  
6 ♙  .  .  .  ♙  .  .  .  
5 .  ♙  ♙  .  ♟  ♙  .  .  
4 .  .  .  .  .  ♟  .  .  
3 .  .  ♟  .  ♝  ♙  ♟  .  
2 ♟  ♟  .  .  .  ♜  .  ♟  
1 .  .  ♚  .  .  .  .  .  
  a  b  c  d  e  f  g  h

===== 8310 ===== 
[Nf3, g6, g3, Bg7, Bg2, e5, d3, d5, O-O, Ne7, e4, O-O, Nc3, dxe4, dxe4, c6, Be3, f6, Qe2, Be6, Rad1, Qe8, a4, Nd7, a5, Nc8, b3, Qe7, Na4, b5, axb6] ...
axb6 Gives us inValid move: No such move for piece found: []
8 ♖  .  ♘  .  .  ♖  ♔  .  
7 ♙  .  .  ♘  ♕  .  ♗  ♙  
6 .  .  ♙  .  ♗  ♙  ♙  .  
5 ♟  ♙  .  .  ♙  .  .  .  
4 ♞  .  .  .  ♟  .  .  .  
3 .  ♟  .  .  ♝  ♞  ♟  .  
2 .  .  ♟  .  ♛  ♟  ♝  ♟  
1 .  .  .  ♜  .  ♜  ♚  .  
  a  b  c  d  e  f  g  h

===== 8326 ===== 
[d4, Nf6, c4, e6, g3, d5, Bg2, Bb4+, Nd2, O-O, Nf3] ...
Nf3 Gives us inValid move: more than one valid move, The notation is disambiguous
8 ♖  ♘  ♗  ♕  .  ♖  ♔  .  
7 ♙  ♙  ♙  .  .  ♙  ♙  ♙  
6 .  .  .  .  ♙  ♘  .  .  
5 .  .  .  ♙  .  .  .  .  
4 .  ♗  ♟  ♟  .  .  .  .  
3 .  .  .  .  .  .  ♟  .  
2 ♟  ♟  .  ♞  ♟  ♟  ♝  ♟  
1 ♜  .  ♝  ♛  ♚  .  ♞  ♜  
  a  b  c  d  e  f  g  h

===== 8343 ===== 
[e4, e5, Nf3, Nc6, d4, exd4, Nxd4, Bb4+, c3, Bc5, Nf5, g6, Be3, Bf8, Nd4, Bg7, g3, Nf6, Bg2, O-O, O-O, Re8, Nd2, d6, h3, Ne5, f4, Ned7, Bf2, Nc5, Qc2, Bd7, Rfe1, a5, Rad1, Qc8, Kh2, h5, N4f3, Ne6, e5, dxe5, Nxe5, h4, Nxd7, Nxd7, f5, Nef8, g4, Be5+, Kh1, Bg3, Bxg3, hxg3, Ne4, gxf5, gxf5, Ra6, Qd3, Kh8, Qxg3, Nh7, Qh4, Nf6] ...
Nf6 Gives us inValid move: more than one valid move, The notation is disambiguous
8 .  .  ♕  .  ♖  .  .  ♔  
7 .  ♙  ♙  ♘  .  ♙  .  ♘  
6 ♖  .  .  .  .  .  .  .  
5 ♙  .  .  .  .  ♟  .  .  
4 .  .  .  .  ♞  .  .  ♛  
3 .  .  ♟  .  .  .  .  ♟  
2 ♟  ♟  .  .  .  .  ♝  .  
1 .  .  .  ♜  ♜  .  .  ♚  
  a  b  c  d  e  f  g  h

===== 8360 ===== 
[e4, e6, d3, d5, Qe2, Be7, Nf3, Nf6, g3, c5, Bg2, Nc6, O-O, b6, e5, Nd7, c4, dxc4, dxc4, Bb7, Nc3, h6, Rd1, a6, h4, Qc7, h5, O-O-O, Bf4, g5, hxg6] ...
hxg6 Gives us inValid move: No such move for piece found: []
8 .  .  ♔  ♖  .  .  .  ♖  
7 .  ♗  ♕  ♘  ♗  ♙  .  .  
6 ♙  ♙  ♘  .  ♙  .  .  ♙  
5 .  .  ♙  .  ♟  .  ♙  ♟  
4 .  .  ♟  .  .  ♝  .  .  
3 .  .  ♞  .  .  ♞  ♟  .  
2 ♟  ♟  .  .  ♛  ♟  ♝  .  
1 ♜  .  .  ♜  .  .  ♚  .  
  a  b  c  d  e  f  g  h

===== 8363 ===== 
[Nf3, d5, d4, a6, a4, Bf5, g3, e6, Bg2, Nf6, O-O, h6, Nbd2, c5, c4, Nc6, cxd5, exd5, dxc5, Bxc5, Nb3, Ba7, Nbd4, Nxd4, Nxd4, Be4, b3, O-O, Bb2, Re8, Rc1, Rc8, e3, Qd7, Qe2, Bb6, Rfd1, Rxc1, Rxc1, Rc8, Qd1, Bxg2, Kxg2, Rxc1, Qxc1, Bxd4, Bxd4, Ne4, Qb2, Ng5, Qe2, Qh3+, Kg1, h5, Bc5, Qg4, Qxg4, hxg4, Bb4, Kh7, h4, gxh3] ...
gxh3 Gives us inValid move: No such move for piece found: [Black pawn can only capture down diagonally]
8 .  .  .  .  .  .  .  .  
7 .  ♙  .  .  .  ♙  ♙  ♔  
6 ♙  .  .  .  .  .  .  .  
5 .  .  .  ♙  .  .  ♘  .  
4 ♟  ♝  .  .  .  .  ♙  ♟  
3 .  ♟  .  .  ♟  .  ♟  .  
2 .  .  .  .  .  ♟  .  .  
1 .  .  .  .  .  .  ♚  .  
  a  b  c  d  e  f  g  h

===== 8386 ===== 
[h3, d5, c4, c6, Nf3, g6, cxd5, cxd5, d4, Bg7, Nc3, Nf6, Bf4, Nc6, e3, O-O, Be2, a6, O-O, Bf5, Rc1, Rc8, Qb3, b5, Ne5, Nxe5, Bxe5, Ne4, Nxe4, Bxe4, Bxg7, Kxg7, Rc5, e5, Rfc1, Rxc5, dxc5, Bf5, Rd1, Be6, Qc3, Qc7, b4, Rd8, Qa1, d4, exd4, exd4, Rxd4, Qe5, Rd1, Rxd1+, Qxd1, Bxa2, Bf3, Qc3, c6, Be6, Qd6, h5, c7, Kh7, Kh2, Qc1, Bb7, h4, Bxa6, Qc2, Qc5, Qe4, c8=Q, Bxc8] ...
Bxc8 Gives us inValid move: Pawn can move diagonally only when capturing
8 .  .  .  .  .  .  .  .  
7 .  .  ♟  .  .  ♙  .  ♔  
6 ♝  .  .  .  ♗  .  ♙  .  
5 .  ♙  ♛  .  .  .  .  .  
4 .  ♟  .  .  ♕  .  .  ♙  
3 .  .  .  .  .  .  .  ♟  
2 .  .  .  .  .  ♟  ♟  ♚  
1 .  .  .  .  .  .  .  .  
  a  b  c  d  e  f  g  h

===== 8384 ===== 
[d4, Nf6, c4, e6, Nc3, Bb4, e3, O-O, Ne2] ...
Ne2 Gives us inValid move: more than one valid move, The notation is disambiguous
8 ♖  ♘  ♗  ♕  .  ♖  ♔  .  
7 ♙  ♙  ♙  ♙  .  ♙  ♙  ♙  
6 .  .  .  .  ♙  ♘  .  .  
5 .  .  .  .  .  .  .  .  
4 .  ♗  ♟  ♟  .  .  .  .  
3 .  .  ♞  .  ♟  .  .  .  
2 ♟  ♟  .  .  .  ♟  ♟  ♟  
1 ♜  .  ♝  ♛  ♚  ♝  ♞  ♜  
  a  b  c  d  e  f  g  h

===== 8388 ===== 
[d4, f5, Nc3, d5, Bf4, a6, e3, e6, Nf3, Nf6, Bd3, c5, dxc5, Bxc5, O-O, Nc6, Ne2, Qe7, Ned4, Bd7, c4, O-O, Rc1, Rac8, cxd5, Nxd5, Nxf5, exf5, Bc4, Nb4] ...
Nb4 Gives us inValid move: more than one valid move, The notation is disambiguous
8 .  .  ♖  .  .  ♖  ♔  .  
7 .  ♙  .  ♗  ♕  .  ♙  ♙  
6 ♙  .  ♘  .  .  .  .  .  
5 .  .  ♗  ♘  .  ♙  .  .  
4 .  .  ♝  .  .  ♝  .  .  
3 .  .  .  .  ♟  ♞  .  .  
2 ♟  ♟  .  .  .  ♟  ♟  ♟  
1 .  .  ♜  ♛  .  ♜  ♚  .  
  a  b  c  d  e  f  g  h

===== 8400 ===== 
[d4, Nf6, c4, g6, Nf3, Bg7, e3, O-O, Be2, d6, Nc3, Nc6, d5, Nb4, a3, Na6, Nd4, e5, dxe6] ...
dxe6 Gives us inValid move: No such move for piece found: []
8 ♖  .  ♗  ♕  .  ♖  ♔  .  
7 ♙  ♙  ♙  .  .  ♙  ♗  ♙  
6 ♘  .  .  ♙  .  ♘  ♙  .  
5 .  .  .  ♟  ♙  .  .  .  
4 .  .  ♟  ♞  .  .  .  .  
3 ♟  .  ♞  .  ♟  .  .  .  
2 .  ♟  .  .  ♝  ♟  ♟  ♟  
1 ♜  .  ♝  ♛  ♚  .  .  ♜  
  a  b  c  d  e  f  g  h

===== 8415 ===== 
[e4, c5, Nc3, d6, d4, cxd4, Qxd4, Nc6, Qd2, Nf6, b3, e6, Bb2, a6, O-O-O, b5, f3, h5, Nh3, Be7, Ng5, h4, f4, Bb7, Kb1, Rc8, Be2, Qc7, Rhe1, Nh7, Nxh7, Rxh7, g4, hxg3] ...
hxg3 Gives us inValid move: No such move for piece found: []
8 .  .  ♖  .  ♔  .  .  .  
7 .  ♗  ♕  .  ♗  ♙  ♙  ♖  
6 ♙  .  ♘  ♙  ♙  .  .  .  
5 .  ♙  .  .  .  .  .  .  
4 .  .  .  .  ♟  ♟  ♟  ♙  
3 .  ♟  ♞  .  .  .  .  .  
2 ♟  ♝  ♟  ♛  ♝  .  .  ♟  
1 .  ♚  .  ♜  ♜  .  .  .  
  a  b  c  d  e  f  g  h

===== 8426 ===== 
[d4, Nf6, c4, e6, Nc3, Bb4, e3, O-O, Bd3, c5, Ne2] ...
Ne2 Gives us inValid move: more than one valid move, The notation is disambiguous
8 ♖  ♘  ♗  ♕  .  ♖  ♔  .  
7 ♙  ♙  .  ♙  .  ♙  ♙  ♙  
6 .  .  .  .  ♙  ♘  .  .  
5 .  .  ♙  .  .  .  .  .  
4 .  ♗  ♟  ♟  .  .  .  .  
3 .  .  ♞  ♝  ♟  .  .  .  
2 ♟  ♟  .  .  .  ♟  ♟  ♟  
1 ♜  .  ♝  ♛  ♚  .  ♞  ♜  
  a  b  c  d  e  f  g  h

===== 8428 ===== 
[e4, e5, Nf3, Nc6, Bb5, Nf6, d3, Bc5, Bxc6, dxc6, Qe2, Qe7, Nbd2, Bg4, h3, Bh5, a3, Nd7, b4, Bb6, Nc4, a5, Rb1, axb4, axb4, Ra2, O-O, O-O, Rb2, Rfa8, c3, Ra1, Rc2, f6, Rd1, Nf8, Nxb6, cxb6, Be3, Ne6, Rd2] ...
Rd2 Gives us inValid move: more than one valid move, The notation is disambiguous
8 ♖  .  .  .  .  .  ♔  .  
7 .  ♙  .  .  ♕  .  ♙  ♙  
6 .  ♙  ♙  .  ♘  ♙  .  .  
5 .  .  .  .  ♙  .  .  ♗  
4 .  ♟  .  .  ♟  .  .  .  
3 .  .  ♟  ♟  ♝  ♞  .  ♟  
2 .  .  ♜  .  ♛  ♟  ♟  .  
1 ♖  .  .  ♜  .  .  ♚  .  
  a  b  c  d  e  f  g  h

===== 8429 ===== 
[e4, e5, Nf3, Nc6, Bb5, a6, Ba4, Nf6, O-O, Bc5, c3, O-O, d4, Ba7, dxe5, Nxe4, Qd5, Nc5, Bc2, Ne7, Qd1, d5, exd6] ...
exd6 Gives us inValid move: No such move for piece found: []
8 ♖  .  ♗  ♕  .  ♖  ♔  .  
7 ♗  ♙  ♙  .  ♘  ♙  ♙  ♙  
6 ♙  .  .  .  .  .  .  .  
5 .  .  ♘  ♙  ♟  .  .  .  
4 .  .  .  .  .  .  .  .  
3 .  .  ♟  .  .  ♞  .  .  
2 ♟  ♟  ♝  .  .  ♟  ♟  ♟  
1 ♜  ♞  ♝  ♛  .  ♜  ♚  .  
  a  b  c  d  e  f  g  h

===== 8439 ===== 
[d4, Nf6, Nf3, d5, c4, e6, Bg5, Bb4+, Nc3, h6, Bxf6, Qxf6, e3, O-O, Rc1, dxc4, Bxc4, c5, dxc5, Nd7, O-O, Nxc5, Nb5, a6, Nbd4, b5, Be2, e5, Nc2, Rd8, Nxb4, Rxd1, Rfxd1, a5, Nd5, Qd6, Nxe5, Bb7, Bf3, Rc8, Ng4, Qf8, h4, Nd7, Rxc8, Bxc8, a3, h5, Nh2, g6, Be2, Ne5, Bxb5, Bb7, Nc3, Qe7, Rd4, Qe6, Nf1, Qb3, Rd2, Nc4, Rd7, Nxb2, Rxb7, Qxc3, Be8, Kf8, Bxf7, Qc6, Rxb2, Kxf7, Rd2, Qa4, Rd3, Qxh4, Rd7+, Kg8, Rd4, Qe7, a4, Qa3, g3, Qa1, Kg2, g5, Nd2, g4, Ne4, Qc1, Nf6+, Kf7, Nxh5, Qc6+, Kg1, Qc1+, Kh2, Kg6, Nf4+, Kf6, Ng2, Kg5, Rf4, Qd1, Nh4, Qc2, Nf5, Qd3, e4, Qd7, e5, Qh7+, Kg1, Qg6, Nd6, Qe6, Rf5+, Qxf5, Nxf5, Kxf5, f4, gxf3] ...
gxf3 Gives us inValid move: No such move for piece found: []
8 .  .  .  .  .  .  .  .  
7 .  .  .  .  .  .  .  .  
6 .  .  .  .  .  .  .  .  
5 ♙  .  .  .  ♟  ♔  .  .  
4 ♟  .  .  .  .  ♟  ♙  .  
3 .  .  .  .  .  .  ♟  .  
2 .  .  .  .  .  .  .  .  
1 .  .  .  .  .  .  ♚  .  
  a  b  c  d  e  f  g  h

===== 8446 ===== 
[e4, c5, Nf3, d6, d4, cxd4, Nxd4, Nf6, Nc3, a6, f3, e5, Nb3, Be6, Be3, h5, Qd2, Nbd7, Nd5, Bxd5, exd5, g6, Be2, Bg7, O-O, a5, a4, O-O, Bb5, Qc7, c4, b6, h3, Nc5, Nxc5, bxc5, Ra3, Nh7, Rb3, f5, Bc6, Rab8, Rb5, f4, Bf2, e4, Qc2, Qe7, Qxe4, Qxe4, fxe4, Ng5, Re1, Nf7, Rb1, Ng5, Rxa5, Rb3, Rb5, Rd3, Re1, f3, h4, Nf7, a5, Ne5, a6, Rd2, a7, fxg2, a8=Q, Nf3+, Kxg2, Nxe1+, Kf1, Rxf2+] ...
Rxf2+ Gives us inValid move: more than one valid move, The notation is disambiguous
8 ♛  .  .  .  .  ♖  ♔  .  
7 .  .  .  .  .  .  ♗  .  
6 .  .  ♝  ♙  .  .  ♙  .  
5 .  ♜  ♙  ♟  .  .  .  ♙  
4 .  .  ♟  .  ♟  .  .  ♟  
3 .  .  .  .  .  .  .  .  
2 .  ♟  .  ♖  .  ♝  .  .  
1 .  .  .  .  ♘  ♚  .  .  
  a  b  c  d  e  f  g  h

===== 8444 ===== 
[e4, c5, Na3, g6, Nf3, Bg7, c3, d5, exd5, Qxd5, Bc4, Qe4+, Kf1, Be6, Qa4+, Nd7, d4, Nf6] ...
Nf6 Gives us inValid move: more than one valid move, The notation is disambiguous
8 ♖  .  .  .  ♔  .  ♘  ♖  
7 ♙  ♙  .  ♘  ♙  ♙  ♗  ♙  
6 .  .  .  .  ♗  .  ♙  .  
5 .  .  ♙  .  .  .  .  .  
4 ♛  .  ♝  ♟  ♕  .  .  .  
3 ♞  .  ♟  .  .  ♞  .  .  
2 ♟  ♟  .  .  .  ♟  ♟  ♟  
1 ♜  .  ♝  .  .  ♚  .  ♜  
  a  b  c  d  e  f  g  h

===== 8450 ===== 
[c4, e6, Nc3, Bb4, g3, Nf6, Bg2, O-O, Nf3, d5, a3, Be7, d4, dxc4, Ne5, Nc6, Bxc6, bxc6, Nxc6, Qe8, Nxe7+, Qxe7, Qa4, c5, dxc5, Qxc5, Be3, Qc7, Rd1, Nd5, Bd4, Rd8, Nxd5, exd5, Qc2, Qe7, O-O, Bh3, Rfe1, Rd7, Bc3, Re8, Rd4, Qg5, Qd2, Qxd2, Rxd2, Be6, Red1, Rde7, f3, h5, Kf2, f6, Rd4, Kh7, R1d2, Bf7, h3, a6, Rf4, Kg8, Bd4, Kh7, Bc3, Kg8, g4, hxg4, hxg4, Kh7, Rf5, Rb7, Rfxd5, Bxd5, Rxd5, Kg6, Rc5, Rh8, Kg3, Rb6, Rxc4, Rh1, Rc7, Rc1, Rd7, Rc6, a4, Rg1+, Kf2, Ra1, a5, Ra4, Kg3, Rac4, Ra7, Re6, e4, Rc8, Rd7, Rec6, f4, R8c7, f5+, Kh7, Rd8, Rc8, Rd3, Re8, Rd4, Rc7, Kf4, Rce7, Rc4, Kh6, Kf3, Rd7, Bd4, Kh7, b4, Rd6, Ke3, Kh6, Rc1, Kh7, Bb6, Rd7, Bc5, Red8, Rh1+, Kg8, Kf4, Re8, Re1, g5+, fxg6] ...
fxg6 Gives us inValid move: No such move for piece found: []
8 .  .  .  .  ♖  .  ♔  .  
7 .  .  .  ♖  .  .  .  .  
6 ♙  .  .  .  .  ♙  .  .  
5 ♟  .  ♝  .  .  ♟  ♙  .  
4 .  ♟  .  .  ♟  ♚  ♟  .  
3 .  .  .  .  .  .  .  .  
2 .  .  .  .  .  .  .  .  
1 .  .  .  .  ♜  .  .  .  
  a  b  c  d  e  f  g  h

===== 8468 ===== 
[e4, c5, Nf3, Nc6, d4, cxd4, Nxd4, Nf6, Nc3, e5, Ndb5, d6, Nd5, Nxd5, exd5, Nb8, a4, Be7, Be2, O-O, O-O, Nd7, Bd2, f5, a5, a6, Na3, e4, Nc4, Ne5, Nb6, Rb8, f4, exf3] ...
exf3 Gives us inValid move: No such move for piece found: []
8 .  ♖  ♗  ♕  .  ♖  ♔  .  
7 .  ♙  .  .  ♗  .  ♙  ♙  
6 ♙  ♞  .  ♙  .  .  .  .  
5 ♟  .  .  ♟  ♘  ♙  .  .  
4 .  .  .  .  ♙  ♟  .  .  
3 .  .  .  .  .  .  .  .  
2 .  ♟  ♟  ♝  ♝  .  ♟  ♟  
1 ♜  .  .  ♛  .  ♜  ♚  .  
  a  b  c  d  e  f  g  h

===== 8477 ===== 
[e4, c5, Nf3, e6, c4, Nc6, d4, cxd4, Nxd4, Bc5, Nc2, Nf6, Nc3, O-O, Be3, b6, Be2, Bb7, O-O, Qe7, Qd2, Rfd8, Rfd1, Ne5, Bxc5, bxc5, f4, Ng6, Qe3, d6, Rd2, a6, Rad1, Qc7, b3, h6, g3, Rd7, Bf3, Re8, Qf2, Ne7, h3, Red8, Bg2, Nc6, g4, Qa5, Na4, Qc7, e5, dxe5, Nxc5, Rxd2, Rxd2, Rxd2, Qxd2, Ba8, fxe5, Qxe5, Nd7, Qb2, Qd6, Nxd7, Qxd7, Qxc2, Qe8+, Kh7, Qxa8, Qd1+, Kh2, Qd6+, Kh1, Nd4, Qe4+, f5, gxf5, exf5, Qe3, Ne6, b4, Ng5, c5, Qf6, c6, Ne6, a4, Nc7, Qf4, Ne6, Qd6, Qa1+, Kh2, Nd4, c7, Qc3, Qc5, Qe3, c8=Q, f4, Qg4] ...
Qg4 Gives us inValid move: queen can not move
8 .  .  .  .  .  .  .  .  
7 .  .  ♟  .  .  .  ♙  ♔  
6 ♙  .  .  .  .  .  .  ♙  
5 .  .  ♛  .  .  .  .  .  
4 ♟  ♟  .  ♘  .  ♙  .  .  
3 .  .  .  .  ♕  .  .  ♟  
2 .  .  .  .  .  .  ♝  ♚  
1 .  .  .  .  .  .  .  .  
  a  b  c  d  e  f  g  h

===== 8481 ===== 
[d4, d5, c4, e6, Nc3, Bb4, e3, Nf6, Ne2] ...
Ne2 Gives us inValid move: more than one valid move, The notation is disambiguous
8 ♖  ♘  ♗  ♕  ♔  .  .  ♖  
7 ♙  ♙  ♙  .  .  ♙  ♙  ♙  
6 .  .  .  .  ♙  ♘  .  .  
5 .  .  .  ♙  .  .  .  .  
4 .  ♗  ♟  ♟  .  .  .  .  
3 .  .  ♞  .  ♟  .  .  .  
2 ♟  ♟  .  .  .  ♟  ♟  ♟  
1 ♜  .  ♝  ♛  ♚  ♝  ♞  ♜  
  a  b  c  d  e  f  g  h

===== 8535 ===== 
[e4, e5, Nf3, Nc6, Bb5, a6, Ba4, Nf6, O-O, Bc5, c3, O-O, d4, Ba7, dxe5, Nxe4, Bc2, d5, exd6] ...
exd6 Gives us inValid move: No such move for piece found: []
8 ♖  .  ♗  ♕  .  ♖  ♔  .  
7 ♗  ♙  ♙  .  .  ♙  ♙  ♙  
6 ♙  .  ♘  .  .  .  .  .  
5 .  .  .  ♙  ♟  .  .  .  
4 .  .  .  .  ♘  .  .  .  
3 .  .  ♟  .  .  ♞  .  .  
2 ♟  ♟  ♝  .  .  ♟  ♟  ♟  
1 ♜  ♞  ♝  ♛  .  ♜  ♚  .  
  a  b  c  d  e  f  g  h

===== 8537 ===== 
[c4, e5, g3, Nf6, Nc3, Bb4, e4, Bxc3, dxc3, d6, f3, a5, Nh3, a4, Nf2, Be6, Bd3, Nbd7, Qe2, c6, f4, Nb6, Be3, c5, O-O-O, Qe7, f5, Bd7, g4, h6, h4, O-O-O, g5, Ne8, Bd2, hxg5, hxg5, Nc7, Ng4, Rdg8, Rh2, Qf8, Rdh1, Kb8, b4, axb3] ...
axb3 Gives us inValid move: No such move for piece found: []
8 .  ♔  .  .  .  ♕  ♖  ♖  
7 .  ♙  ♘  ♗  .  ♙  ♙  .  
6 .  ♘  .  ♙  .  .  .  .  
5 .  .  ♙  .  ♙  ♟  ♟  .  
4 ♙  ♟  ♟  .  ♟  .  ♞  .  
3 .  .  ♟  ♝  .  .  .  .  
2 ♟  .  .  ♝  ♛  .  .  ♜  
1 .  .  ♚  .  .  .  .  ♜  
  a  b  c  d  e  f  g  h

===== 8539 ===== 
[Nf3, Nf6, g3, g6, Bg2, Bg7, O-O, O-O, d4, d6, b3, b5, Bb2, Bb7, Nbd2, Nbd7, c4, bxc4, Nxc4, a5, Rc1, c5, dxc5, Nxc5, Bd4, Ncd7, a4, Ra6, Na3, Qa8, Nb5, Rc6, Rxc6, Bxc6, Ne1, Bxg2, Nxg2, Rc8, Na7, Rd8, Qc2, e5, Be3, d5, Nc6, Re8, Bd2, Ne4, Nxa5, Rc8, Qa2, Ndf6, Be1, Nc3, Bxc3, Rxc3, b4, Bf8, Qb2, d4, e3, Ne4, exd4, exd4, Nb3, d3, Rc1, Rxc1+, Qxc1, Qxa4, Qc4, Nc5, Nd2, Qa1+, Nf1, d2, Ne3] ...
Ne3 Gives us inValid move: more than one valid move, The notation is disambiguous
8 .  .  .  .  .  ♗  ♔  .  
7 .  .  .  .  .  ♙  .  ♙  
6 .  .  .  .  .  .  ♙  .  
5 .  .  ♘  .  .  .  .  .  
4 .  ♟  ♛  .  .  .  .  .  
3 .  .  .  .  .  .  ♟  .  
2 .  .  .  ♙  .  ♟  ♞  ♟  
1 ♕  .  .  .  .  ♞  ♚  .  
  a  b  c  d  e  f  g  h

===== 8550 ===== 
[e4, c5, Nf3, Nc6, Bb5, g6, Bxc6, dxc6, d3, Bg7, h3, e5, Be3, b6, a3, f5, b4, cxb4, axb4, Nh6, Na3, Nf7, Qc1, O-O, Ng5, Nd6, Bd2, h6, Nf3, fxe4, dxe4, Kh7, Be3, Nxe4, Nc4, Be6, Ncxe5, Qd6, Nd3, Bc3+, Ke2, Bxa1, Qxa1, a5, Qe5, Qxe5, Nfxe5, axb4, Nxc6, b3, Rc1, Bc4, Bd4, Rae8, Ne5] ...
Ne5 Gives us inValid move: more than one valid move, The notation is disambiguous
8 .  .  .  .  ♖  ♖  .  .  
7 .  .  .  .  .  .  .  ♔  
6 .  ♙  ♞  .  .  .  ♙  ♙  
5 .  .  .  .  .  .  .  .  
4 .  .  ♗  ♝  ♘  .  .  .  
3 .  ♙  .  ♞  .  .  .  ♟  
2 .  .  ♟  .  ♚  ♟  ♟  .  
1 .  .  ♜  .  .  .  .  .  
  a  b  c  d  e  f  g  h

===== 8566 ===== 
[e4, c5, Nf3, Nc6, d4, cxd4, Nxd4, Nf6, Nc3, e5, Ndb5, d6, Bg5, a6, Na3, b5, Bxf6, gxf6, Nd5, Bg7, c3, f5, exf5, Bxf5, Nc2, O-O, Nce3, Be6, Bd3, f5, O-O, e4, Nf4, Bf7, Bc2, Be5, Nfd5, Kh8, f4, exf3] ...
exf3 Gives us inValid move: No such move for piece found: []
8 ♖  .  .  ♕  .  ♖  .  ♔  
7 .  .  .  .  .  ♗  .  ♙  
6 ♙  .  ♘  ♙  .  .  .  .  
5 .  ♙  .  ♞  ♗  ♙  .  .  
4 .  .  .  .  ♙  ♟  .  .  
3 .  .  ♟  .  ♞  .  .  .  
2 ♟  ♟  ♝  .  .  .  ♟  ♟  
1 ♜  .  .  ♛  .  ♜  ♚  .  
  a  b  c  d  e  f  g  h

===== 8572 ===== 
[d4, Nf6, c4, e6, Nc3, Bb4, e3, O-O, Bd3, d5, cxd5, exd5, Ne2] ...
Ne2 Gives us inValid move: more than one valid move, The notation is disambiguous
8 ♖  ♘  ♗  ♕  .  ♖  ♔  .  
7 ♙  ♙  ♙  .  .  ♙  ♙  ♙  
6 .  .  .  .  .  ♘  .  .  
5 .  .  .  ♙  .  .  .  .  
4 .  ♗  .  ♟  .  .  .  .  
3 .  .  ♞  ♝  ♟  .  .  .  
2 ♟  ♟  .  .  .  ♟  ♟  ♟  
1 ♜  .  ♝  ♛  ♚  .  ♞  ♜  
  a  b  c  d  e  f  g  h

===== 8578 ===== 
[c4, e5, Nc3, Nf6, Nf3, Nc6, e3, Bb4, Nd5, e4, Ng1, O-O, a3, Bd6, Nxf6+, Qxf6, f4, exf3] ...
exf3 Gives us inValid move: No such move for piece found: []
8 ♖  .  ♗  .  .  ♖  ♔  .  
7 ♙  ♙  ♙  ♙  .  ♙  ♙  ♙  
6 .  .  ♘  ♗  .  ♕  .  .  
5 .  .  .  .  .  .  .  .  
4 .  .  ♟  .  ♙  ♟  .  .  
3 ♟  .  .  .  ♟  .  .  .  
2 .  ♟  .  ♟  .  .  ♟  ♟  
1 ♜  .  ♝  ♛  ♚  ♝  ♞  ♜  
  a  b  c  d  e  f  g  h

===== 8596 ===== 
[e4, e5, Nf3, Nc6, Bb5, a6, Ba4, Nf6, d3, b5, Bb3, Bc5, c3, d6, Bg5, h6, Bh4, g5, Bg3, Bb6, Nbd2, Na5, Bc2, Nh5, a4, Rb8, b4, Nxg3, hxg3, Nc6, Nf1, Qf6, Qe2, Ne7, Ne3, h5, Bb3, c6, axb5, axb5, d4, g4, dxe5, dxe5, Nh4, Qg5, O-O, O-O, Rad1, Ra8, Kh2, Ra3, Qb2, Ra7, Rd6, Kg7, c4, Bc7, f4, gxf3] ...
gxf3 Gives us inValid move: No such move for piece found: []
8 .  .  ♗  .  .  ♖  .  .  
7 ♖  .  ♗  .  ♘  ♙  ♔  .  
6 .  .  ♙  ♜  .  .  .  .  
5 .  ♙  .  .  ♙  .  ♕  ♙  
4 .  ♟  ♟  .  ♟  ♟  ♙  ♞  
3 .  ♝  .  .  ♞  .  ♟  .  
2 .  ♛  .  .  .  .  ♟  ♚  
1 .  .  .  .  .  ♜  .  .  
  a  b  c  d  e  f  g  h

===== 8598 ===== 
[e4, c5, Nf3, Nc6, d4, cxd4, Nxd4, Nf6, Nc3, e5, Ndb5, d6, Bg5, a6, Na3, b5, Nd5, Be7, Bxf6, Bxf6, c3, O-O, Nc2, Rb8, h4, g6, g3, Bg7, h5, Ne7, Nce3, Nxd5, Nxd5, Be6, Bh3, Bxd5, Qxd5, b4, c4, Qc7, O-O, Rb6, b3, Rd8, a4, bxa3] ...
bxa3 Gives us inValid move: No such move for piece found: []
8 .  .  .  ♖  .  .  ♔  .  
7 .  .  ♕  .  .  ♙  ♗  ♙  
6 ♙  ♖  .  ♙  .  .  ♙  .  
5 .  .  .  ♛  ♙  .  .  ♟  
4 ♟  ♙  ♟  .  ♟  .  .  .  
3 .  ♟  .  .  .  .  ♟  ♝  
2 .  .  .  .  .  ♟  .  .  
1 ♜  .  .  .  .  ♜  ♚  .  
  a  b  c  d  e  f  g  h

===== 8605 ===== 
[e4, e5, Nf3, Nc6, Bb5, a6, Ba4, Nf6, O-O, Nxe4, d4, Be7, Re1, b5, Rxe4, d5, Nxe5, Nxe5, Rxe5, bxa4, Nc3, O-O, Re1, Bd6, Qh5, a3, Nxd5, axb2, Bxb2, Rb8, Rab1, Re8, Ne3, Bf4, d5, Rb4, c4, Bxe3, Rxe3, Rxe3, fxe3, Rxc4, Bd4, c5, Ba1, f6, h3, Qe7, Qf3, h6, Re1, Re4, Kf2, Bd7, Rd1, Kh7, Rd2, Qe8, Bb2, Ra4, a3, Rc4, Re2, Qg6, e4, Ba4, d6, Bc6, Qg3, Qxg3+, Kxg3, Kg6, e5, fxe5, Bxe5, h5, Bb2, h4+, Kh2, Kf5, Bxg7, Re4, Rxe4, Kxe4, Bf6, c4, Bxh4, c3, Bf6, c2, Bb2, Kd5, g4, Kxd6, Kg3, Bb5, Kf3, Ke7, h4, Kf8, h5, Be8, Kg3, Kg8, Kh4, Kh7, Kg5, Bd7, Kf4, a5, Kg5, a4, Kf4, Be6, g5, Bf7, g6+, Bxg6, hxg6+, Kxg6, Ke5, Kf7, Kd6, Ke8, Bc1, Kd8, Kc6, Kc8, Bf4, c1=Q+, Bxc1] ...
Bxc1 Gives us inValid move: Pawn can move diagonally only when capturing
8 .  .  ♔  .  .  .  .  .  
7 .  .  .  .  .  .  .  .  
6 .  .  ♚  .  .  .  .  .  
5 .  .  .  .  .  .  .  .  
4 ♙  .  .  .  .  ♝  .  .  
3 ♟  .  .  .  .  .  .  .  
2 .  .  ♙  .  .  .  .  .  
1 .  .  .  .  .  .  .  .  
  a  b  c  d  e  f  g  h

===== 8618 ===== 
[d4, Nf6, c4, g6, Nc3, d5, Nf3, Bg7, Qb3, dxc4, Qxc4, O-O, e4, Nc6, h3, Nd7, Be3, Nb6, Qc5, a5, Rc1, Nd7, Qa3, e5, d5, Nd4, Nb5, c5, dxc6] ...
dxc6 Gives us inValid move: No such move for piece found: []
8 ♖  .  ♗  ♕  .  ♖  ♔  .  
7 .  ♙  .  ♘  .  ♙  ♗  ♙  
6 .  .  .  .  .  .  ♙  .  
5 ♙  ♞  ♙  ♟  ♙  .  .  .  
4 .  .  .  ♘  ♟  .  .  .  
3 ♛  .  .  .  ♝  ♞  .  ♟  
2 ♟  ♟  .  .  .  ♟  ♟  .  
1 .  .  ♜  .  ♚  ♝  .  ♜  
  a  b  c  d  e  f  g  h

===== 8623 ===== 
[d4, Nf6, c4, b6, Nc3, Bb7, Nf3, e6, g3, Bb4, Bd2, Bxc3, Bxc3, Ne4, Rc1, O-O, Bg2, d6, O-O, Nxc3, Rxc3, Nd7, d5, Nf6, Ne1, exd5, cxd5, Re8, Nc2, Qd7, Ne3, Re7, Qc2, g6, Rc1, Rc8, Qd3, Ng4, Nxg4, Qxg4, e3, Qd7, Qd4, f5, h4, Qe8, e4, fxe4, Bh3, c5, dxc6] ...
dxc6 Gives us inValid move: No such move for piece found: []
8 .  .  ♖  .  ♕  .  ♔  .  
7 ♙  ♗  .  .  ♖  .  .  ♙  
6 .  ♙  .  ♙  .  .  ♙  .  
5 .  .  ♙  ♟  .  .  .  .  
4 .  .  .  ♛  ♙  .  .  ♟  
3 .  .  ♜  .  .  .  ♟  ♝  
2 ♟  ♟  .  .  .  ♟  .  .  
1 .  .  ♜  .  .  .  ♚  .  
  a  b  c  d  e  f  g  h

===== 8629 ===== 
[e4, c5, Nf3, Nc6, c3, Nf6, e5, Nd5, Bc4, Nb6, Bb3, d5, exd6] ...
exd6 Gives us inValid move: No such move for piece found: []
8 ♖  .  ♗  ♕  ♔  ♗  .  ♖  
7 ♙  ♙  .  .  ♙  ♙  ♙  ♙  
6 .  ♘  ♘  .  .  .  .  .  
5 .  .  ♙  ♙  ♟  .  .  .  
4 .  .  .  .  .  .  .  .  
3 .  ♝  ♟  .  .  ♞  .  .  
2 ♟  ♟  .  ♟  .  ♟  ♟  ♟  
1 ♜  ♞  ♝  ♛  ♚  .  .  ♜  
  a  b  c  d  e  f  g  h

===== 8637 ===== 
[d4, Nf6, c4, e6, Nc3, Bb4, a3, Bxc3+, bxc3, b6, f3, Nc6, e4, Na5, Bd3, d6, Nh3, Ba6, Qe2, e5, Be3, Qd7, a4, Qc6, d5, Qd7, O-O, Qe7, Nf2, Nd7, Rab1, O-O, g4, Rac8, Nh1, c6, Ng3, g6, c5, Bxd3, cxd6, Bxe2, dxe7, Bxf1, exf8=Q+, Kxf8] ...
Kxf8 Gives us inValid move: White pawn can only capture up diagonally
8 .  .  ♖  .  .  ♖  ♔  .  
7 ♙  .  .  ♘  ♟  ♙  .  ♙  
6 .  ♙  ♙  .  .  .  ♙  .  
5 ♘  .  .  ♟  ♙  .  .  .  
4 ♟  .  .  .  ♟  .  ♟  .  
3 .  .  ♟  .  ♝  ♟  ♞  .  
2 .  .  .  .  .  .  .  ♟  
1 .  ♜  .  .  .  ♗  ♚  .  
  a  b  c  d  e  f  g  h

===== 8642 ===== 
[d4, d5, c4, c6, Nc3, Nf6, e3, e6, Nf3, Nbd7, Qc2, Bd6, Bd3, dxc4, Bxc4, b5, Be2, O-O, O-O, a6, Rd1, Qc7, e4, e5, g3, Re8, a3, exd4, Nxd4, Be5, Bf3, c5, Nde2, Bb7, Be3, c4, b4, cxb3] ...
cxb3 Gives us inValid move: No such move for piece found: []
8 ♖  .  .  .  ♖  .  ♔  .  
7 .  ♗  ♕  ♘  .  ♙  ♙  ♙  
6 ♙  .  .  .  .  ♘  .  .  
5 .  ♙  .  .  ♗  .  .  .  
4 .  ♟  ♙  .  ♟  .  .  .  
3 ♟  .  ♞  .  ♝  ♝  ♟  .  
2 .  .  ♛  .  ♞  ♟  .  ♟  
1 ♜  .  .  ♜  .  .  ♚  .  
  a  b  c  d  e  f  g  h

===== 8666 ===== 
[f4, c5, Nf3, Nc6, e4, d5, exd5, Qxd5, Nc3, Qd8, Bb5, Bd7, b3, Nf6, Bb2, a6, Bxc6, Bxc6, Qe2, g6, Ne5, Rc8, O-O-O, Bg7, Rhe1, e6, g4, O-O, g5, Nh5, Qe3, Qd4, Ne2, Qxe3, dxe3, Bxe5, Bxe5, Rfd8, Ng3, Nxg3, hxg3, Bf3, Rd3, Be4, Rxd8+, Rxd8, Bf6, Rd7, Re2, b5, Rh2, Bf3, Kb2, Be4, Be5, Bf5, c4, b4, a3, a5, a4, Be4, Kc1, h5, gxh6] ...
gxh6 Gives us inValid move: No such move for piece found: [White pawn can only capture up diagonally]
8 .  .  .  .  .  .  ♔  .  
7 .  .  .  ♖  .  ♙  .  .  
6 .  .  .  .  ♙  .  ♙  .  
5 ♙  .  ♙  .  ♝  .  ♟  ♙  
4 ♟  ♙  ♟  .  ♗  ♟  .  .  
3 .  ♟  .  .  ♟  .  ♟  .  
2 .  .  .  .  .  .  .  ♜  
1 .  .  ♚  .  .  .  .  .  
  a  b  c  d  e  f  g  h

===== 8709 ===== 
[e4, e5, Nf3, Nc6, Bb5, a6, Ba4, Nf6, O-O, Bc5, c3, O-O, d4, Ba7, dxe5, Nxe4, Qd5, Nc5, Bc2, Ne7, Qd1, d5, exd6] ...
exd6 Gives us inValid move: No such move for piece found: []
8 ♖  .  ♗  ♕  .  ♖  ♔  .  
7 ♗  ♙  ♙  .  ♘  ♙  ♙  ♙  
6 ♙  .  .  .  .  .  .  .  
5 .  .  ♘  ♙  ♟  .  .  .  
4 .  .  .  .  .  .  .  .  
3 .  .  ♟  .  .  ♞  .  .  
2 ♟  ♟  ♝  .  .  ♟  ♟  ♟  
1 ♜  ♞  ♝  ♛  .  ♜  ♚  .  
  a  b  c  d  e  f  g  h

===== 8718 ===== 
[Nf3, d5, c4, d4, b4, c5, g3, cxb4, a3, b3, d3, Nc6, Nbd2, a5, Qxb3, a4, Qc2, e5, Bg2, Nf6, O-O, Be7, Rb1, O-O, Rb5, Nd7, Bb2, Nc5, Rb1, Qc7, Bc1, Na5, R5b2, Bd7, Qd1, Bc6, Ne1, Bxg2, Kxg2, Ncb3, Nc2, b5, cxb5, Rfb8, Nxb3, axb3, Nb4, Rxb5, e4, dxe3] ...
dxe3 Gives us inValid move: No such move for piece found: []
8 ♖  .  .  .  .  .  ♔  .  
7 .  .  ♕  .  ♗  ♙  ♙  ♙  
6 .  .  .  .  .  .  .  .  
5 ♘  ♖  .  .  ♙  .  .  .  
4 .  ♞  .  ♙  ♟  .  .  .  
3 ♟  ♙  .  ♟  .  .  ♟  .  
2 .  ♜  .  .  .  ♟  ♚  ♟  
1 .  ♜  ♝  ♛  .  .  .  .  
  a  b  c  d  e  f  g  h

===== 8719 ===== 
[d4, Nf6, Nf3, d5, Bf4, c5, e3, Nc6, Nbd2, cxd4, exd4, Qb6, Nb3, a6, Be2, Bg4, a4, e6, a5, Qd8, Ne5, Bxe2, Qxe2, Rc8, c3, Be7, h4, Nxe5, Bxe5, Nd7, h5, Nxe5, dxe5, O-O, Ra4, Qd7, Rg4, f5, exf6] ...
exf6 Gives us inValid move: No such move for piece found: []
8 .  .  ♖  .  .  ♖  ♔  .  
7 .  ♙  .  ♕  ♗  .  ♙  ♙  
6 ♙  .  .  .  ♙  .  .  .  
5 ♟  .  .  ♙  ♟  ♙  .  ♟  
4 .  .  .  .  .  .  ♜  .  
3 .  ♞  ♟  .  .  .  .  .  
2 .  ♟  .  .  ♛  ♟  ♟  .  
1 .  .  .  .  ♚  .  .  ♜  
  a  b  c  d  e  f  g  h

===== 8722 ===== 
[e4, c5, Nf3, d6, d4, cxd4, Nxd4, Nf6, Nc3, a6, a3, g6, f3, Bg7, Be3, b5, Qd2, h5, a4, b4, Na2, a5, c3, bxc3, Bb5+, Bd7, Nxc3, O-O, O-O, Na6, Nc6, Bxc6, Bxc6, Rb8, Bb5, Nc5, Rad1, Qc7, Kh1, Rfd8, Bg5, Qa7, Qf2, Rdc8, Be3, Qc7, e5, Nh7, Nd5, Qa7, Nxe7+, Qxe7, exd6, Qe5, f4, Qf5, d7, Ne4, dxc8=Q+, Qxc8] ...
Qxc8 Gives us inValid move: queen can not move
8 .  ♖  ♖  .  .  .  ♔  .  
7 .  .  .  ♟  .  ♙  ♗  ♘  
6 .  .  .  .  .  .  ♙  .  
5 ♙  ♝  .  .  .  ♕  .  ♙  
4 ♟  .  .  .  ♘  ♟  .  .  
3 .  .  .  .  ♝  .  .  .  
2 .  ♟  .  .  .  ♛  ♟  ♟  
1 .  .  .  ♜  .  ♜  .  ♚  
  a  b  c  d  e  f  g  h

===== 8767 ===== 
[d4, Nf6, Nf3, d5, Bf4, c5, e3, Nc6, Nbd2, cxd4, exd4, Qb6, Nb3, Bf5, Be2, e6, O-O, Be7, a4, a6, a5, Qd8, Ne5, Rc8, c3, O-O, Re1, Ne4, Bd3, Nxe5, Bxe5, Bg6, Bf4, Nd6, Bxg6, hxg6, Bxd6, Bxd6, g3, b5, axb6] ...
axb6 Gives us inValid move: No such move for piece found: []
8 .  .  ♖  ♕  .  ♖  ♔  .  
7 .  .  .  .  .  ♙  ♙  .  
6 ♙  .  .  ♗  ♙  .  ♙  .  
5 ♟  ♙  .  ♙  .  .  .  .  
4 .  .  .  ♟  .  .  .  .  
3 .  ♞  ♟  .  .  .  ♟  .  
2 .  ♟  .  .  .  ♟  .  ♟  
1 ♜  .  .  ♛  ♜  .  ♚  .  
  a  b  c  d  e  f  g  h

===== 8814 ===== 
[e4, c5, Nf3, d6, d4, cxd4, Nxd4, Nf6, Nc3, a6, a3, e6, g4, b5, g5, Nfd7, h4, Bb7, Be3, Nc6, Nxc6, Bxc6, Qd4, Rb8, O-O-O, a5, b4, axb4, axb4, Qc7, f4, e5, Nd5, exd4, Nxc7+, Kd8, Na6, dxe3, Nxb8, Nxb8, Rh3, Bxe4, Bxb5, d5, Rxe3, Kc7, Bd3, Bd6, Rf1, Re8, c3, Nd7, Kc2, f5, gxf6] ...
gxf6 Gives us inValid move: No such move for piece found: []
8 .  .  .  .  ♖  .  .  .  
7 .  .  ♔  ♘  .  .  ♙  ♙  
6 .  .  .  ♗  .  .  .  .  
5 .  .  .  ♙  .  ♙  ♟  .  
4 .  ♟  .  .  ♗  ♟  .  ♟  
3 .  .  ♟  ♝  ♜  .  .  .  
2 .  .  ♚  .  .  .  .  .  
1 .  .  .  .  .  ♜  .  .  
  a  b  c  d  e  f  g  h

===== 8825 ===== 
[d4, d5, Bf4, Nf6, Nc3, a6, e3, e6, g4, Bb4, Ne2] ...
Ne2 Gives us inValid move: more than one valid move, The notation is disambiguous
8 ♖  ♘  ♗  ♕  ♔  .  .  ♖  
7 .  ♙  ♙  .  .  ♙  ♙  ♙  
6 ♙  .  .  .  ♙  ♘  .  .  
5 .  .  .  ♙  .  .  .  .  
4 .  ♗  .  ♟  .  ♝  ♟  .  
3 .  .  ♞  .  ♟  .  .  .  
2 ♟  ♟  ♟  .  .  ♟  .  ♟  
1 ♜  .  .  ♛  ♚  ♝  ♞  ♜  
  a  b  c  d  e  f  g  h

===== 8826 ===== 
[d4, Nf6, c4, e6, Nc3, Bb4, e3, O-O, Bd3, c5, Ne2] ...
Ne2 Gives us inValid move: more than one valid move, The notation is disambiguous
8 ♖  ♘  ♗  ♕  .  ♖  ♔  .  
7 ♙  ♙  .  ♙  .  ♙  ♙  ♙  
6 .  .  .  .  ♙  ♘  .  .  
5 .  .  ♙  .  .  .  .  .  
4 .  ♗  ♟  ♟  .  .  .  .  
3 .  .  ♞  ♝  ♟  .  .  .  
2 ♟  ♟  .  .  .  ♟  ♟  ♟  
1 ♜  .  ♝  ♛  ♚  .  ♞  ♜  
  a  b  c  d  e  f  g  h

===== 8842 ===== 
[e4, c5, Nf3, e6, b3, Nc6, Bb2, d5, exd5, exd5, Bb5, Ne7] ...
Ne7 Gives us inValid move: more than one valid move, The notation is disambiguous
8 ♖  .  ♗  ♕  ♔  ♗  ♘  ♖  
7 ♙  ♙  .  .  .  ♙  ♙  ♙  
6 .  .  ♘  .  .  .  .  .  
5 .  ♝  ♙  ♙  .  .  .  .  
4 .  .  .  .  .  .  .  .  
3 .  ♟  .  .  .  ♞  .  .  
2 ♟  ♝  ♟  ♟  .  ♟  ♟  ♟  
1 ♜  ♞  .  ♛  ♚  .  .  ♜  
  a  b  c  d  e  f  g  h

===== 8867 ===== 
[d4, Nf6, Nf3, g6, Bf4, Bg7, Nbd2, O-O, c3, d6, h3, c5, dxc5, dxc5, e4, Nc6, Be2, b6, O-O, Bb7, Re1, Qd7, Qc2, Rad8, Rad1, Qc8, e5, Nd5, Bg3, Nc7, Qa4, Ne6, Qh4, Ba6, Bxa6, Qxa6, Qe4, Qb7, Nc4, Rxd1, Rxd1, Rd8, Rxd8+, Ncxd8, Qxb7, Nxb7, a4, Kf8, Kf1, Ke8, Ke2, Kd7, Kd3, Nbd8, Ng1, Nc6, Ke4, h5, f4, f5+, exf6] ...
exf6 Gives us inValid move: No such move for piece found: []
8 .  .  .  .  .  .  .  .  
7 ♙  .  .  ♔  ♙  .  ♗  .  
6 .  ♙  ♘  .  ♘  .  ♙  .  
5 .  .  ♙  .  ♟  ♙  .  ♙  
4 ♟  .  ♞  .  ♚  ♟  .  .  
3 .  .  ♟  .  .  .  ♝  ♟  
2 .  ♟  .  .  .  .  ♟  .  
1 .  .  .  .  .  .  ♞  .  
  a  b  c  d  e  f  g  h

===== 8879 ===== 
[c4, e5, Nc3, Nf6, Nf3, Nc6, g3, d5, cxd5, Nxd5, Bg2, Nb6, O-O, Be7, d3, O-O, Be3, Be6, Rc1, Nd5, Nxd5, Bxd5, a3, Re8, Qc2, Bf6, Nd2, Nd4, Bxd4, Bxg2, Kxg2, exd4, Qxc7, Rxe2, Qxd8+, Rxd8, Nc4, Rde8, Kf3, Bg5, Rb1, R2e6, a4, h5, b4, g6, b5, Kg7, Rb2, Be7, Rc1, g5, Kg2, g4, Rcc2, Bg5, b6, axb6, Rb5, Kg6, f4, gxf3+] ...
gxf3+ Gives us inValid move: No such move for piece found: []
8 .  .  .  .  ♖  .  .  .  
7 .  ♙  .  .  .  ♙  .  .  
6 .  ♙  .  .  ♖  .  ♔  .  
5 .  ♜  .  .  .  .  ♗  ♙  
4 ♟  .  ♞  ♙  .  ♟  ♙  .  
3 .  .  .  ♟  .  .  ♟  .  
2 .  .  ♜  .  .  .  ♚  ♟  
1 .  .  .  .  .  .  .  .  
  a  b  c  d  e  f  g  h

===== 8897 ===== 
[d4, d5, c4, c6, Nf3, Nf6, Qb3, e6, Bf4, dxc4, Qxc4, b5, Qb3, Bb7, e3, Nbd7, Nbd2, Be7, Be2, a6, a4, c5, axb5, Bd5, Qc2, axb5, Rxa8, Qxa8, Bxb5, cxd4, exd4, O-O, O-O, Rc8, Qd3, Nf8, b3, Ng6, Bg3, Ne4, Nxe4, Bxe4, Qe3, Bd5, h3, h6, Bc4, Bxc4, bxc4, Rxc4, Ne5, Nxe5, Bxe5, Qd5, Qg3, f6, Bf4, Kf7, Be3, Bd6, Qg4, f5, Qh5+, Kf8, Qh4, Kg8, Rb1, Kh7, Rd1, f4, Bc1, Rxd4, Rxd4, Qxd4, Qg4, Qe4, Qd1, Bc5, Bd2, Bd4, Qf3, Qb1+, Kh2, e5, g3, Qc2, Be1, fxg3+, Kxg3, Qg6+, Kh2, e4, Qg4, Qxg4, hxg4, Kg6, Kg3, Be5+, f4, Bd6, Bd2, Kf6, Kf2, Ke6, Ke3, Kd5, f5, Be7, Ke2, Bg5, Bc3, Bf6, Bd2, Ke5, Bc1, Kd4, Be3+, Kd5, Bc1, Ke5, Bd2, Kd4, Be3+, Kc3, Bc1, Kc4, Bf4, Kd5, Bc1, Bd4, Bf4, Bc3, Be3, Ke5, Bc1, Kf6, Bf4, Be5, Ke3, h5, Kxe4, Bxf4, Kxf4, g5+, fxg6] ...
fxg6 Gives us inValid move: No such move for piece found: []
8 .  .  .  .  .  .  .  .  
7 .  .  .  .  .  .  .  .  
6 .  .  .  .  .  ♔  .  .  
5 .  .  .  .  .  ♟  ♙  ♙  
4 .  .  .  .  .  ♚  ♟  .  
3 .  .  .  .  .  .  .  .  
2 .  .  .  .  .  .  .  .  
1 .  .  .  .  .  .  .  .  
  a  b  c  d  e  f  g  h

===== 8895 ===== 
[e4, c5, Nf3, d6, Bb5+, Nd7, c3, Nf6] ...
Nf6 Gives us inValid move: more than one valid move, The notation is disambiguous
8 ♖  .  ♗  ♕  ♔  ♗  ♘  ♖  
7 ♙  ♙  .  ♘  ♙  ♙  ♙  ♙  
6 .  .  .  ♙  .  .  .  .  
5 .  ♝  ♙  .  .  .  .  .  
4 .  .  .  .  ♟  .  .  .  
3 .  .  ♟  .  .  ♞  .  .  
2 ♟  ♟  .  ♟  .  ♟  ♟  ♟  
1 ♜  ♞  ♝  ♛  ♚  .  .  ♜  
  a  b  c  d  e  f  g  h

===== 8900 ===== 
[e4, e5, Nf3, Nc6, Bb5, Nf6, d3, Bc5, Bxc6, dxc6, Nc3, O-O, Be3, Bd6, Bg5, Qe7, h3, Re8, g4, Qe6, Nh4, Nd7, Nf5, Nc5, h4, Bf8, h5, f6, Be3, Qf7, f4, exf4, Bxf4, b5, Qf3, Ne6, Be3, Bb7, O-O-O, b4, Na4, c5, h6, g6, Ng7, Bxg7, hxg7, c4, Nc5, Nxc5, Bxc5, cxd3, cxd3, a5, Bf8, Rxf8, gxf8=Q+, Rxf8] ...
Rxf8 Gives us inValid move: White pawn can only capture up diagonally
8 ♖  .  .  .  .  ♖  ♔  .  
7 .  ♗  ♙  .  .  ♕  ♟  ♙  
6 .  .  .  .  .  ♙  ♙  .  
5 ♙  .  .  .  .  .  .  .  
4 .  ♙  .  .  ♟  .  ♟  .  
3 .  .  .  ♟  .  ♛  .  .  
2 ♟  ♟  .  .  .  .  .  .  
1 .  .  ♚  ♜  .  .  .  ♜  
  a  b  c  d  e  f  g  h

===== 8904 ===== 
[d4, d5, c4, c6, Nf3, Nf6, Nc3, e6, e3, Nbd7, Qc2, a5, a4, Bd6, Be2, O-O, O-O, dxc4, Bxc4, e5, Ba2, Qe7, h3, Bb4, dxe5, Nxe5, Nd4, c5, Ndb5, Be6, Bxe6, fxe6, e4, Nh5, Ne2, g5, Be3, g4, Ng3, Qh4, Nxh5, Qxh5, f4, gxf3] ...
gxf3 Gives us inValid move: No such move for piece found: []
8 ♖  .  .  .  .  ♖  ♔  .  
7 .  ♙  .  .  .  .  .  ♙  
6 .  .  .  .  ♙  .  .  .  
5 ♙  ♞  ♙  .  ♘  .  .  ♕  
4 ♟  ♗  .  .  ♟  ♟  ♙  .  
3 .  .  .  .  ♝  .  .  ♟  
2 .  ♟  ♛  .  .  .  ♟  .  
1 ♜  .  .  .  .  ♜  ♚  .  
  a  b  c  d  e  f  g  h

===== 8903 ===== 
[e4, c5, Nf3, d6, Bb5+, Nd7, a4, Nf6] ...
Nf6 Gives us inValid move: more than one valid move, The notation is disambiguous
8 ♖  .  ♗  ♕  ♔  ♗  ♘  ♖  
7 ♙  ♙  .  ♘  ♙  ♙  ♙  ♙  
6 .  .  .  ♙  .  .  .  .  
5 .  ♝  ♙  .  .  .  .  .  
4 ♟  .  .  .  ♟  .  .  .  
3 .  .  .  .  .  ♞  .  .  
2 .  ♟  ♟  ♟  .  ♟  ♟  ♟  
1 ♜  ♞  ♝  ♛  ♚  .  .  ♜  
  a  b  c  d  e  f  g  h

===== 8918 ===== 
[e4, e5, Nf3, Nc6, Bb5, Nf6, O-O, Nxe4, d4, Nd6, dxe5, Nxb5, a4, Nbd4, Nxd4, d5, exd6] ...
exd6 Gives us inValid move: No such move for piece found: []
8 ♖  .  ♗  ♕  ♔  ♗  .  ♖  
7 ♙  ♙  ♙  .  .  ♙  ♙  ♙  
6 .  .  ♘  .  .  .  .  .  
5 .  .  .  ♙  ♟  .  .  .  
4 ♟  .  .  ♞  .  .  .  .  
3 .  .  .  .  .  .  .  .  
2 .  ♟  ♟  .  .  ♟  ♟  ♟  
1 ♜  ♞  ♝  ♛  .  ♜  ♚  .  
  a  b  c  d  e  f  g  h

===== 8923 ===== 
[e4, e5, Nf3, Nc6, Bc4, Bc5, c3, Nf6, d3, d6, O-O, h6, Re1, O-O, Nbd2, a5, Nf1, Be6, Bb5, Ne7, d4, exd4, cxd4, Bb6, Ng3, d5, e5, Ne4, Be3, Nf5, Nxf5, Bxf5, Nd2, Nxd2, Qxd2, a4, b4, axb3] ...
axb3 Gives us inValid move: No such move for piece found: []
8 ♖  .  .  ♕  .  ♖  ♔  .  
7 .  ♙  ♙  .  .  ♙  ♙  .  
6 .  ♗  .  .  .  .  .  ♙  
5 .  ♝  .  ♙  ♟  ♗  .  .  
4 ♙  ♟  .  ♟  .  .  .  .  
3 .  .  .  .  ♝  .  .  .  
2 ♟  .  .  ♛  .  ♟  ♟  ♟  
1 ♜  .  .  .  ♜  .  ♚  .  
  a  b  c  d  e  f  g  h

===== 8928 ===== 
[d4, d5, c4, e6, Nc3, c6, e4, dxe4, Nxe4, Bb4+, Nc3, c5, a3, Ba5, Be3, Nf6, Ne2] ...
Ne2 Gives us inValid move: more than one valid move, The notation is disambiguous
8 ♖  ♘  ♗  ♕  ♔  .  .  ♖  
7 ♙  ♙  .  .  .  ♙  ♙  ♙  
6 .  .  .  .  ♙  ♘  .  .  
5 ♗  .  ♙  .  .  .  .  .  
4 .  .  ♟  ♟  .  .  .  .  
3 ♟  .  ♞  .  ♝  .  .  .  
2 .  ♟  .  .  .  ♟  ♟  ♟  
1 ♜  .  .  ♛  ♚  ♝  ♞  ♜  
  a  b  c  d  e  f  g  h

===== 8938 ===== 
[d4, Nf6, Nc3, d5, Bf4, e6, e3, Bb4, Ne2] ...
Ne2 Gives us inValid move: more than one valid move, The notation is disambiguous
8 ♖  ♘  ♗  ♕  ♔  .  .  ♖  
7 ♙  ♙  ♙  .  .  ♙  ♙  ♙  
6 .  .  .  .  ♙  ♘  .  .  
5 .  .  .  ♙  .  .  .  .  
4 .  ♗  .  ♟  .  ♝  .  .  
3 .  .  ♞  .  ♟  .  .  .  
2 ♟  ♟  ♟  .  .  ♟  ♟  ♟  
1 ♜  .  .  ♛  ♚  ♝  ♞  ♜  
  a  b  c  d  e  f  g  h

===== 8939 ===== 
[e4, Nf6, e5, Nd5, c4, Nb6, d4, d6, exd6, cxd6, Nc3, g6, Be3, Bg7, h3, O-O, Nf3, Nc6, d5, Na5, Bd4, Bxd4, Qxd4, e5, dxe6] ...
dxe6 Gives us inValid move: No such move for piece found: []
8 ♖  .  ♗  ♕  .  ♖  ♔  .  
7 ♙  ♙  .  .  .  ♙  .  ♙  
6 .  ♘  .  ♙  .  .  ♙  .  
5 ♘  .  .  ♟  ♙  .  .  .  
4 .  .  ♟  ♛  .  .  .  .  
3 .  .  ♞  .  .  ♞  .  ♟  
2 ♟  ♟  .  .  .  ♟  ♟  .  
1 ♜  .  .  .  ♚  ♝  .  ♜  
  a  b  c  d  e  f  g  h

===== 8943 ===== 
[e4, c5, Nf3, Nc6, Bb5, e6, O-O, Nge7, d4, cxd4, Nxd4, Qb6, Nxc6, bxc6, Be2, Ng6, c4, Be7, Nc3, O-O, b3, c5, f4, Bb7, Bd3, d5, e5, Nh4, g3, d4, Ne4, Nf5, g4, Ne3, Bxe3, dxe3, Qe2, Qc6, Ng3, f5, exf6] ...
exf6 Gives us inValid move: No such move for piece found: []
8 ♖  .  .  .  .  ♖  ♔  .  
7 ♙  ♗  .  .  ♗  .  ♙  ♙  
6 .  .  ♕  .  ♙  .  .  .  
5 .  .  ♙  .  ♟  ♙  .  .  
4 .  .  ♟  .  .  ♟  ♟  .  
3 .  ♟  .  ♝  ♙  .  ♞  .  
2 ♟  .  .  .  ♛  .  .  ♟  
1 ♜  .  .  .  .  ♜  ♚  .  
  a  b  c  d  e  f  g  h

===== 8964 ===== 
[e4, c5, Nf3, Nc6, Bb5, e5, O-O, Bd6, d3, Nf6, Bg5, h6, Bh4, a6, Bc4, Be7, c3, O-O, Nbd2, d6, a4, Nh5, Bg3, g6, Re1, Nxg3, hxg3, Kg7, Nf1, h5, Ne3, h4, gxh4, Bxh4, g3, Bg5, Nxg5, Qxg5, Qf3, f5, exf5, Bxf5, Nxf5+, Rxf5, Qg2, Raf8, Re2, Rf3, Rae1, e4, dxe4, Ne5, Be6, Nd3, Bf5, Nxe1, Rxe1, Rd3, f4, Qxg3, Qxg3, Rxg3+, Kf2, Rd3, Ke2, c4, Rg1, Rf6, Rg4, d5, a5, b6, axb6, Rxb6, b4, cxb3] ...
cxb3 Gives us inValid move: No such move for piece found: []
8 .  .  .  .  .  .  .  .  
7 .  .  .  .  .  .  ♔  .  
6 ♙  ♖  .  .  .  .  ♙  .  
5 .  .  .  ♙  .  ♝  .  .  
4 .  ♟  ♙  .  ♟  ♟  ♜  .  
3 .  .  ♟  ♖  .  .  .  .  
2 .  .  .  .  ♚  .  .  .  
1 .  .  .  .  .  .  .  .  
  a  b  c  d  e  f  g  h

===== 8992 ===== 
[e4, c5, Nf3, d6, Bb5+, Nd7, a4, Nf6] ...
Nf6 Gives us inValid move: more than one valid move, The notation is disambiguous
8 ♖  .  ♗  ♕  ♔  ♗  ♘  ♖  
7 ♙  ♙  .  ♘  ♙  ♙  ♙  ♙  
6 .  .  .  ♙  .  .  .  .  
5 .  ♝  ♙  .  .  .  .  .  
4 ♟  .  .  .  ♟  .  .  .  
3 .  .  .  .  .  ♞  .  .  
2 .  ♟  ♟  ♟  .  ♟  ♟  ♟  
1 ♜  ♞  ♝  ♛  ♚  .  .  ♜  
  a  b  c  d  e  f  g  h

===== 8999 ===== 
[d4, Nf6, c4, g6, Nc3, d5, cxd5, Nxd5, Bd2, Bg7, e4, Nxc3, Bxc3, O-O, Qd2, c5, d5, e6, Bc4, Bxc3, bxc3, exd5, Bxd5, Nd7, Nf3, Nb6, O-O, Be6, Bxe6, Qxd2, Bxf7+, Rxf7, Nxd2, Rd8, Nb3, c4, Nc5, Re8, a4, Rc7, a5, Nc8, Na4, Rxe4, Rfe1, Rxe1+, Rxe1, b5, axb6] ...
axb6 Gives us inValid move: No such move for piece found: []
8 .  .  ♘  .  .  .  ♔  .  
7 ♙  .  ♖  .  .  .  .  ♙  
6 .  .  .  .  .  .  ♙  .  
5 ♟  ♙  .  .  .  .  .  .  
4 ♞  .  ♙  .  .  .  .  .  
3 .  .  ♟  .  .  .  .  .  
2 .  .  .  .  .  ♟  ♟  ♟  
1 .  .  .  .  ♜  .  ♚  .  
  a  b  c  d  e  f  g  h

===== 9012 ===== 
[e4, c5, Nf3, Nc6, d4, cxd4, Nxd4, Nf6, Nc3, e5, Ndb5, d6, Nd5, Nxd5, exd5, Ne7, c4, Ng6, Qa4, Bd7, Qb4, Qb8, h4, h5, Be3, b6, Be2, Be7, g3, a6, Nc3, b5, cxb5, axb5, O-O, O-O, Bxh5, Bd8, Ne4, Bf5, Nxd6, Be7, Bc5, Bh3, Bxg6, fxg6, Ne4, Bxc5, Qxc5, Bxf1, Rxf1, Qc8, Qxb5, Qg4, Qc4, Rf4, d6+, Kh8, Qd5, Raf8, d7, Rxe4, d8=Q, Rxd8] ...
Rxd8 Gives us inValid move: Invalid Rook move
8 .  .  .  .  .  ♖  .  ♔  
7 .  .  .  ♟  .  .  ♙  .  
6 .  .  .  .  .  .  ♙  .  
5 .  .  .  ♛  ♙  .  .  .  
4 .  .  .  .  ♖  .  ♕  ♟  
3 .  .  .  .  .  .  ♟  .  
2 ♟  ♟  .  .  .  ♟  .  .  
1 .  .  .  .  .  ♜  ♚  .  
  a  b  c  d  e  f  g  h

===== 9042 ===== 
[e4, c5, Nf3, d6, d4, cxd4, Nxd4, Nf6, Nc3, a6, Be3, e6, Be2, Qc7, Qd2, b5, a3, Bb7, f3, Nbd7, O-O-O, d5, exd5, Bxd5, Bf4, Qb6, Rhe1, O-O-O, Be3, Qb7, a4, b4, Nxd5, Nxd5, Nb3, Qc6, Qd4, Bd6, Na5, Qc5, Bxa6+, Kc7, Nb7, Qxd4, Rxd4, Ra8, Nxd6, Kxd6, Bb5, Nf6] ...
Nf6 Gives us inValid move: more than one valid move, The notation is disambiguous
8 ♖  .  .  .  .  .  .  ♖  
7 .  .  .  ♘  .  ♙  ♙  ♙  
6 .  .  .  ♔  ♙  .  .  .  
5 .  ♝  .  ♘  .  .  .  .  
4 ♟  ♙  .  ♜  .  .  .  .  
3 .  .  .  .  ♝  ♟  .  .  
2 .  ♟  ♟  .  .  .  ♟  ♟  
1 .  .  ♚  .  ♜  .  .  .  
  a  b  c  d  e  f  g  h

===== 9064 ===== 
[e4, c5, Nf3, d6, d4, cxd4, Nxd4, Nf6, Nc3, a6, Be3, e5, Nb3, Be6, Qd2, Be7, f3, h5, Be2, Nbd7, Nd5, Bxd5, exd5, b6, O-O-O, Qc7, Kb1, b5, Na5, Nb6, Bxb6, Qxb6, Nc6, Bd8, c4, bxc4, Bxc4, O-O, Rhe1, Nd7, g4, hxg4, fxg4, Bh4, g5, g6, Rf1, Kg7, Qg2, Rh8, Qg4, Qc7, Rf3, f5, gxf6+] ...
gxf6+ Gives us inValid move: No such move for piece found: []
8 ♖  .  .  .  .  .  .  ♖  
7 .  .  ♕  ♘  .  .  ♔  .  
6 ♙  .  ♞  ♙  .  .  ♙  .  
5 .  .  .  ♟  ♙  ♙  ♟  .  
4 .  .  ♝  .  .  .  ♛  ♗  
3 .  .  .  .  .  ♜  .  .  
2 ♟  ♟  .  .  .  .  .  ♟  
1 .  ♚  .  ♜  .  .  .  .  
  a  b  c  d  e  f  g  h

===== 9077 ===== 
[d4, Nf6, c4, e6, Nf3, d5, Nc3, dxc4, e4, b5, e5, Nd5, Nxb5, Nb6, a4, Qd7, Be2, Nc6, O-O, Na5, Ng5, h6, Ne4, Bb7, Nc5, Bxc5, dxc5, Nd5, Ra3, a6, Nd4, Ne7, Qd2, Qd5, Rg3, Qxc5, b4, cxb3] ...
cxb3 Gives us inValid move: No such move for piece found: [Black pawn can only capture down diagonally]
8 ♖  .  .  .  ♔  .  .  ♖  
7 .  ♗  ♙  .  ♘  ♙  ♙  .  
6 ♙  .  .  .  ♙  .  .  ♙  
5 ♘  .  ♕  .  ♟  .  .  .  
4 ♟  ♟  ♙  ♞  .  .  .  .  
3 .  .  .  .  .  .  ♜  .  
2 .  .  .  ♛  ♝  ♟  ♟  ♟  
1 .  .  ♝  .  .  ♜  ♚  .  
  a  b  c  d  e  f  g  h

===== 9094 ===== 
[d4, Nf6, c4, e6, Nc3, Bb4, e3, O-O, Bd3, c5, Ne2] ...
Ne2 Gives us inValid move: more than one valid move, The notation is disambiguous
8 ♖  ♘  ♗  ♕  .  ♖  ♔  .  
7 ♙  ♙  .  ♙  .  ♙  ♙  ♙  
6 .  .  .  .  ♙  ♘  .  .  
5 .  .  ♙  .  .  .  .  .  
4 .  ♗  ♟  ♟  .  .  .  .  
3 .  .  ♞  ♝  ♟  .  .  .  
2 ♟  ♟  .  .  .  ♟  ♟  ♟  
1 ♜  .  ♝  ♛  ♚  .  ♞  ♜  
  a  b  c  d  e  f  g  h

===== 9102 ===== 
[c4, e5, g3, Nf6, Bg2, d5, cxd5, Nxd5, Nc3, Nb6, Nf3, Nc6, O-O, Be7, d3, O-O, Be3, Be6, Rc1, Nd5, Nxd5, Bxd5, Qc2, Re8, a3, Qd7, Nd2, Rad8, Bxd5, Qxd5, Qc4, a5, Rc2, f5, Rfc1, Qxc4, Rxc4, Rd5, R1c2, Bd6, Kg2, f4, Bc5, b5, R4c3, Nd4, Bxd4, exd4, Rc6, fxg3, hxg3, Rxe2, Kf3, Re6, Ne4, a4, Ra6, Re8, Ra7, h5, Kg2, Rf8, Rb7, Kh7, f4, h4, Nxd6, Rxd6, Rxb5, hxg3, Kxg3, Rdf6, Rh2+, Kg8, Rbh5, Re6, Kg4, Re3, R2h3, Rxh3, Rxh3, Re8, Rh5, Re3, Rc5, Rxd3, Rxc7, Rd1, Rd7, Rd2, Rb7, d3, Kf3, Rh2, Ke3, d2, Rd7, d1=N+, Rxd1] ...
Rxd1 Gives us inValid move: Path is blocked by another piece
8 .  .  .  .  .  .  ♔  .  
7 .  .  .  ♜  .  .  ♙  .  
6 .  .  .  .  .  .  .  .  
5 .  .  .  .  .  .  .  .  
4 ♙  .  .  .  .  ♟  .  .  
3 ♟  .  .  .  ♚  .  .  .  
2 .  ♟  .  ♙  .  .  .  ♖  
1 .  .  .  .  .  .  .  .  
  a  b  c  d  e  f  g  h

===== 9104 ===== 
[e4, e5, Nf3, Nc6, Bb5, Nf6, d3, d6, O-O, a6, Bxc6+, bxc6, d4, exd4, Qxd4, Be7, e5, c5, Qf4, dxe5, Nxe5, O-O, Nc6, Qd6, Nxe7+, Qxe7, Nc3, Bb7, Be3, Rfe8, Qg5, Qe6, h3, Qc6, f3, h6, Qxc5, Nd5, Nxd5, Qxd5, Qxd5, Bxd5, Kf2, Be6, Bf4, c5, Rfd1, a5, Rd2, a4, a3, Ra6, Re1, Rb6, Be5, Bf5, Bc3, Rxe1, Kxe1, f6, g4, Bg6, Rd8+, Kh7, Kd2, Rb7, Rc8, Rd7+, Kc1, Re7, Rxc5, Re3, b4, axb3] ...
axb3 Gives us inValid move: No such move for piece found: []
8 .  .  .  .  .  .  .  .  
7 .  .  .  .  .  .  ♙  ♔  
6 .  .  .  .  .  ♙  ♗  ♙  
5 .  .  ♜  .  .  .  .  .  
4 ♙  ♟  .  .  .  .  ♟  .  
3 ♟  .  ♝  .  ♖  ♟  .  ♟  
2 .  .  ♟  .  .  .  .  .  
1 .  .  ♚  .  .  .  .  .  
  a  b  c  d  e  f  g  h

===== 9110 ===== 
[d4, d5, Nf3, Nf6, Bf4, e6, e3, Bd6, Bg3, O-O, c4, c5, cxd5, Nxd5, Nc3, Nxc3, bxc3, b6, Bd3, Bb7, e4, cxd4, cxd4, Bb4+, Kf1, Nd7, h4, h6, e5, Rc8, Kg1, Bc3, Rb1, Bxf3, Qxf3, Bxd4, Qe4, f5, exf6] ...
exf6 Gives us inValid move: No such move for piece found: []
8 .  .  ♖  ♕  .  ♖  ♔  .  
7 ♙  .  .  ♘  .  .  ♙  .  
6 .  ♙  .  .  ♙  .  .  ♙  
5 .  .  .  .  ♟  ♙  .  .  
4 .  .  .  ♗  ♛  .  .  ♟  
3 .  .  .  ♝  .  .  ♝  .  
2 ♟  .  .  .  .  ♟  ♟  .  
1 .  ♜  .  .  .  .  ♚  ♜  
  a  b  c  d  e  f  g  h

===== 9115 ===== 
[e4, c6, d4, d5, Nc3, dxe4, Nxe4, Nf6, Nxf6+, exf6, c3, Bd6, Bd3, O-O, Ne2, Re8, O-O, Nd7, Bf4, Nf8, Bxd6, Qxd6, Re1, g6, Ng3, Rxe1+, Qxe1, f5, Qe8, Rb8, Qe2, Be6, Bc4, Re8, Re1, Bd7, Qd2, Rxe1+, Qxe1, Be6, Bxe6, Nxe6, Nf1, Qd5, b3, Nf4, f3, Ne6, Qe3, f4, Qe4, Qd6, Nd2, b5, Kf2, a5, Qe5, Qxe5, dxe5, Kf8, Ke2, Ke7, Kd3, f5, exf6+] ...
exf6+ Gives us inValid move: No such move for piece found: []
8 .  .  .  .  .  .  .  .  
7 .  .  .  .  ♔  .  .  ♙  
6 .  .  ♙  .  ♘  .  ♙  .  
5 ♙  ♙  .  .  ♟  ♙  .  .  
4 .  .  .  .  .  ♙  .  .  
3 .  ♟  ♟  ♚  .  ♟  .  .  
2 ♟  .  .  ♞  .  .  ♟  ♟  
1 .  .  .  .  .  .  .  .  
  a  b  c  d  e  f  g  h

===== 9138 ===== 
[e4, Nf6, e5, Nd5, d4, Nb6, Nf3, d6, Bd3, Bg4, exd6, cxd6, h3, Bh5, c4, Nc6, Be3, d5, c5, Nd7, Nc3, e6, Rb1, a5, a3, Bxf3, Qxf3, g6, b4, Bg7, Ne2, axb4, axb4, O-O, O-O, Nde5, dxe5, Nxe5, Qg3, Nxd3, Bg5, f6, Bxf6, Qxf6, Qxd3, Ra2, b5, Qf5, Qxf5, gxf5, Nf4, Kf7, Rfe1, Re8, c6, Bh6, Nd3, bxc6, bxc6, Rc2, Rb7+, Re7, Ne5+, Kf6, Nd7+, Kg7, c7, Rxd7, c8=Q, Rxc8] ...
Rxc8 Gives us inValid move: Invalid Rook move
8 .  .  .  .  .  .  .  .  
7 .  ♜  ♟  ♖  .  .  ♔  ♙  
6 .  .  .  .  ♙  .  .  ♗  
5 .  .  .  ♙  .  ♙  .  .  
4 .  .  .  .  .  .  .  .  
3 .  .  .  .  .  .  .  ♟  
2 .  .  ♖  .  .  ♟  ♟  .  
1 .  .  .  .  ♜  .  ♚  .  
  a  b  c  d  e  f  g  h

===== 9142 ===== 
[d4, Nf6, Nf3, d6, Bf4, Bg4, c3, Nbd7, h3, Bh5, e3, e6, Be2, Be7, Nbd2, O-O, O-O, c6, Ne1, Bxe2, Qxe2, e5, Bh2, Re8, Nd3, Bf8, dxe5, dxe5, Rfd1, Qe7, e4, Rad8, g4, g6, Kg2, Qe6, f3, Bd6, Bg1, Bc7, a4, Bb6, Bh2, Bc7, b4, Nb6, Nc5, Qc8, a5, Nbd7, Nd3, b5, axb6] ...
axb6 Gives us inValid move: No such move for piece found: []
8 .  .  ♕  ♖  ♖  .  ♔  .  
7 ♙  .  ♗  ♘  .  ♙  .  ♙  
6 .  .  ♙  .  .  ♘  ♙  .  
5 ♟  ♙  .  .  ♙  .  .  .  
4 .  ♟  .  .  ♟  .  ♟  .  
3 .  .  ♟  ♞  .  ♟  .  ♟  
2 .  .  .  ♞  ♛  .  ♚  ♝  
1 ♜  .  .  ♜  .  .  .  .  
  a  b  c  d  e  f  g  h

===== 9147 ===== 
[e4, c5, Nf3, d6, Bb5+, Nd7, a4, Nf6] ...
Nf6 Gives us inValid move: more than one valid move, The notation is disambiguous
8 ♖  .  ♗  ♕  ♔  ♗  ♘  ♖  
7 ♙  ♙  .  ♘  ♙  ♙  ♙  ♙  
6 .  .  .  ♙  .  .  .  .  
5 .  ♝  ♙  .  .  .  .  .  
4 ♟  .  .  .  ♟  .  .  .  
3 .  .  .  .  .  ♞  .  .  
2 .  ♟  ♟  ♟  .  ♟  ♟  ♟  
1 ♜  ♞  ♝  ♛  ♚  .  .  ♜  
  a  b  c  d  e  f  g  h

===== 9155 ===== 
[c4, e5, Nc3, Nf6, e3, d5, cxd5, Nxd5, Qh5, Nc6, Bb5, Nb4] ...
Nb4 Gives us inValid move: more than one valid move, The notation is disambiguous
8 ♖  .  ♗  ♕  ♔  ♗  .  ♖  
7 ♙  ♙  ♙  .  .  ♙  ♙  ♙  
6 .  .  ♘  .  .  .  .  .  
5 .  ♝  .  ♘  ♙  .  .  ♛  
4 .  .  .  .  .  .  .  .  
3 .  .  ♞  .  ♟  .  .  .  
2 ♟  ♟  .  ♟  .  ♟  ♟  ♟  
1 ♜  .  ♝  .  ♚  .  ♞  ♜  
  a  b  c  d  e  f  g  h

===== 9159 ===== 
[b3, g6, Bb2, Nf6, e4, c5, f4, Bg7, Qf3, d6, Bb5+, Bd7, Bxd7+, Qxd7, Ne2, O-O, O-O, Nc6, d3, b5, c4, b4, h3, a5, a4, bxa3] ...
bxa3 Gives us inValid move: No such move for piece found: []
8 ♖  .  .  .  .  ♖  ♔  .  
7 .  .  .  ♕  ♙  ♙  ♗  ♙  
6 .  .  ♘  ♙  .  ♘  ♙  .  
5 ♙  .  ♙  .  .  .  .  .  
4 ♟  ♙  ♟  .  ♟  ♟  .  .  
3 .  ♟  .  ♟  .  ♛  .  ♟  
2 .  ♝  .  .  ♞  .  ♟  .  
1 ♜  ♞  .  .  .  ♜  ♚  .  
  a  b  c  d  e  f  g  h

===== 9162 ===== 
[d4, Nf6, Nf3, d5, Bf4, e6, Nbd2, Bd6, Bg5, h6, Bxf6, Qxf6, e4, Qd8, e5, Be7, c3, c5, Bd3, cxd4, Nxd4, Nc6, N2f3, Qb6, Qe2, Bd7, O-O, g5, Nxc6, bxc6, b3, g4, Nd2, h5, Kh1, f5, exf6] ...
exf6 Gives us inValid move: No such move for piece found: []
8 ♖  .  .  .  ♔  .  .  ♖  
7 ♙  .  .  ♗  ♗  .  .  .  
6 .  ♕  ♙  .  ♙  .  .  .  
5 .  .  .  ♙  ♟  ♙  .  ♙  
4 .  .  .  .  .  .  ♙  .  
3 .  ♟  ♟  ♝  .  .  .  .  
2 ♟  .  .  ♞  ♛  ♟  ♟  ♟  
1 ♜  .  .  .  .  ♜  .  ♚  
  a  b  c  d  e  f  g  h

===== 9163 ===== 
[e4, e5, Nf3, Nc6, Bb5, a6, Ba4, Nf6, O-O, Bc5, c3, O-O, d4, Ba7, dxe5, Nxe4, Qd5, Nc5, Bc2, Ne7, Qd1, d5, exd6] ...
exd6 Gives us inValid move: No such move for piece found: []
8 ♖  .  ♗  ♕  .  ♖  ♔  .  
7 ♗  ♙  ♙  .  ♘  ♙  ♙  ♙  
6 ♙  .  .  .  .  .  .  .  
5 .  .  ♘  ♙  ♟  .  .  .  
4 .  .  .  .  .  .  .  .  
3 .  .  ♟  .  .  ♞  .  .  
2 ♟  ♟  ♝  .  .  ♟  ♟  ♟  
1 ♜  ♞  ♝  ♛  .  ♜  ♚  .  
  a  b  c  d  e  f  g  h

===== 9175 ===== 
[e4, e5, Nf3, Nc6, Bb5, Nf6, d4, exd4, e5, Ne4, O-O, a6, Bc4, d5, exd6] ...
exd6 Gives us inValid move: No such move for piece found: []
8 ♖  .  ♗  ♕  ♔  ♗  .  ♖  
7 .  ♙  ♙  .  .  ♙  ♙  ♙  
6 ♙  .  ♘  .  .  .  .  .  
5 .  .  .  ♙  ♟  .  .  .  
4 .  .  ♝  ♙  ♘  .  .  .  
3 .  .  .  .  .  ♞  .  .  
2 ♟  ♟  ♟  .  .  ♟  ♟  ♟  
1 ♜  ♞  ♝  ♛  .  ♜  ♚  .  
  a  b  c  d  e  f  g  h

===== 9200 ===== 
[f3, e5, Kf2, d5, e3, Nc6, Bb5, Ne7] ...
Ne7 Gives us inValid move: more than one valid move, The notation is disambiguous
8 ♖  .  ♗  ♕  ♔  ♗  ♘  ♖  
7 ♙  ♙  ♙  .  .  ♙  ♙  ♙  
6 .  .  ♘  .  .  .  .  .  
5 .  ♝  .  ♙  ♙  .  .  .  
4 .  .  .  .  .  .  .  .  
3 .  .  .  .  ♟  ♟  .  .  
2 ♟  ♟  ♟  ♟  .  ♚  ♟  ♟  
1 ♜  ♞  ♝  ♛  .  .  ♞  ♜  
  a  b  c  d  e  f  g  h

===== 9206 ===== 
[d4, Nf6, c4, e6, Nc3, d5, cxd5, exd5, Bg5, c6, e3, h6, Bh4, Be7, Qc2, O-O, Nf3, Re8, Bd3, Ne4, Bxe7, Qxe7, Bxe4, dxe4, Nd2, f5, O-O-O, Nd7, g4, fxg4, Ndxe4, Nb6, Ng3, Be6, Kb1, Rf8, e4, Rad8, Rhe1, Qf6, f4, gxf3] ...
gxf3 Gives us inValid move: No such move for piece found: [Black pawn can only capture down diagonally]
8 .  .  .  ♖  .  ♖  ♔  .  
7 ♙  ♙  .  .  .  .  ♙  .  
6 .  ♘  ♙  .  ♗  ♕  .  ♙  
5 .  .  .  .  .  .  .  .  
4 .  .  .  ♟  ♟  ♟  ♙  .  
3 .  .  ♞  .  .  .  ♞  .  
2 ♟  ♟  ♛  .  .  .  .  ♟  
1 .  ♚  .  ♜  ♜  .  .  .  
  a  b  c  d  e  f  g  h

===== 9219 ===== 
[c4, e5, g3, Nc6, Bg2, h5, h3, Bc5, e3, d6, Ne2, a6, Nbc3, Nge7, a3, Ba7, b4, h4, g4, f5, gxf5, Bxf5, d4, exd4, exd4, Qd7, Be3, O-O, c5, Rae8, Qb3+, Kh8, O-O-O, Bh7, Rd2, Nf5, d5, Qf7, Na4, Nxe3, fxe3, b5, cxb6] ...
cxb6 Gives us inValid move: No such move for piece found: []
8 .  .  .  .  ♖  ♖  .  ♔  
7 ♗  .  ♙  .  .  ♕  ♙  ♗  
6 ♙  .  ♘  ♙  .  .  .  .  
5 .  ♙  ♟  ♟  .  .  .  .  
4 ♞  ♟  .  .  .  .  .  ♙  
3 ♟  ♛  .  .  ♟  .  .  ♟  
2 .  .  .  ♜  ♞  .  ♝  .  
1 .  .  ♚  .  .  .  .  ♜  
  a  b  c  d  e  f  g  h

===== 9234 ===== 
[e4, e5, Nf3, Nc6, Bc4, Nf6, d3, Bc5, c3, O-O, Nbd2, d5, Bb5, dxe4, dxe4, a5, O-O, Qe7, h3, Rd8, Qc2, Nb8, Rd1, Nbd7, Bf1, b6, Nc4, Bb7, Re1, a4, Bg5, h6, Bh4, b5, Ncd2, g5, Bg3, Nh5, Kh2, Bc6, b4, axb3] ...
axb3 Gives us inValid move: No such move for piece found: []
8 ♖  .  .  ♖  .  .  ♔  .  
7 .  .  ♙  ♘  ♕  ♙  .  .  
6 .  .  ♗  .  .  .  .  ♙  
5 .  ♙  ♗  .  ♙  .  ♙  ♘  
4 ♙  ♟  .  .  ♟  .  .  .  
3 .  .  ♟  .  .  ♞  ♝  ♟  
2 ♟  .  ♛  ♞  .  ♟  ♟  ♚  
1 ♜  .  .  .  ♜  ♝  .  .  
  a  b  c  d  e  f  g  h

===== 9261 ===== 
[e4, c5, Nf3, Nc6, Bb5, g6, Bxc6, dxc6, d3, Qc7, O-O, e5, a4, Nf6, a5, Nh5, Nc3, Be7, Be3, O-O, Nd2, Rb8, Ne2, Nf4, Nc4, Be6, b3, b5, axb6] ...
axb6 Gives us inValid move: No such move for piece found: []
8 .  ♖  .  .  .  ♖  ♔  .  
7 ♙  .  ♕  .  ♗  ♙  .  ♙  
6 .  .  ♙  .  ♗  .  ♙  .  
5 ♟  ♙  ♙  .  ♙  .  .  .  
4 .  .  ♞  .  ♟  ♘  .  .  
3 .  ♟  .  ♟  ♝  .  .  .  
2 .  .  ♟  .  ♞  ♟  ♟  ♟  
1 ♜  .  .  ♛  .  ♜  ♚  .  
  a  b  c  d  e  f  g  h

===== 9271 ===== 
[e4, c5, Nf3, d6, Bb5+, Nd7, a4, Nf6] ...
Nf6 Gives us inValid move: more than one valid move, The notation is disambiguous
8 ♖  .  ♗  ♕  ♔  ♗  ♘  ♖  
7 ♙  ♙  .  ♘  ♙  ♙  ♙  ♙  
6 .  .  .  ♙  .  .  .  .  
5 .  ♝  ♙  .  .  .  .  .  
4 ♟  .  .  .  ♟  .  .  .  
3 .  .  .  .  .  ♞  .  .  
2 .  ♟  ♟  ♟  .  ♟  ♟  ♟  
1 ♜  ♞  ♝  ♛  ♚  .  .  ♜  
  a  b  c  d  e  f  g  h

===== 9275 ===== 
[e4, c5, c3, Nf6, e5, Nd5, Nf3, Nc6, Bc4, Nb6, Bb3, d5, exd6] ...
exd6 Gives us inValid move: No such move for piece found: []
8 ♖  .  ♗  ♕  ♔  ♗  .  ♖  
7 ♙  ♙  .  .  ♙  ♙  ♙  ♙  
6 .  ♘  ♘  .  .  .  .  .  
5 .  .  ♙  ♙  ♟  .  .  .  
4 .  .  .  .  .  .  .  .  
3 .  ♝  ♟  .  .  ♞  .  .  
2 ♟  ♟  .  ♟  .  ♟  ♟  ♟  
1 ♜  ♞  ♝  ♛  ♚  .  .  ♜  
  a  b  c  d  e  f  g  h

===== 9277 ===== 
[e4, e5, Nf3, Nc6, Bc4, Bc5, O-O, Nf6, d3, d6, c3, h6, Re1, O-O, Nbd2, a5, Nf1, Be6, Bb5, Ne7, d4, Ba7, Ng3, Ng6, h3, c6, Bd3, a4, Be3, Re8, Qc2, b5, b4, axb3] ...
axb3 Gives us inValid move: No such move for piece found: []
8 ♖  .  .  ♕  ♖  .  ♔  .  
7 ♗  .  .  .  .  ♙  ♙  .  
6 .  .  ♙  ♙  ♗  ♘  ♘  ♙  
5 .  ♙  .  .  ♙  .  .  .  
4 ♙  ♟  .  ♟  ♟  .  .  .  
3 .  .  ♟  ♝  ♝  ♞  ♞  ♟  
2 ♟  .  ♛  .  .  ♟  ♟  .  
1 ♜  .  .  .  ♜  .  ♚  .  
  a  b  c  d  e  f  g  h

===== 9322 ===== 
[d4, Nf6, c4, g6, h4, d6, Nc3, Nc6, e4, e5, d5, Nd4, Nge2, c5, dxc6] ...
dxc6 Gives us inValid move: No such move for piece found: []
8 ♖  .  ♗  ♕  ♔  ♗  .  ♖  
7 ♙  ♙  .  .  .  ♙  .  ♙  
6 .  .  .  ♙  .  ♘  ♙  .  
5 .  .  ♙  ♟  ♙  .  .  .  
4 .  .  ♟  ♘  ♟  .  .  ♟  
3 .  .  ♞  .  .  .  .  .  
2 ♟  ♟  .  .  ♞  ♟  ♟  .  
1 ♜  .  ♝  ♛  ♚  ♝  .  ♜  
  a  b  c  d  e  f  g  h

===== 9325 ===== 
[e4, c5, Nf3, d6, Bb5+, Nd7, O-O, a6, Bd3, Ngf6, Re1, e6, c3, b5, Bc2, c4, a4, Bb7, axb5, axb5, Rxa8, Bxa8, d4, cxd3] ...
cxd3 Gives us inValid move: No such move for piece found: []
8 ♗  .  .  ♕  ♔  ♗  .  ♖  
7 .  .  .  ♘  .  ♙  ♙  ♙  
6 .  .  .  ♙  ♙  ♘  .  .  
5 .  ♙  .  .  .  .  .  .  
4 .  .  ♙  ♟  ♟  .  .  .  
3 .  .  ♟  .  .  ♞  .  .  
2 .  ♟  ♝  .  .  ♟  ♟  ♟  
1 .  ♞  ♝  ♛  ♜  .  ♚  .  
  a  b  c  d  e  f  g  h

===== 9329 ===== 
[d4, Nf6, c4, g6, h4, d6, Nc3, Nc6, e4, e5, d5, Nd4, Nge2, c5, dxc6] ...
dxc6 Gives us inValid move: No such move for piece found: []
8 ♖  .  ♗  ♕  ♔  ♗  .  ♖  
7 ♙  ♙  .  .  .  ♙  .  ♙  
6 .  .  .  ♙  .  ♘  ♙  .  
5 .  .  ♙  ♟  ♙  .  .  .  
4 .  .  ♟  ♘  ♟  .  .  ♟  
3 .  .  ♞  .  .  .  .  .  
2 ♟  ♟  .  .  ♞  ♟  ♟  .  
1 ♜  .  ♝  ♛  ♚  ♝  .  ♜  
  a  b  c  d  e  f  g  h

===== 9357 ===== 
[e4, c5, Nf3, d6, d4, cxd4, Nxd4, Nf6, Nc3, a6, Be3, e5, Nb3, Be6, h3, Nc6, Qf3, Rc8, O-O-O, Na5, Bg5, Be7, Bxf6, Bxf6, Nd5, Bg5+, Kb1, h5, Be2, h4, Nxa5, Qxa5, Qb3, Qc5, Bg4, Qc4, Bxe6, fxe6, Nb6, Qxb3, axb3, Rc6, Nc4, Ke7, Rd3, Rf8, f3, Bf4, Rhd1, Rd8, c3, Rd7, Kc2, Rd8, Na5, Rc7, b4, Rdd7, Kb3, Rd8, Nc4, Rc6, Na3, d5, b5, Rcd6, bxa6, bxa6, Ka4, Rb8, b4, Rc6, Kb3, Rbc8, Ra1, Rc4, Ra2, a5, bxa5, Rb8+, Kc2, Rc5, Nb1, Rbb5, exd5, exd5, a6, Ra5, Rxa5, Rxa5, c4, Rxa6, cxd5, Ra2+, Kb3, Rxg2, Nc3, Rg3, d6+, Kd7, Ne4, Rxh3, Kc4, Rh1, Kd5, Rc1, Nc5+, Ke8, Ke6, Rxc5, Ra3, Rc8, d7+, Kd8, dxc8=Q+, Kxc8] ...
Kxc8 Gives us inValid move: Pawn can move diagonally only when capturing
8 .  .  ♖  ♔  .  .  .  .  
7 .  .  .  ♟  .  .  ♙  .  
6 .  .  .  .  ♚  .  .  .  
5 .  .  .  .  ♙  .  .  .  
4 .  .  .  .  .  ♗  .  ♙  
3 ♜  .  .  .  .  ♟  .  .  
2 .  .  .  .  .  .  .  .  
1 .  .  .  .  .  .  .  .  
  a  b  c  d  e  f  g  h

===== 9378 ===== 
[e4, e5, Nf3, Nc6, Bc4, Nf6, d3, Be7, O-O, d6, c3, O-O, Re1, h6, Nbd2, Be6, Bxe6, fxe6, Nf1, a5, Ng3, a4, Bd2, d5, b4, axb3] ...
axb3 Gives us inValid move: No such move for piece found: []
8 ♖  .  .  ♕  .  ♖  ♔  .  
7 .  ♙  ♙  .  ♗  .  ♙  .  
6 .  .  ♘  .  ♙  ♘  .  ♙  
5 .  .  .  ♙  ♙  .  .  .  
4 ♙  ♟  .  .  ♟  .  .  .  
3 .  .  ♟  ♟  .  ♞  ♞  .  
2 ♟  .  .  ♝  .  ♟  ♟  ♟  
1 ♜  .  .  ♛  ♜  .  ♚  .  
  a  b  c  d  e  f  g  h

===== 9405 ===== 
[e4, e5, Nf3, Nc6, Bc4, Nf6, d3, Bc5, c3, O-O, O-O, d6, Re1, a5, Bg5, h6, Bh4, g5, Bg3, Bb6, Na3, Nh7, Nc2, h5, h3, h4, Bh2, g4, hxg4, Bxg4, d4, exd4, Ncxd4, Nxd4, cxd4, Ng5, Qd3, Nxf3+, gxf3, Bh5, e5, d5, Bb3, a4, Bd1, Qg5+, Kh1, Bg6, Qe2, Bxd4, Rg1, Qh5, Qd2, c5, f4, Qh6, Rg5, f6, exf6, Bxf6, Qxd5+, Kh8, Bf3, a3, Rag1, axb2, Rxg6, Qxg6, Rxg6, b1=Q+, Rg1, Qh7] ...
Qh7 Gives us inValid move: Black pawn can only move up diagonally
8 ♖  .  .  .  .  ♖  .  ♔  
7 .  ♙  .  .  .  .  .  .  
6 .  .  .  .  .  ♗  .  .  
5 .  .  ♙  ♛  .  .  .  .  
4 .  .  .  .  .  ♟  .  ♙  
3 .  .  .  .  .  ♝  .  .  
2 ♟  ♙  .  .  .  ♟  .  ♝  
1 .  .  .  .  .  .  ♜  ♚  
  a  b  c  d  e  f  g  h

===== 9408 ===== 
[e4, e6, d4, d5, Nc3, Bb4, exd5, exd5, Qf3, c6, Bd3, Qf6, Qxf6, Nxf6, f3, O-O, Ne2] ...
Ne2 Gives us inValid move: more than one valid move, The notation is disambiguous
8 ♖  ♘  ♗  .  .  ♖  ♔  .  
7 ♙  ♙  .  .  .  ♙  ♙  ♙  
6 .  .  ♙  .  .  ♘  .  .  
5 .  .  .  ♙  .  .  .  .  
4 .  ♗  .  ♟  .  .  .  .  
3 .  .  ♞  ♝  .  ♟  .  .  
2 ♟  ♟  ♟  .  .  .  ♟  ♟  
1 ♜  .  ♝  .  ♚  .  ♞  ♜  
  a  b  c  d  e  f  g  h

===== 9413 ===== 
[d4, d6, c4, g6, Nc3, Bg7, e4, e5, Nge2, Nc6, d5, Nce7, Ng3, f5, exf5, Nxf5, Bd3, Nf6, Bg5, O-O, Qd2, Qe8, Nxf5, gxf5, O-O-O, a6, Rdg1, b5, cxb5, axb5, Bxb5, Qf7, Bc4, Ba6, Bb3, Ne4, Nxe4, fxe4, Be3, Bd3, Qc3, c5, dxc6] ...
dxc6 Gives us inValid move: No such move for piece found: []
8 ♖  .  .  .  .  ♖  ♔  .  
7 .  .  .  .  .  ♕  ♗  ♙  
6 .  .  .  ♙  .  .  .  .  
5 .  .  ♙  ♟  ♙  .  .  .  
4 .  .  .  .  ♙  .  .  .  
3 .  ♝  ♛  ♗  ♝  .  .  .  
2 ♟  ♟  .  .  .  ♟  ♟  ♟  
1 .  .  ♚  .  .  .  ♜  ♜  
  a  b  c  d  e  f  g  h

===== 9422 ===== 
[d4, e6, c4, Nf6, Nc3, Bb4, Qc2, d5, cxd5, exd5, Bg5, h6, Bh4, c5, dxc5, g5, Bg3, Ne4, e3, Nc6, Bd3, Bf5, Ne2] ...
Ne2 Gives us inValid move: more than one valid move, The notation is disambiguous
8 ♖  .  .  ♕  ♔  .  .  ♖  
7 ♙  ♙  .  .  .  ♙  .  .  
6 .  .  ♘  .  .  .  .  ♙  
5 .  .  ♟  ♙  .  ♗  ♙  .  
4 .  ♗  .  .  ♘  .  .  .  
3 .  .  ♞  ♝  ♟  .  ♝  .  
2 ♟  ♟  ♛  .  .  ♟  ♟  ♟  
1 ♜  .  .  .  ♚  .  ♞  ♜  
  a  b  c  d  e  f  g  h

===== 9432 ===== 
[b3, d5, Bb2, c5, e4, d4, Bb5+, Bd7, Bxd7+, Nxd7, f4, g6, d3, Bg7, Nd2, e5, fxe5, Nxe5, Ngf3, Ne7, Nxe5, Bxe5, Qf3, Nc6, a4, O-O, O-O, Qg5, Nc4, Bc7, Bc1, Qe7, Bf4, Bxf4, Qxf4, Rae8, Rf2, Ne5, Raf1, Nxc4, bxc4, Qe5, Rb1, b6, Qxe5, Rxe5, a5, Re6, Kf1, Kg7, Ke2, f5, Rbf1, Rfe8, a6, R8e7, Rf4, fxe4, Rxe4, Rxe4+, dxe4, Rxe4+, Kd2, Re3, Re1, Rxe1, Kxe1, Kf6, Ke2, Ke5, Kf3, Kf5, g4+, Ke5, h4, h6, h5, g5, Ke2, Ke4, Kd2, Kf4, Kd3, Kxg4, Ke4, Kxh5, Kd5, g4, Kc6, g3, Kb7, g2, Kxa7, g1=Q, Kxb6, Qg6+] ...
Qg6+ Gives us inValid move: Pawn can move diagonally only when capturing
8 .  .  .  .  .  .  .  .  
7 .  .  .  .  .  .  .  .  
6 ♟  ♚  .  .  .  .  .  ♙  
5 .  .  ♙  .  .  .  .  ♔  
4 .  .  ♟  ♙  .  .  .  .  
3 .  .  .  .  .  .  .  .  
2 .  .  ♟  .  .  .  ♙  .  
1 .  .  .  .  .  .  .  .  
  a  b  c  d  e  f  g  h

===== 9441 ===== 
[e4, c5, Nf3, d6, d4, cxd4, Nxd4, Nf6, Nc3, a6, Be3, e5, Nb3, Be7, h3, O-O, g4, Be6, g5, Nfd7, h4, Nb6, f4, exf4, Bxf4, d5, Qf3, Nc6, O-O-O, d4, Be3, Bxb3, axb3, Bc5, Bf4, Re8, h5, Ne5, Qg3, Qc7, Nd5, Nxd5, exd5, Bd6, Kb1, Rac8, Rh2, Nc4, Bxd6, Qxd6, Qxd6, Nxd6, g6, f5, Bd3, Re3, Rf2, Rf8, Rdf1, Re5, c4, dxc3] ...
dxc3 Gives us inValid move: No such move for piece found: []
8 .  .  .  .  .  ♖  ♔  .  
7 .  ♙  .  .  .  .  ♙  ♙  
6 ♙  .  .  ♘  .  .  ♟  .  
5 .  .  .  ♟  ♖  ♙  .  ♟  
4 .  .  ♟  ♙  .  .  .  .  
3 .  ♟  .  ♝  .  .  .  .  
2 .  ♟  .  .  .  ♜  .  .  
1 .  ♚  .  .  .  ♜  .  .  
  a  b  c  d  e  f  g  h

===== 9440 ===== 
[e4, e5, Nf3, Nc6, d4, exd4, c3, dxc3, Nxc3, Bb4, Bc4, d6, O-O, Bxc3, bxc3, Be6, Bb5, Ne7] ...
Ne7 Gives us inValid move: more than one valid move, The notation is disambiguous
8 ♖  .  .  ♕  ♔  .  ♘  ♖  
7 ♙  ♙  ♙  .  .  ♙  ♙  ♙  
6 .  .  ♘  ♙  ♗  .  .  .  
5 .  ♝  .  .  .  .  .  .  
4 .  .  .  .  ♟  .  .  .  
3 .  .  ♟  .  .  ♞  .  .  
2 ♟  .  .  .  .  ♟  ♟  ♟  
1 ♜  .  ♝  ♛  .  ♜  ♚  .  
  a  b  c  d  e  f  g  h

===== 9472 ===== 
[c4, e6, Nc3, d5, d4, Be7, cxd5, exd5, Bf4, c6, e3, Bf5, g4, Bg6, h4, h6, h5, Bh7, Bd3, Bxd3, Qxd3, Nf6, Nge2, Nbd7, f3, Nf8, O-O-O, Ne6, Kb1, Bd6, Be5, O-O, Rdg1, Qe7, Bxf6, Qxf6, f4, Rfe8, Ng3, Nf8, Nf5, Nh7, e4, Bb4, g5, hxg5, fxg5, dxe4, gxf6, exd3, fxg7, Nf6, h6, Kh7, Nd1, d2, a3, Ba5, Kc2, Re1, b4, Bc7, Rxe1, dxe1=Q, Rxe1] ...
Rxe1 Gives us inValid move: Path is blocked by another piece
8 ♖  .  .  .  .  .  .  .  
7 ♙  ♙  ♗  .  .  ♙  ♟  ♔  
6 .  .  ♙  .  .  ♘  .  ♟  
5 .  .  .  .  .  ♞  .  .  
4 .  ♟  .  ♟  .  .  .  .  
3 ♟  .  .  .  .  .  .  .  
2 .  .  ♚  ♙  .  .  .  .  
1 .  .  .  ♞  ♜  .  .  ♜  
  a  b  c  d  e  f  g  h

===== 9490 ===== 
[e4, e5, Nf3, Nc6, d4, exd4, Nxd4, Nf6, Nxc6, bxc6, e5, Qe7, Qe2, Nd5, h4, Bb7, c4, Nb6, Nc3, O-O-O, Bg5, f6, exf6, Qf7, fxg7, Bxg7, Bxd8, Re8, Bg5, Rxe2+, Bxe2, Nxc4, O-O, c5, Bxc4, Qxc4, Rfe1, Bc6, Re3, Qg4, Rg3, Qf5, Re1, Be5, Rge3, Bd4, f3, Qc2, Re2] ...
Re2 Gives us inValid move: more than one valid move, The notation is disambiguous
8 .  .  ♔  .  .  .  .  .  
7 ♙  .  ♙  ♙  .  .  .  ♙  
6 .  .  ♗  .  .  .  .  .  
5 .  .  ♙  .  .  .  ♝  .  
4 .  .  .  ♗  .  .  .  ♟  
3 .  .  ♞  .  ♜  ♟  .  .  
2 ♟  ♟  ♕  .  .  .  ♟  .  
1 .  .  .  .  ♜  .  ♚  .  
  a  b  c  d  e  f  g  h

===== 9500 ===== 
[Nh3, d5, g3, Nf6, Bg2, e5, d4, Bd6, O-O, e4, c4, h5, Bg5, h4, Nf4, hxg3, hxg3, Bxf4, Bxf4, Bh3, Bxh3, Rxh3, Kg2, Rh5, Rh1, Nc6, Nc3, dxc4, d5, Ne7, Qa4+, Qd7, Rxh5, Nxh5, Qxd7+, Kxd7, Be5, Nf6, Rd1, Nf5, Bxf6, gxf6, Nxe4, Ke7, Nc3, a6, a4, Nd6, a5, b5, axb6] ...
axb6 Gives us inValid move: No such move for piece found: []
8 ♖  .  .  .  .  .  .  .  
7 .  .  ♙  .  ♔  ♙  .  .  
6 ♙  .  .  ♘  .  ♙  .  .  
5 ♟  ♙  .  ♟  .  .  .  .  
4 .  .  ♙  .  .  .  .  .  
3 .  .  ♞  .  .  .  ♟  .  
2 .  ♟  .  .  ♟  ♟  ♚  .  
1 .  .  .  ♜  .  .  .  .  
  a  b  c  d  e  f  g  h

===== 9517 ===== 
[d4, d5, Bf4, c5, e4, Nf6, e5, Nfd7, e6, fxe6, Bd3, Nf6, c3, cxd4, cxd4, Nc6, Nf3, g6, Nc3, Bg7, Qd2, Bd7, Bh6, Bxh6, Qxh6, Qb6, Bxg6+, Kd8, O-O-O, Rc8, Bc2, Rg8, g3, Ng4, Qd2, Rf8, Qe2, Kc7, h3, Nf6, Rhe1, Kb8, Qe3, Na5, Ne5, Nc4, Nxc4, Rxc4, Kb1, Rfc8, Bb3, R4c7, g4, a5, g5, Rxc3, bxc3, Ne4, Ka1, Rxc3, Qf4+, Ka7, f3, a4, fxe4, axb3, Rb1, Qxd4, Rb2, Rc2, Rb1] ...
Rb1 Gives us inValid move: more than one valid move, The notation is disambiguous
8 .  .  .  .  .  .  .  .  
7 ♔  ♙  .  ♗  ♙  .  .  ♙  
6 .  .  .  .  ♙  .  .  .  
5 .  .  .  ♙  .  .  ♟  .  
4 .  .  .  ♕  ♟  ♛  .  .  
3 .  ♙  .  .  .  .  .  ♟  
2 ♟  ♜  ♖  .  .  .  .  .  
1 ♚  .  .  .  ♜  .  .  .  
  a  b  c  d  e  f  g  h

===== 9519 ===== 
[d4, d5, Bf4, c5, e3, Nc6, Nf3, Nf6, Nbd2, cxd4, exd4, Bg4, c3, e6, Qb3, Qc8, Bd3, Be7, O-O, Bh5, Rfe1, Bg6, Bf1, O-O, h3, Nd7, a4, a6, a5, Re8, Qa4, Bd8, Nb3, h6, Bg3, Bc7, Bxc7, Qxc7, Qa3, e5, dxe5, Ndxe5, Nxe5, Rxe5, Rxe5, Qxe5, Qc5, Re8, Rd1, Rd8, Nd4, Ne7, Qb6, Rd7, Nf3, Qb8, Re1, Qc7, Qb4, Kh7, Qh4, f6, Qg4, Nc6, Nh4, Bf7, Bd3+, Kg8, Ng6, Ne5, Nxe5, fxe5, Qf5, e4, Be2, Re7, Bg4, Qxa5, Rd1, Qc7, Qh5, Qe5, Qh4, h5, Be2, g6, Qg3, Kg7, Qe3, Qf6, Rd4, b5, c4, bxc4, b3, cxb3, Rb4, d4, Rxd4, b2, Rb4, Rc7, Qd2, Rc1+, Kh2, b1=Q, Rxb1, Rxb1, f4, exf3] ...
exf3 Gives us inValid move: No such move for piece found: []
8 .  .  .  .  .  .  .  .  
7 .  .  .  .  .  ♗  ♔  .  
6 ♙  .  .  .  .  ♕  ♙  .  
5 .  .  .  .  .  .  .  ♙  
4 .  .  .  .  ♙  ♟  .  .  
3 .  .  .  .  .  .  .  ♟  
2 .  .  .  ♛  ♝  .  ♟  ♚  
1 .  ♖  .  .  .  .  .  .  
  a  b  c  d  e  f  g  h

===== 9530 ===== 
[d4, d5, c4, dxc4, e4, Nf6, e5, Nd5, Bxc4, Nb6, Bb3, Nc6, Ne2, Bg4, Be3, e6, Nbc3, Be7, h3, Bh5, O-O, Nb4, Qd2, N4d5, Ng3, Bg6, f4, Qd7, Rac1, O-O-O, Nce4, Kb8, Nc5, Qc8, Bf2, h5, Nge4, Bxc5, Nxc5, h4, Rfe1, Bf5, a4, Nd7, a5, Nxc5, Rxc5, a6, Rec1, c6, Bc4, Rd7, b4, Qd8, Bf1, Nc7, Qe3, Rd5, Rxd5, Qxd5, Rc5, Qe4, Qxe4, Bxe4, Be1, Nd5, Bd2, f5, exf6] ...
exf6 Gives us inValid move: No such move for piece found: []
8 .  ♔  .  .  .  .  .  ♖  
7 .  ♙  .  .  .  .  ♙  .  
6 ♙  .  ♙  .  ♙  .  .  .  
5 ♟  .  ♜  ♘  ♟  ♙  .  .  
4 .  ♟  .  ♟  ♗  ♟  .  ♙  
3 .  .  .  .  .  .  .  ♟  
2 .  .  .  ♝  .  .  ♟  .  
1 .  .  .  .  .  ♝  ♚  .  
  a  b  c  d  e  f  g  h

===== 9535 ===== 
[e4, Nf6, e5, Nd5, d4, d6, Nf3, g6, Bc4, Nb6, Bb3, Bg7, O-O, O-O, h3, Nc6, exd6, cxd6, a4, e5, a5, Nd7, d5, Nxa5, Ba2, b5, Nc3, a6, Ne4, Nb7, Bg5, f6, Bh4, h6, c4, g5, Bg3, f5, Nc3, e4, Nd4, Bxd4, Qxd4, b4, Ne2, f4, Bh2, Nbc5, Rae1, Qf6, Qxf6, Rxf6, Nd4, Ne5, Bb1, Nxc4, Bxe4, Nxe4, Rxe4, Bd7, Re7, Rd8, Rc1, Nxb2, Rc7, Rf7, Rxf7, Kxf7, Nc6, Ke8, Nxd8, Kxd8, Rb7, a5, g3, Nd3, gxf4, gxf4, Kf1, a4, Ke2, Bf5, Rf7, a3, Rxf5, a2, Rf8+, Ke7, Ra8, b3, Kxd3, b2, Rxa2, b1=Q+, Rc2] ...
Rc2 Gives us inValid move: Path is blocked by another piece
8 .  .  .  .  .  .  .  .  
7 .  .  .  .  ♔  .  .  .  
6 .  .  .  ♙  .  .  .  ♙  
5 .  .  .  ♟  .  .  .  .  
4 .  .  .  .  .  ♙  .  .  
3 .  .  .  ♚  .  .  .  ♟  
2 ♜  ♙  .  .  .  ♟  .  ♝  
1 .  .  .  .  .  .  .  .  
  a  b  c  d  e  f  g  h

===== 9542 ===== 
[e4, e6, Qe2, d5, exd5, Qxd5, Nc3, Qd8, b3, Nf6, Bb2, Be7, O-O-O, O-O, g4, c5, g5, Nd5, Nf3, Nc6, Qe4, f5, gxf6] ...
gxf6 Gives us inValid move: No such move for piece found: []
8 ♖  .  ♗  ♕  .  ♖  ♔  .  
7 ♙  ♙  .  .  ♗  .  ♙  ♙  
6 .  .  ♘  .  ♙  .  .  .  
5 .  .  ♙  ♘  .  ♙  ♟  .  
4 .  .  .  .  ♛  .  .  .  
3 .  ♟  ♞  .  .  ♞  .  .  
2 ♟  ♝  ♟  ♟  .  ♟  .  ♟  
1 .  .  ♚  ♜  .  ♝  .  ♜  
  a  b  c  d  e  f  g  h

===== 9545 ===== 
[e4, g6, Nc3, Bg7, d4, d6, Be3, a6, Qd2, b5, h4, h6, f3, Bb7, O-O-O, Nd7, g4, c5, g5, hxg5, dxc5, Nxc5, Bxg5, Qa5, Kb1, b4, Nd5, Bxd5, exd5, Nf6, Ne2, Na4, Nd4, Nxb2, Nc6, Qa3, Re1, Na4, Rxe7+, Kf8, c4, bxc3] ...
bxc3 Gives us inValid move: No such move for piece found: []
8 ♖  .  .  .  .  ♔  .  ♖  
7 .  .  .  .  ♜  ♙  ♗  .  
6 ♙  .  ♞  ♙  .  ♘  ♙  .  
5 .  .  .  ♟  .  .  ♝  .  
4 ♘  ♙  ♟  .  .  .  .  ♟  
3 ♕  .  .  .  .  ♟  .  .  
2 ♟  .  .  ♛  .  .  .  .  
1 .  ♚  .  .  .  ♝  .  ♜  
  a  b  c  d  e  f  g  h

===== 9546 ===== 
[d4, d5, Nc3, c5, e4, Nf6, Bb5+, Bd7, exd5, Bxb5, Nxb5, Qa5+, Nc3, Nxd5, Ne2] ...
Ne2 Gives us inValid move: more than one valid move, The notation is disambiguous
8 ♖  ♘  .  .  ♔  ♗  .  ♖  
7 ♙  ♙  .  .  ♙  ♙  ♙  ♙  
6 .  .  .  .  .  .  .  .  
5 ♕  .  ♙  ♘  .  .  .  .  
4 .  .  .  ♟  .  .  .  .  
3 .  .  ♞  .  .  .  .  .  
2 ♟  ♟  ♟  .  .  ♟  ♟  ♟  
1 ♜  .  ♝  ♛  ♚  .  ♞  ♜  
  a  b  c  d  e  f  g  h

===== 9552 ===== 
[d4, d5, c4, dxc4, Nc3, e5, e3, exd4, exd4, Nf6, Bxc4, Bd6, Nf3, O-O, O-O, Bf5, Bg5, Nc6, Nd5, Be7, Nxe7+, Nxe7, Re1, Ng6, Ne5, Nxe5, dxe5, Qxd1, Raxd1, Ne4, Be3, h6, Bd3, Rfd8, f3, Nf2, Kxf2, Bxd3, Rd2, Bf5, Red1, Rxd2+, Rxd2, b6, a3, c5, g4, Be6, h3, g5, f4, gxf4, Bxf4, Kg7, Kg3, Kg6, Rf2, b5, Bd2, Kg7, Rf6, Rh8, Be3, c4, Bxa7, h5, Be3, hxg4, hxg4, Rd8, Bh6+, Kh7, g5, Rd3+, Kf4, Bd5, Rd6, Rd4+, Ke3, Re4+, Kd2, Rxe5, Kc3, Be6, Kb4, Re2, Kc3, Kg6, Rd2, Re3+, Kb4, Rb3+, Kc5, c3, bxc3, Rxc3+, Kxb5, Rxa3, Rf2, f5, gxf6] ...
gxf6 Gives us inValid move: No such move for piece found: []
8 .  .  .  .  .  .  .  .  
7 .  .  .  .  .  .  .  .  
6 .  .  .  .  ♗  .  ♔  ♝  
5 .  ♚  .  .  .  ♙  ♟  .  
4 .  .  .  .  .  .  .  .  
3 ♖  .  .  .  .  .  .  .  
2 .  .  .  .  .  ♜  .  .  
1 .  .  .  .  .  .  .  .  
  a  b  c  d  e  f  g  h

===== 9559 ===== 
[c4, Nf6, g3, g6, Bg2, Bg7, d4, O-O, Nc3, d6, e3, c6, Nge2, e5, O-O, Nbd7, Qc2, Re8, Rd1, Qe7, d5, cxd5, Nxd5, Nxd5, Bxd5, Nf6, Bg2, Bf5, e4, Be6, b3, Rac8, Nc3, a6, a4, Red8, Be3, Qc7, a5, Nd7, Rd2, Bf8, h4, Re8, Qa2, Nb8, Nd5, Bxd5, exd5, Nd7, Rc1, f5, b4, e4, c5, Ne5, Rdc2, Nd3, cxd6, Nxc1, Rxc7, Nxa2, d7, Rcd8, dxe8=Q, Rxe8] ...
Rxe8 Gives us inValid move: White pawn can only capture up diagonally
8 .  .  .  ♖  ♖  ♗  ♔  .  
7 .  ♙  ♜  ♟  .  .  .  ♙  
6 ♙  .  .  .  .  .  ♙  .  
5 ♟  .  .  ♟  .  ♙  .  .  
4 .  ♟  .  .  ♙  .  .  ♟  
3 .  .  .  .  ♝  .  ♟  .  
2 ♘  .  .  .  .  ♟  ♝  .  
1 .  .  .  .  .  .  ♚  .  
  a  b  c  d  e  f  g  h

===== 9563 ===== 
[c3, b6, e4, Bb7, d3, e6, Nd2, d5, Ngf3, Nf6, e5, Nfd7, d4, c5, h4, Nc6, Bd3, cxd4, cxd4, Nb4, Be2, Qc8, O-O, Ba6, Bxa6, Qxa6, Ne1, Rc8, h5, Be7, a3, Nc6, Qg4, g5, Ndf3, h6, Be3, Qe2, b4, Nd8, Qh3, f5, exf6] ...
exf6 Gives us inValid move: No such move for piece found: []
8 .  .  ♖  ♘  ♔  .  .  ♖  
7 ♙  .  .  ♘  ♗  .  .  .  
6 .  ♙  .  .  ♙  .  .  ♙  
5 .  .  .  ♙  ♟  ♙  ♙  ♟  
4 .  ♟  .  ♟  .  .  .  .  
3 ♟  .  .  .  ♝  ♞  .  ♛  
2 .  .  .  .  ♕  ♟  ♟  .  
1 ♜  .  .  .  ♞  ♜  ♚  .  
  a  b  c  d  e  f  g  h

===== 9575 ===== 
[e4, c5, Nf3, Nc6, d4, cxd4, Nxd4, Nf6, Nc3, e5, Ndb5, d6, Bg5, a6, Na3, b5, Nd5, Be7, Bxf6, Bxf6, c3, Ne7, Nxf6+, gxf6, Nc2, Bb7, Bd3, d5, Qe2, f5, O-O-O, fxe4, Bxe4, Qc7, Bf3, O-O-O, g3, Kb8, Kb1, Nc8, Rhe1, Rhe8, Ne3, Nb6, Qc2, f6, Bg2, Rd6, Rd2, Red8, Red1, a5, a3, Nc4, Nxc4, bxc4, Qf5, Ka7, Ka1, Qd7, Qh5, Qc7, f4, e4, Rd4, Bc6, R1d2, Be8, Qe2, Bc6, Qe3, Qb6, f5, R6d7, Qh6, Ba4, g4, Ka6, Bf1, Ka7, h4, Rb7, Qe3, Rdb8, g5, Bd7, gxf6, Bxf5, Qg5, Be6, Bxc4, Rg8, Qe5, Rg1+, Ka2, dxc4, b4, cxb3+] ...
cxb3+ Gives us inValid move: No such move for piece found: []
8 .  .  .  .  .  .  .  .  
7 ♔  ♖  .  .  .  .  .  ♙  
6 .  ♕  .  .  ♗  ♟  .  .  
5 ♙  .  .  .  ♛  .  .  .  
4 .  ♟  ♙  ♜  ♙  .  .  ♟  
3 ♟  .  ♟  .  .  .  .  .  
2 ♚  .  .  ♜  .  .  .  .  
1 .  .  .  .  .  .  ♖  .  
  a  b  c  d  e  f  g  h

===== 9578 ===== 
[d4, Nf6, c4, e6, Nf3, d5, Nc3, Bb4, cxd5, exd5, Bf4, O-O, e3, c5, dxc5, Qa5, Nd2, Nc6, Nb3, Bxc3+, bxc3, Qxc3+, Qd2, Qxd2+, Kxd2, Ne4+, Ke1, g5, Bc7, Be6, f3, Rac8, Bg3, Nxg3, hxg3, Kg7, Bd3, h6, Kd2, Ne5, Rhc1, Rfe8, Nd4, Nc4+, Bxc4, dxc4, Nxe6+, Rxe6, Rxc4, b6, Rac1, Rec6, Ra4, Rxc5, Rxc5, Rxc5, Rxa7, Rb5, Rc7, Ra5, Rc2, Ra3, g4, b5, Rb2, b4, e4, Kf6, Kc2, Rc3+, Kb1, Rc4, Rd2, Ke5, Rd5+, Kf4, Rf5+, Kg3, Rxf7, Rc3, Rf6, Kxg2, e5, Re3, e6, Re2, Kc1, Rxa2, Kd1, b3, e7, b2, Kc2, b1=Q+, Kxb1] ...
Kxb1 Gives us inValid move: Pawn can move diagonally only when capturing
8 .  .  .  .  .  .  .  .  
7 .  .  .  .  ♟  .  .  .  
6 .  .  .  .  .  ♜  .  ♙  
5 .  .  .  .  .  .  ♙  .  
4 .  .  .  .  .  .  ♟  .  
3 .  .  .  .  .  ♟  .  .  
2 ♖  ♙  ♚  .  .  .  ♔  .  
1 .  .  .  .  .  .  .  .  
  a  b  c  d  e  f  g  h

===== 9582 ===== 
[e4, e5, Nf3, Nc6, Bb5, a6, Ba4, Nf6, O-O, Bc5, c3, O-O, d4, Ba7, Bg5, exd4, e5, h6, Bh4, g5, Bxc6, dxc6, Nxg5, dxc3, Qxd8, Rxd8, Nxc3, Nd5, Nge4, Nxc3, bxc3, Rd3, Rad1, Rxd1, Rxd1, Be6, a3, f5, exf6] ...
exf6 Gives us inValid move: No such move for piece found: []
8 ♖  .  .  .  .  .  ♔  .  
7 ♗  ♙  ♙  .  .  .  .  .  
6 ♙  .  ♙  .  ♗  .  .  ♙  
5 .  .  .  .  ♟  ♙  .  .  
4 .  .  .  .  ♞  .  .  ♝  
3 ♟  .  ♟  .  .  .  .  .  
2 .  .  .  .  .  ♟  ♟  ♟  
1 .  .  .  ♜  .  .  ♚  .  
  a  b  c  d  e  f  g  h

===== 9586 ===== 
[e4, c5, Nf3, d6, Bb5+, Nd7, O-O, Nf6] ...
Nf6 Gives us inValid move: more than one valid move, The notation is disambiguous
8 ♖  .  ♗  ♕  ♔  ♗  ♘  ♖  
7 ♙  ♙  .  ♘  ♙  ♙  ♙  ♙  
6 .  .  .  ♙  .  .  .  .  
5 .  ♝  ♙  .  .  .  .  .  
4 .  .  .  .  ♟  .  .  .  
3 .  .  .  .  .  ♞  .  .  
2 ♟  ♟  ♟  ♟  .  ♟  ♟  ♟  
1 ♜  ♞  ♝  ♛  .  ♜  ♚  .  
  a  b  c  d  e  f  g  h

===== 9587 ===== 
[d4, Nf6, c4, e6, Nf3, d5, Nc3, dxc4, e4, b5, e5, Nd5, Nxb5, Nb6, Be2, Nc6, O-O, Be7, Qd2, Bb7, Rd1, Qd7, Nc3, Nb4, a3, N4d5, Ne4, Qc6, Re1, O-O-O, Bf1, f5, exf6] ...
exf6 Gives us inValid move: No such move for piece found: []
8 .  .  ♔  ♖  .  .  .  ♖  
7 ♙  ♗  ♙  .  ♗  .  ♙  ♙  
6 .  ♘  ♕  .  ♙  .  .  .  
5 .  .  .  ♘  ♟  ♙  .  .  
4 .  .  ♙  ♟  ♞  .  .  .  
3 ♟  .  .  .  .  ♞  .  .  
2 .  ♟  .  ♛  .  ♟  ♟  ♟  
1 ♜  .  ♝  .  ♜  ♝  ♚  .  
  a  b  c  d  e  f  g  h

===== 9588 ===== 
[d4, Nf6, c4, e6, Nc3, d5, cxd5, exd5, Bg5, Bb4, Qa4+, Nc6, e3, h6, Bxf6, Qxf6, Ne2] ...
Ne2 Gives us inValid move: more than one valid move, The notation is disambiguous
8 ♖  .  ♗  .  ♔  .  .  ♖  
7 ♙  ♙  ♙  .  .  ♙  ♙  .  
6 .  .  ♘  .  .  ♕  .  ♙  
5 .  .  .  ♙  .  .  .  .  
4 ♛  ♗  .  ♟  .  .  .  .  
3 .  .  ♞  .  ♟  .  .  .  
2 ♟  ♟  .  .  .  ♟  ♟  ♟  
1 ♜  .  .  .  ♚  ♝  ♞  ♜  
  a  b  c  d  e  f  g  h

===== 9592 ===== 
[d4, Nf6, c4, e6, Nc3, d5, cxd5, exd5, Bg5, Bb4, e3, h6, Bh4, g5, Bg3, Ne4, Ne2] ...
Ne2 Gives us inValid move: more than one valid move, The notation is disambiguous
8 ♖  ♘  ♗  ♕  ♔  .  .  ♖  
7 ♙  ♙  ♙  .  .  ♙  .  .  
6 .  .  .  .  .  .  .  ♙  
5 .  .  .  ♙  .  .  ♙  .  
4 .  ♗  .  ♟  ♘  .  .  .  
3 .  .  ♞  .  ♟  .  ♝  .  
2 ♟  ♟  .  .  .  ♟  ♟  ♟  
1 ♜  .  .  ♛  ♚  ♝  ♞  ♜  
  a  b  c  d  e  f  g  h

===== 9597 ===== 
[e4, c5, Nf3, e6, d4, cxd4, Nxd4, Qb6, Nc3, a6, a3, Qc7, g3, Nf6, Bg2, Nc6, O-O, h5, Nxc6, bxc6, Bf4, e5, Bg5, Bc5, Qf3, d6, h3, Nd7, Rad1, Nf8, Na4, Ne6, Be3, Bxe3, Qxe3, h4, Nb6, Rb8, Nc4, O-O, Nxd6, hxg3, fxg3, Rxb2, Qc3, Qb8, Nf5, Rb5, Ne7+, Kh7, Kh2, Qc7, Nf5, Rc5, Qd2, Rd8, Qf2, Rc3, a4, Nd4, Nxd4, Rxd4, Qe2, Be6, Rxd4, exd4, Qh5+, Kg8, Rf4, Qe7, Rh4, f6, e5, fxe5, Qxe5, Rxc2, Re4, d3, Qxe6+, Qxe6, Rxe6, d2, Rd6, c5, g4, c4, Kg3, c3, Kh4, Kf8, Bf3, Rc1, Rd3, Ke7, Kg5, Rf1, Re3+, Kd6, Rd3+, Ke5, Rxc3, Rxf3, Rxf3, d1=Q, Rf5+, Ke4, a5, Qd6] ...
Qd6 Gives us inValid move: Pawn can move diagonally only when capturing
8 .  .  .  .  .  .  .  .  
7 .  .  .  .  .  .  ♙  .  
6 ♙  .  .  .  .  .  .  .  
5 ♟  .  .  .  .  ♜  ♚  .  
4 .  .  .  .  ♔  .  ♟  .  
3 .  .  .  .  .  .  .  ♟  
2 .  .  .  ♙  .  .  .  .  
1 .  .  .  .  .  .  .  .  
  a  b  c  d  e  f  g  h

===== 9606 ===== 
[e4, e6, Nc3, Ke7, Nf3, Ke8, d4, d6, Bd3, Nd7, O-O, c6, Re1, Be7, e5, d5, Ne2, Kf8, c4, dxc4, Bxc4, Nb6, Bb3, Nd5, Nf4, Nh6, Nh5, Nf5, Qd3, Bd7, Ng3, Nxg3, fxg3, Kg8, a3, c5, h4, Bc6, Kh2, h6, Rf1, Qd7, Bd2, Rf8, Rf2, Nb6, Raf1, Bb5, Qe4, Bxf1, Rxf1, c4, Bc2, Nd5, Bc1, b5, Nd2, Bd8, Rf3, Bb6, Nf1, f5, exf6] ...
exf6 Gives us inValid move: No such move for piece found: []
8 .  .  .  .  .  ♖  ♔  ♖  
7 ♙  .  .  ♕  .  .  ♙  .  
6 .  ♗  .  .  ♙  .  .  ♙  
5 .  ♙  .  ♘  ♟  ♙  .  .  
4 .  .  ♙  ♟  ♛  .  .  ♟  
3 ♟  .  .  .  .  ♜  ♟  .  
2 .  ♟  ♝  .  .  .  ♟  ♚  
1 .  .  ♝  .  .  ♞  .  .  
  a  b  c  d  e  f  g  h

===== 9612 ===== 
[c3, d5, Qa4+, Nc6, Qh4, Nf6, Kd1, e5, f3, Bf5, Qe1, Be7, g4, Bg6, h4, h5, g5, Nd7, d3, Nc5, Nd2, a5, Nh3, a4, Nf2, Qd7, Bh3, Bf5, Bxf5, Qxf5, e4, Qd7, Qe2, Ne6, exd5, Qxd5, Qe4, Qd6, Nc4, Qd7, Be3, O-O, Rg1, Bc5, Nxe5, Nxe5, Qxe5, Bxe3, Qxe3, Rfe8, Ne4, Rad8, Kc2, Qd5, Rg2, Qf5, Re1, Nf4, Rd2, Ng6, Qf2, Qd5, Kb1, b5, a3, c5, d4, cxd4, Rxd4, Qf5, Ka1, Rxd4, Qxd4, Rc8, Nd6, Qd7, Nxc8, Qxc8, Qe4, Qd7, Qe8+, Qxe8, Rxe8+, Kh7, Re4, f5, gxf6] ...
gxf6 Gives us inValid move: No such move for piece found: []
8 .  .  .  .  .  .  .  .  
7 .  .  .  .  .  .  ♙  ♔  
6 .  .  .  .  .  .  ♘  .  
5 .  ♙  .  .  .  ♙  ♟  ♙  
4 ♙  .  .  .  ♜  .  .  ♟  
3 ♟  .  ♟  .  .  ♟  .  .  
2 .  ♟  .  .  .  .  .  .  
1 ♚  .  .  .  .  .  .  .  
  a  b  c  d  e  f  g  h

===== 9622 ===== 
[d3, Nf6, Kd2, g6, Ke1, Bg7, Nd2, O-O, g3, d5, Bg2, Nc6, e3, e5, Ne2, h5, h3, Re8, b3, a5, a3, a4, b4, e4, d4, h4, g4, Ne7, c4, c6, Nc3, Nh7, cxd5, cxd5, f4, exf3] ...
exf3 Gives us inValid move: No such move for piece found: []
8 ♖  .  ♗  ♕  ♖  .  ♔  .  
7 .  ♙  .  .  ♘  ♙  ♗  ♘  
6 .  .  .  .  .  .  ♙  .  
5 .  .  .  ♙  .  .  .  .  
4 ♙  ♟  .  ♟  ♙  ♟  ♟  ♙  
3 ♟  .  ♞  .  ♟  .  .  ♟  
2 .  .  .  ♞  .  .  ♝  .  
1 ♜  .  ♝  ♛  ♚  .  .  ♜  
  a  b  c  d  e  f  g  h

===== 9628 ===== 
[d4, e6, Nf3, Ne7, e4, g6, h4, h6, c4, Bg7, Nc3, Kf8, Be3, d6, Qd2, Nd7, O-O-O, a6, e5, b5, d5, Nxe5, Nxe5, Bxe5, Bxh6+, Kg8, Bg5, f6, Bf4, Nf5, cxb5, Bxc3, Qxc3, e5, g4, Ng7, Bg3, axb5, f3, Rxa2, Bxb5, Bd7, Kb1, Ra7, Bd3, Qa8, b3, Kf7, Bc2, Rb8, h5, gxh5, f4, Bxg4, fxe5, Bf5, e6+, Ke8, Bxf5, Nxf5, Rxh5, Rxb3+, Qxb3, Rb7, Rh8+, Ke7, Rh7+, Kf8, Rh8+, Ke7, Rxa8, Rxb3+, Ka2, Rxg3, Rc1, Rg2+, Kb1, c5, dxc6] ...
dxc6 Gives us inValid move: No such move for piece found: []
8 ♜  .  .  .  .  .  .  .  
7 .  .  .  .  ♔  .  .  .  
6 .  .  .  ♙  ♟  ♙  .  .  
5 .  .  ♙  ♟  .  ♘  .  .  
4 .  .  .  .  .  .  .  .  
3 .  .  .  .  .  .  .  .  
2 .  .  .  .  .  .  ♖  .  
1 .  ♚  ♜  .  .  .  .  .  
  a  b  c  d  e  f  g  h

===== 9643 ===== 
[e4, g6, d4, Bg7, Nc3, d6, Be3, a6, a4, Nf6, h3, O-O, g4, Nc6, d5, Nb4, a5, e6, Ra4, c5, dxc6] ...
dxc6 Gives us inValid move: No such move for piece found: []
8 ♖  .  ♗  ♕  .  ♖  ♔  .  
7 .  ♙  .  .  .  ♙  ♗  ♙  
6 ♙  .  .  ♙  ♙  ♘  ♙  .  
5 ♟  .  ♙  ♟  .  .  .  .  
4 ♜  ♘  .  .  ♟  .  ♟  .  
3 .  .  ♞  .  ♝  .  .  ♟  
2 .  ♟  ♟  .  .  ♟  .  .  
1 .  .  .  ♛  ♚  ♝  ♞  ♜  
  a  b  c  d  e  f  g  h

===== 9692 ===== 
[e4, c5, Nf3, d6, d4, cxd4, Nxd4, Nf6, Nc3, g6, Be3, Bg7, Qd2, Ng4, Bg5, h6, Bh4, Nc6, Nb3, Nf6, f3, a6, Be2, O-O, Bf2, Na5, O-O, Be6, Nd5, Nxb3, axb3, Nxd5, exd5, Bf5, c3, e5, dxe6] ...
dxe6 Gives us inValid move: No such move for piece found: []
8 ♖  .  .  ♕  .  ♖  ♔  .  
7 .  ♙  .  .  .  ♙  ♗  .  
6 ♙  .  .  ♙  .  .  ♙  ♙  
5 .  .  .  ♟  ♙  ♗  .  .  
4 .  .  .  .  .  .  .  .  
3 .  ♟  ♟  .  .  ♟  .  .  
2 .  ♟  .  ♛  ♝  ♝  ♟  ♟  
1 ♜  .  .  .  .  ♜  ♚  .  
  a  b  c  d  e  f  g  h

===== 9715 ===== 
[e4, e5, Nf3, Nc6, Bb5, Nf6, d3, Bc5, c3, O-O, O-O, d6, h3, a6, Bxc6, bxc6, Nbd2, Re8, Re1, Bb6, Nf1, Nd7, Ng3, Nf8, d4, Ng6, Be3, a5, Qc2, a4, Rad1, Be6, c4, f6, b4, axb3] ...
axb3 Gives us inValid move: No such move for piece found: []
8 ♖  .  .  ♕  ♖  .  ♔  .  
7 .  .  ♙  .  .  .  ♙  ♙  
6 .  ♗  ♙  ♙  ♗  ♙  ♘  .  
5 .  .  .  .  ♙  .  .  .  
4 ♙  ♟  ♟  ♟  ♟  .  .  .  
3 .  .  .  .  ♝  ♞  ♞  ♟  
2 ♟  .  ♛  .  .  ♟  ♟  .  
1 .  .  .  ♜  ♜  .  ♚  .  
  a  b  c  d  e  f  g  h

===== 9735 ===== 
[d4, Nf6, c4, e6, Nf3, d5, Nc3, Be7, Bf4, O-O, e3, Nbd7, Be2, dxc4, O-O, Nb6, a4, a5, e4, c5, Nb5, Ne8, dxc5, Nd7, Bxc4, Bxc5, Qc2, Qe7, e5, h6, Rad1, Nb6, Ba2, Nd5, Bb1, f5, exf6] ...
exf6 Gives us inValid move: No such move for piece found: []
8 ♖  .  ♗  .  ♘  ♖  ♔  .  
7 .  ♙  .  .  ♕  .  ♙  .  
6 .  .  .  .  ♙  .  .  ♙  
5 ♙  ♞  ♗  ♘  ♟  ♙  .  .  
4 ♟  .  .  .  .  ♝  .  .  
3 .  .  .  .  .  ♞  .  .  
2 .  ♟  ♛  .  .  ♟  ♟  ♟  
1 .  ♝  .  ♜  .  ♜  ♚  .  
  a  b  c  d  e  f  g  h

===== 9736 ===== 
[e4, c5, Nf3, d6, Bb5+, Nd7, Ba4, Nf6] ...
Nf6 Gives us inValid move: more than one valid move, The notation is disambiguous
8 ♖  .  ♗  ♕  ♔  ♗  ♘  ♖  
7 ♙  ♙  .  ♘  ♙  ♙  ♙  ♙  
6 .  .  .  ♙  .  .  .  .  
5 .  .  ♙  .  .  .  .  .  
4 ♝  .  .  .  ♟  .  .  .  
3 .  .  .  .  .  ♞  .  .  
2 ♟  ♟  ♟  ♟  .  ♟  ♟  ♟  
1 ♜  ♞  ♝  ♛  ♚  .  .  ♜  
  a  b  c  d  e  f  g  h

===== 9751 ===== 
[e4, c5, Nf3, d6, Bb5+, Nd7, O-O, Nf6] ...
Nf6 Gives us inValid move: more than one valid move, The notation is disambiguous
8 ♖  .  ♗  ♕  ♔  ♗  ♘  ♖  
7 ♙  ♙  .  ♘  ♙  ♙  ♙  ♙  
6 .  .  .  ♙  .  .  .  .  
5 .  ♝  ♙  .  .  .  .  .  
4 .  .  .  .  ♟  .  .  .  
3 .  .  .  .  .  ♞  .  .  
2 ♟  ♟  ♟  ♟  .  ♟  ♟  ♟  
1 ♜  ♞  ♝  ♛  .  ♜  ♚  .  
  a  b  c  d  e  f  g  h

===== 9765 ===== 
[d4, d6, Nf3, Nf6, c4, g6, Nc3, Bf5, Nh4, Bd7, Nf3, Bg7, e4, O-O, Be2, c5, d5, a6, O-O, b5, Bf4, b4, Nb1, Nxe4, Qc2, Nf6, Re1, a5, Nbd2, a4, Bd3, a3, b3, Nh5, Bg5, Re8, Rad1, Ra7, Ne4, Bf5, h3, Bxe4, Bxe4, Nf6, Bd3, Nbd7, Re3, h6, Bf4, Nh5, Bh2, Nf8, Rde1, Bf6, g4, Ng7, h4, Bc3, R1e2, e5, dxe6] ...
dxe6 Gives us inValid move: No such move for piece found: []
8 .  .  .  ♕  ♖  ♘  ♔  .  
7 ♖  .  .  .  .  ♙  ♘  .  
6 .  .  .  ♙  .  .  ♙  ♙  
5 .  .  ♙  ♟  ♙  .  .  .  
4 .  ♙  ♟  .  .  .  ♟  ♟  
3 ♙  ♟  ♗  ♝  ♜  ♞  .  .  
2 ♟  .  ♛  .  ♜  ♟  .  ♝  
1 .  .  .  .  .  .  ♚  .  
  a  b  c  d  e  f  g  h

===== 9767 ===== 
[e4, e5, Bc4, Nf6, d3, c6, Nf3, d5, Bb3, a5, a4, Bb4+, Bd2, Bd6, Nc3, d4, Ne2, Na6, Ng3, Nc5, Bc4, Be6, b3, Bxc4, bxc4, Ne6, Nf5, Bc7, h4, g6, Ng3, h5, Ng5, Qe7, Rb1, b6, Nxe6, Qxe6, O-O, Nd7, f4, exf4, Bxf4, Bxf4, Rxf4, O-O-O, Ne2, Kc7, Nxd4, Qe5, Ne2, g5, Rf5, Qe7, Rxg5, Rdg8, Qd2, f6, Qf4+, Kb7, Rxg8, Rxg8, Rf1, Nc5, Qxf6, Qxf6, Rxf6, Nxa4, Nd4, Rc8, e5, Nc5, Nb3, a4, Nxc5+, bxc5, Rf1, Kb6, Rb1+, Ka5, Kf2, Re8, Re1, Kb4, Kf3, Kc3, Kf4, a3, e6, a2, Ke5, Kxc2, Kd6, Kxd3, Ra1, Ra8, e7, Kxc4, Rxa2, Rxa2, e8=Q, Rd2+, Kxc6, Kd4, Qxh5] ...
Qxh5 Gives us inValid move: Pawn can move diagonally only when capturing
8 .  .  .  .  .  .  .  .  
7 .  .  .  .  ♟  .  .  .  
6 .  .  ♚  .  .  .  .  .  
5 .  .  ♙  .  .  .  .  ♙  
4 .  .  .  ♔  .  .  .  ♟  
3 .  .  .  .  .  .  .  .  
2 .  .  .  ♖  .  .  ♟  .  
1 .  .  .  .  .  .  .  .  
  a  b  c  d  e  f  g  h

===== 9768 ===== 
[e4, c6, c4, d5, cxd5, cxd5, exd5, Nf6, Qa4+, Nbd7, Nc3, g6, Bc4, Bg7, d3, O-O, Nf3, a6, Qa3, b6, O-O, Bb7, Re1, b5, Be3, bxc4, dxc4, Re8, Rad1, e6, d6, Ng4, c5, Bxf3, gxf3, Nge5, Kg2, Qh4, Ne4, Qh5, Bf4, Rac8, b4, g5, Bxe5, Bxe5, h3, Qg6, Qxa6, f5, Ng3, Bxg3, fxg3, g4, c6, gxf3+, Kf2, Ra8, Qc4, Nf6, d7, Ne4+, Rxe4, fxe4, dxe8=Q+, Rxe8] ...
Rxe8 Gives us inValid move: Black pawn can only capture down diagonally
8 ♖  .  .  .  ♖  .  ♔  .  
7 .  .  .  ♟  .  .  .  ♙  
6 .  .  ♟  .  ♙  .  ♕  .  
5 .  .  .  .  .  .  .  .  
4 .  ♟  ♛  .  ♙  .  .  .  
3 .  .  .  .  .  ♙  ♟  ♟  
2 ♟  .  .  .  .  ♚  .  .  
1 .  .  .  ♜  .  .  .  .  
  a  b  c  d  e  f  g  h

===== 9780 ===== 
[d4, d5, c4, e6, Nc3, Be7, cxd5, exd5, Bf4, c6, Qc2, Nf6, h3, Ne4, e3, Qa5, Ne2] ...
Ne2 Gives us inValid move: more than one valid move, The notation is disambiguous
8 ♖  ♘  ♗  .  ♔  .  .  ♖  
7 ♙  ♙  .  .  ♗  ♙  ♙  ♙  
6 .  .  ♙  .  .  .  .  .  
5 ♕  .  .  ♙  .  .  .  .  
4 .  .  .  ♟  ♘  ♝  .  .  
3 .  .  ♞  .  ♟  .  .  ♟  
2 ♟  ♟  ♛  .  .  ♟  ♟  .  
1 ♜  .  .  .  ♚  ♝  ♞  ♜  
  a  b  c  d  e  f  g  h

===== 9788 ===== 
[e4, e5, Nf3, Nc6, Bc4, Nf6, d3, Bc5, O-O, d6, c3, O-O, Re1, a6, a4, Ba7, Nbd2, Ng4, Re2, Kh8, b4, f5, Bb3, Bd7, Ra2, Qe8, exf5, Bxf5, Nf1, Be6, b5, Bxb3, Qxb3, Ne7, d4, Ng6, c4, e4, Ng3, exf3, Rxe8, Raxe8, Qd1, Nh4, h3, fxg2, Re2, Rxe2, Qxe2, Nxf2, Be3, Nxh3+, Kh2, g1=Q+, Bxg1] ...
Bxg1 Gives us inValid move: Pawn can move diagonally only when capturing
8 .  .  .  .  .  ♖  .  ♔  
7 ♗  ♙  ♙  .  .  .  ♙  ♙  
6 ♙  .  .  ♙  .  .  .  .  
5 .  ♟  .  .  .  .  .  .  
4 ♟  .  ♟  ♟  .  .  .  ♘  
3 .  .  .  .  ♝  .  ♞  ♘  
2 .  .  .  .  ♛  .  ♙  ♚  
1 .  .  .  .  .  .  .  .  
  a  b  c  d  e  f  g  h

===== 9844 ===== 
[e4, c6, d4, d5, e5, Bf5, h4, Qc8, h5, h6, Bd3, Bxd3, Qxd3, e6, Nd2, c5, c3, Ne7, Ne2, b6, Nf3, Qa6, Qd1, Nbc6, O-O, Nf5, g4, Nfe7, Nf4, O-O-O, Be3, g5, hxg6] ...
hxg6 Gives us inValid move: No such move for piece found: []
8 .  .  ♔  ♖  .  ♗  .  ♖  
7 ♙  .  .  .  ♘  ♙  .  .  
6 ♕  ♙  ♘  .  ♙  .  .  ♙  
5 .  .  ♙  ♙  ♟  .  ♙  ♟  
4 .  .  .  ♟  .  ♞  ♟  .  
3 .  .  ♟  .  ♝  ♞  .  .  
2 ♟  ♟  .  .  .  ♟  .  .  
1 ♜  .  .  ♛  .  ♜  ♚  .  
  a  b  c  d  e  f  g  h

===== 9850 ===== 
[e4, c5, Nf3, d6, Bb5+, Nd7, d4, cxd4, Nxd4, Nf6] ...
Nf6 Gives us inValid move: more than one valid move, The notation is disambiguous
8 ♖  .  ♗  ♕  ♔  ♗  ♘  ♖  
7 ♙  ♙  .  ♘  ♙  ♙  ♙  ♙  
6 .  .  .  ♙  .  .  .  .  
5 .  ♝  .  .  .  .  .  .  
4 .  .  .  ♞  ♟  .  .  .  
3 .  .  .  .  .  .  .  .  
2 ♟  ♟  ♟  .  .  ♟  ♟  ♟  
1 ♜  ♞  ♝  ♛  ♚  .  .  ♜  
  a  b  c  d  e  f  g  h

===== 9853 ===== 
[d4, Nf6, c4, e6, g3, d5, Bg2, Bb4+, Bd2, a5, Nf3, O-O, Qc2, c5, cxd5, cxd4, Nxd4, Qb6, e3, exd5, O-O, Nc6, Nxc6, bxc6, Rc1, Qb8, Bxb4, axb4, Nd2, Bd7, Nb3, h5, Nc5, Bc8, h4, Re8, a4, bxa3] ...
bxa3 Gives us inValid move: No such move for piece found: []
8 ♖  ♕  ♗  .  ♖  .  ♔  .  
7 .  .  .  .  .  ♙  ♙  .  
6 .  .  ♙  .  .  ♘  .  .  
5 .  .  ♞  ♙  .  .  .  ♙  
4 ♟  ♙  .  .  .  .  .  ♟  
3 .  .  .  .  ♟  .  ♟  .  
2 .  ♟  ♛  .  .  ♟  ♝  .  
1 ♜  .  ♜  .  .  .  ♚  .  
  a  b  c  d  e  f  g  h

===== 9851 ===== 
[d4, Nf6, c4, e6, Nc3, Bb4, e3, O-O, Bd3, c5, Ne2] ...
Ne2 Gives us inValid move: more than one valid move, The notation is disambiguous
8 ♖  ♘  ♗  ♕  .  ♖  ♔  .  
7 ♙  ♙  .  ♙  .  ♙  ♙  ♙  
6 .  .  .  .  ♙  ♘  .  .  
5 .  .  ♙  .  .  .  .  .  
4 .  ♗  ♟  ♟  .  .  .  .  
3 .  .  ♞  ♝  ♟  .  .  .  
2 ♟  ♟  .  .  .  ♟  ♟  ♟  
1 ♜  .  ♝  ♛  ♚  .  ♞  ♜  
  a  b  c  d  e  f  g  h

===== 9868 ===== 
[d4, Nf6, c4, g6, h4, Bg7, Nc3, d6, e4, Nc6, d5, Ne5, Be2, h5, Bf4, O-O, Nf3, Nxf3+, gxf3, c6, Qd2, cxd5, cxd5, Kh7, a4, Nd7, a5, f5, Ra3, Ne5, Be3, f4, Bxf4, Bd7, Nd1, Rxf4, Qxf4, Bh6, Qg3, Qf8, Ne3, Bf4, Qg2, Rc8, Rc3, Rxc3, bxc3, Qc8, c4, b5, axb6] ...
axb6 Gives us inValid move: No such move for piece found: []
8 .  .  ♕  .  .  .  .  .  
7 ♙  .  .  ♗  ♙  .  .  ♔  
6 .  .  .  ♙  .  .  ♙  .  
5 ♟  ♙  .  ♟  ♘  .  .  ♙  
4 .  .  ♟  .  ♟  ♗  .  ♟  
3 .  .  .  .  ♞  ♟  .  .  
2 .  .  .  .  ♝  ♟  ♛  .  
1 .  .  .  .  ♚  .  .  ♜  
  a  b  c  d  e  f  g  h

===== 9867 ===== 
[e4, c6, d4, d5, e5, Bf5, c4, e6, Nc3, Bb4, cxd5, Qxd5, Ne2] ...
Ne2 Gives us inValid move: more than one valid move, The notation is disambiguous
8 ♖  ♘  .  .  ♔  .  ♘  ♖  
7 ♙  ♙  .  .  .  ♙  ♙  ♙  
6 .  .  ♙  .  ♙  .  .  .  
5 .  .  .  ♕  ♟  ♗  .  .  
4 .  ♗  .  ♟  .  .  .  .  
3 .  .  ♞  .  .  .  .  .  
2 ♟  ♟  .  .  .  ♟  ♟  ♟  
1 ♜  .  ♝  ♛  ♚  ♝  ♞  ♜  
  a  b  c  d  e  f  g  h

===== 9870 ===== 
[d4, f5, g3, Nf6, Bg2, g6, c4, Bg7, Nc3, d6, Nf3, O-O, O-O, a5, d5, Na6, Be3, Bd7, Rc1, c5, Qd2, Nc7, a4, Nce8, b3, Qb6, Rb1, Qb4, Qc1, Ng4, Bd2, Qb6, h3, Ne5, Ng5, Nc7, f4, Nf7, Nxf7, Rxf7, e4, Re8, Re1, e5, dxe6] ...
dxe6 Gives us inValid move: No such move for piece found: []
8 .  .  .  .  ♖  .  ♔  .  
7 .  ♙  ♘  ♗  .  ♖  ♗  ♙  
6 .  ♕  .  ♙  .  .  ♙  .  
5 ♙  .  ♙  ♟  ♙  ♙  .  .  
4 ♟  .  ♟  .  ♟  ♟  .  .  
3 .  ♟  ♞  .  .  .  ♟  ♟  
2 .  .  .  ♝  .  .  ♝  .  
1 .  ♜  ♛  .  ♜  .  ♚  .  
  a  b  c  d  e  f  g  h

===== 9893 ===== 
[c4, Nf6, Nc3, e5, g3, Bb4, Nf3, e4, Nd4, Nc6, Nc2, Bxc3, dxc3, h6, Bg2, d6, h3, b6, Ne3, Bb7, Nd5, Ne5, Bf4, O-O, b3, Re8, Be3, a5, a4, Ned7, g4, Nc5, Rb1, Nxd5, cxd5, f5, Qd2, Re5, c4, Qh4, Bf4, Re7, Kf1, Rf8, g5, e3, Bxe3, Ne4, Qd3, f4, Bd4, Nxg5, f3, Bc8, Qd2, Nxh3, Qe1, Qxe1+, Kxe1, Ng5, Rh4, Bf5, Rb2, Bd7, Kf2, Ref7, Rd2, Re8, Bf1, Nh7, Bc3, Nf8, Rd4, Ng6, Rh1, Kh7, Bd2, Ref8, Bg2, Ne5, Ra1, g5, b4, axb4, Bxb4, Ra8, a5, bxa5, Rxa5, Rxa5, Bxa5, c5, dxc6] ...
dxc6 Gives us inValid move: No such move for piece found: []
8 .  .  .  .  .  .  .  .  
7 .  .  .  ♗  .  ♖  .  ♔  
6 .  .  .  ♙  .  .  .  ♙  
5 ♝  .  ♙  ♟  ♘  .  ♙  .  
4 .  .  ♟  ♜  .  ♙  .  .  
3 .  .  .  .  .  ♟  .  .  
2 .  .  .  .  ♟  ♚  ♝  .  
1 .  .  .  .  .  .  .  .  
  a  b  c  d  e  f  g  h

===== 9897 ===== 
[e4, c5, Nf3, d6, d4, cxd4, Nxd4, Nf6, Nc3, a6, Be2, e5, Nf3, Be7, Bg5, Nbd7, a4, h6, Be3, Ng4, Bc1, Ngf6, Be3, Ng4, Bc1, b6, Nd2, Ngf6, Nc4, Nc5, b4, Ne6, Be3, Rb8, O-O, O-O, Qd2, b5, axb5, axb5, Na3, Nc7, Naxb5, Nxb5, Nxb5, Nxe4, Qd3, Bf5, Ba7, Rc8, c4, Qd7, Qd5, Nf6, Qd2, d5, c5, d4, Bc4, Be6, Qe2, Rfd8, Bb6, d3, Qa2, Rf8, Nc3, Ra8, Qxa8, Bxc4, Qf3, Qd4, Rfc1, e4, Qe3, Qe5, h3, Re8, c6, Bd6, g3, Bxb4, Bd4, Qf5, Bxf6, gxf6, c7, Bc5, Qf4, Qxf4, gxf4, d2, Nxe4, dxc1=Q+, Rxc1] ...
Rxc1 Gives us inValid move: Pawn can move diagonally only when capturing
8 .  .  .  .  ♖  .  ♔  .  
7 .  .  ♟  .  .  ♙  .  .  
6 .  .  .  .  .  ♙  .  ♙  
5 .  .  ♗  .  .  .  .  .  
4 .  .  ♗  .  ♞  ♟  .  .  
3 .  .  .  .  .  .  .  ♟  
2 .  .  .  ♙  .  ♟  .  .  
1 ♜  .  ♜  .  .  .  ♚  .  
  a  b  c  d  e  f  g  h

===== 9898 ===== 
[e4, c5, Nf3, d6, Bb5+, Nd7, a4, Nf6] ...
Nf6 Gives us inValid move: more than one valid move, The notation is disambiguous
8 ♖  .  ♗  ♕  ♔  ♗  ♘  ♖  
7 ♙  ♙  .  ♘  ♙  ♙  ♙  ♙  
6 .  .  .  ♙  .  .  .  .  
5 .  ♝  ♙  .  .  .  .  .  
4 ♟  .  .  .  ♟  .  .  .  
3 .  .  .  .  .  ♞  .  .  
2 .  ♟  ♟  ♟  .  ♟  ♟  ♟  
1 ♜  ♞  ♝  ♛  ♚  .  .  ♜  
  a  b  c  d  e  f  g  h

===== 9899 ===== 
[d4, d5, c4, e6, Nc3, c5, cxd5, exd5, dxc5, d4, Na4, b5, cxb6] ...
cxb6 Gives us inValid move: No such move for piece found: []
8 ♖  ♘  ♗  ♕  ♔  ♗  ♘  ♖  
7 ♙  .  .  .  .  ♙  ♙  ♙  
6 .  .  .  .  .  .  .  .  
5 .  ♙  ♟  .  .  .  .  .  
4 ♞  .  .  ♙  .  .  .  .  
3 .  .  .  .  .  .  .  .  
2 ♟  ♟  .  .  ♟  ♟  ♟  ♟  
1 ♜  .  ♝  ♛  ♚  ♝  ♞  ♜  
  a  b  c  d  e  f  g  h

===== 9904 ===== 
[e4, c5, Nf3, d6, d4, cxd4, Nxd4, Nf6, Nc3, a6, Be2, g6, g4, h6, Be3, Bg7, f3, b5, a3, Bb7, Qd2, Nc6, O-O-O, b4, Nxc6, Bxc6, axb4, Qb8, Nd5, Bxd5, exd5, a5, b5, a4, Bd4, O-O, Kb1, a3, b3, Qc8, c4, a2+, Ka1, Re8, Rhe1, e5, dxe6] ...
dxe6 Gives us inValid move: No such move for piece found: []
8 ♖  .  ♕  .  ♖  .  ♔  .  
7 .  .  .  .  .  ♙  ♗  .  
6 .  .  .  ♙  .  ♘  ♙  ♙  
5 .  ♟  .  ♟  ♙  .  .  .  
4 .  .  ♟  ♝  .  .  ♟  .  
3 .  ♟  .  .  .  ♟  .  .  
2 ♙  .  .  ♛  ♝  .  .  ♟  
1 ♚  .  .  ♜  ♜  .  .  .  
  a  b  c  d  e  f  g  h

===== 9905 ===== 
[e4, c5, Nf3, Nc6, Bb5, e6, O-O, Nge7, Re1, b6, d4, cxd4, Nxd4, Bb7, Nc3, a6, Bf1, Nxd4, Qxd4, Nc6, Qe3, Bc5, Qg3, O-O, e5, f5, exf6] ...
exf6 Gives us inValid move: No such move for piece found: []
8 ♖  .  .  ♕  .  ♖  ♔  .  
7 .  ♗  .  ♙  .  .  ♙  ♙  
6 ♙  ♙  ♘  .  ♙  .  .  .  
5 .  .  ♗  .  ♟  ♙  .  .  
4 .  .  .  .  .  .  .  .  
3 .  .  ♞  .  .  .  ♛  .  
2 ♟  ♟  ♟  .  .  ♟  ♟  ♟  
1 ♜  .  ♝  .  ♜  ♝  ♚  .  
  a  b  c  d  e  f  g  h

===== 9917 ===== 
[e4, e5, Nf3, Nc6, Bb5, a6, Ba4, Nf6, O-O, Be7, Re1, b5, Bb3, O-O, c3, Na5, Bc2, d5, d4, dxe4, Nxe5, c5, Be3, Bb7, Nd2, Rc8, h3, Re8, Ng4, Nd5, Bxe4, Nxe3, Nxe3, cxd4, cxd4, Bxe4, Nxe4, Bb4, Nc3, Rxc3, bxc3, Bxc3, Re2, Bxa1, Qxa1, Nc4, Qe1, Nd6, Nd5, Rxe2, Qxe2, Kf8, Ne3, g6, Qf3, Kg7, Qd5, Qf6, a3, Qe6, Qc5, Ne4, Qc2, h5, Qd3, Nd6, Qd2, Qf6, Nd5, Nc4, Qc3, Qd6, Nb4, a5, Nc2, a4, Qd3, h4, d5, Qe5, Ne3, Qa1+, Kh2, Qe5+, Kg1, Nxe3, fxe3, b4, d6, Qa1+, Kf2, bxa3, d7, Qf6+, Ke2, a2, d8=Q, Qxd8] ...
Qxd8 Gives us inValid move: Pawn can move diagonally only when capturing
8 .  .  .  .  .  .  .  .  
7 .  .  .  ♟  .  ♙  ♔  .  
6 .  .  .  .  .  ♕  ♙  .  
5 .  .  .  .  .  .  .  .  
4 ♙  .  .  .  .  .  .  ♙  
3 .  .  .  ♛  ♟  .  .  ♟  
2 ♙  .  .  .  ♚  .  ♟  .  
1 .  .  .  .  .  .  .  .  
  a  b  c  d  e  f  g  h

===== 9923 ===== 
[e4, c5, Nf3, d6, Bb5+, Nd7, a4, Nf6] ...
Nf6 Gives us inValid move: more than one valid move, The notation is disambiguous
8 ♖  .  ♗  ♕  ♔  ♗  ♘  ♖  
7 ♙  ♙  .  ♘  ♙  ♙  ♙  ♙  
6 .  .  .  ♙  .  .  .  .  
5 .  ♝  ♙  .  .  .  .  .  
4 ♟  .  .  .  ♟  .  .  .  
3 .  .  .  .  .  ♞  .  .  
2 .  ♟  ♟  ♟  .  ♟  ♟  ♟  
1 ♜  ♞  ♝  ♛  ♚  .  .  ♜  
  a  b  c  d  e  f  g  h

===== 9928 ===== 
[d4, Nf6, c4, g6, Nc3, Bg7, g3, c5, dxc5, Qa5, Bg2, Qxc5, Bd2, Qxc4, Rc1, Na6, Nd5, Qxa2, Ra1, Qc4, Ra4, Qc5, Nxf6+, Bxf6, Rxa6, bxa6, Bxa8, Bxb2, Nf3, O-O, O-O, d6, Bh6, Rd8, Be3, Qb4, Bd5, e6, Qc2, Qc3, Qxc3, Bxc3, Rc1, Bf6, Bc6, a5, Bb5, Bd7, Bxd7, Rxd7, Rc6, d5, Bh6, Rd8, Ra6, Bg7, Bxg7, Kxg7, Rxa7, Kf6, Rxa5, Rd7, e3, h5, Ra8, Rb7, Kg2, Rc7, h3, Rb7, g4, hxg4, hxg4, Rc7, g5+, Kf5, Ra4, e5, Ra6, Rd7, Kg3, Ke4, Ra8, Re7, Rd8, Re6, Rd7, f5, gxf6] ...
gxf6 Gives us inValid move: No such move for piece found: []
8 .  .  .  .  .  .  .  .  
7 .  .  .  ♜  .  .  .  .  
6 .  .  .  .  ♖  .  ♙  .  
5 .  .  .  ♙  ♙  ♙  ♟  .  
4 .  .  .  .  ♔  .  .  .  
3 .  .  .  .  ♟  ♞  ♚  .  
2 .  .  .  .  .  ♟  .  .  
1 .  .  .  .  .  .  .  .  
  a  b  c  d  e  f  g  h

===== 9943 ===== 
[d4, Nf6, c4, e6, g3, d5, Bg2, Bb4+, Nd2, O-O, Nf3] ...
Nf3 Gives us inValid move: more than one valid move, The notation is disambiguous
8 ♖  ♘  ♗  ♕  .  ♖  ♔  .  
7 ♙  ♙  ♙  .  .  ♙  ♙  ♙  
6 .  .  .  .  ♙  ♘  .  .  
5 .  .  .  ♙  .  .  .  .  
4 .  ♗  ♟  ♟  .  .  .  .  
3 .  .  .  .  .  .  ♟  .  
2 ♟  ♟  .  ♞  ♟  ♟  ♝  ♟  
1 ♜  .  ♝  ♛  ♚  .  ♞  ♜  
  a  b  c  d  e  f  g  h

===== 9948 ===== 
[e4, e5, Nf3, Nc6, Bb5, Nf6, d3, Bc5, Bxc6, dxc6, O-O, Bd6, Nbd2, Be6, b3, O-O, Bb2, Nd7, d4, f6, dxe5, fxe5, Qe2, Qe7, a4, Rf7, h3, Raf8, Rad1, h6, Nh2, c5, Nc4, Rf6, Qd3, Qf7, f3, h5, Nxd6, cxd6, Qe3, Qe7, Qg5, Re8, Rf2, Bf7, Nf1, Nf8, Qd2, Ng6, Ne3, Nh4, Kh2, Kh7, Rdf1, Ng6, Nf5, Qf8, f4, Nxf4, Rxf4, exf4, Bxf6, gxf6, Qxd6, Qxd6, Nxd6, Re7, Rxf4, Kg6, Kg3, Be6, Rf3, b6, Kf4, h4, g4, hxg3] ...
hxg3 Gives us inValid move: No such move for piece found: []
8 .  .  .  .  .  .  .  .  
7 ♙  .  .  .  ♖  .  .  .  
6 .  ♙  .  ♞  ♗  ♙  ♔  .  
5 .  .  ♙  .  .  .  .  .  
4 ♟  .  .  .  ♟  ♚  ♟  ♙  
3 .  ♟  .  .  .  ♜  .  ♟  
2 .  .  ♟  .  .  .  .  .  
1 .  .  .  .  .  .  .  .  
  a  b  c  d  e  f  g  h

===== 9946 ===== 
[e4, c5, Nf3, Nc6, Bb5, e6, O-O, Nge7, d4, cxd4, Nxd4, Qb6, Be3, Nxd4, a4, Nxb5, Bxb6, axb6, Nd2, Nd6, e5, Ndf5, Ne4, Nc6, g4, Nh4, f4, h5, h3, hxg4, hxg4, d5, exd6] ...
exd6 Gives us inValid move: No such move for piece found: []
8 ♖  .  ♗  .  ♔  ♗  .  ♖  
7 .  ♙  .  .  .  ♙  ♙  .  
6 .  ♙  ♘  .  ♙  .  .  .  
5 .  .  .  ♙  ♟  .  .  .  
4 ♟  .  .  .  ♞  ♟  ♟  ♘  
3 .  .  .  .  .  .  .  .  
2 .  ♟  ♟  .  .  .  .  .  
1 ♜  .  .  ♛  .  ♜  ♚  .  
  a  b  c  d  e  f  g  h

===== 9960 ===== 
[d4, Nf6, c4, e6, Nc3, Bb4, a3, Bxc3+, bxc3, b6, f3, Nc6, e4, d6, Nh3, Na5, Bd3, Ba6, Rb1, Qd7, Qe2, c5, O-O, Qa4, Bf4, Rd8, Bxd6, Rxd6, e5, Rd8, exf6, gxf6, d5, Bxc4, Qe4, Rxd5, Nf4, f5, Qe3, Rd7, Qe5, Rf8, Bxf5, Bxf1, Bxe6, fxe6, Nxe6, Nc6, Qh5+, Rff7, Re1, Re7] ...
Re7 Gives us inValid move: more than one valid move, The notation is disambiguous
8 .  .  .  .  ♔  .  .  .  
7 ♙  .  .  ♖  .  ♖  .  ♙  
6 .  ♙  ♘  .  ♞  .  .  .  
5 .  .  ♙  .  .  .  .  ♛  
4 ♕  .  .  .  .  .  .  .  
3 ♟  .  ♟  .  .  ♟  .  .  
2 .  .  .  .  .  .  ♟  ♟  
1 .  .  .  .  ♜  ♗  ♚  .  
  a  b  c  d  e  f  g  h

===== 9977 ===== 
[e4, c5, Nf3, d6, Bb5+, Nd7, a4, Nf6] ...
Nf6 Gives us inValid move: more than one valid move, The notation is disambiguous
8 ♖  .  ♗  ♕  ♔  ♗  ♘  ♖  
7 ♙  ♙  .  ♘  ♙  ♙  ♙  ♙  
6 .  .  .  ♙  .  .  .  .  
5 .  ♝  ♙  .  .  .  .  .  
4 ♟  .  .  .  ♟  .  .  .  
3 .  .  .  .  .  ♞  .  .  
2 .  ♟  ♟  ♟  .  ♟  ♟  ♟  
1 ♜  ♞  ♝  ♛  ♚  .  .  ♜  
  a  b  c  d  e  f  g  h

===== 9987 ===== 
[d4, d5, c4, e6, Nf3, Nf6, Nc3, Be7, Bf4, O-O, e3, c5, dxc5, Bxc5, Qc2, Nc6, Rd1, Qb6, Be2, d4, exd4, Nxd4, Nxd4, Bxd4, O-O, Bd7, Bf3, Rad8, b4, Bc6, Bxc6, bxc6, Ne2, e5, Nxd4, exd4, Bg5, Qxb4, Bxf6, gxf6, Qf5, Rfe8, Qxf6, Qd6, Qg5+, Qg6, f4, Qxg5, fxg5, Re5, Rf4, d3, Rd2, Rxg5, Rf3, Rd4, Rdxd3, Rxc4, Rg3, Rc5] ...
Rc5 Gives us inValid move: more than one valid move, The notation is disambiguous
8 .  .  .  .  .  .  ♔  .  
7 ♙  .  .  .  .  ♙  .  ♙  
6 .  .  ♙  .  .  .  .  .  
5 .  .  .  .  .  .  ♖  .  
4 .  .  ♖  .  .  .  .  .  
3 .  .  .  ♜  .  .  ♜  .  
2 ♟  .  .  .  .  .  ♟  ♟  
1 .  .  .  .  .  .  ♚  .  
  a  b  c  d  e  f  g  h

===== 9995 ===== 
[d4, Nf6, Bg5, d5, Nd2, c5, dxc5, Qa5, Nf3] ...
Nf3 Gives us inValid move: more than one valid move, The notation is disambiguous
8 ♖  ♘  ♗  .  ♔  ♗  .  ♖  
7 ♙  ♙  .  .  ♙  ♙  ♙  ♙  
6 .  .  .  .  .  ♘  .  .  
5 ♕  .  ♟  ♙  .  .  ♝  .  
4 .  .  .  .  .  .  .  .  
3 .  .  .  .  .  .  .  .  
2 ♟  ♟  ♟  ♞  ♟  ♟  ♟  ♟  
1 ♜  .  .  ♛  ♚  ♝  ♞  ♜  
  a  b  c  d  e  f  g  h

===== 10001 ===== 
[e4, e5, Nf3, Nf6, d3, Nc6, g3, d5, exd5, Nxd5, Bg2, Be7, O-O, O-O, Re1, f6, d4, Bg4, h3, Bxf3, Qxf3, Ndb4, Qb3+, Kh8, c3, Nd3, Rd1, Nxc1, Rxc1, Rb8, dxe5, Nxe5, Rd1, Qc8, Nd2, c6, f4, Nd3, Nf3, Nc5, Qc4, Qe6, Qxe6, Nxe6, Bf1, Rbd8, Kg2, Nc5, Rxd8, Rxd8, Re1, Bf8, Nd4, g6, Bc4, f5, Nf3, Ne4, Bb3, Kg7, Re2, a5, Bc2, Nc5, Nd4, Rd7, g4, fxg4, hxg4, Re7, Rd2, Ne6, Ne2, Kf6, Kf3, Re8, Ng3, Rd8, Ne4+, Kg7, Re2, Nc5, Nf2, a4, b4, axb3] ...
axb3 Gives us inValid move: No such move for piece found: []
8 .  .  .  ♖  .  ♗  .  .  
7 .  ♙  .  .  .  .  ♔  ♙  
6 .  .  ♙  .  .  .  ♙  .  
5 .  .  ♘  .  .  .  .  .  
4 ♙  ♟  .  .  .  ♟  ♟  .  
3 .  .  ♟  .  .  ♚  .  .  
2 ♟  .  ♝  .  ♜  ♞  .  .  
1 .  .  .  .  .  .  .  .  
  a  b  c  d  e  f  g  h

===== 10007 ===== 
[e4, c5, Nf3, Nc6, Bb5, e6, O-O, Nge7, Re1, b6, c3, a6, Ba4, c4, Na3, b5, Bc2, Ng6, b3, Nce5, bxc4, bxc4, Nxe5, Nxe5, Qe2, Qc7, Rf1, g5, Rb1, Bb7, d4, cxd3] ...
cxd3 Gives us inValid move: No such move for piece found: []
8 ♖  .  .  .  ♔  ♗  .  ♖  
7 .  ♗  ♕  ♙  .  ♙  .  ♙  
6 ♙  .  .  .  ♙  .  .  .  
5 .  .  .  .  ♘  .  ♙  .  
4 .  .  ♙  ♟  ♟  .  .  .  
3 ♞  .  ♟  .  .  .  .  .  
2 ♟  .  ♝  .  ♛  ♟  ♟  ♟  
1 .  ♜  ♝  .  .  ♜  ♚  .  
  a  b  c  d  e  f  g  h

===== 10044 ===== 
[c4, Nf6, Nc3, e5, e3, Nc6, a3, d5, cxd5, Nxd5, Qc2, Nxc3, Qxc3, Bd6, b4, Bd7, Nf3, Qe7, Bb2, f6, b5, Nd4, Nxd4, exd4, Qc2, dxe3, dxe3, O-O-O, Be2, Qe8, a4, Qg6, Qxg6, hxg6, h4, Bb4+, Kf1, c5, bxc6] ...
bxc6 Gives us inValid move: No such move for piece found: []
8 .  .  ♔  ♖  .  .  .  ♖  
7 ♙  ♙  .  ♗  .  .  ♙  .  
6 .  .  .  .  .  ♙  ♙  .  
5 .  ♟  ♙  .  .  .  .  .  
4 ♟  ♗  .  .  .  .  .  ♟  
3 .  .  .  .  ♟  .  .  .  
2 .  ♝  .  .  ♝  ♟  ♟  .  
1 ♜  .  .  .  .  ♚  .  ♜  
  a  b  c  d  e  f  g  h

===== 10045 ===== 
[e4, e5, Nf3, Nc6, Bc4, Bc5, c3, Nf6, d3, d6, O-O, a5, Re1, Ba7, Na3, h6, Nb5, Bb8, d4, O-O, h3, Re8, Bd3, Ne7, c4, Ng6, dxe5, Nxe5, Nxe5, dxe5, c5, c6, Nc3, Be6, Be3, Qe7, Qe2, Bc7, b3, Nd7, Na4, Red8, Rad1, Nf8, Qc2, Rd7, Bf1, Rxd1, Rxd1, Rd8, Rb1, Nd7, b4, axb4, Rxb4, Rb8, Qb2, b5, cxb6] ...
cxb6 Gives us inValid move: No such move for piece found: []
8 .  ♖  .  .  .  .  ♔  .  
7 .  .  ♗  ♘  ♕  ♙  ♙  .  
6 .  .  ♙  .  ♗  .  .  ♙  
5 .  ♙  ♟  .  ♙  .  .  .  
4 ♞  ♜  .  .  ♟  .  .  .  
3 .  .  .  .  ♝  .  .  ♟  
2 ♟  ♛  .  .  .  ♟  ♟  .  
1 .  .  .  .  .  ♝  ♚  .  
  a  b  c  d  e  f  g  h

===== 10053 ===== 
[e4, e6, d4, d5, Nc3, Nf6, e5, Nfd7, Nce2, c5, c3, Nc6, Nf3, Be7, a3, O-O, Nf4, Qa5, b4, cxb4, Bd3, bxc3, Qc2, h6, Rb1, Nxd4, Nxd4, Nxe5, Be2, Nc6, Nb3, Qd8, Qd3, d4, Nh5, e5, O-O, g6, Ng3, h5, f4, exf4, Bxf4, h4, Ne4, Bf5, g4, hxg3] ...
hxg3 Gives us inValid move: No such move for piece found: []
8 ♖  .  .  ♕  .  ♖  ♔  .  
7 ♙  ♙  .  .  ♗  ♙  .  .  
6 .  .  ♘  .  .  .  ♙  .  
5 .  .  .  .  .  ♗  .  .  
4 .  .  .  ♙  ♞  ♝  ♟  ♙  
3 ♟  ♞  ♙  ♛  .  .  .  .  
2 .  .  .  .  ♝  .  .  ♟  
1 .  ♜  .  .  .  ♜  ♚  .  
  a  b  c  d  e  f  g  h

===== 10059 ===== 
[d4, Nf6, c4, g6, Nc3, d5, cxd5, Nxd5, e4, Nxc3, bxc3, Bg7, Nf3, c5, Be3, Bg4, Rc1, O-O, Be2, Qa5, O-O, Qxa2, d5, Nd7, h3, Bxf3, gxf3, Qa5, Qd2, c4, Qb2, b5, Ra1, Qxc3, Qxb5, Nb6, Rac1, Qf6, Kg2, c3, f4, e5, dxe6] ...
dxe6 Gives us inValid move: No such move for piece found: []
8 ♖  .  .  .  .  ♖  ♔  .  
7 ♙  .  .  .  .  ♙  ♗  ♙  
6 .  ♘  .  .  .  ♕  ♙  .  
5 .  ♛  .  ♟  ♙  .  .  .  
4 .  .  .  .  ♟  ♟  .  .  
3 .  .  ♙  .  ♝  .  .  ♟  
2 .  .  .  .  ♝  ♟  ♚  .  
1 .  .  ♜  .  .  ♜  .  .  
  a  b  c  d  e  f  g  h

===== 10069 ===== 
[d4, e6, c4, f5, g3, Nf6, Bg2, d5, Nf3, Bd6, O-O, O-O, c5, Be7, Qc2, Nc6, a3, a5, Nc3, Ne4, Rd1, Bf6, Rb1, Bd7, b4, axb4, axb4, Be8, b5, Na5, Nd2, Nxd2, Qxd2, Nc4, Qd3, c6, b6, e5, Nxd5, cxd5, dxe5, Nxe5, Qxd5+, Qxd5, Bxd5+, Rf7, Bb2, Kf8, Bxf7, Kxf7, Rd5, Ke6, Rd6+, Ke7, Ra1, Rxa1+, Bxa1, Nd7, Bxf6+, Nxf6, f3, Bc6, Rd2, Nd7, Rc2, Ke6, Kf2, Kd5, Ke3, Nxc5, Kf4, Ne6+, Ke3, Kd6, h4, h6, h5, Be8, g4, fxg4, fxg4, Bd7, Rc1, Ke5, Rc3, Nf4, Kf2, Nd5, Rg3, Nf6, Kf3, Bc6+, Ke3, Nd5+, Kf2, Kf4, Rf3+, Kxg4, Rg3+, Kxh5, Rxg7, Nxb6, Kg3, Nc4, Kf4, Nd6, Re7, Ne4, Re5+, Ng5, Re7, Kg6, Re5, Kf6, Rf5+, Ke6, Re5+, Kd6, Rf5, Ne6+, Ke3, Be8, Kd2, h5, e4, h4, Ke3, h3, Rf3, Ng5, Rf6+, Ke7, Rh6, Bd7, Kf4, Nf7, Rb6, Bc6, Rb3, h2, Rh3, Bxe4, Rxh2, Bd5, Ke3, Kd6, Kd4, Nd8, Rh6+, Ne6+, Kc3, Kc5, Rh8, Nd4, Rh4, Nc6, Rh5, b5, Rg5, b4+, Kb2, Na5, Kc2, Nc4, Kb3, Nb6+, Kc2, b3+, Kc1, Kb4, Rh5, Ka3, Rh3, Ka2, Rh2+, Ka1, Rd2, Bc4, Rd1, b2+, Kc2+, Ka2, Kc3, b1=Q, Rxb1] ...
Rxb1 Gives us inValid move: Pawn can move diagonally only when capturing
8 .  .  .  .  .  .  .  .  
7 .  .  .  .  .  .  .  .  
6 .  ♘  .  .  .  .  .  .  
5 .  .  .  .  .  .  .  .  
4 .  .  ♗  .  .  .  .  .  
3 .  .  ♚  .  .  .  .  .  
2 ♔  ♙  .  .  .  .  .  .  
1 .  .  .  ♜  .  .  .  .  
  a  b  c  d  e  f  g  h

===== 10095 ===== 
[c4, Nf6, Nc3, e5, Nf3, Nc6, g3, d5, cxd5, Nxd5, Bg2, Bc5, O-O, O-O, d3, h6, Nxd5, Qxd5, Bd2, Rd8, Bc3, Qe6, Qc2, Qe7, Rac1, Bb6, a3, Nd4, Nxd4, exd4, Bb4, Qe5, Bc5, c6, b4, Be6, Qb2, Qh5, Bf3, Bg4, Bxg4, Qxg4, Rc4, Qe6, Re1, Qf6, e4, dxe3] ...
dxe3 Gives us inValid move: No such move for piece found: []
8 ♖  .  .  ♖  .  .  ♔  .  
7 ♙  ♙  .  .  .  ♙  ♙  .  
6 .  ♗  ♙  .  .  ♕  .  ♙  
5 .  .  ♝  .  .  .  .  .  
4 .  ♟  ♜  ♙  ♟  .  .  .  
3 ♟  .  .  ♟  .  .  ♟  .  
2 .  ♛  .  .  .  ♟  .  ♟  
1 .  .  .  .  ♜  .  ♚  .  
  a  b  c  d  e  f  g  h

===== 10099 ===== 
[c4, e5, e3, Nf6, Nc3, d5, cxd5, Nxd5, Qh5, Nc6, Bb5, Nb4] ...
Nb4 Gives us inValid move: more than one valid move, The notation is disambiguous
8 ♖  .  ♗  ♕  ♔  ♗  .  ♖  
7 ♙  ♙  ♙  .  .  ♙  ♙  ♙  
6 .  .  ♘  .  .  .  .  .  
5 .  ♝  .  ♘  ♙  .  .  ♛  
4 .  .  .  .  .  .  .  .  
3 .  .  ♞  .  ♟  .  .  .  
2 ♟  ♟  .  ♟  .  ♟  ♟  ♟  
1 ♜  .  ♝  .  ♚  .  ♞  ♜  
  a  b  c  d  e  f  g  h

===== 10133 ===== 
[h4, d5, d4, c5, e3, Nc6, c4, e6, Nf3, Nf6, a3, a6, dxc5, Bxc5, b4, Be7, Bb2, dxc4, Qxd8+, Bxd8, Bxc4, b5, Bd3, O-O, Nbd2, Be7, Ke2, Bb7, Rhc1, Rfc8, Nb3, Nd7, Rc2, Bd8, Rd1, Rc7, Be4, Nf6, Bxf6, gxf6, g4, Rac8, h5, h6, Nfd2, Ne5, Rxc7, Rxc7, Bxb7, Rxb7, Nf3, Be7, Nxe5, fxe5, Rc1, Kg7, Rc6, Ra7, Kf3, Bd8, Ke4, a5, Nc5, axb4, axb4, Ra2, Nd3, Rd2, Rc3, Bf6, f3, Be7, Rc7, Bd6, Rb7, Kf6, Rxb5, Kg5, f4+, Kxg4, fxe5, Be7, Rb7, Rc2, Kd4, Bg5, Rxf7, Re2, Nf4, Rb2, Nxe6, Rxb4+, Kc5, Re4, Kd5, Rxe3, Nxg5, Kxg5, e6, Kxh5, Rg7, Kh4, e7, h5, Kd6, Rd3+, Ke6, Re3+, Kf7, Rf3+, Kg8, Re3, Kf8, Rf3+, Rf7, Re3, Rg7, Rf3+, Kg8, Re3, Kf7, Rf3+, Kg6, Re3, Kf5, Re1, Kf6, Rf1+, Ke6, Re1+, Kf7, Rf1+, Kg8, Re1, Kf8, Rf1+, Rf7, Re1, e8=R, Rxe8+] ...
Rxe8+ Gives us inValid move: Path is blocked by another piece
8 .  .  .  .  .  ♚  .  .  
7 .  .  .  .  ♟  ♜  .  .  
6 .  .  .  .  .  .  .  .  
5 .  .  .  .  .  .  .  ♙  
4 .  .  .  .  .  .  .  ♔  
3 .  .  .  .  .  .  .  .  
2 .  .  .  .  .  .  .  .  
1 .  .  .  .  ♖  .  .  .  
  a  b  c  d  e  f  g  h

===== 10142 ===== 
[d4, d5, c4, c6, Nf3, Nf6, e3, Bg4, h3, Bxf3, Qxf3, e6, Nc3, Nbd7, Bd3, Bb4, O-O, O-O, Rd1, Re8, Qe2, Qe7, Bd2, a6, Be1, Rad8, Rac1, Bd6, c5, Bc7, f4, Ba5, Nxd5, exd5, Bxa5, Rc8, Rc3, Nf8, Rb3, Ne6, Qf3, Qd7, Be1, Nd8, Rb6, Ne4, Bc2, f5, Rd3, Nf7, Rdb3, Rc7, Kf1, Qc8, Ke2, Nh8, Kd1, Ng6, Kc1, Nf8, Ba5, Rf7, Kb1, h6, a3, Nh7, Ka2, Nhf6, Be1, g5, Bd1, g4, hxg4, fxg4, Qf1, h5, Qh1, Kg7, Bh4, Ng8, Bc2, Nd2, Bg5, Nxb3, Rxb3, Nf6, Bxf6+, Rxf6, Qxh5, Rh8, Qe5, Kf7, e4, dxe4, Bxe4, Re8, Qh5+, Ke7, d5, Kd8, Qg5, Rf8] ...
Rf8 Gives us inValid move: more than one valid move, The notation is disambiguous
8 .  .  ♕  ♔  ♖  .  .  .  
7 .  ♙  .  .  .  .  .  .  
6 ♙  .  ♙  .  .  ♖  .  .  
5 .  .  ♟  ♟  .  .  ♛  .  
4 .  .  .  .  ♝  ♟  ♙  .  
3 ♟  ♜  .  .  .  .  .  .  
2 ♚  ♟  .  .  .  .  ♟  .  
1 .  .  .  .  .  .  .  .  
  a  b  c  d  e  f  g  h

===== 10163 ===== 
[e4, e5, Nf3, Nc6, Bc4, Nf6, d3, Bc5, c3, d6, O-O, a5, Re1, Ba7, Nbd2, O-O, Nf1, Ne7, Ng3, Ng6, Bb3, c6, d4, exd4, cxd4, Bg4, Qd3, d5, e5, Ne4, Nxe4, dxe4, Rxe4, Bxf3, Qxf3, Bxd4, Bf4, a4, Bc2, Nxf4, Qxf4, c5, Rd1, Ra6, g3, Re8, b4, axb3] ...
axb3 Gives us inValid move: No such move for piece found: []
8 .  .  .  ♕  ♖  .  ♔  .  
7 .  ♙  .  .  .  ♙  ♙  ♙  
6 ♖  .  .  .  .  .  .  .  
5 .  .  ♙  .  ♟  .  .  .  
4 ♙  ♟  .  ♗  ♜  ♛  .  .  
3 .  .  .  .  .  .  ♟  .  
2 ♟  .  ♝  .  .  ♟  .  ♟  
1 .  .  .  ♜  .  .  ♚  .  
  a  b  c  d  e  f  g  h

===== 10183 ===== 
[e4, e5, Nf3, Nc6, Bc4, Bc5, c3, Bb6, d4, Qe7, d5, Nd8, d6, Qxd6, Qxd6, cxd6, O-O, Nf6, Re1, Ne6, a4, Bc7, a5, Rb8, Na3, a6, Nc2, b5, axb6] ...
axb6 Gives us inValid move: No such move for piece found: []
8 .  ♖  ♗  .  ♔  .  .  ♖  
7 .  .  ♗  ♙  .  ♙  ♙  ♙  
6 ♙  .  .  ♙  ♘  ♘  .  .  
5 ♟  ♙  .  .  ♙  .  .  .  
4 .  .  ♝  .  ♟  .  .  .  
3 .  .  ♟  .  .  ♞  .  .  
2 .  ♟  ♞  .  .  ♟  ♟  ♟  
1 ♜  .  ♝  .  ♜  .  ♚  .  
  a  b  c  d  e  f  g  h

===== 10186 ===== 
[e4, e5, Nf3, Nf6, d3, Nc6, g3, Bc5, Bg2, d6, O-O, O-O, c3, a5, Re1, Re8, h3, h6, Nbd2, Bd7, Qe2, a4, Nf1, b5, Be3, Bxe3, Nxe3, Ne7, Nh4, c5, f4, Qc7, Rf1, Ra6, Rad1, Rb6, Kh1, b4, c4, Nc6, Qf2, Be6, f5, Bd7, g4, Nd4, Nf3, Qd8, Rd2, Bc6, Qg3, Rb7, Rdf2, Nh7, h4, g5, fxg6] ...
fxg6 Gives us inValid move: No such move for piece found: []
8 .  .  .  ♕  ♖  .  ♔  .  
7 .  ♖  .  .  .  ♙  .  ♘  
6 .  .  ♗  ♙  .  .  .  ♙  
5 .  .  ♙  .  ♙  ♟  ♙  .  
4 ♙  ♙  ♟  ♘  ♟  .  ♟  ♟  
3 .  .  .  ♟  ♞  ♞  ♛  .  
2 ♟  ♟  .  .  .  ♜  ♝  .  
1 .  .  .  .  .  ♜  .  ♚  
  a  b  c  d  e  f  g  h

===== 10217 ===== 
[d4, Nf6, c4, e6, Nf3, Bb4+, Bd2, Bxd2+, Qxd2, d5, g3, c6, Bg2, Nbd7, O-O, dxc4, a4, O-O, a5, b5, axb6] ...
axb6 Gives us inValid move: No such move for piece found: []
8 ♖  .  ♗  ♕  .  ♖  ♔  .  
7 ♙  .  .  ♘  .  ♙  ♙  ♙  
6 .  .  ♙  .  ♙  ♘  .  .  
5 ♟  ♙  .  .  .  .  .  .  
4 .  .  ♙  ♟  .  .  .  .  
3 .  .  .  .  .  ♞  ♟  .  
2 .  ♟  .  ♛  ♟  ♟  ♝  ♟  
1 ♜  ♞  .  .  .  ♜  ♚  .  
  a  b  c  d  e  f  g  h

===== 10227 ===== 
[e4, c6, Nf3, d5, Nc3, Qa5, Be2, dxe4, Nxe4, Bf5, Ng3, Bg6, O-O, Nd7, d4, e6, Nh4, Bd6, c4, Qd8, Nxg6, hxg6, d5, Qh4, h3, exd5, cxd5, c5, a4, a5, Bb5, Nf6] ...
Nf6 Gives us inValid move: more than one valid move, The notation is disambiguous
8 ♖  .  .  .  ♔  .  ♘  ♖  
7 .  ♙  .  ♘  .  ♙  ♙  .  
6 .  .  .  ♗  .  .  ♙  .  
5 ♙  ♝  ♙  ♟  .  .  .  .  
4 ♟  .  .  .  .  .  .  ♕  
3 .  .  .  .  .  .  ♞  ♟  
2 .  ♟  .  .  .  ♟  ♟  .  
1 ♜  .  ♝  ♛  .  ♜  ♚  .  
  a  b  c  d  e  f  g  h

===== 10230 ===== 
[d4, e6, c4, Bb4+, Bd2, Bxd2+, Qxd2, f5, Nc3, Nf6, e3, d6, Bd3, e5, Nge2, c5, d5, e4, Bc2, Nbd7, Ba4, O-O, Bxd7, Nxd7, h4, Ne5, b3, Nd3+, Kf1, Qf6, Nf4, b5, Nxd3, exd3, cxb5, a6, Rd1, axb5, Nxb5, f4, exf4, Bg4, f3, Bf5, Kf2, Rfe8, Nc3, h5, Rde1, Rxe1, Rxe1, Qxh4+, Kg1, Qf6, Nb5, h4, a4, c4, bxc4, Rxa4, Rc1, Kh7, Kh2, Bg6, Rc3, Ra2, Qxa2, Qxf4+, Kh1, d2, Qa1, Qe5, Rc1, dxc1=R+, Qxc1] ...
Qxc1 Gives us inValid move: Pawn can move diagonally only when capturing
8 .  .  .  .  .  .  .  .  
7 .  .  .  .  .  .  ♙  ♔  
6 .  .  .  ♙  .  .  ♗  .  
5 .  ♞  .  ♟  ♕  .  .  .  
4 .  .  ♟  .  .  .  .  ♙  
3 .  .  .  .  .  ♟  .  .  
2 .  .  .  ♙  .  .  ♟  .  
1 ♛  .  ♜  .  .  .  .  ♚  
  a  b  c  d  e  f  g  h

===== 10249 ===== 
[e4, d6, d4, g6, Nf3, Bg7, Be2, Nf6, Nc3, O-O, O-O, Nc6, d5, Nb8, Be3, e5, dxe6] ...
dxe6 Gives us inValid move: No such move for piece found: []
8 ♖  ♘  ♗  ♕  .  ♖  ♔  .  
7 ♙  ♙  ♙  .  .  ♙  ♗  ♙  
6 .  .  .  ♙  .  ♘  ♙  .  
5 .  .  .  ♟  ♙  .  .  .  
4 .  .  .  .  ♟  .  .  .  
3 .  .  ♞  .  ♝  ♞  .  .  
2 ♟  ♟  ♟  .  ♝  ♟  ♟  ♟  
1 ♜  .  .  ♛  .  ♜  ♚  .  
  a  b  c  d  e  f  g  h

===== 10256 ===== 
[d4, Nf6, c4, e6, Nc3, Bb4, e3, c5, Ne2] ...
Ne2 Gives us inValid move: more than one valid move, The notation is disambiguous
8 ♖  ♘  ♗  ♕  ♔  .  .  ♖  
7 ♙  ♙  .  ♙  .  ♙  ♙  ♙  
6 .  .  .  .  ♙  ♘  .  .  
5 .  .  ♙  .  .  .  .  .  
4 .  ♗  ♟  ♟  .  .  .  .  
3 .  .  ♞  .  ♟  .  .  .  
2 ♟  ♟  .  .  .  ♟  ♟  ♟  
1 ♜  .  ♝  ♛  ♚  ♝  ♞  ♜  
  a  b  c  d  e  f  g  h

===== 10261 ===== 
[c4, Nf6, g3, e6, Bg2, d5, d4, Bb4+, Nd2, O-O, Nf3] ...
Nf3 Gives us inValid move: more than one valid move, The notation is disambiguous
8 ♖  ♘  ♗  ♕  .  ♖  ♔  .  
7 ♙  ♙  ♙  .  .  ♙  ♙  ♙  
6 .  .  .  .  ♙  ♘  .  .  
5 .  .  .  ♙  .  .  .  .  
4 .  ♗  ♟  ♟  .  .  .  .  
3 .  .  .  .  .  .  ♟  .  
2 ♟  ♟  .  ♞  ♟  ♟  ♝  ♟  
1 ♜  .  ♝  ♛  ♚  .  ♞  ♜  
  a  b  c  d  e  f  g  h

===== 10291 ===== 
[e4, g6, d4, d6, Nc3, Bg7, h4, h5, Nh3, Bxh3, Rxh3, Nd7, Be3, Ngf6, f3, c6, Qd2, b5, O-O-O, b4, Ne2, a5, Kb1, O-O, Bg5, c5, Bh6, c4, Bxg7, Kxg7, Qg5, Nh7, Qe3, c3, g4, Nhf6, e5, Nd5, Qe4, e6, gxh5, cxb2, hxg6, f5, exf6+] ...
exf6+ Gives us inValid move: No such move for piece found: []
8 ♖  .  .  ♕  .  ♖  .  .  
7 .  .  .  ♘  .  .  ♔  .  
6 .  .  .  ♙  ♙  .  ♟  .  
5 ♙  .  .  ♘  ♟  ♙  .  .  
4 .  ♙  .  ♟  ♛  .  .  ♟  
3 .  .  .  .  .  ♟  .  ♜  
2 ♟  ♙  ♟  .  ♞  .  .  .  
1 .  ♚  .  ♜  .  ♝  .  .  
  a  b  c  d  e  f  g  h

===== 10307 ===== 
[d4, d5, c4, e6, Nf3, Nf6, Bg5, Be7, e3, O-O, Qc2, Ne4, Bxe7, Qxe7, Bd3, f5, Nc3, c6, Ne2, Nd7, O-O, b6, cxd5, cxd5, Rac1, Rb8, Qc7, Rb7, Qxc8, Rxc8, Rxc8+, Nf8, Rfc1, Nd6, R8c6, h6, h4, Kh7, h5, Ne8, Nf4, Rc7, Rxc7, Nxc7, Ne5, Ne8, Rc8, Nd6, Ra8, g5, hxg6+] ...
hxg6+ Gives us inValid move: No such move for piece found: []
8 ♜  .  .  .  .  ♘  .  .  
7 ♙  .  .  .  ♕  .  .  ♔  
6 .  ♙  .  ♘  ♙  .  .  ♙  
5 .  .  .  ♙  ♞  ♙  ♙  ♟  
4 .  .  .  ♟  .  ♞  .  .  
3 .  .  .  ♝  ♟  .  .  .  
2 ♟  ♟  .  .  .  ♟  ♟  .  
1 .  .  .  .  .  .  ♚  .  
  a  b  c  d  e  f  g  h

===== 10310 ===== 
[g4, d5, h3, c5, Bg2, Nc6, d3, e5, Nc3, Be6, Nf3, f6, a3, Nge7, Rb1, d4, Ne4, Nd5, c4, dxc3] ...
dxc3 Gives us inValid move: No such move for piece found: []
8 ♖  .  .  ♕  ♔  ♗  .  ♖  
7 ♙  ♙  .  .  .  .  ♙  ♙  
6 .  .  ♘  .  ♗  ♙  .  .  
5 .  .  ♙  ♘  ♙  .  .  .  
4 .  .  ♟  ♙  ♞  .  ♟  .  
3 ♟  .  .  ♟  .  ♞  .  ♟  
2 .  ♟  .  .  ♟  ♟  ♝  .  
1 .  ♜  ♝  ♛  ♚  .  .  ♜  
  a  b  c  d  e  f  g  h

===== 10314 ===== 
[d4, h6, c4, g5, e4, d6, Ne2, Nc6, Nbc3, Bg7, d5, Ne5, Ng3, Nf6, Be2, Ng6, O-O, Nd7, Qc2, Nf4, Nh5, Nxh5, Bxh5, Bd4, Kh1, Nf6, Be2, e5, dxe6] ...
dxe6 Gives us inValid move: No such move for piece found: []
8 ♖  .  ♗  ♕  ♔  .  .  ♖  
7 ♙  ♙  ♙  .  .  ♙  .  .  
6 .  .  .  ♙  .  ♘  .  ♙  
5 .  .  .  ♟  ♙  .  ♙  .  
4 .  .  ♟  ♗  ♟  .  .  .  
3 .  .  ♞  .  .  .  .  .  
2 ♟  ♟  ♛  .  ♝  ♟  ♟  ♟  
1 ♜  .  ♝  .  .  ♜  .  ♚  
  a  b  c  d  e  f  g  h

===== 10319 ===== 
[g4, d5, h3, h5, g5, e5, d3, Nc6, Nc3, Be6, Bg2, Qd7, a3, Nge7, b4, Ng6, Nf3, O-O-O, e4, dxe4, Nxe4, Be7, Qe2, f5, gxf6] ...
gxf6 Gives us inValid move: No such move for piece found: []
8 .  .  ♔  ♖  .  .  .  ♖  
7 ♙  ♙  ♙  ♕  ♗  .  ♙  .  
6 .  .  ♘  .  ♗  .  ♘  .  
5 .  .  .  .  ♙  ♙  ♟  ♙  
4 .  ♟  .  .  ♞  .  .  .  
3 ♟  .  .  ♟  .  ♞  .  ♟  
2 .  .  ♟  .  ♛  ♟  ♝  .  
1 ♜  .  ♝  .  ♚  .  .  ♜  
  a  b  c  d  e  f  g  h

===== 10323 ===== 
[d4, Nf6, c4, e6, Nc3, Bb4, Qc2, d5, cxd5, exd5, Bg5, h6, Bh4, Nc6, e3, g5, Bg3, h5, h3, Ne4, Bh2, Qe7, Bb5, Bf5, Qc1, Rh6, Ne2] ...
Ne2 Gives us inValid move: more than one valid move, The notation is disambiguous
8 ♖  .  .  .  ♔  .  .  .  
7 ♙  ♙  ♙  .  ♕  ♙  .  .  
6 .  .  ♘  .  .  .  .  ♖  
5 .  ♝  .  ♙  .  ♗  ♙  ♙  
4 .  ♗  .  ♟  ♘  .  .  .  
3 .  .  ♞  .  ♟  .  .  ♟  
2 ♟  ♟  .  .  .  ♟  ♟  ♝  
1 ♜  .  ♛  .  ♚  .  ♞  ♜  
  a  b  c  d  e  f  g  h

===== 10361 ===== 
[e4, e5, Nf3, Nc6, Bb5, a6, Ba4, Nf6, O-O, Nxe4, d4, b5, Bb3, d5, dxe5, Be6, c3, Bc5, Nbd2, O-O, Bc2, Nxf2, Rxf2, f6, Nf1, Bxf2+, Kxf2, fxe5, Kg1, Qd6, Be3, Bf5, Bb3, Rad8, Qe1, Na5, Qf2, Nb7, Re1, Kh8, Qg3, Rde8, Bf2, Be4, N1d2, Bxf3, Nxf3, e4, Qxd6, Nxd6, Nd4, Nc4, Bxc4, bxc4, b4, cxb3] ...
cxb3 Gives us inValid move: No such move for piece found: [Black pawn can only capture down diagonally]
8 .  .  .  .  ♖  ♖  .  ♔  
7 .  .  ♙  .  .  .  ♙  ♙  
6 ♙  .  .  .  .  .  .  .  
5 .  .  .  ♙  .  .  .  .  
4 .  ♟  ♙  ♞  ♙  .  .  .  
3 .  .  ♟  .  .  .  .  .  
2 ♟  .  .  .  .  ♝  ♟  ♟  
1 .  .  .  .  ♜  .  ♚  .  
  a  b  c  d  e  f  g  h

===== 10384 ===== 
[h3, d5, Nf3, Nf6, d4, Bf5, c4, dxc4, Na3, e6, Nxc4, Nbd7, g4, Be4, Bg2, Be7, O-O, O-O, Bf4, c5, Rc1, Nd5, Bg3, cxd4, Qxd4, Bg6, Nce5, Bf6, Rfd1, Qb6, Qxb6, N7xb6, g5, Be7, Nxg6, hxg6, e4, Nb4, Rc7, Rfd8, Rxd8+, Bxd8, Rxb7, Nd3, h4, Nc5, Rb8, Rxb8, Bxb8, a5, Nd4, Nba4, Ba7, Nd3, Nc6, Bc7, b3, Nc3, a4, Nc1, Nd4, Be5, Kf1, Bf4, Bf3, Nd3, Bb6, Be5, Ne2, Nd1, Ng1, Nc3, Bxa5, Nc5, Bb6, Nxb3, a5, Na4, Bd1, Nd2+, Kg2, Nxb6, axb6, Nc4, Nf3, Bf4, Be2, Nxb6, Bb5, Nc8, Kh3, Nd6, Bd3, Nb7, Kg4, Bd6, e5, Bc7, Kf4, Bb6, Kg3, Nc5, Bc2, Nd7, Ba4, Nc5, Bc2, Na6, Nh2, Nb4, Be4, Bc7, f4, Kf8, Kg4, Ke7, Nf3, Bb6, h5, gxh5+, Kxh5, g6+, Kh6, Be3, Bxg6, fxg6, Nh4, Nd5, Nxg6+, Kf7, Kh7, Bxf4, Nh8+, Ke8, g6, Bxe5, g7, Ne7, g8=Q+, Nxg8] ...
Nxg8 Gives us inValid move: Pawn can move diagonally only when capturing
8 .  .  .  .  ♔  .  .  ♞  
7 .  .  .  .  ♘  .  ♟  ♚  
6 .  .  .  .  ♙  .  .  .  
5 .  .  .  .  ♗  .  .  .  
4 .  .  .  .  .  .  .  .  
3 .  .  .  .  .  .  .  .  
2 .  .  .  .  .  .  .  .  
1 .  .  .  .  .  .  .  .  
  a  b  c  d  e  f  g  h

===== 10387 ===== 
[e4, e6, b3, d5, Bb2, Nf6, e5, Nfd7, f4, c5, Nf3, Nc6, c4, d4, Bd3, b6, Be4, Bb7, d3, Qc7, O-O, Be7, Nbd2, f5, exf6] ...
exf6 Gives us inValid move: No such move for piece found: []
8 ♖  .  .  .  ♔  .  .  ♖  
7 ♙  ♗  ♕  ♘  ♗  .  ♙  ♙  
6 .  ♙  ♘  .  ♙  .  .  .  
5 .  .  ♙  .  ♟  ♙  .  .  
4 .  .  ♟  ♙  ♝  ♟  .  .  
3 .  ♟  .  ♟  .  ♞  .  .  
2 ♟  ♝  .  ♞  .  .  ♟  ♟  
1 ♜  .  .  ♛  .  ♜  ♚  .  
  a  b  c  d  e  f  g  h

===== 10400 ===== 
[e4, e6, b3, d5, Bb2, a6, Qe2, d4, Nf3, c5, g3, Nc6, e5, b5, Bg2, Bb7, O-O, Qd7, d3, Nge7, Nbd2, Nd5, Ne4, Be7, Ba3, b4, Bc1, Nc3, Qe1, h6, h4, Qc7, Bf4, Nd5, a4, bxa3] ...
bxa3 Gives us inValid move: No such move for piece found: []
8 ♖  .  .  .  ♔  .  .  ♖  
7 .  ♗  ♕  .  ♗  ♙  ♙  .  
6 ♙  .  ♘  .  ♙  .  .  ♙  
5 .  .  ♙  ♘  ♟  .  .  .  
4 ♟  ♙  .  ♙  ♞  ♝  .  ♟  
3 .  ♟  .  ♟  .  ♞  ♟  .  
2 .  .  ♟  .  .  ♟  ♝  .  
1 ♜  .  .  .  ♛  ♜  ♚  .  
  a  b  c  d  e  f  g  h

===== 10407 ===== 
[e4, d6, d4, Nf6, Nc3, g6, Be3, c6, Nf3, Nbd7, Be2, Bg7, O-O, O-O, h3, Qc7, Qd2, b5, a3, Bb7, Bh6, a5, Bxg7, Kxg7, Bd3, e5, Rad1, b4, axb4, axb4, Ne2, c5, dxe5, Nxe5, Nxe5, dxe5, Ng3, h6, b3, Rad8, Qe3, Rd7, Ra1, Qd6, Ra5, Rc8, Rfa1, Rcc7, Kh2, Rd8, Be2, Qd4, Qxd4, exd4, Bd3, h5, h4, Ng4+, Kg1, Ne5, f4, Nxd3, cxd3, Bc8, Rc1, Be6, Rcxc5, Rxc5, Rxc5, Rb8, Ne2, Bxb3, Nxd4, Ba2, Rc2, Bb1, Rd2, Rc8, Kf2, Rc3, Ke3, b3, Ne2, Rc7, Rb2, Bc2, Nd4, Rc3, Ke2, Kf6, e5+, Ke7, f5, gxf5, Nxf5+, Ke6, Nd4+, Kxe5, Nf3+, Kf4, Ne1, Kg3, Kd2, Rc7, Nxc2, bxc2, Rxc2, Rxc2+, Kxc2, Kxg2, d4, f5, d5, f4, d6, f3, d7, f2, d8=Q, f1=Q, Qg5+] ...
Qg5+ Gives us inValid move: Pawn can move diagonally only when capturing
8 .  .  .  .  .  .  .  .  
7 .  .  .  ♟  .  .  .  .  
6 .  .  .  .  .  .  .  .  
5 .  .  .  .  .  .  .  ♙  
4 .  .  .  .  .  .  .  ♟  
3 .  .  .  .  .  .  .  .  
2 .  .  ♚  .  .  .  ♔  .  
1 .  .  .  .  .  ♕  .  .  
  a  b  c  d  e  f  g  h

===== 10406 ===== 
[d4, d5, c4, e6, Nf3, Nf6, g3, Bb4+, Bd2, a5, Bg2, dxc4, Qc2, b6, Qxc4, Bb7, Bxb4, axb4, O-O, Nc6, Nbd2, O-O, Rfc1, h6, e3, Ra7, Ne1, Nd5, Qb3, Qd7, Nd3, Rfa8, Nc4, Qd8, Nde5, Nxe5, Nxe5, Qd6, Nd3, Qe7, h4, Ra4, Rc2, R8a5, Rac1, c6, Ne5, c5, Nc4, Ra6, e4, b5, exd5, bxc4, Rxc4, Bxd5, Bxd5, exd5, Rxc5, Rxa2, Rxd5, Ra1, Rc5] ...
Rc5 Gives us inValid move: more than one valid move, The notation is disambiguous
8 .  .  .  .  .  .  ♔  .  
7 .  .  .  .  ♕  ♙  ♙  .  
6 ♖  .  .  .  .  .  .  ♙  
5 .  .  .  ♜  .  .  .  .  
4 .  ♙  .  ♟  .  .  .  ♟  
3 .  ♛  .  .  .  .  ♟  .  
2 .  ♟  .  .  .  ♟  .  .  
1 ♖  .  ♜  .  .  .  ♚  .  
  a  b  c  d  e  f  g  h

===== 10431 ===== 
[e4, c5, Nf3, Nc6, Bb5, e5, O-O, Nge7, Re1, g6, d3, Bg7, Bg5, h6, Bxe7, Nxe7, Nc3, O-O, Bc4, d6, Nd5, Nc6, c3, Kh7, a4, Be6, h3, Rc8, Ne3, Bd7, Bd5, Qe7, a5, Rb8, Qd2, Nd8, Bc4, Ne6, Nd5, Qd8, b4, cxb4, cxb4, f5, Qe3, Rc8, Rac1, Nd4, Nxd4, exd4, Qg3, Be5, f4, Bg7, exf5, Bxf5, Re7, Kh8, Rce1, b5, axb6] ...
axb6 Gives us inValid move: No such move for piece found: []
8 .  .  ♖  ♕  .  ♖  .  ♔  
7 ♙  .  .  .  ♜  .  ♗  .  
6 .  .  .  ♙  .  .  ♙  ♙  
5 ♟  ♙  .  ♞  .  ♗  .  .  
4 .  ♟  ♝  ♙  .  ♟  .  .  
3 .  .  .  ♟  .  .  ♛  ♟  
2 .  .  .  .  .  .  ♟  .  
1 .  .  .  .  ♜  .  ♚  .  
  a  b  c  d  e  f  g  h

===== 10471 ===== 
[d4, Nf6, c4, e6, Nc3, Bb4, Qc2, O-O, a3, Bxc3+, Qxc3, d5, cxd5, Ne4, Qc2, exd5, Bf4, Nc6, e3, Re8, Nf3, g5, Bg3, h5, Bd3, h4, Be5, Bf5, h3, Nxe5, dxe5, Qe7, b4, Rac8, O-O, Bg6, Rac1, c6, Rfe1, b6, Nh2, Qxe5, f3, Ng3, Bxg6, fxg6, Qxg6+, Qg7, Rxc6, Qxg6, Rxg6+, Kf7, Rxg5, d4, Ng4, Rc3, e4, Rd8, e5, Rc6, f4, d3, f5, d2, e6+, Ke7, Rg7+, Kd6, Rd1, Rc1, Ne3, Ke5, Rd7, Rdc8, Rxd2] ...
Rxd2 Gives us inValid move: more than one valid move, The notation is disambiguous
8 .  .  ♖  .  .  .  .  .  
7 ♙  .  .  ♜  .  .  .  .  
6 .  ♙  .  .  ♟  .  .  .  
5 .  .  .  .  ♔  ♟  .  .  
4 .  ♟  .  .  .  .  .  ♙  
3 ♟  .  .  .  ♞  .  ♘  ♟  
2 .  .  .  ♙  .  .  ♟  .  
1 .  .  ♖  ♜  .  .  ♚  .  
  a  b  c  d  e  f  g  h

===== 10481 ===== 
[d4, d5, Nc3, Nf6, Bf4, c5, e3, cxd4, exd4, a6, Bd3, Nc6, Nce2, Nb4, c3, Nxd3+, Qxd3, Bg4, Ng3, Nh5, Be5, Nxg3, hxg3, Qd7, f3, Bf5, Qd2, f6, Bf4, g5, Be3, e6, g4, Bg6, Ne2, Bd6, Bf2, O-O-O, Bg3, e5, dxe5, fxe5, Qxd5, Rhe8, O-O-O, Qa4, Qb3, Qxb3, axb3, Bc5, Rd2, Be3, Rd1] ...
Rd1 Gives us inValid move: more than one valid move, The notation is disambiguous
8 .  .  ♔  ♖  ♖  .  .  .  
7 .  ♙  .  .  .  .  .  ♙  
6 ♙  .  .  .  .  .  ♗  .  
5 .  .  .  .  ♙  .  ♙  .  
4 .  .  .  .  .  .  ♟  .  
3 .  ♟  ♟  .  ♗  ♟  ♝  .  
2 .  ♟  .  ♜  ♞  .  ♟  .  
1 .  .  ♚  .  .  .  .  ♜  
  a  b  c  d  e  f  g  h

===== 10493 ===== 
[d4, Nf6, Nf3, g6, Nbd2, d5, e3, Bg7, b3, Bf5, Bb2, Nbd7, c4, c6, Be2, a5, O-O, O-O, h3, a4, b4, a3, Bc3, Ne4, Nxe4, dxe4, Nd2, Nf6, Qb3, h5, Rfd1, Qc8, Nf1, h4, b5, c5, dxc5, Nd7, Bxg7, Kxg7, c6, bxc6, Rac1, Qc7, Qc3+, f6, c5, cxb5, Bxb5, Ne5, Rd4, Ra5, Be2, Rc8, c6, Qxc6, Qxa5, Qxc1, Qa7, Qc5, Ra4, Qxa7, Rxa7, Rc2, Bd1, Rxa2, Bb3, Rb2, Rxa3, Nd3, Bc4, Nxf2, Ra7, Kh6, Rxe7, Kg5, Ra7, Nd3, Ra5, Ne1, g4, hxg3] ...
hxg3 Gives us inValid move: No such move for piece found: []
8 .  .  .  .  .  .  .  .  
7 .  .  .  .  .  .  .  .  
6 .  .  .  .  .  ♙  ♙  .  
5 ♜  .  .  .  .  ♗  ♔  .  
4 .  .  ♝  .  ♙  .  ♟  ♙  
3 .  .  .  .  ♟  .  .  ♟  
2 .  ♖  .  .  .  .  .  .  
1 .  .  .  .  ♘  ♞  ♚  .  
  a  b  c  d  e  f  g  h

===== 10514 ===== 
[Nf3, c5, g3, g6, Bg2, Bg7, c4, Nc6, Nc3, d6, O-O, Bf5, d3, Nf6, a3, O-O, Rb1, Qd7, b4, b6, b5, Na5, e4, Bh3, Bb2, Bxg2, Kxg2, e6, Re1, Rad8, Qc2, d5, e5, Ne8, Rbd1, Qb7, Ne2, a6, a4, Nc7, h4, d4, Ng1] ...
Ng1 Gives us inValid move: more than one valid move, The notation is disambiguous
8 .  .  .  ♖  .  ♖  ♔  .  
7 .  ♕  ♘  .  .  ♙  ♗  ♙  
6 ♙  ♙  .  .  ♙  .  ♙  .  
5 ♘  ♟  ♙  .  ♟  .  .  .  
4 ♟  .  ♟  ♙  .  .  .  ♟  
3 .  .  .  ♟  .  ♞  ♟  .  
2 .  ♝  ♛  .  ♞  ♟  ♚  .  
1 .  .  .  ♜  ♜  .  .  .  
  a  b  c  d  e  f  g  h

===== 10556 ===== 
[e4, e6, d4, d5, Nc3, Bb4, e5, c5, a3, Bxc3+, bxc3, Nc6, Qg4, g6, h4, Qa5, Bd2, h6, a4, c4, Nf3, Bd7, Qf4, Rh7, Nh2, O-O-O, Ng4, Rf8, Be2, Qd8, Qg3, f5, exf6] ...
exf6 Gives us inValid move: No such move for piece found: []
8 .  .  ♔  ♕  .  ♖  ♘  .  
7 ♙  ♙  .  ♗  .  .  .  ♖  
6 .  .  ♘  .  ♙  .  ♙  ♙  
5 .  .  .  ♙  ♟  ♙  .  .  
4 ♟  .  ♙  ♟  .  .  ♞  ♟  
3 .  .  ♟  .  .  .  ♛  .  
2 .  .  ♟  ♝  ♝  ♟  ♟  .  
1 ♜  .  .  .  ♚  .  .  ♜  
  a  b  c  d  e  f  g  h

===== 10558 ===== 
[b3, e5, Bb2, Nc6, e3, Nf6, Nf3, Bd6, c4, O-O, d3, Re8, a3, a5, Be2, Bf8, O-O, d5, cxd5, Nxd5, Nbd2, f6, Qc2, Bf5, Rfe1, Bg6, g4, Qd7, Kh1, Rad8, Ne4, Kh8, Rad1, Bf7, Rg1, Nb6, Rg3, a4, bxa4, Na5, Rdg1, Bd5, g5, f5, Nc3, Bc6, e4, Nxa4, Nxa4, Bxa4, Qc3, Nc6, g6, Nd4, Ng5, Nxe2, Nf7+, Qxf7, gxf7, Nxc3, fxe8=Q, Bxe8] ...
Bxe8 Gives us inValid move: Invalid Bishop move
8 .  .  .  ♖  ♖  ♗  .  ♔  
7 .  ♙  ♙  .  .  ♟  ♙  ♙  
6 .  .  .  .  .  .  .  .  
5 .  .  .  .  ♙  ♙  .  .  
4 ♗  .  .  .  ♟  .  .  .  
3 ♟  .  ♘  ♟  .  .  ♜  .  
2 .  ♝  .  .  .  ♟  .  ♟  
1 .  .  .  .  .  .  ♜  ♚  
  a  b  c  d  e  f  g  h

===== 10583 ===== 
[d4, e6, e4, d5, Nc3, Bb4, e5, c5, a3, Bxc3+, bxc3, Qc7, h4, Ne7, h5, h6, Nf3, b6, Bb5+, Bd7, Bd3, c4, Be2, Ba4, Bf4, Na6, Qd2, O-O-O, Nh2, Kb7, Nf1, Qd7, Ne3, Nc7, Kf1, Nc6, g3, Qe8, Kg2, Qg8, Rab1, Qh7, Bf3, Kb8, Qe2, Rc8, Rb2, Nb5, Nxd5, exd5, e6+, Kb7, exf7, Qf5, Rb4, Nxb4, Qe7+, Ka6, Qxb4, Bxc2, a4, Nc7, Bxc7, Be4, Bf4, Bxf3+, Kxf3, Qe4+, Kg4, Qxh1, Qb5+, Kb7, a5, Rhd8, a6+, Ka8, f8=Q, Rxf8] ...
Rxf8 Gives us inValid move: Path is blocked by another piece
8 ♔  .  ♖  ♖  .  .  .  .  
7 ♙  .  .  .  .  ♟  ♙  .  
6 ♟  ♙  .  .  .  .  .  ♙  
5 .  ♛  .  ♙  .  .  .  ♟  
4 .  .  ♙  ♟  .  ♝  ♚  .  
3 .  .  ♟  .  .  .  ♟  .  
2 .  .  .  .  .  ♟  .  .  
1 .  .  .  .  .  .  .  ♕  
  a  b  c  d  e  f  g  h

===== 10599 ===== 
[e4, g6, d4, Nf6, e5, Nh5, g4, Ng7, Bc4, d5, exd6] ...
exd6 Gives us inValid move: No such move for piece found: []
8 ♖  ♘  ♗  ♕  ♔  ♗  .  ♖  
7 ♙  ♙  ♙  .  ♙  ♙  ♘  ♙  
6 .  .  .  .  .  .  ♙  .  
5 .  .  .  ♙  ♟  .  .  .  
4 .  .  ♝  ♟  .  .  ♟  .  
3 .  .  .  .  .  .  .  .  
2 ♟  ♟  ♟  .  .  ♟  .  ♟  
1 ♜  ♞  ♝  ♛  ♚  .  ♞  ♜  
  a  b  c  d  e  f  g  h

===== 10606 ===== 
[d4, Nf6, Nf3, g6, g3, b5, e3, a6, a4, b4, c4, bxc3] ...
bxc3 Gives us inValid move: No such move for piece found: []
8 ♖  ♘  ♗  ♕  ♔  ♗  .  ♖  
7 .  .  ♙  ♙  ♙  ♙  .  ♙  
6 ♙  .  .  .  .  ♘  ♙  .  
5 .  .  .  .  .  .  .  .  
4 ♟  ♙  ♟  ♟  .  .  .  .  
3 .  .  .  .  ♟  ♞  ♟  .  
2 .  ♟  .  .  .  ♟  .  ♟  
1 ♜  ♞  ♝  ♛  ♚  ♝  .  ♜  
  a  b  c  d  e  f  g  h

===== 10612 ===== 
[h4, d5, d4, c5, e3, Nc6, c4, cxd4, exd4, Nf6, Nc3, e6, Nf3, Be7, Bd3, dxc4, Bxc4, O-O, O-O, b6, Re1, Bb7, a3, h6, Ba2, Re8, Qd3, Bd6, Ne4, Nxe4, Qxe4, Na5, Qg4, Bxf3, gxf3, Qf6, Bd2, Rad8, Bc3, Qf4, Qxf4, Bxf4, Re4, Bd6, d5, e5, Rae1, Nb7, f4, Nc5, fxe5, Nxe4, Rxe4, Rc8, f4, Bxa3, Kf2, g6, Kf3, b5, d6, Red8, Ba5, Bc5, Bxd8, Rxd8, h5, gxh5, Re2, Bxd6, exd6, Rxd6, Re7, Rf6, Rxa7, Kg7, Rb7, Rf5, Bb1, Rc5, Bd3, h4, Rxb5, Rc1, Rh5, Rh1, b4, Rh3+, Ke2, Rh2+, Ke3, Rh3+, Kd4, Rh1, b5, h3, b6, h2, b7, Re1, b8=Q, h1=Q, Rxh1, Rxh1, Qe5+] ...
Qe5+ Gives us inValid move: Pawn can move diagonally only when capturing
8 .  .  .  .  .  .  .  .  
7 .  ♟  .  .  .  ♙  ♔  .  
6 .  .  .  .  .  .  .  ♙  
5 .  .  .  .  .  .  .  .  
4 .  .  .  ♚  .  ♟  .  .  
3 .  .  .  ♝  .  .  .  .  
2 .  .  .  .  .  .  .  .  
1 .  .  .  .  .  .  .  ♖  
  a  b  c  d  e  f  g  h

===== 10630 ===== 
[d4, Nf6, c4, e6, Nc3, Bb4, e3, c5, Ne2] ...
Ne2 Gives us inValid move: more than one valid move, The notation is disambiguous
8 ♖  ♘  ♗  ♕  ♔  .  .  ♖  
7 ♙  ♙  .  ♙  .  ♙  ♙  ♙  
6 .  .  .  .  ♙  ♘  .  .  
5 .  .  ♙  .  .  .  .  .  
4 .  ♗  ♟  ♟  .  .  .  .  
3 .  .  ♞  .  ♟  .  .  .  
2 ♟  ♟  .  .  .  ♟  ♟  ♟  
1 ♜  .  ♝  ♛  ♚  ♝  ♞  ♜  
  a  b  c  d  e  f  g  h

===== 10634 ===== 
[Nf3, Nf6, c4, c5, Nc3, Nc6, e3, e6, d4, d5, a3, dxc4, Bxc4, a6, Bd3, cxd4, exd4, g6, Bg5, Bg7, Be4, Ne7, h4, h6, Bxf6, Bxf6, Qd2, Nd5, h5, g5, Ne5, Bg7, Bxd5, exd5, O-O, Be6, Rae1, O-O, Re3, Bf5, Qd1, Re8, Rfe1, Be6, Na4, b6, Rb3, Qc7, Nxb6, Rab8, Na4, Rxb3, Qxb3, Bxe5, dxe5, Qa5, Qd1, Bg4, f3, Bd7, Nc3, Qc5+, Kh2, d4, Re4, dxc3, Qxd7, c2, Qxe8+, Kg7, b4, Qc3, f4, c1=Q, f5, Qc7, f6+, Kh7, Qf8, Qxe5+, Rxe5, Qf4+] ...
Qf4+ Gives us inValid move: Pawn can move diagonally only when capturing
8 .  .  .  .  .  ♛  .  .  
7 .  .  .  .  .  ♙  .  ♔  
6 ♙  .  .  .  .  ♟  .  ♙  
5 .  .  .  .  ♜  .  ♙  ♟  
4 .  ♟  .  .  .  .  .  .  
3 ♟  .  .  .  .  .  .  .  
2 .  .  ♙  .  .  .  ♟  ♚  
1 .  .  .  .  .  .  .  .  
  a  b  c  d  e  f  g  h

===== 10641 ===== 
[e4, c5, Nf3, e6, c3, d5, exd5, exd5, d4, Nc6, Bb5, Bd6, dxc5, Bxc5, O-O, Ne7] ...
Ne7 Gives us inValid move: more than one valid move, The notation is disambiguous
8 ♖  .  ♗  ♕  ♔  .  ♘  ♖  
7 ♙  ♙  .  .  .  ♙  ♙  ♙  
6 .  .  ♘  .  .  .  .  .  
5 .  ♝  ♗  ♙  .  .  .  .  
4 .  .  .  .  .  .  .  .  
3 .  .  ♟  .  .  ♞  .  .  
2 ♟  ♟  .  .  .  ♟  ♟  ♟  
1 ♜  ♞  ♝  ♛  .  ♜  ♚  .  
  a  b  c  d  e  f  g  h

===== 10644 ===== 
[d4, Nf6, c4, e6, Nc3, Bb4, e3, O-O, Bd3, c5, Ne2] ...
Ne2 Gives us inValid move: more than one valid move, The notation is disambiguous
8 ♖  ♘  ♗  ♕  .  ♖  ♔  .  
7 ♙  ♙  .  ♙  .  ♙  ♙  ♙  
6 .  .  .  .  ♙  ♘  .  .  
5 .  .  ♙  .  .  .  .  .  
4 .  ♗  ♟  ♟  .  .  .  .  
3 .  .  ♞  ♝  ♟  .  .  .  
2 ♟  ♟  .  .  .  ♟  ♟  ♟  
1 ♜  .  ♝  ♛  ♚  .  ♞  ♜  
  a  b  c  d  e  f  g  h

===== 10649 ===== 
[d4, Nf6, c4, e6, Nc3, Bb4, e3, O-O, Bd3, c5, Ne2] ...
Ne2 Gives us inValid move: more than one valid move, The notation is disambiguous
8 ♖  ♘  ♗  ♕  .  ♖  ♔  .  
7 ♙  ♙  .  ♙  .  ♙  ♙  ♙  
6 .  .  .  .  ♙  ♘  .  .  
5 .  .  ♙  .  .  .  .  .  
4 .  ♗  ♟  ♟  .  .  .  .  
3 .  .  ♞  ♝  ♟  .  .  .  
2 ♟  ♟  .  .  .  ♟  ♟  ♟  
1 ♜  .  ♝  ♛  ♚  .  ♞  ♜  
  a  b  c  d  e  f  g  h

===== 10660 ===== 
[c4, g6, Nc3, Bg7, Nf3, e6, e4, Ne7, d4, d5, Bd3, O-O, O-O, Nbc6, Be3, dxe4, Bxe4, Nf5, Bg5, f6, Be3, Nxe3, fxe3, Ne7, Qe2, f5, Bc2, Bd7, Rad1, Nc6, e4, Qe7, e5, Rad8, a3, g5, d5, g4, dxc6, gxf3, Qxf3, Bxc6, Qe3, Qh4, Ne2, Rxd1, Bxd1, Qe4, Qxe4, Bxe4, Nd4, Kf7, Nf3, Ke7, Kf2, Rd8, Be2, Bxf3, Kxf3, Rd2, b4, Ra2, Rd1, Rxa3+, Rd3, Rxd3+, Bxd3, Bxe5, g4, Kf6, gxf5, exf5, h3, Bc3, b5, a5, bxa6] ...
bxa6 Gives us inValid move: No such move for piece found: []
8 .  .  .  .  .  .  .  .  
7 .  ♙  ♙  .  .  .  .  ♙  
6 .  .  .  .  .  ♔  .  .  
5 ♙  ♟  .  .  .  ♙  .  .  
4 .  .  ♟  .  .  .  .  .  
3 .  .  ♗  ♝  .  ♚  .  ♟  
2 .  .  .  .  .  .  .  .  
1 .  .  .  .  .  .  .  .  
  a  b  c  d  e  f  g  h

===== 10695 ===== 
[e4, e5, Nf3, Nc6, Bc4, Nf6, d3, Bc5, c3, d6, O-O, h6, b4, Bb6, Nbd2, O-O, Re1, Ne7, a4, c6, a5, Bc7, d4, Ng6, dxe5, Nxe5, Nxe5, dxe5, Bf1, Qe7, Nc4, Be6, Qc2, b5, axb6] ...
axb6 Gives us inValid move: No such move for piece found: []
8 ♖  .  .  .  .  ♖  ♔  .  
7 ♙  .  ♗  .  ♕  ♙  ♙  .  
6 .  .  ♙  .  ♗  ♘  .  ♙  
5 ♟  ♙  .  .  ♙  .  .  .  
4 .  ♟  ♞  .  ♟  .  .  .  
3 .  .  ♟  .  .  .  .  .  
2 .  .  ♛  .  .  ♟  ♟  ♟  
1 ♜  .  ♝  .  ♜  ♝  ♚  .  
  a  b  c  d  e  f  g  h

===== 10748 ===== 
[Nf3, Nf6, g3, g6, Bg2, Bg7, d4, O-O, O-O, d6, Nc3, Nbd7, a4, c6, a5, Qc7, Qd3, Re8, Rd1, Rb8, e4, b5, axb6] ...
axb6 Gives us inValid move: No such move for piece found: []
8 .  ♖  ♗  .  ♖  .  ♔  .  
7 ♙  .  ♕  ♘  ♙  ♙  ♗  ♙  
6 .  .  ♙  ♙  .  ♘  ♙  .  
5 ♟  ♙  .  .  .  .  .  .  
4 .  .  .  ♟  ♟  .  .  .  
3 .  .  ♞  ♛  .  ♞  ♟  .  
2 .  ♟  ♟  .  .  ♟  ♝  ♟  
1 ♜  .  ♝  ♜  .  .  ♚  .  
  a  b  c  d  e  f  g  h

===== 10756 ===== 
[d4, Nf6, c4, e6, Nf3, d5, g3, Be7, Bg2, O-O, O-O, c5, cxd5, exd5, b3, Ne4, Bb2, Bf6, Nc3, Nc6, Nxe4, dxe4, Nd2, Bxd4, Bxd4, Nxd4, e3, Nf3+, Nxf3, Qxd1, Rfxd1, exf3, Bxf3, Rb8, Rd6, Bh3, Rad1, g6, Bg2, Bg4, f3, Be6, f4, c4, bxc4, Bxc4, Bd5, Rfc8, Kf2, Bxd5, R6xd5, Rc2+, R1d2, Rxd2+, Rxd2, Rc8, Kf3, b5, Rd7, a5, Rb7, Rc2, Rxb5, Rxa2, h4, a4, h5, Kg7, hxg6, hxg6, Ra5, a3, e4, Ra1, e5, f5, exf6+] ...
exf6+ Gives us inValid move: No such move for piece found: []
8 .  .  .  .  .  .  .  .  
7 .  .  .  .  .  .  ♔  .  
6 .  .  .  .  .  .  ♙  .  
5 ♜  .  .  .  ♟  ♙  .  .  
4 .  .  .  .  .  ♟  .  .  
3 ♙  .  .  .  .  ♚  ♟  .  
2 .  .  .  .  .  .  .  .  
1 ♖  .  .  .  .  .  .  .  
  a  b  c  d  e  f  g  h

===== 10760 ===== 
[c4, Nf6, Nc3, e5, Nf3, Nc6, d4, e4, Nd2, Bb4, e3, Bxc3, bxc3, O-O, g4, d6, g5, Nd7, Nxe4, f5, gxf6] ...
gxf6 Gives us inValid move: No such move for piece found: []
8 ♖  .  ♗  ♕  .  ♖  ♔  .  
7 ♙  ♙  ♙  ♘  .  .  ♙  ♙  
6 .  .  ♘  ♙  .  .  .  .  
5 .  .  .  .  .  ♙  ♟  .  
4 .  .  ♟  ♟  ♞  .  .  .  
3 .  .  ♟  .  ♟  .  .  .  
2 ♟  .  .  .  .  ♟  .  ♟  
1 ♜  .  ♝  ♛  ♚  ♝  .  ♜  
  a  b  c  d  e  f  g  h

===== 10764 ===== 
[e3, Nf6, d4, d5, c4, e6, g4, c5, Nc3, cxd4, exd4, Bb4, Bg2, Nc6, g5, Ne4, Bxe4, dxe4, Ne2] ...
Ne2 Gives us inValid move: more than one valid move, The notation is disambiguous
8 ♖  .  ♗  ♕  ♔  .  .  ♖  
7 ♙  ♙  .  .  .  ♙  ♙  ♙  
6 .  .  ♘  .  ♙  .  .  .  
5 .  .  .  .  .  .  ♟  .  
4 .  ♗  ♟  ♟  ♙  .  .  .  
3 .  .  ♞  .  .  .  .  .  
2 ♟  ♟  .  .  .  ♟  .  ♟  
1 ♜  .  ♝  ♛  ♚  .  ♞  ♜  
  a  b  c  d  e  f  g  h

===== 10799 ===== 
[f4, d5, Nf3, g6, d3, Bg7, e4, c6, e5, Nh6, d4, Bg4, h3, Bxf3, Qxf3, Nf5, c3, e6, g4, Nh4, Qf2, h5, Be3, Nd7, Nd2, Bf8, O-O-O, Be7, Bd3, Qa5, Kb1, O-O-O, f5, gxf5, gxf5, exf5, Bxf5, Nxf5, Qxf5, Rdf8, Rhg1, Qd8, Rg7, f6, e6, Nb6, Bf4, Rfg8, Rf7, Rg2, h4, Nc4, Nxc4, dxc4, d5, Qb6, Bc1, Ba3, Rf8+, Rxf8, e7+, Kb8, Bf4+, Ka8, exf8=Q+, Bxf8] ...
Bxf8 Gives us inValid move: Path is blocked by another piece
8 ♔  .  .  .  .  ♖  .  .  
7 ♙  ♙  .  .  ♟  .  .  .  
6 .  ♕  ♙  .  .  ♙  .  .  
5 .  .  .  ♟  .  ♛  .  ♙  
4 .  .  ♙  .  .  ♝  .  ♟  
3 ♗  .  ♟  .  .  .  .  .  
2 ♟  ♟  .  .  .  .  ♖  .  
1 .  ♚  .  ♜  .  .  .  .  
  a  b  c  d  e  f  g  h

===== 10804 ===== 
[e4, c6, d4, d5, Nc3, dxe4, Nxe4, Nd7, Nf3, Ngf6, Nxf6+, Nxf6, c3, Bg4, h3, Bxf3, Qxf3, Qd5, Be2, Qxf3, Bxf3, e6, Bd2, Bd6, O-O-O, O-O-O, Kc2, Kc7, Rhe1, Rd7, a3, Rhd8, Bg5, h6, Bxf6, gxf6, Re4, f5, Rh4, Rh8, Rh5, Be7, g3, a5, Be2, Bf6, f4, Bg7, g4, fxg4, hxg4, Rd5, Rdh1, Rxh5, Rxh5, Kb6, a4, Rd8, Bc4, Rg8, Kd2, Bf8, Be2, Bd6, Ke3, Rg6, f5, Rf6, Ke4, Kc7, fxe6, Rxe6+, Kd3, Bf4, Rf5, Bc1, Rxf7+, Kb6, Kc2, Rxe2+, Kxc1, Rg2, Rf4, Rh2, Kb1, h5, gxh5, Rxh5, Ka2, Rh2, Kb3, Kc7, Rf7+, Kb6, Rf1, Kc7, Rc1, Kb6, Rc2, Rh4, Rg2, Kc7, Kc4, Kb6, Re2, Rh3, Re8, Rh2, b3, Rh3, Ra8, Rg3, b4, axb4, Kxb4, Rg1, a5+, Kc7, Re8, Rb1+, Kc4, Ra1, Re7+, Kd6, Re5, Ra4+, Kd3, Ra1, Rh5, Kc7, Kc2, b5, axb6+] ...
axb6+ Gives us inValid move: No such move for piece found: []
8 .  .  .  .  .  .  .  .  
7 .  .  ♔  .  .  .  .  .  
6 .  .  ♙  .  .  .  .  .  
5 ♟  ♙  .  .  .  .  .  ♜  
4 .  .  .  ♟  .  .  .  .  
3 .  .  ♟  .  .  .  .  .  
2 .  .  ♚  .  .  .  .  .  
1 ♖  .  .  .  .  .  .  .  
  a  b  c  d  e  f  g  h

===== 10816 ===== 
[d4, d5, Nf3, e6, Bf4, c5, c3, Nc6, e3, Bd6, Bg3, Nge7, Nbd2, cxd4, cxd4, O-O, Bd3, Nf5, Bxd6, Qxd6, O-O, Bd7, a3, Rac8, Qe2, h6, Rfc1, Rc7, Rc3, Rfc8, Rac1, Nd8, Nb1, Rxc3, Nxc3, Nc6, Bxf5, exf5, Qd2, Na5, Rc2, Nc4, Qc1, Be6, Ne2, Rc6, h4, Bd7, Nf4, Nb6, Ne5, Rxc2, Qxc2, Be6, h5, f6, Nxe6, Qxe6, Ng6, Qe8, Qxf5, Qd7, Qxd7, Nxd7, Ne7+, Kf7, Nxd5, Ke6, Nf4+, Kd6, Kf1, Nb6, b3, a5, Ke2, a4, bxa4, Nxa4, Kd3, Nb6, e4, Nd7, a4, Nb6, a5, Nd7, Nd5, Nb8, Ne3, Nc6, Nc4+, Kc7, d5, Nb4+, Kc3, Na6, Kd4, Nb4, Ne3, Kd7, Kc4, Na6, Nf5, Nc7, Nxg7, Kd6, f4, Na6, Nf5+, Kc7, Nxh6, Nb8, Ng8, Nd7, h6, b5+, axb6+] ...
axb6+ Gives us inValid move: No such move for piece found: []
8 .  .  .  .  .  .  ♞  .  
7 .  .  ♔  ♘  .  .  .  .  
6 .  .  .  .  .  ♙  .  ♟  
5 ♟  ♙  .  ♟  .  .  .  .  
4 .  .  ♚  .  ♟  ♟  .  .  
3 .  .  .  .  .  .  .  .  
2 .  .  .  .  .  .  ♟  .  
1 .  .  .  .  .  .  .  .  
  a  b  c  d  e  f  g  h

===== 10815 ===== 
[e4, e6, d4, d5, Nc3, Nf6, Bg5, h6, Bxf6, Qxf6, exd5, Bb4, Bc4, exd5, Bxd5, O-O, Ne2] ...
Ne2 Gives us inValid move: more than one valid move, The notation is disambiguous
8 ♖  ♘  ♗  .  .  ♖  ♔  .  
7 ♙  ♙  ♙  .  .  ♙  ♙  .  
6 .  .  .  .  .  ♕  .  ♙  
5 .  .  .  ♝  .  .  .  .  
4 .  ♗  .  ♟  .  .  .  .  
3 .  .  ♞  .  .  .  .  .  
2 ♟  ♟  ♟  .  .  ♟  ♟  ♟  
1 ♜  .  .  ♛  ♚  .  ♞  ♜  
  a  b  c  d  e  f  g  h

===== 10822 ===== 
[d4, g6, c4, Bg7, e4, d6, Nc3, c5, d5, Bxc3+, bxc3, e5, dxe6] ...
dxe6 Gives us inValid move: No such move for piece found: []
8 ♖  ♘  ♗  ♕  ♔  .  ♘  ♖  
7 ♙  ♙  .  .  .  ♙  .  ♙  
6 .  .  .  ♙  .  .  ♙  .  
5 .  .  ♙  ♟  ♙  .  .  .  
4 .  .  ♟  .  ♟  .  .  .  
3 .  .  ♟  .  .  .  .  .  
2 ♟  .  .  .  .  ♟  ♟  ♟  
1 ♜  .  ♝  ♛  ♚  ♝  ♞  ♜  
  a  b  c  d  e  f  g  h

===== 10837 ===== 
[e4, c5, Nf3, e6, c3, Nf6, e5, Nd5, Bc4, d6, d4, cxd4, cxd4, Nb6, Bd3, dxe5, dxe5, Bd7, O-O, Bc6, Nc3, N8d7, Be4, Bxe4, Nxe4, Nc5, Qe2, Qd3, Qxd3, Nxd3, Rd1, Nc5, Nc3, Be7, Kf1, Rc8, Be3, Nc4, Bxc5, Rxc5, Ne4, Rc8, Rac1, O-O, Ke2, Nb6, Ne1, h5, Nd3, Nd5, g3, Kh7, h3, Rfd8, Rxc8, Rxc8, Rc1, Rxc1, Nxc1, Kg6, Nd3, b6, f4, f5, exf6] ...
exf6 Gives us inValid move: No such move for piece found: []
8 .  .  .  .  .  .  .  .  
7 ♙  .  .  .  ♗  .  ♙  .  
6 .  ♙  .  .  ♙  .  ♔  .  
5 .  .  .  ♘  ♟  ♙  .  ♙  
4 .  .  .  .  ♞  ♟  .  .  
3 .  .  .  ♞  .  .  ♟  ♟  
2 ♟  ♟  .  .  ♚  .  .  .  
1 .  .  .  .  .  .  .  .  
  a  b  c  d  e  f  g  h

===== 10853 ===== 
[d4, Nf6, c4, e6, Nc3, Bb4, Qc2, O-O, a3, Bxc3+, Qxc3, d5, cxd5, Ne4, Qc2, exd5, Bf4, Bf5, Qxc7, Qxc7, Bxc7, Rc8, Bf4, Rc2, f3, Nf6, g4, Be6, Rb1, Nc6, e3, Na5, Bd3, Rc6, Ne2, Nc4, Kf2, Rac8, Rhc1, b5, Bxc4, bxc4, b4, cxb3] ...
cxb3 Gives us inValid move: No such move for piece found: []
8 .  .  ♖  .  .  .  ♔  .  
7 ♙  .  .  .  .  ♙  ♙  ♙  
6 .  .  ♖  .  ♗  ♘  .  .  
5 .  .  .  ♙  .  .  .  .  
4 .  ♟  ♙  ♟  .  ♝  ♟  .  
3 ♟  .  .  .  ♟  ♟  .  .  
2 .  .  .  .  ♞  ♚  .  ♟  
1 .  ♜  ♜  .  .  .  .  .  
  a  b  c  d  e  f  g  h

===== 10856 ===== 
[e4, c5, Nf3, d6, Bb5+, Nd7, d4, cxd4, Nxd4, g6, O-O, Bg7, Re1, Nf6] ...
Nf6 Gives us inValid move: more than one valid move, The notation is disambiguous
8 ♖  .  ♗  ♕  ♔  .  ♘  ♖  
7 ♙  ♙  .  ♘  ♙  ♙  ♗  ♙  
6 .  .  .  ♙  .  .  ♙  .  
5 .  ♝  .  .  .  .  .  .  
4 .  .  .  ♞  ♟  .  .  .  
3 .  .  .  .  .  .  .  .  
2 ♟  ♟  ♟  .  .  ♟  ♟  ♟  
1 ♜  ♞  ♝  ♛  ♜  .  ♚  .  
  a  b  c  d  e  f  g  h

===== 10864 ===== 
[e4, c5, Nf3, d6, Bb5+, Nd7, a4, Nf6] ...
Nf6 Gives us inValid move: more than one valid move, The notation is disambiguous
8 ♖  .  ♗  ♕  ♔  ♗  ♘  ♖  
7 ♙  ♙  .  ♘  ♙  ♙  ♙  ♙  
6 .  .  .  ♙  .  .  .  .  
5 .  ♝  ♙  .  .  .  .  .  
4 ♟  .  .  .  ♟  .  .  .  
3 .  .  .  .  .  ♞  .  .  
2 .  ♟  ♟  ♟  .  ♟  ♟  ♟  
1 ♜  ♞  ♝  ♛  ♚  .  .  ♜  
  a  b  c  d  e  f  g  h

===== 10881 ===== 
[e4, e5, Nf3, Nc6, Bb5, a6, Ba4, Nf6, O-O, b5, Bb3, Bc5, c3, d6, a4, Rb8, d4, Bb6, axb5, axb5, h3, Bb7, Re1, O-O, Be3, exd4, cxd4, Nb4, d5, Bxe3, Rxe3, c5, dxc6] ...
dxc6 Gives us inValid move: No such move for piece found: []
8 .  ♖  .  ♕  .  ♖  ♔  .  
7 .  ♗  .  .  .  ♙  ♙  ♙  
6 .  .  .  ♙  .  ♘  .  .  
5 .  ♙  ♙  ♟  .  .  .  .  
4 .  ♘  .  .  ♟  .  .  .  
3 .  ♝  .  .  ♜  ♞  .  ♟  
2 .  ♟  .  .  .  ♟  ♟  .  
1 ♜  ♞  .  ♛  .  .  ♚  .  
  a  b  c  d  e  f  g  h

===== 10891 ===== 
[e4, d5, exd5, Qxd5, Nc3, Qd6, d4, Nf6, Nf3, a6, g3, b5, Bg2, Bb7, O-O, e6, Bf4, Qb6, a4, b4, a5, Qa7, Na4, Nbd7, Bxc7, Rc8, Bf4, Be7, Ne5, Bxg2, Kxg2, O-O, Nxd7, Qxd7, Nb6, Qc6+, Kg1, Rcd8, Qd3, Nd5, Be3, h5, c4, bxc3] ...
bxc3 Gives us inValid move: No such move for piece found: []
8 .  .  .  ♖  .  ♖  ♔  .  
7 .  .  .  .  ♗  ♙  ♙  .  
6 ♙  ♞  ♕  .  ♙  .  .  .  
5 ♟  .  .  ♘  .  .  .  ♙  
4 .  ♙  ♟  ♟  .  .  .  .  
3 .  .  .  ♛  ♝  .  ♟  .  
2 .  ♟  .  .  .  ♟  .  ♟  
1 ♜  .  .  .  .  ♜  ♚  .  
  a  b  c  d  e  f  g  h

===== 10898 ===== 
[e4, e5, Nf3, Nf6, Nxe5, d6, Nf3, Nxe4, Bd3, d5, Qe2, Be7, Bxe4, dxe4, Qxe4, O-O, O-O, c5, Nc3, Nc6, d3, Re8, Re1, Bd7, Bd2, Bf8, Qf4, h6, Rxe8, Bxe8, Ne4, Nd4, Nxd4, cxd4, c4, dxc3] ...
dxc3 Gives us inValid move: No such move for piece found: []
8 ♖  .  .  ♕  ♗  ♗  ♔  .  
7 ♙  ♙  .  .  .  ♙  ♙  .  
6 .  .  .  .  .  .  .  ♙  
5 .  .  .  .  .  .  .  .  
4 .  .  ♟  ♙  ♞  ♛  .  .  
3 .  .  .  ♟  .  .  .  .  
2 ♟  ♟  .  ♝  .  ♟  ♟  ♟  
1 ♜  .  .  .  .  .  ♚  .  
  a  b  c  d  e  f  g  h

===== 10910 ===== 
[d4, Nf6, c4, e6, Nc3, Bb4, e3, O-O, Ne2] ...
Ne2 Gives us inValid move: more than one valid move, The notation is disambiguous
8 ♖  ♘  ♗  ♕  .  ♖  ♔  .  
7 ♙  ♙  ♙  ♙  .  ♙  ♙  ♙  
6 .  .  .  .  ♙  ♘  .  .  
5 .  .  .  .  .  .  .  .  
4 .  ♗  ♟  ♟  .  .  .  .  
3 .  .  ♞  .  ♟  .  .  .  
2 ♟  ♟  .  .  .  ♟  ♟  ♟  
1 ♜  .  ♝  ♛  ♚  ♝  ♞  ♜  
  a  b  c  d  e  f  g  h

===== 10915 ===== 
[e4, c5, Nf3, Nc6, Bb5, e6, O-O, Nge7, Re1, Ng6, c3, d5, h4, dxe4, Rxe4, Bd6, h5, Ne7] ...
Ne7 Gives us inValid move: more than one valid move, The notation is disambiguous
8 ♖  .  ♗  ♕  ♔  .  .  ♖  
7 ♙  ♙  .  .  .  ♙  ♙  ♙  
6 .  .  ♘  ♗  ♙  .  ♘  .  
5 .  ♝  ♙  .  .  .  .  ♟  
4 .  .  .  .  ♜  .  .  .  
3 .  .  ♟  .  .  ♞  .  .  
2 ♟  ♟  .  ♟  .  ♟  ♟  .  
1 ♜  ♞  ♝  ♛  .  .  ♚  .  
  a  b  c  d  e  f  g  h

===== 10920 ===== 
[e4, e6, d4, d5, Nc3, Bb4, e5, c5, a3, Bxc3+, bxc3, Nc6, Qg4, g6, h4, h6, h5, g5, f4, Qa5, Bd2, f5, Qg3, g4, dxc5, Nge7, Bd3, Qxc5, Ne2, Na5, Qf2, Qxf2+, Kxf2, Bd7, a4, Kf7, Rhb1, b6, Bc1, Nec6, Ba3, Nd8, Bb4, Ndb7, Nd4, Rhb8, Nb3, Nc4, Bxc4, dxc4, Nd4, Rc8, a5, b5, Rd1, Be8, Ne2, a6, Rd4, Rd8, Rad1, Rxd4, Rxd4, Bc6, Rd2, g3+, Kg1, Rg8, Nd4, Rd8, Bd6, Be4, Bb4, Rd5, Kf1, Nd8, Ke1, Nc6, Ne2, Rxd2, Kxd2, Bxg2, Nxg3, Bf3, Ke3, Bd1, Kd2, Bg4, Ke3, Ke8, Kd2, Ne7, Bxe7, Kxe7, Kc1, Kd7, Kb2, Kc6, Ka2, Kd5, Ka3, Kc5, Kb2, Bd1, Kc1, Bf3, Kb2, b4, cxb4+, Kd4, c3+, Kd3, b5, axb5, a6, Kd2, a7, Bd5, Nxf5, exf5, e6, b4, e7, bxc3+, Ka2, c2, a8=Q, Bxa8, e8=Q, Be4, Qd8+] ...
Qd8+ Gives us inValid move: Pawn can move diagonally only when capturing
8 .  .  .  .  .  .  .  .  
7 .  .  .  .  ♟  .  .  .  
6 .  .  .  .  .  .  .  ♙  
5 .  .  .  .  .  ♙  .  ♟  
4 .  .  ♙  .  ♗  ♟  .  .  
3 .  .  .  .  .  .  .  .  
2 ♚  .  ♙  ♔  .  .  .  .  
1 .  .  .  .  .  .  .  .  
  a  b  c  d  e  f  g  h

===== 10931 ===== 
[a3, d5, Nf3, Nf6, d4, e6, Bf4, Bd6, e3, c5, dxc5, Bxc5, c4, O-O, Nc3, Nc6, Qc2, Be7, Rd1, Qa5, Be2, dxc4, Bxc4, Bd7, O-O, Rfd8, e4, Be8, e5, Nd7, Qe2, Nf8, h4, Rxd1, Rxd1, Rd8, Bd3, Rd7, h5, h6, Ne4, Qd8, Nd6, Nxe5, Bxe5, Bxd6, Bb5, Bxe5, Bxd7, Bf6, Bxe6, Qe7, Bc4, Qxe2, Bxe2, Bxb2, Rd8, Bc6, Bc4, b5, Bd5, Bxd5, Rxd5, Bxa3, Rxb5, Ne6, Rb8+, Bf8, Ra8, Nf4, Ne5, Ne6, Nd7, g6, hxg6, fxg6, Kh2, Kg7, Nxf8, Nxf8, Rxa7+, Kf6, Kg3, Ne6, Kf3, h5, Ke3, Kf5, Ra5+, Kf6, Ke4, Ng5+, Kd5, Nf7, Ra4, Kf5, g3, g5, Ra8, Kf6, Ra7, h4, g4, h3, Ra6+, Kg7, Ke6, Nh6, f3, Kg6, Ke5+, Kg7, Ra2, Kg6, Rh2, Nf7+, Ke6, Nd8+, Kd5, Nb7, Rxh3, Nd8, Rh8, Nf7, Rg8+, Kf6, Rf8, Ke7, Rxf7+, Kxf7, Ke5, Kg7, Ke6, Kh6, Kf6, Kh7, Kxg5, Kh8, Kg6, Kg8, g5, Kh8, Kf7, Kh7, g6+, Kh8, g7+, Kh7, g8=Q+, Kh6, Qg6+] ...
Qg6+ Gives us inValid move: Pawn can move diagonally only when capturing
8 .  .  .  .  .  .  .  .  
7 .  .  .  .  .  ♚  ♟  .  
6 .  .  .  .  .  .  .  ♔  
5 .  .  .  .  .  .  .  .  
4 .  .  .  .  .  .  .  .  
3 .  .  .  .  .  ♟  .  .  
2 .  .  .  .  .  .  .  .  
1 .  .  .  .  .  .  .  .  
  a  b  c  d  e  f  g  h

===== 10932 ===== 
[c4, g6, g3, Bg7, Bg2, c5, Nc3, Nc6, d3, d6, Qd2, e5, b3, Nge7, Bb2, O-O, e3, Rb8, Nge2, a6, O-O, b5, f4, f5, Nd5, Bb7, Rae1, Nxd5, cxd5, Nb4, e4, Nxa2, fxe5, dxe5, Nf4, exf4, Bxg7, Kxg7, Qxa2, fxg3, hxg3, Qg5, Qb2+, Kg8, Qe5, Rbe8, Qc7, Rf7, Qf4, Qd8, g4, Ref8, gxf5, gxf5, Re3, Rg7, Rg3, Rf7] ...
Rf7 Gives us inValid move: more than one valid move, The notation is disambiguous
8 .  .  .  ♕  .  ♖  ♔  .  
7 .  ♗  .  .  .  .  ♖  ♙  
6 ♙  .  .  .  .  .  .  .  
5 .  ♙  ♙  ♟  .  ♙  .  .  
4 .  .  .  .  ♟  ♛  .  .  
3 .  ♟  .  ♟  .  .  ♜  .  
2 .  .  .  .  .  .  ♝  .  
1 .  .  .  .  .  ♜  ♚  .  
  a  b  c  d  e  f  g  h

===== 10941 ===== 
[d4, d5, c4, e6, Nf3, dxc4, e4, b5, a4, Bb7, axb5, Bxe4, Nc3, Bb7, Bxc4, Nf6, O-O, Be7, Re1, O-O, Bg5, h6, Bh4, Nbd7, Ne5, Nxe5, dxe5, Nd7, Bg3, Nb6, Bd3, Bh4, Qe2, Bxg3, hxg3, Qe7, Ne4, Rfd8, Rad1, Kf8, Qc2, Rd5, Nc3, Rd4, Bf1, Rxd1, Rxd1, Qc5, Qe2, a5, bxa6] ...
bxa6 Gives us inValid move: No such move for piece found: [White pawn can only capture up diagonally]
8 ♖  .  .  .  .  ♔  .  .  
7 .  ♗  ♙  .  .  ♙  ♙  .  
6 .  ♘  .  .  ♙  .  .  ♙  
5 ♙  ♟  ♕  .  ♟  .  .  .  
4 .  .  .  .  .  .  .  .  
3 .  .  ♞  .  .  .  ♟  .  
2 .  ♟  .  .  ♛  ♟  ♟  .  
1 .  .  .  ♜  .  ♝  ♚  .  
  a  b  c  d  e  f  g  h

===== 10946 ===== 
[d4, Nf6, c4, e6, Nf3, d5, g3, Be7, Bg2, O-O, O-O, dxc4, Nc3, Nc6, e4, Rb8, Qe2, b5, Rd1, Nb4, Ne1, Bb7, a3, Nc6, Nxb5, Ba6, a4, Na5, Bf4, Bxb5, axb5, Rxb5, Nc2, Qb8, d5, exd5, e5, Ne4, Bxe4, dxe4, Nd4, Nb3, Nc6, Qe8, Qxc4, Rb6, Nxe7+, Qxe7, Rxa7, Qe6, Qxe6, Rxe6, Rxc7, h6, h4, Kh7, h5, g5, hxg6+] ...
hxg6+ Gives us inValid move: No such move for piece found: []
8 .  .  .  .  .  ♖  .  .  
7 .  .  ♜  .  .  ♙  .  ♔  
6 .  .  .  .  ♖  .  .  ♙  
5 .  .  .  .  ♟  .  ♙  ♟  
4 .  .  .  .  ♙  ♝  .  .  
3 .  ♘  .  .  .  .  ♟  .  
2 .  ♟  .  .  .  ♟  .  .  
1 .  .  .  ♜  .  .  ♚  .  
  a  b  c  d  e  f  g  h

===== 10968 ===== 
[e4, a6, d4, c6, Nf3, d5, Nc3, Bg4, h3, Bh5, Bd3, e6, g4, Bg6, h4, Nf6, exd5, cxd5, Ne5, Bxd3, cxd3, Nfd7, Bf4, Qb6, Qa4, Qxb2, Rc1, Bb4, O-O, Bxc3, Rxc3, Qxc3, Rc1, Qxc1+, Bxc1, O-O, Ba3, Rd8, Be7, Re8, Nxd7, b5, Nf6+, gxf6, Qa3, Nd7, g5, fxg5, hxg5, Nf8, Qd6, Ng6, Bf6, Nh4, g6, Nf5, gxh7+, Kxh7, Qh2+, Kg6, Be5, f6, Bc7, Rh8, Qf4, Kf7, Bb6, Rag8+, Kf1, Rh1+, Ke2, Rgg1, Qc7+, Kg6, Ba5, Nxd4+, Ke3, Nf5+, Ke2, Ra1, Qd8, Rxa2+, Kf3, Rh3+, Kg2, Rg3+, Kf1, Rf3, Qg8+, Ng7, Bb6, b4, Qc8, b3, Qc3, b2, Kg2, b1=Q, Kxf3, Qd1+] ...
Qd1+ Gives us inValid move: Pawn can move diagonally only when capturing
8 .  .  .  .  .  .  .  .  
7 .  .  .  .  .  .  ♘  .  
6 ♙  ♝  .  .  ♙  ♙  ♔  .  
5 .  .  .  ♙  .  .  .  .  
4 .  .  .  .  .  .  .  .  
3 .  .  ♛  ♟  .  ♚  .  .  
2 ♖  ♙  .  .  .  ♟  .  .  
1 .  .  .  .  .  .  .  .  
  a  b  c  d  e  f  g  h

===== 10971 ===== 
[f3, d5, d4, c5, e4, e5, dxe5, d4, f4, g5, Bc4, gxf4, Qh5, Qe7, Bxf4, Be6, Na3, Nc6, Bg5, Qd7, Nf3, Nge7, Nb5, Ng6, Bxe6, fxe6, Bf6, Rg8, O-O, Be7, Nd6+, Kd8, Qxh7, Kc7, Bxe7, Ncxe7, Nf7, Kb6, N3g5, Nc6, Qh3, Ngxe5, Nxe5, Nxe5, Qb3+, Ka6, Nxe6, b6, Nxc5+, bxc5, Rf6+, Nc6, Raf1, Rab8, Qd5, Qxd5, exd5, Rxb2, Rxc6+, Kb5, a4+, Kc4, d6, Rxc2, g3, Kd5, Ra6, Rd8, Rf5+, Ke4, Rf4+, Ke3, Rxa7, d3, Re7+, Kd2, d7, c4, Rd4, Kc3, Rd6, d2, Re3+, Kb2, Re8, Rxd7, Rxd7, Rc1+, Kf2, d1=Q, Rxd1] ...
Rxd1 Gives us inValid move: Invalid Rook move
8 .  .  .  .  ♜  .  .  .  
7 .  .  .  ♜  .  .  .  .  
6 .  .  .  .  .  .  .  .  
5 .  .  .  .  .  .  .  .  
4 ♟  .  ♙  .  .  .  .  .  
3 .  .  .  .  .  .  ♟  .  
2 .  ♔  .  ♙  .  ♚  .  ♟  
1 .  .  ♖  .  .  .  .  .  
  a  b  c  d  e  f  g  h

===== 10976 ===== 
[b3, e5, Bb2, Nc6, c4, g6, Nf3, Bg7, e3, Nge7, d4, exd4, Nxd4, O-O, Nxc6, dxc6, Qxd8, Rxd8, Bxg7, Kxg7, Nc3, c5, Be2, h5, f4, a5, Kf2, Bd7, Rhd1, Bc6, Bf3, Bxf3, Kxf3, Nf5, Rxd8, Rxd8, Rd1, Rxd1, Nxd1, a4, bxa4, Nd6, Nb2, f5, a5, Kf6, Ke2, Ne4, Kd3, Nf2+, Kd2, Ne4+, Kc2, g5, Na4, gxf4, exf4, Ke6, Nc3, Nf6, Kd3, h4, Ke2, Ne8, Nd5, c6, Ne3, Nd6, Kf3, Ne4, g4, hxg3] ...
hxg3 Gives us inValid move: No such move for piece found: []
8 .  .  .  .  .  .  .  .  
7 .  ♙  .  .  .  .  .  .  
6 .  .  ♙  .  ♔  .  .  .  
5 ♟  .  ♙  .  .  ♙  .  .  
4 .  .  ♟  .  ♘  ♟  ♟  ♙  
3 .  .  .  .  ♞  ♚  .  .  
2 ♟  .  .  .  .  .  .  ♟  
1 .  .  .  .  .  .  .  .  
  a  b  c  d  e  f  g  h

===== 10978 ===== 
[e4, c5, Nf3, d6, d4, cxd4, Nxd4, Nf6, Nc3, a6, a4, Nc6, Nxc6, bxc6, a5, e6, Bd3, d5, O-O, Be7, Re1, O-O, Bf4, Bb7, e5, Nd7, Re3, g6, Rh3, f5, exf6] ...
exf6 Gives us inValid move: No such move for piece found: []
8 ♖  .  .  ♕  .  ♖  ♔  .  
7 .  ♗  .  ♘  ♗  .  .  ♙  
6 ♙  .  ♙  .  ♙  .  ♙  .  
5 ♟  .  .  ♙  ♟  ♙  .  .  
4 .  .  .  .  .  ♝  .  .  
3 .  .  ♞  ♝  .  .  .  ♜  
2 .  ♟  ♟  .  .  ♟  ♟  ♟  
1 ♜  .  .  ♛  .  .  ♚  .  
  a  b  c  d  e  f  g  h

===== 10982 ===== 
[c4, Nf6, Nf3, e6, Nc3, d5, e3, c5, d4, a6, cxd5, exd5, g3, c4, Bg2, Bb4, O-O, O-O, Ne5, Re8, Bd2, Nc6, a3, Ba5, b4, cxb3] ...
cxb3 Gives us inValid move: No such move for piece found: []
8 ♖  .  ♗  ♕  ♖  .  ♔  .  
7 .  ♙  .  .  .  ♙  ♙  ♙  
6 ♙  .  ♘  .  .  ♘  .  .  
5 ♗  .  .  ♙  ♞  .  .  .  
4 .  ♟  ♙  ♟  .  .  .  .  
3 ♟  .  ♞  .  ♟  .  ♟  .  
2 .  .  .  ♝  .  ♟  ♝  ♟  
1 ♜  .  .  ♛  .  ♜  ♚  .  
  a  b  c  d  e  f  g  h

===== 11000 ===== 
[d4, d5, Nf3, Nf6, c4, e6, cxd5, exd5, Nc3, Be7, Bf4, c6, e3, Bf5, h3, Nbd7, Bd3, Bxd3, Qxd3, O-O, O-O, a5, Rab1, Qb6, Rfe1, Qa6, Qxa6, Rxa6, Rec1, Rfa8, Ne1, a4, Nd3, g6, b4, axb3] ...
axb3 Gives us inValid move: No such move for piece found: []
8 ♖  .  .  .  .  .  ♔  .  
7 .  ♙  .  ♘  ♗  ♙  .  ♙  
6 ♖  .  ♙  .  .  ♘  ♙  .  
5 .  .  .  ♙  .  .  .  .  
4 ♙  ♟  .  ♟  .  ♝  .  .  
3 .  .  ♞  ♞  ♟  .  .  ♟  
2 ♟  .  .  .  .  ♟  ♟  .  
1 .  ♜  ♜  .  .  .  ♚  .  
  a  b  c  d  e  f  g  h

===== 11004 ===== 
[d4, d5, Nf3, Nf6, Bf4, c5, c3, cxd4, cxd4, Nc6, Nc3, a6, e3, Bf5, Rc1, e6, Qb3, Ra7, Ne5, Nxe5, Bxe5, Nd7, Bg3, Be7, Be2, O-O, O-O, b6, Na4, b5, Nc5, Nb6, Bd3, Bxd3, Qxd3, Qa8, Rc2, Rc8, Rfc1, h6, b3, b4, h3, a5, Qb5, Bxc5, Rxc5, Rxc5, dxc5, Nc8, Qe8+, Kh7, c6, Nb6, Qxa8, Rxa8, c7, Nc8, Rc6, Kg8, Kf1, Kf8, Ke2, Ke7, Kd3, Kd7, Rc5, f6, e4, dxe4+, Kxe4, Ne7, f4, f5+, Kd3, Nd5, c8=Q+, Rxc8] ...
Rxc8 Gives us inValid move: Pawn can move diagonally only when capturing
8 ♖  .  .  .  .  .  .  .  
7 .  .  ♟  ♔  .  .  ♙  .  
6 .  .  .  .  ♙  .  .  ♙  
5 ♙  .  ♜  ♘  .  ♙  .  .  
4 .  ♙  .  .  .  ♟  .  .  
3 .  ♟  .  ♚  .  .  ♝  ♟  
2 ♟  .  .  .  .  .  ♟  .  
1 .  .  .  .  .  .  .  .  
  a  b  c  d  e  f  g  h

===== 11006 ===== 
[b3, d5, Bb2, c6, Nf3, Bf5, Nh4, Bg6, Nxg6, hxg6, e3, e6, d3, Nf6, Nd2, Bd6, g3, Nbd7, Bg2, Qe7, a3, Be5, d4, Bd6, c4, O-O, O-O, a5, Re1, Rfe8, e4, dxe4, Nxe4, Nxe4, Bxe4, Qd8, Bg2, Be7, Qc2, Bf6, Rad1, Qc7, h4, Rad8, Bf3, Nf8, Kg2, Rd7, h5, gxh5, Bxh5, Red8, Re4, Qb6, c5, Qc7, Rf4, e5, Rxf6, gxf6, Qf5, Rxd4, Bxd4, Rxd4, Rh1, Qd8, Bf3, Ng6, Rh6, Kg7, Qh5, Kf8, Rh7, e4, Bg4, Qd5, Qh6+, Ke8, Qg7, e3+, Bf3, Qe6, Qg8+, Ke7, Qxg6, Rd2, Qe4, Rxf2+, Kg1, Qxe4, Bxe4, f5, Bd3, Rd2, Bc4, e2, Kf2, e1=Q+, Kxe1] ...
Kxe1 Gives us inValid move: Pawn can move diagonally only when capturing
8 .  .  .  .  .  .  .  .  
7 .  ♙  .  .  ♔  ♙  .  ♜  
6 .  .  ♙  .  .  .  .  .  
5 ♙  .  ♟  .  .  ♙  .  .  
4 .  .  ♝  .  .  .  .  .  
3 ♟  ♟  .  .  .  .  ♟  .  
2 .  .  .  ♖  ♙  ♚  .  .  
1 .  .  .  .  .  .  .  .  
  a  b  c  d  e  f  g  h

===== 11009 ===== 
[d4, Nf6, Nf3, e6, Bf4, c5, c3, cxd4, cxd4, d5, e3, Bd6, Bg3, O-O, Nc3, Nc6, Rc1, Ne7, Bd3, Nf5, Bxf5, exf5, Qb3, Bxg3, hxg3, g6, O-O, Kg7, Ne5, Qb6, Ne2, Qxb3, axb3, Be6, Rc7, Rab8, Nf4, Bc8, Rfc1, Ne8, R7c5, Nf6, b4, g5, Nfd3, Be6, f3, b6, Rc7, Rbc8, Kf2, Rxc7, Rxc7, Rc8, Rxc8, Bxc8, b5, Ne8, Nc6, a5, bxa6] ...
bxa6 Gives us inValid move: No such move for piece found: [White pawn can only capture up diagonally]
8 .  .  ♗  .  ♘  .  .  .  
7 .  .  .  .  .  ♙  ♔  ♙  
6 .  ♙  ♞  .  .  .  .  .  
5 ♙  ♟  .  ♙  .  ♙  ♙  .  
4 .  .  .  ♟  .  .  .  .  
3 .  .  .  ♞  ♟  ♟  ♟  .  
2 .  ♟  .  .  .  ♚  ♟  .  
1 .  .  .  .  .  .  .  .  
  a  b  c  d  e  f  g  h

===== 11019 ===== 
[d4, Nf6, Nf3, g6, Bf4, Bg7, h3, O-O, e3, d6, Be2, b6, O-O, Bb7, a4, a6, Re1, Nbd7, Bh2, c5, Bf1, Ra7, c3, Qa8, Nbd2, Bc6, Qb1, b5, axb5, axb5, Rxa7, Qxa7, e4, Ne8, e5, dxe5, dxe5, Nc7, Ne4, Ne6, Bg3, Qb7, h4, h6, h5, g5, Bd3, b4, Qc2, Ra8, Bc4, Ndf8, Nh2, Bd5, Qd3, Bxc4, Qxc4, bxc3, bxc3, Qa6, Qxa6, Rxa6, Ng4, Nd7, f3, f5, exf6] ...
exf6 Gives us inValid move: No such move for piece found: []
8 .  .  .  .  .  .  ♔  .  
7 .  .  .  ♘  ♙  .  ♗  .  
6 ♖  .  .  .  ♘  .  .  ♙  
5 .  .  ♙  .  ♟  ♙  ♙  ♟  
4 .  .  .  .  ♞  .  ♞  .  
3 .  .  ♟  .  .  ♟  ♝  .  
2 .  .  .  .  .  .  ♟  .  
1 .  .  .  .  ♜  .  ♚  .  
  a  b  c  d  e  f  g  h

===== 11026 ===== 
[c4, a6, g3, e6, Bg2, Nf6, Nf3, b5, b3, Bb7, O-O, Be7, d4, O-O, Bb2, c5, d5, exd5, Nh4, Ne4, Bxe4, dxe4, Nf5, Bf6, Qc1, Nc6, Rd1, e3, fxe3, b4, Nd2, Ne5, Nd6, Bc6, N2e4, Ng4, Nxf6+, Nxf6, Nf5, Re8, Nxg7, Kxg7, Rf1, Re6, e4, h6, Qf4, Qe7, Rf2, Rg8, Raf1, Kh7, Bxf6, Qe8, e5, d5, exd6] ...
exd6 Gives us inValid move: No such move for piece found: [White pawn can only capture up diagonally]
8 .  .  .  .  ♕  .  ♖  .  
7 .  .  .  .  .  ♙  .  ♔  
6 ♙  .  ♗  .  ♖  ♝  .  ♙  
5 .  .  ♙  ♙  ♟  .  .  .  
4 .  ♙  ♟  .  .  ♛  .  .  
3 .  ♟  .  .  .  .  ♟  .  
2 ♟  .  .  .  ♟  ♜  .  ♟  
1 .  .  .  .  .  ♜  ♚  .  
  a  b  c  d  e  f  g  h

===== 11042 ===== 
[e4, e5, Nf3, Nc6, Bb5, a6, Ba4, Nf6, O-O, Be7, Re1, b5, Bb3, d6, c3, O-O, d4, Bg4, Be3, d5, exd5, exd4, cxd4, Nxd5, Nc3, Nxe3, fxe3, Bd6, h3, Bh5, Rc1, Na5, e4, Nxb3, axb3, Re8, e5, Bb4, Rf1, c5, d5, Bxc3, Rxc3, Rxe5, Rxc5, Re3, Qd4, Rxb3, Ne5, Qd6, Rc6, Qb4, Qxb4, Rxb4, d6, Rd4, d7, Rd8, Rfc1, Kf8, Rc8, Rxd7] ...
Rxd7 Gives us inValid move: more than one valid move, The notation is disambiguous
8 .  .  ♜  ♖  .  ♔  .  .  
7 .  .  .  ♟  .  ♙  ♙  ♙  
6 ♙  .  .  .  .  .  .  .  
5 .  ♙  .  .  ♞  .  .  ♗  
4 .  .  .  ♖  .  .  .  .  
3 .  .  .  .  .  .  .  ♟  
2 .  ♟  .  .  .  .  ♟  .  
1 .  .  ♜  .  .  .  ♚  .  
  a  b  c  d  e  f  g  h

===== 11044 ===== 
[e4, e6, d4, d5, Nd2, c5, exd5, exd5, Ngf3, Nc6, Bb5, Bd6, dxc5, Bxc5, Nb3, Bb6, O-O, Ne7] ...
Ne7 Gives us inValid move: more than one valid move, The notation is disambiguous
8 ♖  .  ♗  ♕  ♔  .  ♘  ♖  
7 ♙  ♙  .  .  .  ♙  ♙  ♙  
6 .  ♗  ♘  .  .  .  .  .  
5 .  ♝  .  ♙  .  .  .  .  
4 .  .  .  .  .  .  .  .  
3 .  ♞  .  .  .  ♞  .  .  
2 ♟  ♟  ♟  .  .  ♟  ♟  ♟  
1 ♜  .  ♝  ♛  .  ♜  ♚  .  
  a  b  c  d  e  f  g  h

===== 11057 ===== 
[d4, d5, Bf4, Nf6, e3, c5, Nc3, cxd4, exd4, a6, Nf3, Nc6, Ne5, e6, Nxc6, bxc6, Na4, Bd6, Bxd6, Qxd6, Bd3, O-O, O-O, a5, Re1, Ba6, Bxa6, Rxa6, Nc5, Ra7, Qd3, Nd7, Nxd7, Rxd7, Qc3, Ra8, Re3, Rc7, Rh3, c5, Qd3, h6, Qd2, cxd4, Rg3, Rac8, Qxd4, e5, Qg4, g6, c3, d4, Rd1, Qe6, Qxe6, fxe6, Rxg6+, Kf7, Rxh6, dxc3, bxc3, Rxc3, h4, Rc1, Rh7+, Kf6, Rd7] ...
Rd7 Gives us inValid move: more than one valid move, The notation is disambiguous
8 .  .  ♖  .  .  .  .  .  
7 .  .  .  .  .  .  .  ♜  
6 .  .  .  .  ♙  ♔  .  .  
5 ♙  .  .  .  ♙  .  .  .  
4 .  .  .  .  .  .  .  ♟  
3 .  .  .  .  .  .  .  .  
2 ♟  .  .  .  .  ♟  ♟  .  
1 .  .  ♖  ♜  .  .  ♚  .  
  a  b  c  d  e  f  g  h

===== 11088 ===== 
[e4, c5, Nc3, Nc6, f4, e6, Nf3, a6, d4, cxd4, Nxd4, Qc7, Nb3, Nf6, Bd3, b5, e5, b4, Ne4, Nxe4, Bxe4, Bb7, O-O, Ne7, Bxb7, Qxb7, Be3, Nf5, Bf2, h5, Qd3, Be7, Rad1, Rc8, Rd2, O-O, Rfd1, Rc7, Qe2, Rfc8, Qxh5, Rxc2, Rxd7, Qe4, R7d2, Qxf4, Qe2, Rxd2, Rxd2, a5, g3, Qg5, Nxa5, Rc1+, Rd1, Rxd1+, Qxd1, Ne3, Qd2, Ng4, Qxg5, Bxg5, Bd4, Be3+, Bxe3, Nxe3, Nc6, Nd5, a4, bxa3] ...
bxa3 Gives us inValid move: No such move for piece found: []
8 .  .  .  .  .  .  ♔  .  
7 .  .  .  .  .  ♙  ♙  .  
6 .  .  ♞  .  ♙  .  .  .  
5 .  .  .  ♘  ♟  .  .  .  
4 ♟  ♙  .  .  .  .  .  .  
3 .  .  .  .  .  .  ♟  .  
2 .  ♟  .  .  .  .  .  ♟  
1 .  .  .  .  .  .  ♚  .  
  a  b  c  d  e  f  g  h

===== 11095 ===== 
[e4, g6, Nf3, Bg7, d4, d6, Bd3, Nf6, O-O, O-O, Re1, Nc6, c3, e5, h3, Re8, Nbd2, a6, Nf1, b6, Ng3, Bb7, Be3, h6, Qd2, Kh7, d5, Nb8, c4, Nbd7, b4, a5, a3, axb4, axb4, c5, dxc6] ...
dxc6 Gives us inValid move: No such move for piece found: []
8 ♖  .  .  ♕  ♖  .  .  .  
7 .  ♗  .  ♘  .  ♙  ♗  ♔  
6 .  ♙  .  ♙  .  ♘  ♙  ♙  
5 .  .  ♙  ♟  ♙  .  .  .  
4 .  ♟  ♟  .  ♟  .  .  .  
3 .  .  .  ♝  ♝  ♞  ♞  ♟  
2 .  .  .  ♛  .  ♟  ♟  .  
1 ♜  .  .  .  ♜  .  ♚  .  
  a  b  c  d  e  f  g  h

===== 11103 ===== 
[d4, d6, c4, Nf6, Nc3, g6, Nf3, Bg7, g3, O-O, Bg2, Nc6, O-O, e5, dxe5, dxe5, Bg5, Qxd1, Rfxd1, h6, Bxf6, Bxf6, Nd5, Bd8, Nd2, Re8, Ne4, Kg7, e3, f5, Nec3, Ne7, Nb5, Nxd5, cxd5, a6, Nxc7, Bxc7, d6, Bxd6, Rxd6, Re7, Rd8, Rd7, Rd1, Rxd1+, Rxd1, Be6, a3, e4, Rd6, Kf7, Rb6, Bd5, g4, Rc8, h3, fxg4, hxg4, Bc6, Rb4, Re8, Kh2, g5, Kg3, Kf6, Rd4, Ke5, b4, Re6, Bf1, Rd6, Rxd6, Kxd6, Bc4, Ke5, Bb3, Bd7, Bc4, Be6, Be2, Bb3, f4+, exf3] ...
exf3 Gives us inValid move: No such move for piece found: []
8 .  .  .  .  .  .  .  .  
7 .  ♙  .  .  .  .  .  .  
6 ♙  .  .  .  .  .  .  ♙  
5 .  .  .  .  ♔  .  ♙  .  
4 .  ♟  .  .  ♙  ♟  ♟  .  
3 ♟  ♗  .  .  ♟  .  ♚  .  
2 .  .  .  .  ♝  .  .  .  
1 .  .  .  .  .  .  .  .  
  a  b  c  d  e  f  g  h

===== 11106 ===== 
[e4, d6, d4, g6, Nf3, Bg7, Bc4, Nf6, Qe2, c6, Bb3, a5, a4, O-O, h3, e5, dxe5, dxe5, O-O, Qe7, Na3, Be6, Bxe6, Qxe6, Re1, Nbd7, Qc4, Rfe8, Be3, Qxc4, Nxc4, Nxe4, Rad1, Ndc5, Nb6, Ra6, Nd7, Nxa4, Bc1, Nac5, Nfxe5, Bxe5, Nxe5, Rxe5, Rd8+, Kg7, f3, Rd5, Rxd5, cxd5, Be3, Rc6, Bd4+, f6, fxe4, dxe4, Bxc5, Rxc5, Rxe4, Kf7, b4, axb4, Rxb4, b5, Rb2, Ke6, Ra2, Kd5, Kf2, Kc4, Ra3, Kb4, Rb3+, Ka4, Rb2, b4, Ra2+, Kb5, Ke3, Rc3+, Kd4, Rg3, Rb2, f5, c4+, Ka4, c5, Ka3, Re2, b3, c6, b2, c7, b1=Q, c8=Q, Qd3+, Ke5, Qxe2+, Kf6, Qb2+, Kf7, Qb3+, Kg7, Rc3, Qa8+] ...
Qa8+ Gives us inValid move: Pawn can move diagonally only when capturing
8 .  .  .  .  .  .  .  .  
7 .  .  ♟  .  .  .  ♚  ♙  
6 .  .  .  .  .  .  ♙  .  
5 .  .  .  .  .  ♙  .  .  
4 .  .  .  .  .  .  .  .  
3 ♔  ♕  ♖  .  .  .  .  ♟  
2 .  .  .  .  .  .  ♟  .  
1 .  .  .  .  .  .  .  .  
  a  b  c  d  e  f  g  h

===== 11109 ===== 
[e4, d5, Nc3, dxe4, Nxe4, Nf6, Nxf6+, exf6, g3, Bd6, Bg2, O-O, Ne2, Re8, O-O, Nc6, h3, Bf5, d3, Qd7, g4, Bg6, Nf4, Bxf4, Bxf4, Nd4, Be3, c6, Re1, f5, c3, Ne6, d4, f4, Bd2, h6, Qf3, Qd6, Re5, Ng5, Qxf4, Rxe5, Qxe5, Qxe5, dxe5, Ne4, Be3, Rd8, f4, f5, exf6] ...
exf6 Gives us inValid move: No such move for piece found: []
8 .  .  .  ♖  .  .  ♔  .  
7 ♙  ♙  .  .  .  .  ♙  .  
6 .  .  ♙  .  .  .  ♗  ♙  
5 .  .  .  .  ♟  ♙  .  .  
4 .  .  .  .  ♘  ♟  ♟  .  
3 .  .  ♟  .  ♝  .  .  ♟  
2 ♟  ♟  .  .  .  .  ♝  .  
1 ♜  .  .  .  .  .  ♚  .  
  a  b  c  d  e  f  g  h

===== 11110 ===== 
[e4, e5, Nf3, Nc6, Bc4, Nf6, d3, h6, a4, a6, Nc3, Bc5, O-O, d6, Be3, Bxe3, fxe3, Be6, b3, O-O, Qe1, d5, exd5, Nxd5, Nxd5, Bxd5, e4, Bxc4, bxc4, Nd4, Nxd4, Qxd4+, Qf2, Qd6, a5, b5, axb6] ...
axb6 Gives us inValid move: No such move for piece found: []
8 ♖  .  .  .  .  ♖  ♔  .  
7 .  .  ♙  .  .  ♙  ♙  .  
6 ♙  .  .  ♕  .  .  .  ♙  
5 ♟  ♙  .  .  ♙  .  .  .  
4 .  .  ♟  .  ♟  .  .  .  
3 .  .  .  ♟  .  .  .  .  
2 .  .  ♟  .  .  ♛  ♟  ♟  
1 ♜  .  .  .  .  ♜  ♚  .  
  a  b  c  d  e  f  g  h

===== 11119 ===== 
[e4, d5, exd5, Qxd5, Nc3, Qd6, d4, Nf6, Nf3, c6, Ne5, Nbd7, Nc4, Qc7, Qf3, Nb6, Bf4, Qd8, O-O-O, Bg4, Qe3, Bxd1, Nd6+, Kd7, Nxf7, Qe8, Ne5+, Kc8, Kxd1, Nbd5, Qh3+, e6, Bd2, Bd6, Nc4, Bc7, Bd3, Qh5+, Qxh5, Nxh5, Ne2, Nhf6, Ne5, Bxe5, dxe5, Ng4, Rf1, Nxe5, Be4, Nf6, Nc3, Rd8, Ke2, Kd7, Bf4, Ng6, Bg3, Ke7, Bd3, Nd5, Kd2, Ndf4, Ne4, Nxd3, cxd3, Rd5, Nc3, Rd7, Re1, Rad8, Re3, b6, Ne4, Rd5, Nc3, Ra5, a3, h5, h3, h4, Bh2, Rg5, g4, hxg3] ...
hxg3 Gives us inValid move: No such move for piece found: []
8 .  .  .  ♖  .  .  .  .  
7 ♙  .  .  .  ♔  .  ♙  .  
6 .  ♙  ♙  .  ♙  .  ♘  .  
5 .  .  .  .  .  .  ♖  .  
4 .  .  .  .  .  .  ♟  ♙  
3 ♟  .  ♞  ♟  ♜  .  .  ♟  
2 .  ♟  .  ♚  .  ♟  .  ♝  
1 .  .  .  .  .  .  .  .  
  a  b  c  d  e  f  g  h

===== 11129 ===== 
[e4, e5, Nf3, Nc6, Bb5, Nf6, d3, Bc5, c3, O-O, Bg5, a6, Ba4, Be7, O-O, d6, h3, h6, Be3, b5, Bb3, Re8, Nbd2, Bf8, a4, Rb8, axb5, axb5, Re1, Be6, Bxe6, Rxe6, d4, exd4, cxd4, Nb4, d5, Re8, Qb1, c5, dxc6] ...
dxc6 Gives us inValid move: No such move for piece found: []
8 .  ♖  .  ♕  ♖  ♗  ♔  .  
7 .  .  .  .  .  ♙  ♙  .  
6 .  .  .  ♙  .  ♘  .  ♙  
5 .  ♙  ♙  ♟  .  .  .  .  
4 .  ♘  .  .  ♟  .  .  .  
3 .  .  .  .  ♝  ♞  .  ♟  
2 .  ♟  .  ♞  .  ♟  ♟  .  
1 ♜  ♛  .  .  ♜  .  ♚  .  
  a  b  c  d  e  f  g  h

===== 11136 ===== 
[e4, e5, Nf3, Nc6, Nc3, Nf6, a3, d5, Bb5, d4, Ne2, Bd6, Ng3, O-O, Bxc6, bxc6, d3, c5, O-O, Be6, b3, h6, h3, Nh7, Kh1, Qd7, Nh2, f5, exf5, Bxf5, Nxf5, Rxf5, f3, Raf8, Qe2, Nf6, Bd2, Nh5, Be1, Nf4, Qe4, Rg5, Rg1, Qf7, Bd2, Nh5, Nf1, Rg6, Re1, Nf6, Qe2, Nd5, a4, Ne7, Qe4, Nf5, g4, Nh4, Nh2, Rf6, Rgf1, Nxf3, Nxf3, Rxf3, Rxf3, Qxf3+, Qxf3, Rxf3, Kg2, Rf8, Rf1, Rxf1, Kxf1, Kf7, Ke2, Ke6, Kf3, Kd5, h4, Be7, Be1, g5, h5, Bd8, c4+, dxc3] ...
dxc3 Gives us inValid move: No such move for piece found: []
8 .  .  .  ♗  .  .  .  .  
7 ♙  .  ♙  .  .  .  .  .  
6 .  .  .  .  .  .  .  ♙  
5 .  .  ♙  ♔  ♙  .  ♙  ♟  
4 ♟  .  ♟  ♙  .  .  ♟  .  
3 .  ♟  .  ♟  .  ♚  .  .  
2 .  .  .  .  .  .  .  .  
1 .  .  .  .  ♝  .  .  .  
  a  b  c  d  e  f  g  h

===== 11143 ===== 
[e4, e5, Nc3, Nf6, Nf3, Nc6, a3, d5, Bb5, dxe4, Nxe5, Qd6, d4, exd3] ...
exd3 Gives us inValid move: No such move for piece found: []
8 ♖  .  ♗  .  ♔  ♗  .  ♖  
7 ♙  ♙  ♙  .  .  ♙  ♙  ♙  
6 .  .  ♘  ♕  .  ♘  .  .  
5 .  ♝  .  .  ♞  .  .  .  
4 .  .  .  ♟  ♙  .  .  .  
3 ♟  .  ♞  .  .  .  .  .  
2 .  ♟  ♟  .  .  ♟  ♟  ♟  
1 ♜  .  ♝  ♛  ♚  .  .  ♜  
  a  b  c  d  e  f  g  h

===== 11146 ===== 
[b3, d5, Bb2, Bg4, f3, Bf5, e4, dxe4, Qe2, Nf6, Nc3, Nc6, fxe4, Nd4, Qd3, Bg6, Nf3, Nxf3+, Qxf3, e6, O-O-O, Bh5, Qg3, Bxd1, Kxd1, Qd7, Bb5, c6, Bd3, O-O-O, Rf1, Ne8, e5, f5, exf6] ...
exf6 Gives us inValid move: No such move for piece found: []
8 .  .  ♔  ♖  ♘  ♗  .  ♖  
7 ♙  ♙  .  ♕  .  .  ♙  ♙  
6 .  .  ♙  .  ♙  .  .  .  
5 .  .  .  .  ♟  ♙  .  .  
4 .  .  .  .  .  .  .  .  
3 .  ♟  ♞  ♝  .  .  ♛  .  
2 ♟  ♝  ♟  ♟  .  .  ♟  ♟  
1 .  .  .  ♚  .  ♜  .  .  
  a  b  c  d  e  f  g  h

===== 11152 ===== 
[e4, a5, d4, e6, Nf3, d5, e5, b6, c3, Ne7, h4, h6, h5, c5, Na3, Ba6, Nb5, Nec6, Be2, Qd7, a4, cxd4, cxd4, Bb4+, Kf1, Na7, Nc3, Bxe2+, Nxe2, Nbc6, Rh3, O-O-O, Rg3, Rhg8, Nf4, Kb7, Be3, Ne7, Nh4, Rc8, Kg1, Qe8, Rc1, Rxc1, Bxc1, Nac6, Be3, g5, hxg6] ...
hxg6 Gives us inValid move: No such move for piece found: []
8 .  .  .  .  ♕  .  ♖  .  
7 .  ♔  .  .  ♘  ♙  .  .  
6 .  ♙  ♘  .  ♙  .  .  ♙  
5 ♙  .  .  ♙  ♟  .  ♙  ♟  
4 ♟  ♗  .  ♟  .  ♞  .  ♞  
3 .  .  .  .  ♝  .  ♜  .  
2 .  ♟  .  .  .  ♟  ♟  .  
1 .  .  .  ♛  .  .  ♚  .  
  a  b  c  d  e  f  g  h

===== 11154 ===== 
[e4, Nc6, Nf3, f5, exf5, d5, Bb5, Bxf5, Ne5, Qd6, d4, e6, O-O, Ne7] ...
Ne7 Gives us inValid move: more than one valid move, The notation is disambiguous
8 ♖  .  .  .  ♔  ♗  ♘  ♖  
7 ♙  ♙  ♙  .  .  .  ♙  ♙  
6 .  .  ♘  ♕  ♙  .  .  .  
5 .  ♝  .  ♙  ♞  ♗  .  .  
4 .  .  .  ♟  .  .  .  .  
3 .  .  .  .  .  .  .  .  
2 ♟  ♟  ♟  .  .  ♟  ♟  ♟  
1 ♜  ♞  ♝  ♛  .  ♜  ♚  .  
  a  b  c  d  e  f  g  h

===== 11156 ===== 
[e4, Nc6, Nf3, f5, exf5, d5, Bb5, Bxf5, d4, e6, Ne5, Ne7] ...
Ne7 Gives us inValid move: more than one valid move, The notation is disambiguous
8 ♖  .  .  ♕  ♔  ♗  ♘  ♖  
7 ♙  ♙  ♙  .  .  .  ♙  ♙  
6 .  .  ♘  .  ♙  .  .  .  
5 .  ♝  .  ♙  ♞  ♗  .  .  
4 .  .  .  ♟  .  .  .  .  
3 .  .  .  .  .  .  .  .  
2 ♟  ♟  ♟  .  .  ♟  ♟  ♟  
1 ♜  ♞  ♝  ♛  ♚  .  .  ♜  
  a  b  c  d  e  f  g  h

===== 11161 ===== 
[d4, f5, Nc3, Nf6, Bg5, Nc6, Nf3, d6, e3, g6, Bc4, Bg7, a3, h6, Bxf6, Bxf6, O-O, e5, dxe5, dxe5, Qxd8+, Bxd8, Bb5, Bf6, Nd5, Kf7, Nxc7, Rb8, c3, e4, Bc4+, Kg7, Nd4, Ne5, Be2, Bd7, Rfd1, a6, f4, exf3] ...
exf3 Gives us inValid move: No such move for piece found: []
8 .  ♖  .  .  .  .  .  ♖  
7 .  ♙  ♞  ♗  .  .  ♔  .  
6 ♙  .  .  .  .  ♗  ♙  ♙  
5 .  .  .  .  ♘  ♙  .  .  
4 .  .  .  ♞  ♙  ♟  .  .  
3 ♟  .  ♟  .  ♟  .  .  .  
2 .  ♟  .  .  ♝  .  ♟  ♟  
1 ♜  .  .  ♜  .  .  ♚  .  
  a  b  c  d  e  f  g  h

===== 11170 ===== 
[e4, c6, d4, Na6, Nf3, Nf6, e5, Nd5, c4, Ndc7, Nc3, d6, Be3, Bg4, exd6, exd6, Be2, Be7, O-O, O-O, h3, Bh5, d5, Re8, dxc6, bxc6, Nd4, Bxe2, Qxe2, Qd7, Qg4, Ne6, Nf5, Bf8, Rad1, Kh8, Qg3, Rad8, Rd2, Nac7, Rfd1, d5, cxd5, Nxd5, Nxd5, cxd5, Qf3, Qa4, b3, Qa5, Rxd5, Qxa2, Rxd8, Rxd8, Rxd8, Nxd8, Qa8, Qa5, Nd4, Kg8, b4, Qc7, b5, Qd7, Nc6, Ne6, Bxa7, h5, b6, Qd1+, Kh2, Qd6+, g3, h4, Na5, hxg3+, fxg3, Qd2+, Kh1, Qe1+, Kh2, Qd2+, Kh1, Qxa5, b7, Qe1+, Kg2, Qe4+, Kg1, Qb1+, Kf2, Qc2+, Kg1, Qb1+, Kg2, Qb2+, Kg1, Nc7, Qc8, Qa1+, Kg2, Qa2+, Kh1, Qd5+, Kh2, Na6, b8=Q, Nxb8] ...
Nxb8 Gives us inValid move: Pawn can move diagonally only when capturing
8 .  .  ♛  .  .  ♗  ♔  .  
7 ♝  ♟  .  .  .  ♙  ♙  .  
6 ♘  .  .  .  .  .  .  .  
5 .  .  .  ♕  .  .  .  .  
4 .  .  .  .  .  .  .  .  
3 .  .  .  .  .  .  ♟  ♟  
2 .  .  .  .  .  .  .  ♚  
1 .  .  .  .  .  .  .  .  
  a  b  c  d  e  f  g  h

===== 11171 ===== 
[d4, d5, Nf3, Nf6, e3, c6, c4, g6, Nc3, Bg7, Be2, O-O, O-O, a6, h3, c5, cxd5, Nxd5, e4, Nxc3, bxc3, cxd4, cxd4, Nc6, Be3, e6, Rc1, Qa5, d5, exd5, exd5, Ne5, d6, Be6, Nxe5, Qxe5, Rc5, Qb2, Bf3, Rad8, Qd3, b5, Rd1, Qxa2, Bg5, f6, Be3, f5, Bg5, Bf6, Bxf6, Rxf6, Qd4, Rf7, Qe5, Bb3, Rdc1, Qd2, Rc8, Rd7] ...
Rd7 Gives us inValid move: more than one valid move, The notation is disambiguous
8 .  .  ♜  ♖  .  .  ♔  .  
7 .  .  .  .  .  ♖  .  ♙  
6 ♙  .  .  ♟  .  .  ♙  .  
5 .  ♙  .  .  ♛  ♙  .  .  
4 .  .  .  .  .  .  .  .  
3 .  ♗  .  .  .  ♝  .  ♟  
2 .  .  .  ♕  .  ♟  ♟  .  
1 .  .  ♜  .  .  .  ♚  .  
  a  b  c  d  e  f  g  h

===== 11178 ===== 
[e4, c5, c3, d5, exd5, Nf6, Qa4+, Nbd7, Qb3, Nb6, Bb5+, Bd7, c4, e6, dxe6, fxe6, Nf3, Bd6, O-O, O-O, Re1, Bxb5, cxb5, c4, Qe3, Nfd5, Qxe6+, Kh8, d4, cxd3] ...
cxd3 Gives us inValid move: No such move for piece found: []
8 ♖  .  .  ♕  .  ♖  .  ♔  
7 ♙  ♙  .  .  .  .  ♙  ♙  
6 .  ♘  .  ♗  ♛  .  .  .  
5 .  ♟  .  ♘  .  .  .  .  
4 .  .  ♙  ♟  .  .  .  .  
3 .  .  .  .  .  ♞  .  .  
2 ♟  ♟  .  .  .  ♟  ♟  ♟  
1 ♜  ♞  ♝  .  ♜  .  ♚  .  
  a  b  c  d  e  f  g  h

===== 11177 ===== 
[e4, c5, Nf3, d6, Bb5+, Nd7, a4, Nf6] ...
Nf6 Gives us inValid move: more than one valid move, The notation is disambiguous
8 ♖  .  ♗  ♕  ♔  ♗  ♘  ♖  
7 ♙  ♙  .  ♘  ♙  ♙  ♙  ♙  
6 .  .  .  ♙  .  .  .  .  
5 .  ♝  ♙  .  .  .  .  .  
4 ♟  .  .  .  ♟  .  .  .  
3 .  .  .  .  .  ♞  .  .  
2 .  ♟  ♟  ♟  .  ♟  ♟  ♟  
1 ♜  ♞  ♝  ♛  ♚  .  .  ♜  
  a  b  c  d  e  f  g  h

===== 11184 ===== 
[e4, c5, Nc3, Nc6, Bb5, Nd4, Nf3, Qa5, Bc4, e6, O-O, b5, Bd3, Nxf3+, Qxf3, a6, e5, Rb8, Be4, Qc7, Qg3, b4, Nd1, d5, exd6] ...
exd6 Gives us inValid move: No such move for piece found: []
8 .  ♖  ♗  .  ♔  ♗  ♘  ♖  
7 .  .  ♕  .  .  ♙  ♙  ♙  
6 ♙  .  .  .  ♙  .  .  .  
5 .  .  ♙  ♙  ♟  .  .  .  
4 .  ♙  .  .  ♝  .  .  .  
3 .  .  .  .  .  .  ♛  .  
2 ♟  ♟  ♟  ♟  .  ♟  ♟  ♟  
1 ♜  .  ♝  ♞  .  ♜  ♚  .  
  a  b  c  d  e  f  g  h

===== 11195 ===== 
[d4, Nf6, c4, e6, Nc3, d5, cxd5, exd5, Bg5, Bb4, e3, h6, Bf4, Bf5, Bd3, Bxd3, Qxd3, c6, Ne2] ...
Ne2 Gives us inValid move: more than one valid move, The notation is disambiguous
8 ♖  ♘  .  ♕  ♔  .  .  ♖  
7 ♙  ♙  .  .  .  ♙  ♙  .  
6 .  .  ♙  .  .  ♘  .  ♙  
5 .  .  .  ♙  .  .  .  .  
4 .  ♗  .  ♟  .  ♝  .  .  
3 .  .  ♞  ♛  ♟  .  .  .  
2 ♟  ♟  .  .  .  ♟  ♟  ♟  
1 ♜  .  .  .  ♚  .  ♞  ♜  
  a  b  c  d  e  f  g  h

===== 11197 ===== 
[e4, e5, Nf3, Nc6, Bb5, a6, Ba4, Nf6, d3, Bc5, Bg5, h6, Bh4, d6, d4, exd4, Nxd4, Bd7, Bxc6, bxc6, Nc3, O-O, Qd3, Bb4, Ne2] ...
Ne2 Gives us inValid move: more than one valid move, The notation is disambiguous
8 ♖  .  .  ♕  .  ♖  ♔  .  
7 .  .  ♙  ♗  .  ♙  ♙  .  
6 ♙  .  ♙  ♙  .  ♘  .  ♙  
5 .  .  .  .  .  .  .  .  
4 .  ♗  .  ♞  ♟  .  .  ♝  
3 .  .  ♞  ♛  .  .  .  .  
2 ♟  ♟  ♟  .  .  ♟  ♟  ♟  
1 ♜  .  .  .  ♚  .  .  ♜  
  a  b  c  d  e  f  g  h

===== 11211 ===== 
[e4, e5, f4, d5, Nf3, exf4, exd5, Nf6, Bb5+, c6, dxc6, bxc6, Bc4, Bd6, O-O, O-O, d4, Bg4, Nc3, Nbd7, Qd3, Bh5, Nh4, Qc7, Nf5, Bg6, Qh3, Nb6, Bb3, Nbd5, Nxd5, Nxd5, Bd2, Rfe8, Rae1, Bf8, c4, Bxf5, Qxf5, Ne3, Bxe3, fxe3, c5, Re7, Rf3, g6, Qd3, Bh6, Bc4, Kh8, b4, f5, b5, cxb5, Bxb5, Rd8, g3, Bg7, Kg2, Rxd4, Qa3, Rd2+, Re2, a6, Qxa6, Bd4, Qd6, Qxc5, Qd8+, Kg7, Bc4, Qxc4, Qxe7+, Kh6, Qh4+, Kg7, Qe7+, Kh6, Rxe3] ...
Rxe3 Gives us inValid move: more than one valid move, The notation is disambiguous
8 .  .  .  .  .  .  .  .  
7 .  .  .  .  ♛  .  .  ♙  
6 .  .  .  .  .  .  ♙  ♔  
5 .  .  .  .  .  ♙  .  .  
4 .  .  ♕  ♗  .  .  .  .  
3 .  .  .  .  ♙  ♜  ♟  .  
2 ♟  .  .  ♖  ♜  .  ♚  ♟  
1 .  .  .  .  .  .  .  .  
  a  b  c  d  e  f  g  h

===== 11221 ===== 
[e4, c5, c3, Nf6, e5, Nd5, Nf3, e6, Bc4, Nb6, Bb3, c4, Bc2, d6, exd6, Bxd6, O-O, Nc6, d4, cxd3] ...
cxd3 Gives us inValid move: No such move for piece found: []
8 ♖  .  ♗  ♕  ♔  .  .  ♖  
7 ♙  ♙  .  .  .  ♙  ♙  ♙  
6 .  ♘  ♘  ♗  ♙  .  .  .  
5 .  .  .  .  .  .  .  .  
4 .  .  ♙  ♟  .  .  .  .  
3 .  .  ♟  .  .  ♞  .  .  
2 ♟  ♟  ♝  .  .  ♟  ♟  ♟  
1 ♜  ♞  ♝  ♛  .  ♜  ♚  .  
  a  b  c  d  e  f  g  h

===== 11233 ===== 
[e4, c5, Nf3, e6, b3, a6, g3, d5, exd5, exd5, Bg2, Nf6, O-O, Be7, d4, O-O, Nc3, Nc6, Na4, cxd4, Nxd4, Bg4, Ne2, Re8, f3, Bd7, Be3, b5, Nac3, Rc8, Bf2, Ba3, Rb1, Nb4, Re1, h5, Qd2, Nxc2, Qxc2, b4, Qd3, bxc3, Nxc3, Rxe1+, Rxe1, Bb4, Bd4, Qa5, Re3, Bxc3, Bxc3, Qxa2, h3, Qxb3, g4, Qc4, Qd2, d4, Bxd4, Qc1+, Qxc1, Rxc1+, Kh2, Rc2, Re7, Bb5, Re1, Nd5, Be5, f6, Bd6, Ne3, Rxe3, Bf1, Kg3, Rxg2+, Kf4, Rd2, Bc5, Rd5, Re8+, Kh7, Bf8, g5+, Kg3, Rd2, f4, h4+, Kf3, Bxh3, Be7, Bg2+, Ke3, Rd1, Kf2, h3, Bxf6, gxf4, Be5, Rd2+, Ke1, f3, Re7+, Kg8, Kxd2, f2, g5, f1=Q, g6, Qf2+] ...
Qf2+ Gives us inValid move: Pawn can move diagonally only when capturing
8 .  .  .  .  .  .  ♔  .  
7 .  .  .  .  ♜  .  .  .  
6 ♙  .  .  .  .  .  ♟  .  
5 .  .  .  .  ♝  .  .  .  
4 .  .  .  .  .  .  .  .  
3 .  .  .  .  .  .  .  ♙  
2 .  .  .  ♚  .  ♙  ♗  .  
1 .  .  .  .  .  .  .  .  
  a  b  c  d  e  f  g  h

===== 11240 ===== 
[e4, c5, Nf3, e6, b3, Nf6, e5, Nd5, Nc3, Nc6, Bb2, Nxc3, dxc3, d5, exd6] ...
exd6 Gives us inValid move: No such move for piece found: []
8 ♖  .  ♗  ♕  ♔  ♗  .  ♖  
7 ♙  ♙  .  .  .  ♙  ♙  ♙  
6 .  .  ♘  .  ♙  .  .  .  
5 .  .  ♙  ♙  ♟  .  .  .  
4 .  .  .  .  .  .  .  .  
3 .  ♟  ♟  .  .  ♞  .  .  
2 ♟  ♝  ♟  .  .  ♟  ♟  ♟  
1 ♜  .  .  ♛  ♚  ♝  .  ♜  
  a  b  c  d  e  f  g  h

===== 11242 ===== 
[e4, c5, Nf3, Nc6, Bb5, e6, c3, Nge7, d4, cxd4, cxd4, d5, e5, Bd7, Nc3, Nf5, O-O, Be7, g4, Nh4, Nxh4, Bxh4, f4, Be7, Be3, O-O, Bd3, Rc8, g5, g6, Rf3, Bb4, Rh3, Bxc3, bxc3, Ne7, Qe1, Nf5, Bc1, h5, gxh6] ...
gxh6 Gives us inValid move: No such move for piece found: []
8 .  .  ♖  ♕  .  ♖  ♔  .  
7 ♙  ♙  .  ♗  .  ♙  .  .  
6 .  .  .  .  ♙  .  ♙  .  
5 .  .  .  ♙  ♟  ♘  ♟  ♙  
4 .  .  .  ♟  .  ♟  .  .  
3 .  .  ♟  ♝  .  .  .  ♜  
2 ♟  .  .  .  .  .  .  ♟  
1 ♜  .  ♝  .  ♛  .  ♚  .  
  a  b  c  d  e  f  g  h

===== 11243 ===== 
[d4, d5, c4, e6, Nc3, Nf6, cxd5, exd5, Bg5, Be7, e3, c6, Bd3, O-O, h3, Re8, Qc2, Nbd7, Nf3, Ne4, Bf4, Ndf6, O-O, Bf5, Ne5, Bf8, f3, Nxc3, bxc3, Bxd3, Qxd3, Nd7, Nxd7, Qxd7, e4, c5, dxc5, Rad8, Rfd1, Bxc5+, Kh1, Qa4, Bg3, h5, exd5, h4, Bh2, Re3, Qf5, Re2, Qg4, Qxg4, hxg4, Rc2, Rd3, f6, d6, Rd7, a4, a5, Rad1, Ra2, Rd5, Bb6, Rb5, Bd8, Rdb1, b6, c4, Rxa4, c5, bxc5, Rxc5, Kf7, Rc8, Rd4, Rbc1, Rd5, Bf4, f5, R8c7, Rxd6] ...
Rxd6 Gives us inValid move: more than one valid move, The notation is disambiguous
8 .  .  .  ♗  .  .  .  .  
7 .  .  ♜  ♖  .  ♔  ♙  .  
6 .  .  .  ♟  .  .  .  .  
5 ♙  .  .  ♖  .  ♙  .  .  
4 .  .  .  .  .  ♝  ♟  ♙  
3 .  .  .  .  .  ♟  .  .  
2 .  .  .  .  .  .  ♟  .  
1 .  .  ♜  .  .  .  .  ♚  
  a  b  c  d  e  f  g  h

===== 11258 ===== 
[e4, c6, Nf3, d5, d3, dxe4, dxe4, Qxd1+, Kxd1, Nf6, Nfd2, g5, Nc3, Nbd7, Nb3, g4, f4, gxf3] ...
gxf3 Gives us inValid move: No such move for piece found: []
8 ♖  .  ♗  .  ♔  ♗  .  ♖  
7 ♙  ♙  .  ♘  ♙  ♙  .  ♙  
6 .  .  ♙  .  .  ♘  .  .  
5 .  .  .  .  .  .  .  .  
4 .  .  .  .  ♟  ♟  ♙  .  
3 .  ♞  ♞  .  .  .  .  .  
2 ♟  ♟  ♟  .  .  .  ♟  ♟  
1 ♜  .  ♝  ♚  .  ♝  .  ♜  
  a  b  c  d  e  f  g  h

===== 11296 ===== 
[e4, g6, d4, Bg7, Nf3, d6, Be2, Nf6, Nc3, a6, a4, O-O, O-O, Nc6, d5, Nb4, a5, e6, Ra4, c5, dxc6] ...
dxc6 Gives us inValid move: No such move for piece found: []
8 ♖  .  ♗  ♕  .  ♖  ♔  .  
7 .  ♙  .  .  .  ♙  ♗  ♙  
6 ♙  .  .  ♙  ♙  ♘  ♙  .  
5 ♟  .  ♙  ♟  .  .  .  .  
4 ♜  ♘  .  .  ♟  .  .  .  
3 .  .  ♞  .  .  ♞  .  .  
2 .  ♟  ♟  .  ♝  ♟  ♟  ♟  
1 .  .  ♝  ♛  .  ♜  ♚  .  
  a  b  c  d  e  f  g  h

===== 11299 ===== 
[e4, e5, Nf3, d6, Bc4, Be7, O-O, Nf6, Nc3, O-O, Re1, Nbd7, d4, exd4, Nxd4, Re8, h3, Bf8, Bf4, Ne5, Bf1, c6, a4, h6, Bh2, a5, Qd2, Qb6, Kh1, Ng6, b3, Bd7, Rad1, Rad8, f4, Bc8, Bg1, Qb4, g3, d5, e5, Ne4, Nxe4, dxe4, c3, Qe7, Qg2, f5, exf6] ...
exf6 Gives us inValid move: No such move for piece found: []
8 .  .  ♗  ♖  ♖  ♗  ♔  .  
7 .  ♙  .  .  ♕  .  ♙  .  
6 .  .  ♙  .  .  .  ♘  ♙  
5 ♙  .  .  .  ♟  ♙  .  .  
4 ♟  .  .  ♞  ♙  ♟  .  .  
3 .  ♟  ♟  .  .  .  ♟  ♟  
2 .  .  .  .  .  .  ♛  .  
1 .  .  .  ♜  ♜  ♝  ♝  ♚  
  a  b  c  d  e  f  g  h

===== 11307 ===== 
[b3, g6, Bb2, Nf6, g4, Bg7, g5, Nh5, Bxg7, Nxg7, Nf3, h6, gxh6, Rxh6, Nc3, d6, Bg2, Bh3, Bxh3, Rxh3, d4, Nd7, Qd3, Nf6, Qb5+, Kf8, Qxb7, Nf5, O-O-O, Kg7, Rdg1, c6, Qa6, Rc8, Qd3, e6, Ne4, Nxe4, Qxe4, Qf6, Qg4, Rch8, Qf4, c5, dxc5, dxc5, Kb1, Nd4, Qxf6+, Kxf6, Nxd4, cxd4, Rg2, e5, f3, Kf5, Kc1, Kf4, Kd2, g5, b4, f5, a4, Rc8, Rhg1, Rh7, Rb1, Rc4, a5, Rb7, b5, Rc5, c4, dxc3+] ...
dxc3+ Gives us inValid move: No such move for piece found: []
8 .  .  .  .  .  .  .  .  
7 ♙  ♖  .  .  .  .  .  .  
6 .  .  .  .  .  .  .  .  
5 ♟  ♟  ♖  .  ♙  ♙  ♙  .  
4 .  .  ♟  ♙  .  ♔  .  .  
3 .  .  .  .  .  ♟  .  .  
2 .  .  .  ♚  ♟  .  ♜  ♟  
1 .  ♜  .  .  .  .  .  .  
  a  b  c  d  e  f  g  h

===== 11308 ===== 
[e4, e5, Nf3, Nf6, Nxe5, d6, Nf3, Nxe4, d3, Nf6, d4, d5, Bd3, Bd6, Qe2+, Qe7, Nc3, c6, Qxe7+, Kxe7, O-O, Nbd7, Re1+, Kf8, Ne5, Ne8, f4, f6, Nf3, Kf7, f5, Nc7, Ne2, g5, fxg6+] ...
fxg6+ Gives us inValid move: No such move for piece found: []
8 ♖  .  ♗  .  .  .  .  ♖  
7 ♙  ♙  ♘  ♘  .  ♔  .  ♙  
6 .  .  ♙  ♗  .  ♙  .  .  
5 .  .  .  ♙  .  ♟  ♙  .  
4 .  .  .  ♟  .  .  .  .  
3 .  .  .  ♝  .  ♞  .  .  
2 ♟  ♟  ♟  .  ♞  .  ♟  ♟  
1 ♜  .  ♝  .  ♜  .  ♚  .  
  a  b  c  d  e  f  g  h

===== 11319 ===== 
[b3, Nf6, Bb2, g6, g3, Bg7, c4, O-O, Bg2, d5, cxd5, Nxd5, Bxg7, Kxg7, d4, Nf6, Nc3, c6, Nf3, Qa5, Qd2, Rd8, O-O, Bg4, Rfd1, Bxf3, Bxf3, Nbd7, Bg2, Rac8, Qb2, h5, b4, Qb6, Rac1, e5, dxe5, Nxe5, Rxd8, Rxd8, b5, Neg4, e3, Nxe3, Na4, Qd4, Qxd4, Rxd4, bxc6, bxc6, Bxc6, Neg4, Rc2, Ne5, Nb2, Nxc6, Rxc6, Rd2, Nc4, Rxa2, Ne5, Ng4, Nxg4, hxg4, Rc4, f5, Rc7+, Kf6, Rc6+, Ke5, Rxg6, a5, Ra6, a4, Kg2, a3, h4, gxh3+] ...
gxh3+ Gives us inValid move: No such move for piece found: []
8 .  .  .  .  .  .  .  .  
7 .  .  .  .  .  .  .  .  
6 ♜  .  .  .  .  .  .  .  
5 .  .  .  .  ♔  ♙  .  .  
4 .  .  .  .  .  .  ♙  ♟  
3 ♙  .  .  .  .  .  ♟  .  
2 ♖  .  .  .  .  ♟  ♚  .  
1 .  .  .  .  .  .  .  .  
  a  b  c  d  e  f  g  h

===== 11315 ===== 
[b3, e5, Bb2, Nc6, e3, d5, Bb5, Ne7] ...
Ne7 Gives us inValid move: more than one valid move, The notation is disambiguous
8 ♖  .  ♗  ♕  ♔  ♗  ♘  ♖  
7 ♙  ♙  ♙  .  .  ♙  ♙  ♙  
6 .  .  ♘  .  .  .  .  .  
5 .  ♝  .  ♙  ♙  .  .  .  
4 .  .  .  .  .  .  .  .  
3 .  ♟  .  .  ♟  .  .  .  
2 ♟  ♝  ♟  ♟  .  ♟  ♟  ♟  
1 ♜  ♞  .  ♛  ♚  .  ♞  ♜  
  a  b  c  d  e  f  g  h

===== 11322 ===== 
[d4, f5, Nc3, Nf6, Bg5, d5, e3, e6, Nf3, Be7, Bd3, Ne4, Bxe7, Qxe7, O-O, O-O, Ne2, c5, c4, dxc4, Bxc4, Nd6, Qb3, b5, dxc5, Nxc4, Qxb5, Ba6, Qb4, Nc6, Qc3, e5, Rfe1, Rab8, b3, e4, Nfd4, N4e5, Nf4, Qf6, Rad1, Nxd4, Qxd4, Nd3, Qd5+, Qf7, Qxf7+, Kxf7, Nxd3, Bxd3, Rc1, Rfc8, h4, Ke6, Rc3, Kd5, Rec1, Rc6, a3, a5, Kh2, Rb5, b4, axb4, axb4, Rxb4, Ra3, Rb7, Kg3, Ke5, Ra8, Rbc7, Rh8, h6, Re8+, Kf6, Rf8+, Rf7, Rd8, Rfc7, Rf8+, Ke5, Re8+, Re6, Rg8, Rg6+, Kh3, Rgc6, Re8+, Kf6, Rf8+, Kg6, h5+, Kg5, f4+, exf3] ...
exf3 Gives us inValid move: No such move for piece found: []
8 .  .  .  .  .  ♜  .  .  
7 .  .  ♖  .  .  .  ♙  .  
6 .  .  ♖  .  .  .  .  ♙  
5 .  .  ♟  .  .  ♙  ♔  ♟  
4 .  .  .  .  ♙  ♟  .  .  
3 .  .  .  ♗  ♟  .  .  ♚  
2 .  .  .  .  .  .  ♟  .  
1 .  .  ♜  .  .  .  .  .  
  a  b  c  d  e  f  g  h

===== 11323 ===== 
[Nf3, Nf6, c4, b6, Nc3, Bb7, g3, g6, Bg2, Bg7, d4, Ne4, Nxe4, Bxe4, O-O, O-O, Be3, d6, Qd2, Nd7, d5, c5, dxc6] ...
dxc6 Gives us inValid move: No such move for piece found: []
8 ♖  .  .  ♕  .  ♖  ♔  .  
7 ♙  .  .  ♘  ♙  ♙  ♗  ♙  
6 .  ♙  .  ♙  .  .  ♙  .  
5 .  .  ♙  ♟  .  .  .  .  
4 .  .  ♟  .  ♗  .  .  .  
3 .  .  .  .  ♝  ♞  ♟  .  
2 ♟  ♟  .  ♛  ♟  ♟  ♝  ♟  
1 ♜  .  .  .  .  ♜  ♚  .  
  a  b  c  d  e  f  g  h

===== 11329 ===== 
[d4, Nf6, Bf4, Nh5, Bd2, Nf6, Bf4, Nh5, Bg5, h6, Bh4, g5, e3, Ng7, Bg3, Nf5, Be5, Rg8, h3, d6, Bh2, Nc6, Nf3, h5, d5, Nb8, e4, Nh6, Nc3, e5, dxe6] ...
dxe6 Gives us inValid move: No such move for piece found: []
8 ♖  ♘  ♗  ♕  ♔  ♗  ♖  .  
7 ♙  ♙  ♙  .  .  ♙  .  .  
6 .  .  .  ♙  .  .  .  ♘  
5 .  .  .  ♟  ♙  .  ♙  ♙  
4 .  .  .  .  ♟  .  .  .  
3 .  .  ♞  .  .  ♞  .  ♟  
2 ♟  ♟  ♟  .  .  ♟  ♟  ♝  
1 ♜  .  .  ♛  ♚  ♝  .  ♜  
  a  b  c  d  e  f  g  h

===== 11328 ===== 
[b3, e5, Bb2, Nc6, e3, Nf6, Bb5, Bd6, Na3, e4, Ne2, Be5, Qc1, O-O, d4, exd3] ...
exd3 Gives us inValid move: No such move for piece found: []
8 ♖  .  ♗  ♕  .  ♖  ♔  .  
7 ♙  ♙  ♙  ♙  .  ♙  ♙  ♙  
6 .  .  ♘  .  .  ♘  .  .  
5 .  ♝  .  .  ♗  .  .  .  
4 .  .  .  ♟  ♙  .  .  .  
3 ♞  ♟  .  .  ♟  .  .  .  
2 ♟  ♝  ♟  .  ♞  ♟  ♟  ♟  
1 ♜  .  ♛  .  ♚  .  .  ♜  
  a  b  c  d  e  f  g  h

===== 11351 ===== 
[e4, e5, Nf3, Nc6, Bb5, a6, Ba4, d6, O-O, Bd7, c3, g6, d4, Bg7, Bg5, Nge7, Re1, h6, Bh4, Qc8, dxe5, dxe5, Nbd2, O-O, Qe2, Bg4, h3, Be6, Bb3, g5, Bg3, Ng6, Bxe6, Qxe6, Qc4, Rfe8, Red1, Bf8, Ne1, b5, Qxe6, Rxe6, Nb3, Rb8, f3, Nf4, Kf1, a5, Bf2, a4, Nc1, Na5, Ncd3, Ng6, Rab1, Rc6, Nc2, Nc4, Ncb4, Bxb4, cxb4, Rd8, Nc5, Rcd6, Ke1, Nf4, Rxd6, cxd6, b3, dxc5, bxc4, Nd3+, Ke2, bxc4, Bxc5, c3, Be3, c2, Ra1, Nxb4, Rc1, Rc8, Kd2, Nxa2, Rxc2, Rxc2+, Kxc2, Nb4+, Kc3, a3, Bd2, Nc6, Kb3, f6, Kxa3, Kf7, Kb3, h5, Kc4, h4, Be3, Ke6, Kc5, Ne7, Kc4, Ng6, Kd3, Kd6, Kc4, Kc6, Kb4, Nf8, Kc4, Ne6, Kb4, Kd6, Kc4, Kc6, Kb4, Kd7, Kc4, Kd6, Kb4, Ng7, Kc4, Nh5, Bc5+, Kd7, Be3, Ke6, Kd3, Kd6, Kc4, Kc6, Kb4, Ng7, Kc4, Ne8, Kb4, Nc7, Kc4, Na6, Bc1, Kd7, Ba3, Nc7, Bc5, Ke6, Bb6, Ne8, Bc5, f5, exf5+, Kxf5, Kd3, Nf6, Be3, Nd5, Ke2, Nc7, Kf2, Nd5, Bd2, Nf6, g4+, Kg6, Ke3, Kf7, Kd3, Kg6, Bc3, Nd7, Ke4, Kf6, Kd5, Nb6+, Kc6, Nc4, Kc5, Ne3, Bd2, Nf1, Bc1, Nh2, Kd5, Nxf3, Be3, Ne1, Bb6, Nd3, Bd8+, Kg6, Ke4, Nf2+, Kxe5, Nxh3, Ke4, Nf4, Kf3, Nd3, Bc7, Kf6, Bd8+, Kg6, Bc7, Nc5, Bd6, Nd7, Ke4, Kf6, Bc7, Nc5+, Kf3, Ne6, Ba5, Kg6, Bb4, Nf4, Be7, Nd3, Bd6, Kf6, Ke4, Ke6, Bc7, Nc5+, Kf3, Kd5, Bd8, Ne6, Bf6, Kc4, Ke4, h3, Kf3, Kd3, Kg3, Ke4, Kxh3, Kf3, Bxg5, Nxg5+, Kh4, Ne4, Kh5, Kf4, g5, Kf5, g6, Kf6, Kh6, Nd6, g7, Nf5+, Kh7, Ne7, g8=Q, Nxg8] ...
Nxg8 Gives us inValid move: Pawn can move diagonally only when capturing
8 .  .  .  .  .  .  .  .  
7 .  .  .  .  ♘  .  ♟  ♚  
6 .  .  .  .  .  ♔  .  .  
5 .  .  .  .  .  .  .  .  
4 .  .  .  .  .  .  .  .  
3 .  .  .  .  .  .  .  .  
2 .  .  .  .  .  .  .  .  
1 .  .  .  .  .  .  .  .  
  a  b  c  d  e  f  g  h

===== 11355 ===== 
[e4, c5, Nf3, e6, c3, Nf6, Bd3, d5, e5, Nfd7, Bc2, c4, O-O, Nc6, Re1, Qc7, Qe2, g5, d4, cxd3] ...
cxd3 Gives us inValid move: No such move for piece found: []
8 ♖  .  ♗  .  ♔  ♗  .  ♖  
7 ♙  ♙  ♕  ♘  .  ♙  .  ♙  
6 .  .  ♘  .  ♙  .  .  .  
5 .  .  .  ♙  ♟  .  ♙  .  
4 .  .  ♙  ♟  .  .  .  .  
3 .  .  ♟  .  .  ♞  .  .  
2 ♟  ♟  ♝  .  ♛  ♟  ♟  ♟  
1 ♜  ♞  ♝  .  ♜  .  ♚  .  
  a  b  c  d  e  f  g  h

===== 11369 ===== 
[Nf3, Nf6, c4, d6, Nc3, g6, e4, Bg7, d4, O-O, Be2, Na6, O-O, e5, Be3, Ng4, Bg5, Qe8, dxe5, dxe5, Qc1, h6, Bd2, Kh7, c5, c6, Bxa6, bxa6, h3, Nf6, Rd1, Qe7, Be3, Ne8, Qc2, f5, exf5, gxf5, Re1, Qf7, Rad1, Rg8, Ne2, Be6, Ng3, Kh8, Nh4, Rf8, Bd2, f4, Ng6+, Kg8, Nh5, Bh8, Nxf8, Kxf8, g4, fxg3] ...
fxg3 Gives us inValid move: No such move for piece found: []
8 ♖  .  .  .  ♘  ♔  .  ♗  
7 ♙  .  .  .  .  ♕  .  .  
6 ♙  .  ♙  .  ♗  .  .  ♙  
5 .  .  ♟  .  ♙  .  .  ♞  
4 .  .  .  .  .  ♙  ♟  .  
3 .  .  .  .  .  .  .  ♟  
2 ♟  ♟  ♛  ♝  .  ♟  .  .  
1 .  .  .  ♜  ♜  .  ♚  .  
  a  b  c  d  e  f  g  h

===== 11406 ===== 
[e4, c5, Nf3, e6, Nc3, Nc6, h4, d5, Bb5, Ne7] ...
Ne7 Gives us inValid move: more than one valid move, The notation is disambiguous
8 ♖  .  ♗  ♕  ♔  ♗  ♘  ♖  
7 ♙  ♙  .  .  .  ♙  ♙  ♙  
6 .  .  ♘  .  ♙  .  .  .  
5 .  ♝  ♙  ♙  .  .  .  .  
4 .  .  .  .  ♟  .  .  ♟  
3 .  .  ♞  .  .  ♞  .  .  
2 ♟  ♟  ♟  ♟  .  ♟  ♟  .  
1 ♜  .  ♝  ♛  ♚  .  .  ♜  
  a  b  c  d  e  f  g  h

===== 11421 ===== 
[f4, d5, b3, Nf6, Bb2, g6, g3, Bg7, Bg2, O-O, Nf3, c5, O-O, d4, Ne5, Nd5, e4, dxe3] ...
dxe3 Gives us inValid move: No such move for piece found: []
8 ♖  ♘  ♗  ♕  .  ♖  ♔  .  
7 ♙  ♙  .  .  ♙  ♙  ♗  ♙  
6 .  .  .  .  .  .  ♙  .  
5 .  .  ♙  ♘  ♞  .  .  .  
4 .  .  .  ♙  ♟  ♟  .  .  
3 .  ♟  .  .  .  .  ♟  .  
2 ♟  ♝  ♟  ♟  .  .  ♝  ♟  
1 ♜  ♞  .  ♛  .  ♜  ♚  .  
  a  b  c  d  e  f  g  h

===== 11427 ===== 
[c4, e5, Nc3, Bb4, Qc2, a5, g3, Nf6, Bg2, O-O, a3, Bxc3, Qxc3, Re8, Nf3, Nc6, d3, a4, O-O, h6, b4, axb3] ...
axb3 Gives us inValid move: No such move for piece found: []
8 ♖  .  ♗  ♕  ♖  .  ♔  .  
7 .  ♙  ♙  ♙  .  ♙  ♙  .  
6 .  .  ♘  .  .  ♘  .  ♙  
5 .  .  .  .  ♙  .  .  .  
4 ♙  ♟  ♟  .  .  .  .  .  
3 ♟  .  ♛  ♟  .  ♞  ♟  .  
2 .  .  .  .  ♟  ♟  ♝  ♟  
1 ♜  .  ♝  .  .  ♜  ♚  .  
  a  b  c  d  e  f  g  h

===== 11430 ===== 
[h4, e5, c4, Nf6, e3, d5, cxd5, Nxd5, Nf3, Nc6, Nc3, Nxc3, bxc3, e4, Ng5, f5, Qb3, Ne5, f4, exf3] ...
exf3 Gives us inValid move: No such move for piece found: []
8 ♖  .  ♗  ♕  ♔  ♗  .  ♖  
7 ♙  ♙  ♙  .  .  .  ♙  ♙  
6 .  .  .  .  .  .  .  .  
5 .  .  .  .  ♘  ♙  ♞  .  
4 .  .  .  .  ♙  ♟  .  ♟  
3 .  ♛  ♟  .  ♟  .  .  .  
2 ♟  .  .  ♟  .  .  ♟  .  
1 ♜  .  ♝  .  ♚  ♝  .  ♜  
  a  b  c  d  e  f  g  h

===== 11436 ===== 
[e4, c5, Nf3, b6, d4, cxd4, Nxd4, Bb7, Nc3, a6, f4, b5, Bd3, Nf6, e5, b4, Na4, Nd5, O-O, e6, c4, bxc3] ...
bxc3 Gives us inValid move: No such move for piece found: []
8 ♖  ♘  .  ♕  ♔  ♗  .  ♖  
7 .  ♗  .  ♙  .  ♙  ♙  ♙  
6 ♙  .  .  .  ♙  .  .  .  
5 .  .  .  ♘  ♟  .  .  .  
4 ♞  ♙  ♟  ♞  .  ♟  .  .  
3 .  .  .  ♝  .  .  .  .  
2 ♟  ♟  .  .  .  .  ♟  ♟  
1 ♜  .  ♝  ♛  .  ♜  ♚  .  
  a  b  c  d  e  f  g  h

===== 11459 ===== 
[e4, c5, Nf3, Nc6, Bb5, e6, O-O, Nge7, Re1, Nd4, Nxd4, cxd4, c3, a6, Bf1, Nc6, b4, Be7, a4, O-O, Na3, dxc3, dxc3, Bf6, Bb2, d6, Qb3, Qc7, Rad1, Rd8, Nc4, b6, Ne3, Bb7, Ng4, Bg5, c4, h5, Qc3, f6, h4, Bxh4, Qh3, hxg4, Qxh4, Nxb4, Re3, e5, Qxg4, Bc8, Qh4, Be6, Rg3, Rf8, Bc1, Ra7, Be2, Qd8, Rg6, Rd7, Kh2, Rff7, Rh1, Kf8, Kg1, Ke7, Qg3, Qg8, Be3, Rb7, f4, exf4, Bxf4, Rd7, Rh5, Nc6, Qh4, Rd8, Qf2, Rb8, a5, Nxa5, Qd4, Qd8, Rh7, Nc6, Qd2, Qc7, Rgxg7, Rf8] ...
Rf8 Gives us inValid move: more than one valid move, The notation is disambiguous
8 .  ♖  .  .  .  .  .  .  
7 .  .  ♕  .  ♔  ♖  ♜  ♜  
6 ♙  ♙  ♘  ♙  ♗  ♙  .  .  
5 .  .  .  .  .  .  .  .  
4 .  .  ♟  .  ♟  ♝  .  .  
3 .  .  .  .  .  .  .  .  
2 .  .  .  ♛  ♝  .  ♟  .  
1 .  .  .  .  .  .  ♚  .  
  a  b  c  d  e  f  g  h

===== 11460 ===== 
[e4, e5, Nf3, Nc6, Bb5, a6, Ba4, Nf6, d3, Bc5, c3, b5, Bb3, d6, Bg5, h6, Bh4, Ba7, Nbd2, g5, Bg3, Qe7, Nf1, Be6, Ne3, Rb8, O-O, Bxe3, fxe3, O-O, Nd2, Bg4, Qe1, Bh5, Nf3, Kg7, Nh4, Bg6, Nf5+, Bxf5, Rxf5, Nd7, Qe2, Qe8, Raf1, f6, h4, Ne7, R5f2, Nc5, Bc2, Ng6, h5, Ne7, d4, Nd7, Bb3, Rd8, a4, f5, dxe5, Nxe5, exf5, Kf6, Be6, Qc6, axb5, Qxb5, Qd1, a5, b3, Rb8, Ra2, N7c6, e4, Qc5+, Bf2, Qxc3, Rc2, Qb4, Bd5, Ne7, Rxc7, Rfc8, Ra7, Rc3, Bc4, Rb6, Bd4, Rxc4, bxc4, Nc6] ...
Nc6 Gives us inValid move: more than one valid move, The notation is disambiguous
8 .  .  .  .  .  .  .  .  
7 ♜  .  .  .  ♘  .  .  .  
6 .  ♖  .  ♙  .  ♔  .  ♙  
5 ♙  .  .  .  ♘  ♟  ♙  ♟  
4 .  ♕  ♟  ♝  ♟  .  .  .  
3 .  .  .  .  .  .  .  .  
2 .  .  .  .  .  .  ♟  .  
1 .  .  .  ♛  .  ♜  ♚  .  
  a  b  c  d  e  f  g  h

===== 11475 ===== 
[e3, d5, c4, c6, Nf3, Nf6, Nc3, e6, b3, Bd6, d4, Nbd7, Bb2, O-O, Bd3, b6, O-O, Bb7, Qe2, Qe7, cxd5, exd5, Ba6, Bxa6, Qxa6, Ne4, Rac1, Ndf6, Nxe4, dxe4, Ne5, c5, h3, Nd5, Qc4, Qe6, Rfd1, Bxe5, dxe5, Nb4, Qxe4, Nxa2, Rc4, Rad8, Rxd8, Rxd8, Ra4, Qxb3, e6, Qxb2, e7, Re8, Rxa7, Qb5, Rxa2, Qd7, Ra8, g6, Rxe8+, Qxe8, Qe5, c4, Qd6, f5, Qd5+, Kg7, Qd4+, Kh6, Qf6, Kh5, Qf8, Qc6, e8=Q, c3, Qxc6] ...
Qxc6 Gives us inValid move: queen can not move
8 .  .  .  .  .  ♛  .  .  
7 .  .  .  .  ♟  .  .  ♙  
6 .  ♙  ♕  .  .  .  ♙  .  
5 .  .  .  .  .  ♙  .  ♔  
4 .  .  .  .  .  .  .  .  
3 .  .  ♙  .  ♟  .  .  ♟  
2 .  .  .  .  .  ♟  ♟  .  
1 .  .  .  .  .  .  ♚  .  
  a  b  c  d  e  f  g  h

===== 11489 ===== 
[b4, Nf6, Bb2, e6, a3, Be7, Nf3, b6, g3, Bb7, Bg2, O-O, O-O, c5, b5, a6, a4, axb5, axb5, Rxa1, Bxa1, d5, c4, Nbd7, d3, d4, Nbd2, Qc7, e3, e5, Re1, Bd6, Bb2, Ra8, Qc2, h6, Nh4, Bxg2, Kxg2, Nf8, Nhf3, Ne6, e4, g6, Ra1, Rxa1, Bxa1, Qa7, Bb2, Nh5, Bc1, Qa1, Nb3, Qc3, Qb1, Qb4, Bxh6, Qa4, Bd2, f5, exf5, gxf5, Nh4, Nhg7, f3, e4, fxe4, fxe4, Bh6, e3, Bxg7, Nxg7, Qc2, Qa8+, Nf3, Nf5, Nc1, Qa3, Ne2, Kf7, Neg1, Ke6, Qe2, Qa8, Nh3, Kd7, Ng5] ...
Ng5 Gives us inValid move: more than one valid move, The notation is disambiguous
8 ♕  .  .  .  .  .  .  .  
7 .  .  .  ♔  .  .  .  .  
6 .  ♙  .  ♗  .  .  .  .  
5 .  ♟  ♙  .  .  ♘  .  .  
4 .  .  ♟  ♙  .  .  .  .  
3 .  .  .  ♟  ♙  ♞  ♟  ♞  
2 .  .  .  .  ♛  .  ♚  ♟  
1 .  .  .  .  .  .  .  .  
  a  b  c  d  e  f  g  h

===== 11503 ===== 
[e4, Nc6, d4, d5, e5, Bf5, Nf3, e6, Bd3, Bxd3, Qxd3, Qd7, c3, f6, O-O, fxe5, dxe5, a5, Re1, Bc5, Nbd2, a4, b4, axb3] ...
axb3 Gives us inValid move: No such move for piece found: []
8 ♖  .  .  .  ♔  .  ♘  ♖  
7 .  ♙  ♙  ♕  .  .  ♙  ♙  
6 .  .  ♘  .  ♙  .  .  .  
5 .  .  ♗  ♙  ♟  .  .  .  
4 ♙  ♟  .  .  .  .  .  .  
3 .  .  ♟  ♛  .  ♞  .  .  
2 ♟  .  .  ♞  .  ♟  ♟  ♟  
1 ♜  .  ♝  .  ♜  .  ♚  .  
  a  b  c  d  e  f  g  h

===== 11517 ===== 
[e4, c5, b4, cxb4, a3, d5, exd5, Qxd5, Nf3, e5, c4, Qe6, d4, exd4+, Be2, Nc6, O-O, Nf6, Re1, Be7, Bd3, Qd7, axb4, O-O, b5, Nb4, Ba3, Bc5, Bf1, a5, Nbd2, Rd8, Nb3, b6, Nfxd4, Bb7, Nxc5, bxc5, Nb3, Qc7, Qc1, Ng4, f4, a4, Nd2, Qxf4, Nf3, Qxc1, Raxc1, Bxf3, gxf3, Nf6, Red1, Kf8, f4, Rxd1, Rxd1, Ke7, Bg2, Rd8, Re1+, Kd6, Bb2, Nd3, Rd1, Kc7, Bc3, Ng4, Ba5+, Kc8, Bxd8, Nb2, b6, Nxd1, b7+, Kxd8, b8=Q+, Ke7, Qc7+] ...
Qc7+ Gives us inValid move: Pawn can move diagonally only when capturing
8 .  .  .  .  .  .  .  .  
7 .  ♟  .  .  ♔  ♙  ♙  ♙  
6 .  .  .  .  .  .  .  .  
5 .  .  ♙  .  .  .  .  .  
4 ♙  .  ♟  .  .  ♟  ♘  .  
3 .  .  .  .  .  .  .  .  
2 .  .  .  .  .  .  ♝  ♟  
1 .  .  .  ♘  .  .  ♚  .  
  a  b  c  d  e  f  g  h

===== 11527 ===== 
[e4, e5, Nf3, Nc6, Bc4, Nf6, d3, Bc5, Bg5, h6, Bh4, Be7, Bg3, d6, a4, O-O, a5, Be6, Bxe6, fxe6, O-O, b5, axb6] ...
axb6 Gives us inValid move: No such move for piece found: []
8 ♖  .  .  ♕  .  ♖  ♔  .  
7 ♙  .  ♙  .  ♗  .  ♙  .  
6 .  .  ♘  ♙  ♙  ♘  .  ♙  
5 ♟  ♙  .  .  ♙  .  .  .  
4 .  .  .  .  ♟  .  .  .  
3 .  .  .  ♟  .  ♞  ♝  .  
2 .  ♟  ♟  .  .  ♟  ♟  ♟  
1 ♜  ♞  .  ♛  .  ♜  ♚  .  
  a  b  c  d  e  f  g  h

===== 11548 ===== 
[e4, e5, Nf3, Nc6, Bb5, a6, Ba4, Bc5, Nc3, d6, d4, exd4, Nxd4, Ne7] ...
Ne7 Gives us inValid move: more than one valid move, The notation is disambiguous
8 ♖  .  ♗  ♕  ♔  .  ♘  ♖  
7 .  ♙  ♙  .  .  ♙  ♙  ♙  
6 ♙  .  ♘  ♙  .  .  .  .  
5 .  .  ♗  .  .  .  .  .  
4 ♝  .  .  ♞  ♟  .  .  .  
3 .  .  ♞  .  .  .  .  .  
2 ♟  ♟  ♟  .  .  ♟  ♟  ♟  
1 ♜  .  ♝  ♛  ♚  .  .  ♜  
  a  b  c  d  e  f  g  h

===== 11553 ===== 
[e4, e5, Nf3, Nc6, Bb5, a6, Ba4, d6, O-O, Bd7, c3, g5, d4, g4, Ne1, h5, Be3, Bh6, Qe2, Qf6, dxe5, dxe5, Nd3, Nge7, Nd2, Ng6, Nc5, Bc8, Rad1, Nf4, Bxf4, Bxf4, Nd3, O-O, g3, Bh6, f4, gxf3] ...
gxf3 Gives us inValid move: No such move for piece found: []
8 ♖  .  ♗  .  .  ♖  ♔  .  
7 .  ♙  ♙  .  .  ♙  .  .  
6 ♙  .  ♘  .  .  ♕  .  ♗  
5 .  .  .  .  ♙  .  .  ♙  
4 ♝  .  .  .  ♟  ♟  ♙  .  
3 .  .  ♟  ♞  .  .  ♟  .  
2 ♟  ♟  .  ♞  ♛  .  .  ♟  
1 .  .  .  ♜  .  ♜  ♚  .  
  a  b  c  d  e  f  g  h

===== 11555 ===== 
[d4, Nf6, c4, e6, g3, Bb4+, Bd2, Bxd2+, Qxd2, O-O, Bg2, d5, Nf3, c6, b3, b6, O-O, Bb7, Nc3, Nbd7, Rfd1, Qe7, Rac1, Rfd8, Qf4, Ba6, cxd5, cxd5, g4, Rac8, g5, Nh5, Qd2, g6, h4, Qb4, e3, Ng7, Bh3, Rc7, Qb2, Rdc8, Nb1, Ne8, Rxc7, Rxc7, Rc1, Qd6, Rxc7, Qxc7, Qa3, Be2, Nbd2, Nd6, Bf1, Bxf1, Kxf1, Nf5, Ke2, h5, gxh6] ...
gxh6 Gives us inValid move: No such move for piece found: []
8 .  .  .  .  .  .  ♔  .  
7 ♙  .  ♕  ♘  .  ♙  .  .  
6 .  ♙  .  .  ♙  .  ♙  .  
5 .  .  .  ♙  .  ♘  ♟  ♙  
4 .  .  .  ♟  .  .  .  ♟  
3 ♛  ♟  .  .  ♟  ♞  .  .  
2 ♟  .  .  ♞  ♚  ♟  .  .  
1 .  .  .  .  .  .  .  .  
  a  b  c  d  e  f  g  h

===== 11558 ===== 
[d4, Nf6, c4, e6, Nc3, d5, Bg5, Be7, e3, h6, Bxf6, Bxf6, Nf3, dxc4, Bxc4, c5, d5, exd5, Qxd5, Bxc3+, bxc3, Qxd5, Bxd5, Nd7, Ke2, Ke7, a4, Nf6, Bc4, Rd8, a5, Ne4, Rhc1, Nd6, Bd5, Be6, Bxe6, Kxe6, Nd2, b5, axb6] ...
axb6 Gives us inValid move: No such move for piece found: []
8 ♖  .  .  ♖  .  .  .  .  
7 ♙  .  .  .  .  ♙  ♙  .  
6 .  .  .  ♘  ♔  .  .  ♙  
5 ♟  ♙  ♙  .  .  .  .  .  
4 .  .  .  .  .  .  .  .  
3 .  .  ♟  .  ♟  .  .  .  
2 .  .  .  ♞  ♚  ♟  ♟  ♟  
1 ♜  .  ♜  .  .  .  .  .  
  a  b  c  d  e  f  g  h

===== 11578 ===== 
[e4, e5, Nf3, Nf6, Nxe5, d6, Nf3, Nxe4, h3, d5, d3, Nd6, c4, Be7, cxd5, O-O, Nc3, b5, a3, Bb7, d4, a6, Be2, Nd7, Ne5, Bf6, Nc6, Bxc6, dxc6, Nb6, O-O, Nf5, d5, Bxc3, bxc3, Nxd5, Bf3, Nb6, Bf4, Nd6, Bxd6, Qxd6, Qxd6, cxd6, Rfd1, Rad8, Rd4, d5, a4, Nxa4, c4, dxc4, Rxd8, Rxd8, c7, Rf8, Bb7, c3, c8=Q, Rxc8] ...
Rxc8 Gives us inValid move: Pawn can move diagonally only when capturing
8 .  .  .  .  .  ♖  ♔  .  
7 .  ♝  ♟  .  .  ♙  ♙  ♙  
6 ♙  .  .  .  .  .  .  .  
5 .  ♙  .  .  .  .  .  .  
4 ♘  .  .  .  .  .  .  .  
3 .  .  ♙  .  .  .  .  ♟  
2 .  .  .  .  .  ♟  ♟  .  
1 ♜  .  .  .  .  .  ♚  .  
  a  b  c  d  e  f  g  h

===== 11587 ===== 
[h3, Nf6, g4, e6, g5, Nd5, e4, Nb6, a4, a5, d4, Nc6, Nc3, e5, dxe5, Nxe5, f4, Nc6, Be3, Bb4, Bxb6, cxb6, Bc4, Qe7, Qd3, Bxc3+, bxc3, d5, Bxd5, Be6, Ne2, O-O, O-O, Rfe8, Rae1, Bxd5, exd5, Qc5+, Kg2, Re3, Qd2, Ne7, Qd4, Qxd5+, Qxd5, Nxd5, c4, Nb4, Nd4, Rc3, Re4, Rxc4, Rfe1, g6, f5, gxf5, Nxf5, Rxe4, Rxe4, Nxc2, Re7, b5, axb5, a4, Nh6+, Kg7, Rxf7+, Kg6, h4, a3, Rf6+, Kg7, Rf7+, Kh8, h5, Ne3+, Kh3, Nd5, Kg3, a2, g6, Ra3+, Kf2, hxg6, hxg6, Nf6, g7+, Kh7, g8=Q+, Kxh6, Rxf6+, Kh5, Qh7+] ...
Qh7+ Gives us inValid move: Pawn can move diagonally only when capturing
8 .  .  .  .  .  .  .  .  
7 .  ♙  .  .  .  .  ♟  .  
6 .  .  .  .  .  ♜  .  .  
5 .  ♟  .  .  .  .  .  ♔  
4 .  .  .  .  .  .  .  .  
3 ♖  .  .  .  .  .  .  .  
2 ♙  .  .  .  .  ♚  .  .  
1 .  .  .  .  .  .  .  .  
  a  b  c  d  e  f  g  h

===== 11599 ===== 
[e4, a6, d4, e6, Nf3, d5, exd5, exd5, Bd3, Bd6, O-O, Ne7, Re1, Nc6] ...
Nc6 Gives us inValid move: more than one valid move, The notation is disambiguous
8 ♖  ♘  ♗  ♕  ♔  .  .  ♖  
7 .  ♙  ♙  .  ♘  ♙  ♙  ♙  
6 ♙  .  .  ♗  .  .  .  .  
5 .  .  .  ♙  .  .  .  .  
4 .  .  .  ♟  .  .  .  .  
3 .  .  .  ♝  .  ♞  .  .  
2 ♟  ♟  ♟  .  .  ♟  ♟  ♟  
1 ♜  ♞  ♝  ♛  ♜  .  ♚  .  
  a  b  c  d  e  f  g  h

===== 11626 ===== 
[d4, Nf6, c4, e6, Nc3, Bb4, Qc2, d5, cxd5, exd5, Bg5, h6, Bh4, Nc6, e3, g5, Bg3, h5, h4, Ne4, Bh2, Qe7, Bb5, Bf5, Ne2] ...
Ne2 Gives us inValid move: more than one valid move, The notation is disambiguous
8 ♖  .  .  .  ♔  .  .  ♖  
7 ♙  ♙  ♙  .  ♕  ♙  .  .  
6 .  .  ♘  .  .  .  .  .  
5 .  ♝  .  ♙  .  ♗  ♙  ♙  
4 .  ♗  .  ♟  ♘  .  .  ♟  
3 .  .  ♞  .  ♟  .  .  .  
2 ♟  ♟  ♛  .  .  ♟  ♟  ♝  
1 ♜  .  .  .  ♚  .  ♞  ♜  
  a  b  c  d  e  f  g  h

===== 11642 ===== 
[d4, Nf6, Bf4, d5, e3, c5, c3, Nc6, Nd2, e6, Bd3, Bd6, Bxd6, Qxd6, f4, cxd4, cxd4, O-O, Ngf3, b6, a3, a5, Qe2, Bb7, O-O, Ne7, Rac1, Rac8, g4, Ne4, Ng5, Nxg5, fxg5, Rxc1, Rxc1, Nc6, Ba6, Bxa6, Qxa6, Ne7, Nf3, Ng6, Qb7, e5, Rc6, Qd8, dxe5, d4, Rd6, Qe8, Qxb6, Nxe5, Nxe5, Qxe5, Qxd4, Qxg5, Kg2, Qb5, Kf2, f5, g5, f4, Qd5+, Qxd5, Rxd5, fxe3+, Kxe3, Rb8, Rd2, Rb3+, Ke2, Kf7, Kd1, Kg6, h4, Kh5, Kc2, Rh3, Rd7, Kg6, Rd4, Kh5, Ra4, g6, Rxa5, Kxh4, b4, Kg4, a4, Kf4, Rc5, h5, gxh6] ...
gxh6 Gives us inValid move: No such move for piece found: []
8 .  .  .  .  .  .  .  .  
7 .  .  .  .  .  .  .  .  
6 .  .  .  .  .  .  ♙  .  
5 .  .  ♜  .  .  .  ♟  ♙  
4 ♟  ♟  .  .  .  ♔  .  .  
3 .  .  .  .  .  .  .  ♖  
2 .  .  ♚  .  .  .  .  .  
1 .  .  .  .  .  .  .  .  
  a  b  c  d  e  f  g  h

===== 11647 ===== 
[d4, c5, d5, f5, c4, Nf6, Nc3, e5, dxe6] ...
dxe6 Gives us inValid move: No such move for piece found: []
8 ♖  ♘  ♗  ♕  ♔  ♗  .  ♖  
7 ♙  ♙  .  ♙  .  .  ♙  ♙  
6 .  .  .  .  .  ♘  .  .  
5 .  .  ♙  ♟  ♙  ♙  .  .  
4 .  .  ♟  .  .  .  .  .  
3 .  .  ♞  .  .  .  .  .  
2 ♟  ♟  .  .  ♟  ♟  ♟  ♟  
1 ♜  .  ♝  ♛  ♚  ♝  ♞  ♜  
  a  b  c  d  e  f  g  h

===== 11656 ===== 
[c4, e5, d3, Bb4+, Nd2, Nf6, Nf3] ...
Nf3 Gives us inValid move: more than one valid move, The notation is disambiguous
8 ♖  ♘  ♗  ♕  ♔  .  .  ♖  
7 ♙  ♙  ♙  ♙  .  ♙  ♙  ♙  
6 .  .  .  .  .  ♘  .  .  
5 .  .  .  .  ♙  .  .  .  
4 .  ♗  ♟  .  .  .  .  .  
3 .  .  .  ♟  .  .  .  .  
2 ♟  ♟  .  ♞  ♟  ♟  ♟  ♟  
1 ♜  .  ♝  ♛  ♚  ♝  ♞  ♜  
  a  b  c  d  e  f  g  h

===== 11664 ===== 
[b4, e5, a3, d5, Bb2, Bd6, c4, c6, Nf3, Nd7, e3, Ngf6, Nc3, O-O, Be2, e4, Nd4, dxc4, Qc2, Re8, Bxc4, a5, Ba2, Nf8, h3, Ng6, g4, h6, b5, c5, Nf5, Bxf5, gxf5, Nh4, O-O-O, Nf3, d3, exd3, Qxd3, Be5, Qe2, Nd4, Qc4, Qd7, f4, Qxf5, Bb1, Qxf4, exf4, Bxf4+, Rd2, Rad8, Rd1] ...
Rd1 Gives us inValid move: more than one valid move, The notation is disambiguous
8 .  .  .  ♖  ♖  .  ♔  .  
7 .  ♙  .  .  .  ♙  ♙  .  
6 .  .  .  .  .  ♘  .  ♙  
5 ♙  ♟  ♙  .  .  .  .  .  
4 .  .  ♛  ♘  .  ♗  .  .  
3 ♟  .  ♞  .  .  .  .  ♟  
2 .  ♝  .  ♜  .  .  .  .  
1 .  ♝  ♚  .  .  .  .  ♜  
  a  b  c  d  e  f  g  h

===== 11673 ===== 
[d4, g6, c4, Bg7, e4, d6, Nc3, c5, d5, Bxc3+, bxc3, e5, dxe6] ...
dxe6 Gives us inValid move: No such move for piece found: []
8 ♖  ♘  ♗  ♕  ♔  .  ♘  ♖  
7 ♙  ♙  .  .  .  ♙  .  ♙  
6 .  .  .  ♙  .  .  ♙  .  
5 .  .  ♙  ♟  ♙  .  .  .  
4 .  .  ♟  .  ♟  .  .  .  
3 .  .  ♟  .  .  .  .  .  
2 ♟  .  .  .  .  ♟  ♟  ♟  
1 ♜  .  ♝  ♛  ♚  ♝  ♞  ♜  
  a  b  c  d  e  f  g  h

===== 11690 ===== 
[e4, c5, Nf3, d6, d4, cxd4, Nxd4, Nf6, Nc3, a6, Be3, e5, Nf3, Be7, Bc4, O-O, O-O, Be6, Bxe6, fxe6, Na4, Nfd7, c4, Nc6, Rc1, b6, Qb3, Rb8, c5, Nxc5, Nxc5, bxc5, Qxe6+, Kh8, b3, Nd4, Bxd4, exd4, e5, d5, Qg4, Rb4, Rfd1, Qe8, Qe6, Qf7, Qxf7, Rxf7, Ne1, g5, Nd3, Rb5, g3, Kg7, e6, Rf8, a4, Rxb3, Nxc5, Rc3, Nxa6, Rfc8, Rb1, d3, Kg2, R8c4, a5, Ra3, Rb7, Kf6, Nc7, Bc5, Re1, d2, Nxd5+, Kf5, Rd1, Rd3, e7, Re4, Rb8, Bxe7, Nxe7+, Rxe7, Rb2, Ra7, Rbxd2, Rxd2, Rxd2, Rxa5, Rd7, h5, Rd6, g4, h4, Ke4, Rf6, Re5, Rf4+, Kd5, Kf1, Ke6, Rf8, Ke7, Rh8, Kf7, Ra8, Kg6, Ra3, Rd5, Re3, Rf5, Ke2, Rd5, Re6+, Kg7, Ke3, Rf5, Re4, Rf3+, Ke2, Rf5, Rf4, Re5+, Kd3, Ra5, Ke4, Kg6, Rf8, Ra4+, Ke3, Ra3+, Ke2, Ra2+, Kf1, Ra1+, Kg2, Kh6, Rh8+, Kg6, Rg8+, Kh6, Rb8, Kg6, Rb6+, Kg7, Rb3, Kg6, f4, gxf3+] ...
gxf3+ Gives us inValid move: No such move for piece found: []
8 .  .  .  .  .  .  .  .  
7 .  .  .  .  .  .  .  .  
6 .  .  .  .  .  .  ♔  .  
5 .  .  .  .  .  .  .  ♙  
4 .  .  .  .  .  ♟  ♙  ♟  
3 .  ♜  .  .  .  .  ♟  .  
2 .  .  .  .  .  .  ♚  .  
1 ♖  .  .  .  .  .  .  .  
  a  b  c  d  e  f  g  h

===== 11698 ===== 
[d4, Nf6, Bf4, d6, Nf3, b6, c4, Bb7, Nc3, e6, d5, e5, Bd2, Be7, e4, a5, Be2, Na6, O-O, Nc5, Qc2, O-O, Rfe1, Bc8, b3, Bg4, Be3, Bxf3, Bxf3, Nfd7, Nb5, Na6, Bg4, Ndc5, a3, Bg5, Rab1, Bxe3, Rxe3, Qh4, Qe2, a4, g3, Qe7, b4, Nb3, Rd1, g6, h4, f5, exf5, gxf5, Bxf5, Kh8, Bc2, Rf7, Rf3, Rg7, Kh2, Rag8, Rf5, Nb8, Qf3, Nd4, Nxd4, exd4, Bxa4, Rg4, Rf4, R4g7, Qe4, Qd8, Qxd4, Nd7, Bxd7, Qxd7, Re1, Qd8, Rf7, c5, dxc6] ...
dxc6 Gives us inValid move: No such move for piece found: []
8 .  .  .  ♕  .  .  ♖  ♔  
7 .  .  .  .  .  ♜  ♖  ♙  
6 .  ♙  .  ♙  .  .  .  .  
5 .  .  ♙  ♟  .  .  .  .  
4 .  ♟  ♟  ♛  .  .  .  ♟  
3 ♟  .  .  .  .  .  ♟  .  
2 .  .  .  .  .  ♟  .  ♚  
1 .  .  .  .  ♜  .  .  .  
  a  b  c  d  e  f  g  h

===== 11706 ===== 
[d4, Nf6, c4, e6, Nf3, Bb4+, Bd2, Bxd2+, Qxd2, d5, e3, O-O, Be2, b6, O-O, Bb7, cxd5, Nxd5, Nc3, Nd7, Nxd5, Bxd5, b4, a5, b5, Rc8, Rfc1, c5, bxc6] ...
bxc6 Gives us inValid move: No such move for piece found: []
8 .  .  ♖  ♕  .  ♖  ♔  .  
7 .  .  .  ♘  .  ♙  ♙  ♙  
6 .  ♙  .  .  ♙  .  .  .  
5 ♙  ♟  ♙  ♗  .  .  .  .  
4 .  .  .  ♟  .  .  .  .  
3 .  .  .  .  ♟  ♞  .  .  
2 ♟  .  .  ♛  ♝  ♟  ♟  ♟  
1 ♜  .  ♜  .  .  .  ♚  .  
  a  b  c  d  e  f  g  h

===== 11720 ===== 
[d4, d6, Nf3, Bg4, e4, Nd7, Bc4, e6, O-O, Ngf6, Re1, Be7, c3, O-O, Bd3, c5, Be3, cxd4, cxd4, d5, e5, Ne4, Nbd2, Nxd2, Qxd2, Qb6, h3, Bxf3, gxf3, Bb4, Qe2, Bxe1, Rxe1, f5, exf6] ...
exf6 Gives us inValid move: No such move for piece found: []
8 ♖  .  .  .  .  ♖  ♔  .  
7 ♙  ♙  .  ♘  .  .  ♙  ♙  
6 .  ♕  .  .  ♙  .  .  .  
5 .  .  .  ♙  ♟  ♙  .  .  
4 .  .  .  ♟  .  .  .  .  
3 .  .  .  ♝  ♝  ♟  .  ♟  
2 ♟  ♟  .  .  ♛  ♟  .  .  
1 .  .  .  .  ♜  .  ♚  .  
  a  b  c  d  e  f  g  h

===== 11723 ===== 
[e4, c5, a3, d5, exd5, Qxd5, Nc3, Qd8, b4, e6, Bb2, Nf6, Nf3, Nc6, b5, Nd4, Bd3, b6, Nxd4, cxd4, Ne4, Bb7, Qf3, Nxe4, Bxe4, Bxe4, Qxe4, Bc5, Qc6+, Kf8, O-O, Qe8, Qf3, Rd8, c4, dxc3] ...
dxc3 Gives us inValid move: No such move for piece found: []
8 .  .  .  ♖  ♕  ♔  .  ♖  
7 ♙  .  .  .  .  ♙  ♙  ♙  
6 .  ♙  .  .  ♙  .  .  .  
5 .  ♟  ♗  .  .  .  .  .  
4 .  .  ♟  ♙  .  .  .  .  
3 ♟  .  .  .  .  ♛  .  .  
2 .  ♝  .  ♟  .  ♟  ♟  ♟  
1 ♜  .  .  .  .  ♜  ♚  .  
  a  b  c  d  e  f  g  h

===== 11725 ===== 
[c4, g6, g3, f5, Bg2, Bg7, d4, Nf6, Nc3, O-O, Nf3, d6, O-O, c6, d5, e5, dxe6] ...
dxe6 Gives us inValid move: No such move for piece found: []
8 ♖  ♘  ♗  ♕  .  ♖  ♔  .  
7 ♙  ♙  .  .  .  .  ♗  ♙  
6 .  .  ♙  ♙  .  ♘  ♙  .  
5 .  .  .  ♟  ♙  ♙  .  .  
4 .  .  ♟  .  .  .  .  .  
3 .  .  ♞  .  .  ♞  ♟  .  
2 ♟  ♟  .  .  ♟  ♟  ♝  ♟  
1 ♜  .  ♝  ♛  .  ♜  ♚  .  
  a  b  c  d  e  f  g  h

===== 11733 ===== 
[f4, d5, Nf3, Nf6, g3, g6, Bg2, Bg7, O-O, O-O, d3, c5, Qe1, Nc6, e4, dxe4, dxe4, Nd4, Na3, Nxf3+, Rxf3, Qd4+, Re3, e5, c3, Qd8, Re2, exf4, Bxf4, Be6, Rd1, Qa5, Bd6, Rfe8, h3, Nd7, e5, Qa6, c4, Rac8, Kh2, Nb8, Bxb8, Rxb8, Nb5, Bxc4, Nc7, Qb6, Nxe8, Bxe2, Rd6, Qb4, Qxe2, Rxe8, e6, fxe6, Rxe6, Rf8, b3, Qd4, Re7, h5, Bf3, h4, Kg2, hxg3, Rxb7, Qf2+, Qxf2, gxf2, Kxf2, Rf7, Rb8+, Kh7, Rc8, Bd4+, Kg3, Kg7, Bd5, Be5+, Kg2, Rd7, Rxc5, Bd4, Ra5, Bb6, Rb5, Rc7, Be4, Re7, Rb4, Kf6, Kf3, g5, Rc4, Ke5, Kg4, Kf6, a4, Be3, b4, Ke5, Bf3, Bf4, h4, gxh4, Re4+, Kd6, Rxe7, Kxe7, Kxf4, Kd6, Ke4, h3, Kd4, h2, b5, Kc7, Kc5, a5, Bh1, Kb8, Kb6, Kc8, Kxa5, Kc7, b6+, Kb8, Kb5, Kc8, a5, Kb8, a6, Kc8, a7, Kd7, a8=Q, Kd6, Qd5+] ...
Qd5+ Gives us inValid move: Pawn can move diagonally only when capturing
8 .  .  .  .  .  .  .  .  
7 ♟  .  .  .  .  .  .  .  
6 .  ♟  .  ♔  .  .  .  .  
5 .  ♚  .  .  .  .  .  .  
4 .  .  .  .  .  .  .  .  
3 .  .  .  .  .  .  .  .  
2 .  .  .  .  .  .  .  ♙  
1 .  .  .  .  .  .  .  ♝  
  a  b  c  d  e  f  g  h

===== 11732 ===== 
[d4, Nf6, g4, Nxg4, e4, d6, Nc3, g6, h4, h5, Nf3, Bg7, Ng5, Nc6, Bc4, e6, f3, Nf6, Be3, Bd7, Qd2, Qe7, O-O-O, O-O-O, Rhe1, Kb8, d5, Ne5, Bf1, exd5, exd5, Qf8, a4, a6, Qd4, c5, dxc6] ...
dxc6 Gives us inValid move: No such move for piece found: []
8 .  ♔  .  ♖  .  ♕  .  ♖  
7 .  ♙  .  ♗  .  ♙  ♗  .  
6 ♙  .  .  ♙  .  ♘  ♙  .  
5 .  .  ♙  ♟  ♘  .  ♞  ♙  
4 ♟  .  .  ♛  .  .  .  ♟  
3 .  .  ♞  .  ♝  ♟  .  .  
2 .  ♟  ♟  .  .  .  .  .  
1 .  .  ♚  ♜  ♜  ♝  .  .  
  a  b  c  d  e  f  g  h

===== 11742 ===== 
[e4, c6, Nf3, d6, d4, Nf6, Bd3, e5, dxe5, dxe5, O-O, Nbd7, Nbd2, Qc7, a4, Bc5, a5, O-O, c3, Rb8, Qe2, b5, axb6] ...
axb6 Gives us inValid move: No such move for piece found: []
8 .  ♖  ♗  .  .  ♖  ♔  .  
7 ♙  .  ♕  ♘  .  ♙  ♙  ♙  
6 .  .  ♙  .  .  ♘  .  .  
5 ♟  ♙  ♗  .  ♙  .  .  .  
4 .  .  .  .  ♟  .  .  .  
3 .  .  ♟  ♝  .  ♞  .  .  
2 .  ♟  .  ♞  ♛  ♟  ♟  ♟  
1 ♜  .  ♝  .  .  ♜  ♚  .  
  a  b  c  d  e  f  g  h

===== 11746 ===== 
[e4, c5, Nf3, d6, Bc4, Nc6, O-O, Nf6, d3, Bg4, h3, Bh5, Nbd2, e6, Re1, Be7, Nf1, O-O, Ng3, Bxf3, Qxf3, b5, Bb3, a5, c3, a4, Bc2, b4, a3, b3, Bd1, d5, exd5, Nxd5, Ne4, Qd7, Qg3, Kh8, Nd2, Bd6, Qh4, Nf4, Re3, Ng6, Qh5, Bf4, Re1, Nce5, Be2, Nxd3, Bxd3, Qxd3, Ne4, c4, Bxf4, Nxf4, Qg4, f5, Qxf4, fxe4, Qxe4, Rad8, Qxe6, h6, Re2, Rde8, Qxe8, Rxe8, Rxe8+, Kh7, Rae1, Qd2, R8e2, Qd3, Re3, Qd2, R1e2, Qd1+, Kh2, Qd6+, g3, Qd1, Kg2, Qd5+, Re4, Qd1, g4, Kg6, h4, Kf7, h5, Kg8, Re8+, Kh7, R2e4, Qd5, Re5] ...
Re5 Gives us inValid move: more than one valid move, The notation is disambiguous
8 .  .  .  .  ♜  .  .  .  
7 .  .  .  .  .  .  ♙  ♔  
6 .  .  .  .  .  .  .  ♙  
5 .  .  .  ♕  .  .  .  ♟  
4 ♙  .  ♙  .  ♜  .  ♟  .  
3 ♟  ♙  ♟  .  .  .  .  .  
2 .  ♟  .  .  .  ♟  ♚  .  
1 .  .  .  .  .  .  .  .  
  a  b  c  d  e  f  g  h

===== 11747 ===== 
[e4, e6, d3, d5, Qe2, Nc6, Nf3, e5, c3, Nf6, Qc2, Bd6, Be2, O-O, O-O, Ne7, Re1, Ng6, Bf1, c6, Nbd2, Re8, b3, h6, Bb2, Qc7, g3, Bd7, Bg2, Rad8, b4, dxe4, dxe4, c5, bxc5, Bxc5, Nb3, Ba4, Qe2, a6, c4, Bxb3, axb3, Qb6, Qc2, Ng4, Re2, Nxf2, Rxf2, Bxf2+, Qxf2, Qxb3, Bf1, Rd1, Nd2, Qc2, Rxd1, Qxd1, c5, a5, Nc4, a4, Nd6, Rf8, Kg2, Kh7, Bc4, f6, Qe2, Qb1, Ba3, Ne7, Qd3, Qa1, h4, Nc6, h5, Nd4, Nb5, Rd8, Nd6, Qe1, Bd5, Ne2, Qf3, Qg1+, Kh3, Nd4, Qg2, Qd1, Bf7, Qd3, Bg6+, Kg8, Qa2+, Nb3, Kg2, b6, Bf7+, Kh7, Bg6+, Kg8, c6, Rxd6, Bxd6, Qxd6, Qxa4, Qd2+, Kh3, Kf8, Qxb3, Ke7, Qf7+, Kd6, Qd7+, Kc5, Qxd2, b5, Qd5+, Kb4, Qd6+, Kb3, c7, f5, c8=Q, fxe4, Bxe4, Kb2, Qb4+, Ka2, Qa6+] ...
Qa6+ Gives us inValid move: queen can not move
8 .  .  .  .  .  .  .  .  
7 .  .  ♟  .  .  .  ♙  .  
6 .  .  .  .  .  .  .  ♙  
5 .  ♙  .  .  ♙  .  .  ♟  
4 .  ♛  .  .  ♝  .  .  .  
3 .  .  .  .  .  .  ♟  ♚  
2 ♔  .  .  .  .  .  .  .  
1 .  .  .  .  .  .  .  .  
  a  b  c  d  e  f  g  h

===== 11758 ===== 
[e4, c5, Nf3, d6, d4, cxd4, Nxd4, Nf6, Nc3, Bd7, Be2, Nc6, O-O, g6, Nb3, Bg7, Re1, O-O, Bf1, a6, Nd5, Rc8, c3, Ne5, a4, Re8, a5, Nxd5, exd5, h5, h3, Bb5, Bxb5, axb5, Nd4, Rc5, Nb3, Rc4, Nd2, Rc8, Qb3, Qd7, Nf3, Nxf3+, gxf3, Qxh3, Qxb5, Qxf3, Ra4, Rb8, Rae4, Be5, Qe2, Qf5, f4, Bf6, Qd1, Rec8, c4, b5, axb6] ...
axb6 Gives us inValid move: No such move for piece found: []
8 .  ♖  ♖  .  .  .  ♔  .  
7 .  .  .  .  ♙  ♙  .  .  
6 .  .  .  ♙  .  ♗  ♙  .  
5 ♟  ♙  .  ♟  .  ♕  .  ♙  
4 .  .  ♟  .  ♜  ♟  .  .  
3 .  .  .  .  .  .  .  .  
2 .  ♟  .  .  .  .  .  .  
1 .  .  ♝  ♛  ♜  .  ♚  .  
  a  b  c  d  e  f  g  h

===== 11760 ===== 
[d4, d5, Bg5, c6, e3, Qb6, Qc1, Bf5, Nf3, h6, Bh4, Nd7, c4, Ngf6, Nc3, e6, c5, Qd8, b4, a6, Be2, Be7, O-O, O-O, a4, Ne4, Nxe4, Bxe4, Bg3, Bxf3, Bxf3, Bf6, Bg4, Re8, Qb2, b5, cxb6] ...
cxb6 Gives us inValid move: No such move for piece found: []
8 ♖  .  .  ♕  ♖  .  ♔  .  
7 .  .  .  ♘  .  ♙  ♙  .  
6 ♙  .  ♙  .  ♙  ♗  .  ♙  
5 .  ♙  ♟  ♙  .  .  .  .  
4 ♟  ♟  .  ♟  .  .  ♝  .  
3 .  .  .  .  ♟  .  ♝  .  
2 .  ♛  .  .  .  ♟  ♟  ♟  
1 ♜  .  .  .  .  ♜  ♚  .  
  a  b  c  d  e  f  g  h

===== 11761 ===== 
[a4, e5, Ra3, Bxa3, Nxa3, Nf6, b3, O-O, Bb2, Re8, g3, d5, Bg2, Nc6, Nf3, e4, Nd4, Ne5, b4, a5, b5, c5, bxc6] ...
bxc6 Gives us inValid move: No such move for piece found: []
8 ♖  .  ♗  ♕  ♖  .  ♔  .  
7 .  ♙  .  .  .  ♙  ♙  ♙  
6 .  .  .  .  .  ♘  .  .  
5 ♙  ♟  ♙  ♙  ♘  .  .  .  
4 ♟  .  .  ♞  ♙  .  .  .  
3 ♞  .  .  .  .  .  ♟  .  
2 .  ♝  ♟  ♟  ♟  ♟  ♝  ♟  
1 .  .  .  ♛  ♚  .  .  ♜  
  a  b  c  d  e  f  g  h

===== 11766 ===== 
[e4, a6, d4, e6, Bd3, d5, e5, Bd7, c3, Bb5, Bc2, c5, a4, Bd7, Nf3, cxd4, Nxd4, Nc6, Nf3, f6, Bf4, fxe5, Nxe5, Qf6, Nxd7, Qxf4, g3, Qf7, Nxf8, Kxf8, O-O, Nf6, Nd2, e5, b4, e4, Qe2, Re8, b5, axb5, axb5, Ne5, f3, Qc7, Qe3, h5, b6, Qd6, fxe4, h4, exd5, Ng4] ...
Ng4 Gives us inValid move: more than one valid move, The notation is disambiguous
8 .  .  .  .  ♖  ♔  .  ♖  
7 .  ♙  .  .  .  .  ♙  .  
6 .  ♟  .  ♕  .  ♘  .  .  
5 .  .  .  ♟  ♘  .  .  .  
4 .  .  .  .  .  .  .  ♙  
3 .  .  ♟  .  ♛  .  ♟  .  
2 .  .  ♝  ♞  .  .  .  ♟  
1 ♜  .  .  .  .  ♜  ♚  .  
  a  b  c  d  e  f  g  h

===== 11770 ===== 
[e4, a5, d4, Ra6, Nf3, e6, c4, g6, Nc3, Bg7, h4, h6, e5, d6, c5, dxc5, Bxa6, Nxa6, dxc5, Qxd1+, Kxd1, Nxc5, Kc2, Ne7, Bf4, b6, Rhd1, Bb7, Rd2, Ne4, Re2, Nxc3, bxc3, Bd5, Rd2, a4, Nd4, Bxg2, c4, Be4+, Kb2, g5, Re1, Ng6, Rxe4, Nxf4, Nc6, O-O, hxg5, hxg5, Rd7, Kh7, Ka3, Kg6, Ne7+, Kh5, Kxa4, f5, exf6] ...
exf6 Gives us inValid move: No such move for piece found: []
8 .  .  .  .  .  ♖  .  .  
7 .  .  ♙  ♜  ♞  .  ♗  .  
6 .  ♙  .  .  ♙  .  .  .  
5 .  .  .  .  ♟  ♙  ♙  ♔  
4 ♚  .  ♟  .  ♜  ♘  .  .  
3 .  .  .  .  .  .  .  .  
2 ♟  .  .  .  .  ♟  .  .  
1 .  .  .  .  .  .  .  .  
  a  b  c  d  e  f  g  h

===== 11778 ===== 
[e4, c5, Nf3, Nc6, Bb5, g6, Bxc6, dxc6, d3, Qc7, Be3, e5, Qd2, b6, a4, a5, Na3, f6, O-O, Be6, Nc4, Bxc4, dxc4, Rd8, Qe2, Bh6, c3, Bxe3, Qxe3, Ne7, b4, Qd6, bxa5, bxa5, Rab1, Kf7, h3, Rd7, Rb2, Qd3, Qxc5, Qxc3, Rfb1, Rhd8, Kh2, g5, Rb7, h5, R1b3, Qc1, Qa7, Ke6, Rxd7, Rxd7, Qxa5, g4, Ng1, Qf4+, Kh1, Qxf2, Qb6, g3, Rb1, Qxb6, Rxb6, Rd1, a5, h4, a6, Ra1, c5, f5, exf5+, Kxf5, Rb7, Nd5, a7, Nf4, a8=Q, Rxa8] ...
Rxa8 Gives us inValid move: Path is blocked by another piece
8 .  .  .  .  .  .  .  .  
7 ♟  ♜  .  .  .  .  .  .  
6 .  .  ♙  .  .  .  .  .  
5 .  .  ♟  .  ♙  ♔  .  .  
4 .  .  .  .  .  ♘  .  ♙  
3 .  .  .  .  .  .  ♙  ♟  
2 .  .  .  .  .  .  ♟  .  
1 ♖  .  .  .  .  .  ♞  ♚  
  a  b  c  d  e  f  g  h

===== 11781 ===== 
[e4, c5, Nf3, Nc6, Bb5, g6, Bxc6, dxc6, d3, Qc7, a4, e5, a5, Nf6, Nbd2, Be6, b3, h6, Nc4, Nd7, O-O, Bg7, Kh1, O-O, Ng1, b5, axb6] ...
axb6 Gives us inValid move: No such move for piece found: []
8 ♖  .  .  .  .  ♖  ♔  .  
7 ♙  .  ♕  ♘  .  ♙  ♗  .  
6 .  .  ♙  .  ♗  .  ♙  ♙  
5 ♟  ♙  ♙  .  ♙  .  .  .  
4 .  .  ♞  .  ♟  .  .  .  
3 .  ♟  .  ♟  .  .  .  .  
2 .  .  ♟  .  .  ♟  ♟  ♟  
1 ♜  .  ♝  ♛  .  ♜  ♞  ♚  
  a  b  c  d  e  f  g  h

===== 11789 ===== 
[e4, e5, Nf3, Nc6, Bb5, Nf6, O-O, Nxe4, d4, Nd6, dxe5, Nxb5, a4, Nbd4, Nxd4, d5, exd6] ...
exd6 Gives us inValid move: No such move for piece found: []
8 ♖  .  ♗  ♕  ♔  ♗  .  ♖  
7 ♙  ♙  ♙  .  .  ♙  ♙  ♙  
6 .  .  ♘  .  .  .  .  .  
5 .  .  .  ♙  ♟  .  .  .  
4 ♟  .  .  ♞  .  .  .  .  
3 .  .  .  .  .  .  .  .  
2 .  ♟  ♟  .  .  ♟  ♟  ♟  
1 ♜  ♞  ♝  ♛  .  ♜  ♚  .  
  a  b  c  d  e  f  g  h

===== 11792 ===== 
[d4, d5, c4, e6, Nf3, a6, cxd5, exd5, Nc3, h6, Bf4, Nf6, e3, Bd6, Be5, c6, Bd3, O-O, h3, Re8, O-O, Bxe5, Nxe5, c5, a4, cxd4, exd4, Nc6, Nxc6, bxc6, a5, Rb8, Qd2, Ne4, Nxe4, dxe4, Bc4, Qd6, Rfe1, c5, d5, Bd7, Rac1, f5, Qc3, f4, Bf1, Rbc8, Qb3, e3, fxe3, f3, e4, f2+, Kxf2, Qh2, Qe3, Rb8, b3, Rf8+, Ke2, c4, bxc4, Rb2+, Kd3, Qe5, Rc3, Ba4, Be2, Rf2, Qc1, Rxg2, Qxb2, Rg3+, Kd2, Qd4+, Bd3, Rxd3+, Rxd3, Qxb2+, Ke3, Bc2, Re2, Qc1+, Rdd2, Qg1+, Rf2, Qe1+, Rfe2, Qg1+, Rf2, Ba4, c5, Qc1, c6, Qc5+, Kf3, Bb5, Rc2, Qa3+, Kg2, Bd3, c7, Bxe4+, Kh2, Qd6+, Kg1, Qg3+, Rg2, Qe3+, Kh2, Qf4+, Rg3, Bf5, c8=Q+, Bxc8] ...
Bxc8 Gives us inValid move: Pawn can move diagonally only when capturing
8 .  .  .  .  .  .  ♔  .  
7 .  .  ♟  .  .  .  ♙  .  
6 ♙  .  .  .  .  .  .  ♙  
5 ♟  .  .  ♟  .  ♗  .  .  
4 .  .  .  .  .  ♕  .  .  
3 .  .  .  .  .  .  ♜  ♟  
2 .  .  ♜  .  .  .  .  ♚  
1 .  .  .  .  .  .  .  .  
  a  b  c  d  e  f  g  h

===== 11790 ===== 
[d4, Nf6, c4, e6, Nf3, d5, g3, Be7, Bg2, O-O, O-O, dxc4, h4, c5, dxc5, Bxc5, Qc2, Nbd7, Nc3, Qc7, Bf4, e5, Bd2, h6, a4, a6, Ne4, Nxe4, Qxe4, Rb8, a5, b5, axb6] ...
axb6 Gives us inValid move: No such move for piece found: []
8 .  ♖  ♗  .  .  ♖  ♔  .  
7 .  .  ♕  ♘  .  ♙  ♙  .  
6 ♙  .  .  .  .  .  .  ♙  
5 ♟  ♙  ♗  .  ♙  .  .  .  
4 .  .  ♙  .  ♛  .  .  ♟  
3 .  .  .  .  .  ♞  ♟  .  
2 .  ♟  .  ♝  ♟  ♟  ♝  .  
1 ♜  .  .  .  .  ♜  ♚  .  
  a  b  c  d  e  f  g  h

===== 11808 ===== 
[Nf3, d5, g3, g6, Bg2, Bg7, O-O, e5, d3, Nc6, e4, dxe4, dxe4, Qxd1, Rxd1, Bg4, c3, Nf6, h3, Be6, Ng5, Bd7, Nd2, h6, Ngf3, O-O-O, Re1, Be6, Bf1, Nd7, Nb3, a5, Be3, a4, Nbd2, Bf8, b4, axb3] ...
axb3 Gives us inValid move: No such move for piece found: []
8 .  .  ♔  ♖  .  ♗  .  ♖  
7 .  ♙  ♙  ♘  .  ♙  .  .  
6 .  .  ♘  .  ♗  .  ♙  ♙  
5 .  .  .  .  ♙  .  .  .  
4 ♙  ♟  .  .  ♟  .  .  .  
3 .  .  ♟  .  ♝  ♞  ♟  ♟  
2 ♟  .  .  ♞  .  ♟  .  .  
1 ♜  .  .  .  ♜  ♝  ♚  .  
  a  b  c  d  e  f  g  h

===== 11821 ===== 
[e4, e5, Nf3, Nc6, Bb5, a6, Ba4, Nge7, O-O, Ng6, Re1, Be7, c3, d6, d4, Bd7, Nbd2, O-O, Nf1, b5, Bb3, exd4, cxd4, Na5, Bc2, c5, Ne3, Nc6, Nd5, Bg4, dxc5, dxc5, h3, Bxf3, Qxf3, Nd4, Qd1, Bg5, Bd3, Ne6, Bf1, Rc8, a4, c4, axb5, axb5, b3, c3, Bxb5, c2, Qg4, Bxc1, Raxc1, Nd4, Bc4, Ne5, Qxc8, Ndf3+, gxf3, Qg5+, Qg4, Nxg4, hxg4, h5, Rxc2, hxg4, f4, Qh4, Rc3, Ra8, Kg2, Ra2, Rg3, g6, e5, Kg7, Nf6, Rxf2+, Kxf2, Qh2+, Rg2, Qxf4+, Kg1, g3, Nd5, Qd4+, Kf1, Qh4, Re3, Qh1+, Rg1, Qh3+, Ke1, Qh2, Rgxg3, Qh1+, Kd2, Qh2+, Kc3, Qh1, Rgf3, Qc1+, Kb4, Qd2+, Kb5, Qh2, Nc7, f5, exf6+] ...
exf6+ Gives us inValid move: No such move for piece found: []
8 .  .  .  .  .  .  .  .  
7 .  .  ♞  .  .  .  ♔  .  
6 .  .  .  .  .  .  ♙  .  
5 .  ♚  .  .  ♟  ♙  .  .  
4 .  .  ♝  .  .  .  .  .  
3 .  ♟  .  .  ♜  ♜  .  .  
2 .  .  .  .  .  .  .  ♕  
1 .  .  .  .  .  .  .  .  
  a  b  c  d  e  f  g  h

===== 11818 ===== 
[d4, Nf6, c4, d6, Nc3, e5, Nf3, Nbd7, e4, g6, h3, Bg7, Be3, exd4, Nxd4, O-O, Qd2, Re8, f3, c6, O-O-O, d5, exd5, cxd5, Bh6, dxc4, Bxc4, Qc7, Bxf7+, Kxf7, Nb5] ...
Nb5 Gives us inValid move: more than one valid move, The notation is disambiguous
8 ♖  .  ♗  .  ♖  .  .  .  
7 ♙  ♙  ♕  ♘  .  ♔  ♗  ♙  
6 .  .  .  .  .  ♘  ♙  ♝  
5 .  .  .  .  .  .  .  .  
4 .  .  .  ♞  .  .  .  .  
3 .  .  ♞  .  .  ♟  .  ♟  
2 ♟  ♟  .  ♛  .  .  ♟  .  
1 .  .  ♚  ♜  .  .  .  ♜  
  a  b  c  d  e  f  g  h

===== 11827 ===== 
[d4, d5, Bf4, c5, e3, cxd4, exd4, Nc6, c3, f6, Nf3, g5, Bg3, Bf5, Nbd2, h5, h3, e6, Bb5, Bd6, O-O, Ne7] ...
Ne7 Gives us inValid move: more than one valid move, The notation is disambiguous
8 ♖  .  .  ♕  ♔  .  ♘  ♖  
7 ♙  ♙  .  .  .  .  .  .  
6 .  .  ♘  ♗  ♙  ♙  .  .  
5 .  ♝  .  ♙  .  ♗  ♙  ♙  
4 .  .  .  ♟  .  .  .  .  
3 .  .  ♟  .  .  ♞  ♝  ♟  
2 ♟  ♟  .  ♞  .  ♟  ♟  .  
1 ♜  .  .  ♛  .  ♜  ♚  .  
  a  b  c  d  e  f  g  h

===== 11839 ===== 
[d4, Nf6, g3, c5, d5, b5, Bg2, d6, a4, b4, c4, bxc3] ...
bxc3 Gives us inValid move: No such move for piece found: []
8 ♖  ♘  ♗  ♕  ♔  ♗  .  ♖  
7 ♙  .  .  .  ♙  ♙  ♙  ♙  
6 .  .  .  ♙  .  ♘  .  .  
5 .  .  ♙  ♟  .  .  .  .  
4 ♟  ♙  ♟  .  .  .  .  .  
3 .  .  .  .  .  .  ♟  .  
2 .  ♟  .  .  ♟  ♟  ♝  ♟  
1 ♜  ♞  ♝  ♛  ♚  .  ♞  ♜  
  a  b  c  d  e  f  g  h

===== 11843 ===== 
[Nf3, b5, g3, Bb7, Bg2, e6, O-O, Nf6, d4, c5, b3, cxd4, Bb2, Be7, Bxd4, O-O, Nbd2, b4, c4, bxc3] ...
bxc3 Gives us inValid move: No such move for piece found: []
8 ♖  ♘  .  ♕  .  ♖  ♔  .  
7 ♙  ♗  .  ♙  ♗  ♙  ♙  ♙  
6 .  .  .  .  ♙  ♘  .  .  
5 .  .  .  .  .  .  .  .  
4 .  ♙  ♟  ♝  .  .  .  .  
3 .  ♟  .  .  .  ♞  ♟  .  
2 ♟  .  .  ♞  ♟  ♟  ♝  ♟  
1 ♜  .  .  ♛  .  ♜  ♚  .  
  a  b  c  d  e  f  g  h

===== 11849 ===== 
[e4, c5, c3, d6, d4, Nf6, Bd3, Nc6, Nf3, Bg4, d5, Bxf3, Qxf3, Ne5, Bb5+, Nfd7, Qd1, c4, O-O, a6, Ba4, g6, Be3, Bg7, Nd2, b5, Bc2, O-O, f4, Nd3, Bxd3, cxd3, Qb1, b4, Qxd3, bxc3, bxc3, Qa5, Nb3, Qxc3, Qxc3, Bxc3, Rac1, Rfc8, Rc2, Nf6, Rfc1, Nxe4, Kf1, Rc4, Ke2, Ra4, Rxc3, Nxc3+, Rxc3, Rxa2+, Bd2, a5, Rc7, a4, Nc1, Rb2, Kd3, Kf8, g4, a3, Bc3, Rxh2, g5, h5, gxh6] ...
gxh6 Gives us inValid move: No such move for piece found: []
8 ♖  .  .  .  .  ♔  .  .  
7 .  .  ♜  .  ♙  ♙  .  .  
6 .  .  .  ♙  .  .  ♙  .  
5 .  .  .  ♟  .  .  ♟  ♙  
4 .  .  .  .  .  ♟  .  .  
3 ♙  .  ♝  ♚  .  .  .  .  
2 .  .  .  .  .  .  .  ♖  
1 .  .  ♞  .  .  .  .  .  
  a  b  c  d  e  f  g  h

===== 11852 ===== 
[e4, c5, Nf3, d6, d4, cxd4, Nxd4, Nf6, Nc3, a6, Be3, e6, f3, h5, Qd2, b5, Be2, Bb7, O-O, Nbd7, a4, b4, Na2, d5, Nxb4, dxe4, c3, Qc7, Rad1, h4, fxe4, Nxe4, Qe1, Bd6, Nf3, h3, g3, Ndf6, Bd3, Nxg3, hxg3, Bxg3, Qe2, Ng4, Bd4, Bf2+, Rxf2, Qg3+, Kf1, Nxf2, Qxf2, Qxf3, Qxf3, Bxf3, Be2, Bb7, Bxg7, h2, Kf2, h1=Q, Rxh1] ...
Rxh1 Gives us inValid move: Pawn can move diagonally only when capturing
8 ♖  .  .  .  ♔  .  .  ♖  
7 .  ♗  .  .  .  ♙  ♝  .  
6 ♙  .  .  .  ♙  .  .  .  
5 .  .  .  .  .  .  .  .  
4 ♟  ♞  .  .  .  .  .  .  
3 .  .  ♟  .  .  .  .  .  
2 .  ♟  .  .  ♝  ♚  .  ♙  
1 .  .  .  ♜  .  .  .  .  
  a  b  c  d  e  f  g  h

===== 11870 ===== 
[e4, e5, Nf3, Nc6, Bb5, a6, Ba4, Nf6, O-O, Nxe4, d4, b5, Bb3, d5, dxe5, Be6, Qe2, Be7, Rd1, O-O, c3, f5, exf6] ...
exf6 Gives us inValid move: No such move for piece found: []
8 ♖  .  .  ♕  .  ♖  ♔  .  
7 .  .  ♙  .  ♗  .  ♙  ♙  
6 ♙  .  ♘  .  ♗  .  .  .  
5 .  ♙  .  ♙  ♟  ♙  .  .  
4 .  .  .  .  ♘  .  .  .  
3 .  ♝  ♟  .  .  ♞  .  .  
2 ♟  ♟  .  .  ♛  ♟  ♟  ♟  
1 ♜  ♞  ♝  ♜  .  .  ♚  .  
  a  b  c  d  e  f  g  h

===== 11882 ===== 
[e4, c6, Nc3, g6, d4, Bg7, Nf3, d6, Be3, Nd7, a4, e5, dxe5, dxe5, Bc4, Qe7, O-O, Ngf6, h3, O-O, a5, Nc5, Bxc5, Qxc5, Qd3, Nh5, Ne2, Nf4, Nxf4, exf4, c3, Rb8, Rfd1, Re8, Ra4, b5, axb6] ...
axb6 Gives us inValid move: No such move for piece found: []
8 .  ♖  ♗  .  ♖  .  ♔  .  
7 ♙  .  .  .  .  ♙  ♗  ♙  
6 .  .  ♙  .  .  .  ♙  .  
5 ♟  ♙  ♕  .  .  .  .  .  
4 ♜  .  ♝  .  ♟  ♙  .  .  
3 .  .  ♟  ♛  .  ♞  .  ♟  
2 .  ♟  .  .  .  ♟  ♟  .  
1 .  .  .  ♜  .  .  ♚  .  
  a  b  c  d  e  f  g  h

===== 11893 ===== 
[b3, Nc6, Bb2, e5, c4, Nf6, e3, a6, Nf3, e4, Nd4, Ne5, f4, exf3] ...
exf3 Gives us inValid move: No such move for piece found: []
8 ♖  .  ♗  ♕  ♔  ♗  .  ♖  
7 .  ♙  ♙  ♙  .  ♙  ♙  ♙  
6 ♙  .  .  .  .  ♘  .  .  
5 .  .  .  .  ♘  .  .  .  
4 .  .  ♟  ♞  ♙  ♟  .  .  
3 .  ♟  .  .  ♟  .  .  .  
2 ♟  ♝  .  ♟  .  .  ♟  ♟  
1 ♜  ♞  .  ♛  ♚  ♝  .  ♜  
  a  b  c  d  e  f  g  h

===== 11914 ===== 
[h4, d5, e3, Nf6, c4, e6, g4, c5, g5, Nfd7, cxd5, exd5, Bg2, Ne5, d4, cxd4, exd4, Bb4+, Nc3, Nec6, Ne2] ...
Ne2 Gives us inValid move: more than one valid move, The notation is disambiguous
8 ♖  ♘  ♗  ♕  ♔  .  .  ♖  
7 ♙  ♙  .  .  .  ♙  ♙  ♙  
6 .  .  ♘  .  .  .  .  .  
5 .  .  .  ♙  .  .  ♟  .  
4 .  ♗  .  ♟  .  .  .  ♟  
3 .  .  ♞  .  .  .  .  .  
2 ♟  ♟  .  .  .  ♟  ♝  .  
1 ♜  .  ♝  ♛  ♚  .  ♞  ♜  
  a  b  c  d  e  f  g  h

===== 11919 ===== 
[e4, a6, d4, e6, Nc3, b5, a3, Bb7, Bd3, c5, Nf3, c4, Be2, Nf6, d5, Bc5, O-O, O-O, Bg5, h6, Bh4, d6, Nd4, e5, Nf5, Bc8, Kh1, Bxf5, exf5, Nbd7, Ne4, Qb6, Bxf6, Nxf6, Nxf6+, gxf6, f4, e4, Bh5, Rfe8, Qg4+, Kf8, Rae1, e3, Rf3, Ke7, Qg7, Rf8, b4, cxb3] ...
cxb3 Gives us inValid move: No such move for piece found: []
8 ♖  .  .  .  .  ♖  .  .  
7 .  .  .  .  ♔  ♙  ♛  .  
6 ♙  ♕  .  ♙  .  ♙  .  ♙  
5 .  ♙  ♗  ♟  .  ♟  .  ♝  
4 .  ♟  ♙  .  .  ♟  .  .  
3 ♟  .  .  .  ♙  ♜  .  .  
2 .  .  ♟  .  .  .  ♟  ♟  
1 .  .  .  .  ♜  .  .  ♚  
  a  b  c  d  e  f  g  h

===== 11925 ===== 
[e4, c5, Nf3, e6, g3, Nf6, e5, Ng4, h3, Nh6, Bg2, Nf5, O-O, Nc6, c3, d5, exd6] ...
exd6 Gives us inValid move: No such move for piece found: []
8 ♖  .  ♗  ♕  ♔  ♗  .  ♖  
7 ♙  ♙  .  .  .  ♙  ♙  ♙  
6 .  .  ♘  .  ♙  .  .  .  
5 .  .  ♙  ♙  ♟  ♘  .  .  
4 .  .  .  .  .  .  .  .  
3 .  .  ♟  .  .  ♞  ♟  ♟  
2 ♟  ♟  .  ♟  .  ♟  ♝  .  
1 ♜  ♞  ♝  ♛  .  ♜  ♚  .  
  a  b  c  d  e  f  g  h

===== 11938 ===== 
[e4, e5, Nf3, Nc6, Bc4, Nf6, d3, Bc5, Nc3, a6, a4, h6, Be3, Bxe3, fxe3, d6, O-O, O-O, a5, Be6, b3, Nd7, Qe1, Nb4, Qd2, c5, Nd1, b5, axb6] ...
axb6 Gives us inValid move: No such move for piece found: []
8 ♖  .  .  ♕  .  ♖  ♔  .  
7 .  .  .  ♘  .  ♙  ♙  .  
6 ♙  .  .  ♙  ♗  .  .  ♙  
5 ♟  ♙  ♙  .  ♙  .  .  .  
4 .  ♘  ♝  .  ♟  .  .  .  
3 .  ♟  .  ♟  ♟  ♞  .  .  
2 .  .  ♟  ♛  .  .  ♟  ♟  
1 ♜  .  .  ♞  .  ♜  ♚  .  
  a  b  c  d  e  f  g  h

===== 11939 ===== 
[d4, Nc6, Nf3, Nf6, Bg5, Ne4, Bh4, d5, e3, h5, c4, g5, Nxg5, e5, Nxe4, Qxh4, cxd5, Qxe4, Nc3, Bb4, dxc6, Qxc6, Rc1, Be6, a3, Bxc3+, Rxc3, Qb6, dxe5, Qxb2, Qc1, Qxc1+, Rxc1, O-O-O, f4, h4, Be2, b6, Rd1, c5, Kf2, Kc7, e4, Bb3, Rxd8, Rxd8, Ke3, c4, Rc1, b5, g4, hxg3] ...
hxg3 Gives us inValid move: No such move for piece found: []
8 .  .  .  ♖  .  .  .  .  
7 ♙  .  ♔  .  .  ♙  .  .  
6 .  .  .  .  .  .  .  .  
5 .  ♙  .  .  ♟  .  .  .  
4 .  .  ♙  .  ♟  ♟  ♟  ♙  
3 ♟  ♗  .  .  ♚  .  .  .  
2 .  .  .  .  ♝  .  .  ♟  
1 .  .  ♜  .  .  .  .  .  
  a  b  c  d  e  f  g  h

===== 11945 ===== 
[e4, Nc6, Nf3, e5, Bc4, Bc5, b4, Bxb4, c3, Ba5, d4, exd4, O-O, Bb6, cxd4, d6, Nc3, Bg4, Bb5, a6, Ba4, Ba5, Nd5, Ne7] ...
Ne7 Gives us inValid move: more than one valid move, The notation is disambiguous
8 ♖  .  .  ♕  ♔  .  ♘  ♖  
7 .  ♙  ♙  .  .  ♙  ♙  ♙  
6 ♙  .  ♘  ♙  .  .  .  .  
5 ♗  .  .  ♞  .  .  .  .  
4 ♝  .  .  ♟  ♟  .  ♗  .  
3 .  .  .  .  .  ♞  .  .  
2 ♟  .  .  .  .  ♟  ♟  ♟  
1 ♜  .  ♝  ♛  .  ♜  ♚  .  
  a  b  c  d  e  f  g  h

===== 11951 ===== 
[e4, e5, Nf3, Nc6, Bb5, a6, Ba4, Nf6, d3, d6, c3, g6, O-O, Bg7, h3, O-O, Be3, h6, Re1, Nd7, d4, f5, exf5, gxf5, dxe5, dxe5, Na3, Kh7, Bxc6, bxc6, Nc4, e4, Nd4, Qf6, Bf4, Nc5, Ne5, Ne6, Nxe6, Qxe6, Qb3, Qe8, Qb4, a5, Qc5, Rb8, a4, Rxb2, Rab1, Rc2, Rb8, Qe6, Re3, Qd6, Qxd6, cxd6, Nxc6, Bd7, Rxf8, Bxf8, Nxa5, Bxa4, Nc4, d5, Nd6, Bd7, Be5, Ra2, Rg3, Ra6, Nf7, Rg6, Rxg6, Kxg6, Nd6, Bg7, Bxg7, Kxg7, f4, exf3] ...
exf3 Gives us inValid move: No such move for piece found: []
8 .  .  .  .  .  .  .  .  
7 .  .  .  ♗  .  .  ♔  .  
6 .  .  .  ♞  .  .  .  ♙  
5 .  .  .  ♙  .  ♙  .  .  
4 .  .  .  .  ♙  ♟  .  .  
3 .  .  ♟  .  .  .  .  ♟  
2 .  .  .  .  .  .  ♟  .  
1 .  .  .  .  .  .  ♚  .  
  a  b  c  d  e  f  g  h

===== 11952 ===== 
[Nf3, b5, e4, Bb7, e5, a6, a4, b4, Bc4, e6, O-O, d5, exd6] ...
exd6 Gives us inValid move: No such move for piece found: []
8 ♖  ♘  .  ♕  ♔  ♗  ♘  ♖  
7 .  ♗  ♙  .  .  ♙  ♙  ♙  
6 ♙  .  .  .  ♙  .  .  .  
5 .  .  .  ♙  ♟  .  .  .  
4 ♟  ♙  ♝  .  .  .  .  .  
3 .  .  .  .  .  ♞  .  .  
2 .  ♟  ♟  ♟  .  ♟  ♟  ♟  
1 ♜  ♞  ♝  ♛  .  ♜  ♚  .  
  a  b  c  d  e  f  g  h

===== 11967 ===== 
[e4, c5, Nf3, d6, d4, cxd4, Nxd4, Nf6, Nc3, a6, Bc4, e6, a4, Qc7, Qe2, Be7, O-O, O-O, a5, Bd7, Be3, Rc8, Bb3, Nc6, Nxc6, Qxc6, Bd4, Bd8, Rfd1, e5, Be3, Be6, Bg5, Nd7, Bxd8, Rxd8, Nd5, Bxd5, Bxd5, Qc7, c3, Nf6, Rd3, Rab8, Rd2, g6, g3, Kg7, Kg2, h5, h4, Rdc8, Ra4, Qe7, Qd3, Rc5, Ba2, Rd8, b4, Rcc8, Ra3, Qd7, Bd5, Rc7, c4, Rdc8, Rc2, Nxd5, exd5, Qg4, Rac3, Qd4, Qe2, e4, Qe3, Qxe3, fxe3, Kf6, Kf2, Ke5, Ke1, f6, Kd1, g5, Kc1, gxh4, gxh4, Rg8, Rd2, f5, Kc2, Rg4, c5, Rg8, Kb3, Rgc8, Rc4, dxc5, d6, Rc6, bxc5, Ke6, Kb4, Rg8, Rcd4, Kd7, Rd5, Rf8, Re5, Rcc8, Re7+, Kc6, Kc4, Rfd8, Rb2, b5+, axb6] ...
axb6 Gives us inValid move: No such move for piece found: []
8 .  .  ♖  ♖  .  .  .  .  
7 .  .  .  .  ♜  .  .  .  
6 ♙  .  ♔  ♟  .  .  .  .  
5 ♟  ♙  ♟  .  .  ♙  .  ♙  
4 .  .  ♚  .  ♙  .  .  ♟  
3 .  .  .  .  ♟  .  .  .  
2 .  ♜  .  .  .  .  .  .  
1 .  .  .  .  .  .  .  .  
  a  b  c  d  e  f  g  h

===== 11974 ===== 
[d4, Nf6, c4, b6, f3, Nc6, Nc3, e5, d5, Ne7, e4, Ng6, Be3, Bc5, Qd2, d6, Nge2, Bd7, g3, h5, h4, a6, Nc1, Qb8, Nd3, Bxe3, Qxe3, O-O, Be2, b5, cxb5, axb5, Nb4, Ne7, O-O, c5, dxc6] ...
dxc6 Gives us inValid move: No such move for piece found: []
8 ♖  ♕  .  .  .  ♖  ♔  .  
7 .  .  .  ♗  ♘  ♙  ♙  .  
6 .  .  .  ♙  .  ♘  .  .  
5 .  ♙  ♙  ♟  ♙  .  .  ♙  
4 .  ♞  .  .  ♟  .  .  ♟  
3 .  .  ♞  .  ♛  ♟  ♟  .  
2 ♟  ♟  .  .  ♝  .  .  .  
1 ♜  .  .  .  .  ♜  ♚  .  
  a  b  c  d  e  f  g  h

===== 11979 ===== 
[e4, c6, Nf3, d5, exd5, cxd5, Ne5, e6, d4, Nc6, c3, Bd6, Nxc6, bxc6, Bd3, Ne7, O-O, O-O, Qh5, g6, Qh6, c5, Nd2, cxd4, cxd4, f6, Nf3, a5, Bf4, Ba6, Bxa6, Nf5, Qh3, Rxa6, Bxd6, Qxd6, g4, Ne7, Rae1, g5, Qg3, Ng6, h4, h6, Qxd6, Rxd6, Rc1, a4, hxg5, hxg5, Rc7, Rb6, Rb1, Rfb8, Rc2, Kf7, Nd2, Rb4, Nf3, Nf4, Kf1, R8b7, Ke1, Nd3+, Kd2, Nxb2, Ke2, Nc4, Rxb4, Rxb4, Ne1, Nd6, Ke3, Nb5, Nd3, Rxd4, Rb2, Re4+, Kd2, Nd4, Kc3, Rxg4, Rb7+, Kg6, f3, Nxf3, Nf2, Rc4+, Kd3, Ne5+, Ke2, g4, a3, g3, Nh1, g2, Rb8, Rc2+, Kd1, gxh1=Q+, Kxc2, Qe4+] ...
Qe4+ Gives us inValid move: Pawn can move diagonally only when capturing
8 .  ♜  .  .  .  .  .  .  
7 .  .  .  .  .  .  .  .  
6 .  .  .  .  ♙  ♙  ♔  .  
5 .  .  .  ♙  ♘  .  .  .  
4 ♙  .  .  .  .  .  .  .  
3 ♟  .  .  .  .  .  .  .  
2 .  .  ♚  .  .  .  ♙  .  
1 .  .  .  .  .  .  .  ♞  
  a  b  c  d  e  f  g  h

===== 11987 ===== 
[h3, d5, c3, e5, d4, exd4, cxd4, Bd6, Nc3, c6, Nf3, h6, e4, dxe4, Nxe4, Qe7, Qe2, Bb4+, Bd2, Bxd2+, Nfxd2, Nd7, O-O-O, Ngf6, Nd6+, Kf8, Nxc8, Qxe2, Bxe2, Rxc8, Rhe1, Rd8, Nc4, Nb6, Nxb6, axb6, Bf3, Rd6, Re3, b5, d5, c5, a3, Ne8, Rde1, Rd8, Re7, Nd6, Rc7, c4, Kd2, g6, Kc3, Kg7, Kb4, Rc8, Rd7, Rhd8, Rxd8, Rxd8, Kc5, Kf6, h4, Kf5, g3, g5, hxg5, hxg5, Bg2, g4, Bh1, Kf6, Bg2, Kf5, Kb6, Rd7, Bh1, Kf6, Bg2, Kf5, f4, gxf3] ...
gxf3 Gives us inValid move: No such move for piece found: []
8 .  .  .  .  .  .  .  .  
7 .  ♙  .  ♖  .  ♙  .  .  
6 .  ♚  .  ♘  .  .  .  .  
5 .  ♙  .  ♟  .  ♔  .  .  
4 .  .  ♙  .  .  ♟  ♙  .  
3 ♟  .  .  .  .  .  ♟  .  
2 .  ♟  .  .  .  .  ♝  .  
1 .  .  .  .  ♜  .  .  .  
  a  b  c  d  e  f  g  h

===== 11990 ===== 
[Nf3, b6, g3, Bb7, Bg2, g6, O-O, Bg7, d3, c5, c4, Nc6, Nc3, Nh6, Rb1, Nf5, Bd2, O-O, a3, d6, b4, Qd7, bxc5, dxc5, Nd5, e6, Ne3, Nfd4, Nc2, Nxc2, Qxc2, e5, Bc3, Nd4, Bxd4, exd4, Nd2, Rfe8, Rfe1, Bxg2, Kxg2, Re6, Nf3, Rae8, a4, a5, Rb2, Bf6, Qd1, Bd8, Nd2, g5, Kg1, f5, Nf1, f4, e4, dxe3] ...
dxe3 Gives us inValid move: No such move for piece found: []
8 .  .  .  ♗  ♖  .  ♔  .  
7 .  .  .  ♕  .  .  .  ♙  
6 .  ♙  .  .  ♖  .  .  .  
5 ♙  .  ♙  .  .  .  ♙  .  
4 ♟  .  ♟  ♙  ♟  ♙  .  .  
3 .  .  .  ♟  .  .  ♟  .  
2 .  ♜  .  .  .  ♟  .  ♟  
1 .  .  .  ♛  ♜  ♞  ♚  .  
  a  b  c  d  e  f  g  h

===== 11993 ===== 
[d4, d5, c4, c6, cxd5, cxd5, Nc3, Nf6, Bf4, Nc6, e3, a6, h3, Bf5, Nf3, e6, Be2, Bd6, Bxd6, Qxd6, O-O, O-O, Qb3, Na5, Qa4, Nc6, Rfc1, Rfc8, a3, h6, Qd1, Rc7, Na4, Nd7, b4, b5, Nc5, Nb6, a4, Nxb4, axb5, axb5, Rxa8+, Nxa8, Qb3, Nc6, Qxb5, Qd8, Ra1, Rc8, Rxa8, Rxa8, Qxc6, Ra1+, Kh2, Ra2, Bd3, Qb8+, Ne5, Rxf2, Nd7] ...
Nd7 Gives us inValid move: more than one valid move, The notation is disambiguous
8 .  ♕  .  .  .  .  ♔  .  
7 .  .  .  .  .  ♙  ♙  .  
6 .  .  ♛  .  ♙  .  .  ♙  
5 .  .  ♞  ♙  ♞  ♗  .  .  
4 .  .  .  ♟  .  .  .  .  
3 .  .  .  ♝  ♟  .  .  ♟  
2 .  .  .  .  .  ♖  ♟  ♚  
1 .  .  .  .  .  .  .  .  
  a  b  c  d  e  f  g  h

===== 12003 ===== 
[d4, Nf6, Nf3, b6, Bg5, e6, e4, h6, Bxf6, Qxf6, c3, Bb7, Bd3, c5, Nbd2, cxd4, cxd4, Nc6, e5, Qd8, O-O, Be7, a3, d6, Qe2, dxe5, dxe5, Nd4, Nxd4, Qxd4, Be4, Bxe4, Qxe4, Rd8, Qxd4, Rxd4, Nf3, Rd3, Rfd1, Rxd1+, Rxd1, O-O, Rd7, Rd8, Rxd8+, Bxd8, Nd4, a6, f4, b5, Kf1, Kf8, Ke2, Ke8, Kd3, Kd7, b4, f5, exf6] ...
exf6 Gives us inValid move: No such move for piece found: []
8 .  .  .  ♗  .  .  .  .  
7 .  .  .  ♔  .  .  ♙  .  
6 ♙  .  .  .  ♙  .  .  ♙  
5 .  ♙  .  .  ♟  ♙  .  .  
4 .  ♟  .  ♞  .  ♟  .  .  
3 ♟  .  .  ♚  .  .  .  .  
2 .  .  .  .  .  .  ♟  ♟  
1 .  .  .  .  .  .  .  .  
  a  b  c  d  e  f  g  h

===== 12012 ===== 
[Nf3, f5, b3, Nf6, Bb2, d6, d4, g6, g3, Bg7, Bg2, O-O, O-O, a5, c4, c6, Nc3, Na6, Rc1, Qc7, d5, Nc5, Nd4, Bd7, e3, e5, dxe6] ...
dxe6 Gives us inValid move: No such move for piece found: []
8 ♖  .  .  .  .  ♖  ♔  .  
7 .  ♙  ♕  ♗  .  .  ♗  ♙  
6 .  .  ♙  ♙  .  ♘  ♙  .  
5 ♙  .  ♘  ♟  ♙  ♙  .  .  
4 .  .  ♟  ♞  .  .  .  .  
3 .  ♟  ♞  .  ♟  .  ♟  .  
2 ♟  ♝  .  .  .  ♟  ♝  ♟  
1 .  .  ♜  ♛  .  ♜  ♚  .  
  a  b  c  d  e  f  g  h

===== 12053 ===== 
[Nh3, d5, Na3, e5, d4, e4, c4, c6, Nf4, g5, Nh5, Bg4, Ng3, Be6, h4, gxh4, Nh5, Bg4, Nf4, Nf6, Qb3, Bc8, e3, Na6, Bd2, Nc7, Bb4, Bxb4+, Qxb4, Qe7, Qxe7+, Kxe7, Rxh4, Be6, Be2, Rag8, Rc1, Rg5, g3, a6, cxd5, Ncxd5, Nxe6, Kxe6, Nc4, Rd8, Nd2, Kf5, Nxe4, Nxe4, Bd3, Nf6] ...
Nf6 Gives us inValid move: more than one valid move, The notation is disambiguous
8 .  .  .  ♖  .  .  .  .  
7 .  ♙  .  .  .  ♙  .  ♙  
6 ♙  .  ♙  .  .  .  .  .  
5 .  .  .  ♘  .  ♔  ♖  .  
4 .  .  .  ♟  ♘  .  .  ♜  
3 .  .  .  ♝  ♟  .  ♟  .  
2 ♟  ♟  .  .  .  ♟  .  .  
1 .  .  ♜  .  ♚  .  .  .  
  a  b  c  d  e  f  g  h

===== 12054 ===== 
[e4, Nc6, Nf3, f5, exf5, d5, d4, Bxf5, Bd3, Qd7, Bf4, Nf6, Nbd2, Bxd3, cxd3, Qf5, Qb3, O-O-O, Be3, e5, O-O, e4, dxe4, dxe4, Qc2, Bd6, Rac1, Rhe8, a3, Ng4, h3, Nxe3, fxe3, Qg6, Nh4, Qg3, Nf5, Qh2+, Kf2, Rf8, Qxe4, g6, Nf3, Rxf5, Qg4, Rf8] ...
Rf8 Gives us inValid move: more than one valid move, The notation is disambiguous
8 .  .  ♔  ♖  .  .  .  .  
7 ♙  ♙  ♙  .  .  .  .  ♙  
6 .  .  ♘  ♗  .  .  ♙  .  
5 .  .  .  .  .  ♖  .  .  
4 .  .  .  ♟  .  .  ♛  .  
3 ♟  .  .  .  ♟  ♞  .  ♟  
2 .  ♟  .  .  .  ♚  ♟  ♕  
1 .  .  ♜  .  .  ♜  .  .  
  a  b  c  d  e  f  g  h

===== 12063 ===== 
[Nf3, Nf6, g3, b5, e3, a6, Bg2, Bb7, O-O, g6, b3, Bg7, Bb2, O-O, c4, c5, Nc3, b4, Na4, d6, d4, Nbd7, d5, Ne8, Bxg7, Kxg7, e4, e5, dxe6] ...
dxe6 Gives us inValid move: No such move for piece found: []
8 ♖  .  .  ♕  ♘  ♖  .  .  
7 .  ♗  .  ♘  .  ♙  ♔  ♙  
6 ♙  .  .  ♙  .  .  ♙  .  
5 .  .  ♙  ♟  ♙  .  .  .  
4 ♞  ♙  ♟  .  ♟  .  .  .  
3 .  ♟  .  .  .  ♞  ♟  .  
2 ♟  .  .  .  .  ♟  ♝  ♟  
1 ♜  .  .  ♛  .  ♜  ♚  .  
  a  b  c  d  e  f  g  h

===== 12093 ===== 
[Nf3, d5, g3, Nf6, Bg2, e6, O-O, Be7, d3, O-O, Bf4, Nc6, c4, Bd6, Bxd6, Qxd6, Nc3, d4, Nb5, Qd8, Na3, e5, Nc2, a5, a3, a4, Nb4, Re8, Nxc6, bxc6, Nd2, Ra6, b4, axb3] ...
axb3 Gives us inValid move: No such move for piece found: []
8 .  .  ♗  ♕  ♖  .  ♔  .  
7 .  .  ♙  .  .  ♙  ♙  ♙  
6 ♖  .  ♙  .  .  ♘  .  .  
5 .  .  .  .  ♙  .  .  .  
4 ♙  ♟  ♟  ♙  .  .  .  .  
3 ♟  .  .  ♟  .  .  ♟  .  
2 .  .  .  ♞  ♟  ♟  ♝  ♟  
1 ♜  .  .  ♛  .  ♜  ♚  .  
  a  b  c  d  e  f  g  h

===== 12094 ===== 
[c4, Nf6, g3, e6, Bg2, d5, Nf3, d4, d3, Bb4+, Nfd2, O-O, a3, Be7, b4, a5, b5, e5, a4, c5, O-O, Ra7, Nb3, b6, e4, dxe3] ...
dxe3 Gives us inValid move: No such move for piece found: []
8 .  ♘  ♗  ♕  .  ♖  ♔  .  
7 ♖  .  .  .  ♗  ♙  ♙  ♙  
6 .  ♙  .  .  .  ♘  .  .  
5 ♙  ♟  ♙  .  ♙  .  .  .  
4 ♟  .  ♟  ♙  ♟  .  .  .  
3 .  ♞  .  ♟  .  .  ♟  .  
2 .  .  .  .  .  ♟  ♝  ♟  
1 ♜  ♞  ♝  ♛  .  ♜  ♚  .  
  a  b  c  d  e  f  g  h

===== 12098 ===== 
[e4, g6, d4, d6, Nc3, c6, Be3, Nf6, Nf3, Bg7, a4, O-O, h3, a5, Bd3, Na6, O-O, Nb4, Be2, Qc7, Qd2, e5, Rad1, Re8, dxe5, dxe5, Bc4, Be6, Bxe6, Rxe6, Bc5, Rae8, Ng5, R6e7, Bxe7, Qxe7, Nf3, Bf8, Qe2, Qc5, Ne1, Nh5, Nd3, Qb6, Kh2, Nxd3, Qxd3, Nf4, Qf3, Qxb2, Rb1, Qxc2, Rxb7, Bb4, Nd1, Rd8, Ne3, Qb3, Rd1, Rxd1, Qxd1, Qxd1, Nxd1, Nd3, f3, Nc5, Rc7, Nxa4, Rxc6, Kf8, Ne3, Nc3, Nc2, Ke7, Rc7+, Ke6, Rc4, Na2, Kg1, Kd6, Kf1, Bc5, Ra4, Nb4, Na3, Bb6, Nc4+, Kc5, Nxa5, Kb5, Rxb4+, Kxb4, Nc6+, Kc3, Nxe5, f5, Nd7, Bd8, exf5, gxf5, Nf8, h6, Ne6, Bf6, Ke2, Kc4, Nf4, Kd4, Nd3, Bh4, Nf4, Bg3, Nh5, Bd6, Kf2, f4, Ng7, Ke5, g4, fxg3+] ...
fxg3+ Gives us inValid move: No such move for piece found: []
8 .  .  .  .  .  .  .  .  
7 .  .  .  .  .  .  ♞  .  
6 .  .  .  ♗  .  .  .  ♙  
5 .  .  .  .  ♔  .  .  .  
4 .  .  .  .  .  ♙  ♟  .  
3 .  .  .  .  .  ♟  .  ♟  
2 .  .  .  .  .  ♚  .  .  
1 .  .  .  .  .  .  .  .  
  a  b  c  d  e  f  g  h

===== 12122 ===== 
[Nf3, d6, d4, Nf6, Nc3, Bf5, Nh4, Bd7, e4, e5, Nf3, exd4, Nxd4, g6, f3, Bg7, Be3, O-O, Qd2, Nc6, O-O-O, a6, h4, Nxd4, Bxd4, b5, h5, c5, Be3, b4, Nb1, Nxh5, Qxd6, Be6, Qxc5, Qf6, e5, Qxe5, Qxe5, Bxe5, b3, Ng3, Rg1, Nf5, Bf2, Bf4+, Nd2, Rfd8, Bd3, Rac8, Kb1, Ne3, Bxe3, Bxe3, Rge1, Bg5, Ne4, Bh4, Rh1, Be7, Bxa6, Rxd1+, Rxd1, Rc7, c4, bxc3] ...
bxc3 Gives us inValid move: No such move for piece found: []
8 .  .  .  .  .  .  ♔  .  
7 .  .  ♖  .  ♗  ♙  .  ♙  
6 ♝  .  .  .  ♗  .  ♙  .  
5 .  .  .  .  .  .  .  .  
4 .  ♙  ♟  .  ♞  .  .  .  
3 .  ♟  .  .  .  ♟  .  .  
2 ♟  .  .  .  .  .  ♟  .  
1 .  ♚  .  ♜  .  .  .  .  
  a  b  c  d  e  f  g  h

===== 12126 ===== 
[e4, e6, d4, d5, Nc3, Bb4, exd5, exd5, Qf3, Nc6, Bb5, Ne7] ...
Ne7 Gives us inValid move: more than one valid move, The notation is disambiguous
8 ♖  .  ♗  ♕  ♔  .  ♘  ♖  
7 ♙  ♙  ♙  .  .  ♙  ♙  ♙  
6 .  .  ♘  .  .  .  .  .  
5 .  ♝  .  ♙  .  .  .  .  
4 .  ♗  .  ♟  .  .  .  .  
3 .  .  ♞  .  .  ♛  .  .  
2 ♟  ♟  ♟  .  .  ♟  ♟  ♟  
1 ♜  .  ♝  .  ♚  .  ♞  ♜  
  a  b  c  d  e  f  g  h

===== 12132 ===== 
[h4, d6, e4, Nc6, Nc3, Nf6, d4, e6, g4, Be7, g5, Nd7, Be3, b6, Qd2, Bb7, O-O-O, a6, h5, b5, Nf3, Na5, d5, e5, Nh4, Nb6, Nf5, Bf8, h6, g6, Ng7+, Ke7, b3, Rg8, Nb1, c5, dxc6] ...
dxc6 Gives us inValid move: No such move for piece found: []
8 ♖  .  .  ♕  .  ♗  ♖  .  
7 .  ♗  .  .  ♔  ♙  ♞  ♙  
6 ♙  ♘  .  ♙  .  .  ♙  ♟  
5 ♘  ♙  ♙  ♟  ♙  .  ♟  .  
4 .  .  .  .  ♟  .  .  .  
3 .  ♟  .  .  ♝  .  .  .  
2 ♟  .  ♟  ♛  .  ♟  .  .  
1 .  ♞  ♚  ♜  .  ♝  .  ♜  
  a  b  c  d  e  f  g  h

===== 12156 ===== 
[e4, g6, d4, d6, Nc3, c6, Nf3, Nf6, h3, Bg7, a4, O-O, Be3, Qa5, Bd3, e5, O-O, Nbd7, Re1, Re8, Bc4, exd4, Bxd4, Ne5, Nxe5, dxe5, Be3, Be6, Qe2, Qb4, Bxe6, Rxe6, Bc1, Rd8, a5, b5, axb6] ...
axb6 Gives us inValid move: No such move for piece found: []
8 .  .  .  ♖  .  .  ♔  .  
7 ♙  .  .  .  .  ♙  ♗  ♙  
6 .  .  ♙  .  ♖  ♘  ♙  .  
5 ♟  ♙  .  .  ♙  .  .  .  
4 .  ♕  .  .  ♟  .  .  .  
3 .  .  ♞  .  .  .  .  ♟  
2 .  ♟  ♟  .  ♛  ♟  ♟  .  
1 ♜  .  ♝  .  ♜  .  ♚  .  
  a  b  c  d  e  f  g  h

===== 12159 ===== 
[h4, d5, d4, Nf6, e3, c5, c4, cxd4, exd4, Nc6, Nc3, g6, h5, dxc4, d5, Ne5, Bf4, Nd3+, Bxd3, cxd3, Qxd3, Bf5, Qb5+, Qd7, Qxd7+, Bxd7, hxg6, fxg6, Nf3, Bg7, O-O-O, O-O, Rhe1, Rae8, Be5, Bg4, Rd3, Bf5, Rd4, Bh6+, Bf4, Bxf4+, Rxf4, Rc8, Rd4, Rc7, Ne5, Rd8, Kd2, Kg7, g4, Bc8, g5, Ne8, Rh1, Nd6, Rdh4, Rh8, a4, Bf5, b3, a6, Nc4, Rd7, Ke3, Nxc4+, bxc4, e6, a5, exd5, Nxd5, Rd6, Kd4, Be6, Ke5, Rc6, Nf6, h5, gxh6+] ...
gxh6+ Gives us inValid move: No such move for piece found: []
8 .  .  .  .  .  .  .  ♖  
7 .  ♙  .  .  .  .  ♔  .  
6 ♙  .  ♖  .  ♗  ♞  ♙  .  
5 ♟  .  .  .  ♚  .  ♟  ♙  
4 .  .  ♟  .  .  .  .  ♜  
3 .  .  .  .  .  .  .  .  
2 .  .  .  .  .  ♟  .  .  
1 .  .  .  .  .  .  .  ♜  
  a  b  c  d  e  f  g  h

===== 12178 ===== 
[a3, e5, Nc3, Nf6, f4, e4, d3, exd3, cxd3, d5, e4, dxe4, dxe4, Qxd1+, Kxd1, Nc6, Nf3, Bc5, h3, Be6, Kc2, O-O-O, f5, Nxe4, fxe6, Ng3, exf7, Nxh1, Bc4, Ng3, Bf4, Nh5, Bg5, Nf6, Re1, Rhf8, Ne4, Be7, Nxf6, Bxf6, Bxf6, gxf6, Re6, Na5, Ba2, Rxf7, b4, Rg7, g4, Nc6, Rxf6, Re7, Be6+, Rxe6, Rxe6, Rf8, b5, Rxf3, bxc6, bxc6, Rh6, Rxa3, g5, Rg3, h4, a5, Rxh7, a4, Rh6, c5, g6, a3, h5, c4, Rh8+, Kb7, Rf8, Rg2+, Kb1, c3, Rf1, c2+, Ka1, Rd2, g7, Rd1+, Ka2, c1=Q, Rxd1, Qb2+] ...
Qb2+ Gives us inValid move: Black pawn can only move up diagonally
8 .  .  .  .  .  .  .  .  
7 .  ♔  ♙  .  .  .  ♟  .  
6 .  .  .  .  .  .  .  .  
5 .  .  .  .  .  .  .  ♟  
4 .  .  .  .  .  .  .  .  
3 ♙  .  .  .  .  .  .  .  
2 ♚  .  ♙  .  .  .  .  .  
1 .  .  .  ♜  .  .  .  .  
  a  b  c  d  e  f  g  h

===== 12176 ===== 
[e4, e5, Nf3, Nc6, Bc4, Bc5, d3, Nf6, c3, d6, O-O, h6, Re1, a5, Nbd2, O-O, Nf1, Be6, Bb5, Ba7, Ng3, Ne7, d4, Ng6, h3, c6, Bd3, a4, Be3, Re8, Qd2, Qe7, b4, axb3] ...
axb3 Gives us inValid move: No such move for piece found: []
8 ♖  .  .  .  ♖  .  ♔  .  
7 ♗  ♙  .  .  ♕  ♙  ♙  .  
6 .  .  ♙  ♙  ♗  ♘  ♘  ♙  
5 .  .  .  .  ♙  .  .  .  
4 ♙  ♟  .  ♟  ♟  .  .  .  
3 .  .  ♟  ♝  ♝  ♞  ♞  ♟  
2 ♟  .  .  ♛  .  ♟  ♟  .  
1 ♜  .  .  .  ♜  .  ♚  .  
  a  b  c  d  e  f  g  h

===== 12185 ===== 
[e4, c5, Nf3, d6, Bb5+, Nd7, c3, Nf6] ...
Nf6 Gives us inValid move: more than one valid move, The notation is disambiguous
8 ♖  .  ♗  ♕  ♔  ♗  ♘  ♖  
7 ♙  ♙  .  ♘  ♙  ♙  ♙  ♙  
6 .  .  .  ♙  .  .  .  .  
5 .  ♝  ♙  .  .  .  .  .  
4 .  .  .  .  ♟  .  .  .  
3 .  .  ♟  .  .  ♞  .  .  
2 ♟  ♟  .  ♟  .  ♟  ♟  ♟  
1 ♜  ♞  ♝  ♛  ♚  .  .  ♜  
  a  b  c  d  e  f  g  h

===== 12188 ===== 
[e4, c5, Nf3, d6, Bb5+, Nd7, a4, Nf6] ...
Nf6 Gives us inValid move: more than one valid move, The notation is disambiguous
8 ♖  .  ♗  ♕  ♔  ♗  ♘  ♖  
7 ♙  ♙  .  ♘  ♙  ♙  ♙  ♙  
6 .  .  .  ♙  .  .  .  .  
5 .  ♝  ♙  .  .  .  .  .  
4 ♟  .  .  .  ♟  .  .  .  
3 .  .  .  .  .  ♞  .  .  
2 .  ♟  ♟  ♟  .  ♟  ♟  ♟  
1 ♜  ♞  ♝  ♛  ♚  .  .  ♜  
  a  b  c  d  e  f  g  h

===== 12196 ===== 
[e4, e5, Nf3, Nc6, Bc4, Nf6, d3, h6, O-O, d6, c3, Be7, a4, O-O, a5, Rb8, h3, b5, axb6] ...
axb6 Gives us inValid move: No such move for piece found: []
8 .  ♖  ♗  ♕  .  ♖  ♔  .  
7 ♙  .  ♙  .  ♗  ♙  ♙  .  
6 .  .  ♘  ♙  .  ♘  .  ♙  
5 ♟  ♙  .  .  ♙  .  .  .  
4 .  .  ♝  .  ♟  .  .  .  
3 .  .  ♟  ♟  .  ♞  .  ♟  
2 .  ♟  .  .  .  ♟  ♟  .  
1 ♜  ♞  ♝  ♛  .  ♜  ♚  .  
  a  b  c  d  e  f  g  h

===== 12198 ===== 
[e4, c5, c3, Nf6, e5, Nd5, Nf3, Nc6, d4, cxd4, Bc4, Nb6, Bb3, d5, exd6] ...
exd6 Gives us inValid move: No such move for piece found: []
8 ♖  .  ♗  ♕  ♔  ♗  .  ♖  
7 ♙  ♙  .  .  ♙  ♙  ♙  ♙  
6 .  ♘  ♘  .  .  .  .  .  
5 .  .  .  ♙  ♟  .  .  .  
4 .  .  .  ♙  .  .  .  .  
3 .  ♝  ♟  .  .  ♞  .  .  
2 ♟  ♟  .  .  .  ♟  ♟  ♟  
1 ♜  ♞  ♝  ♛  ♚  .  .  ♜  
  a  b  c  d  e  f  g  h

===== 12212 ===== 
[e4, e5, Nf3, Nc6, Bc4, Nf6, Ng5, d5, exd5, Nxd5, Nxf7, Kxf7, Qf3+, Ke6, Nc3, Ne7] ...
Ne7 Gives us inValid move: more than one valid move, The notation is disambiguous
8 ♖  .  ♗  ♕  .  ♗  .  ♖  
7 ♙  ♙  ♙  .  .  .  ♙  ♙  
6 .  .  ♘  .  ♔  .  .  .  
5 .  .  .  ♘  ♙  .  .  .  
4 .  .  ♝  .  .  .  .  .  
3 .  .  ♞  .  .  ♛  .  .  
2 ♟  ♟  ♟  ♟  .  ♟  ♟  ♟  
1 ♜  .  ♝  .  ♚  .  .  ♜  
  a  b  c  d  e  f  g  h

===== 12214 ===== 
[e4, c5, Nf3, d6, Bc4, Nf6, d3, e6, O-O, Nc6, Re1, Be7, Bb3, O-O, c3, a6, d4, d5, e5, Ne4, Nbd2, Nxd2, Bxd2, cxd4, cxd4, Bd7, Bc2, Rc8, g3, Na5, h4, Nc4, Bc1, Qb6, Rb1, h6, Qd3, f5, exf6] ...
exf6 Gives us inValid move: No such move for piece found: []
8 .  .  ♖  .  .  ♖  ♔  .  
7 .  ♙  .  ♗  ♗  .  ♙  .  
6 ♙  ♕  .  .  ♙  .  .  ♙  
5 .  .  .  ♙  ♟  ♙  .  .  
4 .  .  ♘  ♟  .  .  .  ♟  
3 .  .  .  ♛  .  ♞  ♟  .  
2 ♟  ♟  ♝  .  .  ♟  .  .  
1 .  ♜  ♝  .  ♜  .  ♚  .  
  a  b  c  d  e  f  g  h

===== 12243 ===== 
[e4, g6, d4, Bg7, Nf3, d6, Bc4, Nf6, Qe2, O-O, O-O, Bg4, h3, Bxf3, Qxf3, Nc6, c3, e5, Be3, Nh5, Rd1, Kh8, Bd5, Qe8, Na3, a6, Nc4, exd4, cxd4, Nf6, Bxc6, Qxc6, Nd2, Rae8, d5, Qb5, Bd4, Nh5, Bxg7+, Nxg7, Qc3, Re7, Qf6, Rfe8, Rac1, Kg8, g4, Qe2, Kg2, h5, Qf3, Qb5, b3, Qd7, g5, Re5, h4, c5, dxc6] ...
dxc6 Gives us inValid move: No such move for piece found: []
8 .  .  .  .  ♖  .  ♔  .  
7 .  ♙  .  ♕  .  ♙  ♘  .  
6 ♙  .  .  ♙  .  .  ♙  .  
5 .  .  ♙  ♟  ♖  .  ♟  ♙  
4 .  .  .  .  ♟  .  .  ♟  
3 .  ♟  .  .  .  ♛  .  .  
2 ♟  .  .  ♞  .  ♟  ♚  .  
1 .  .  ♜  ♜  .  .  .  .  
  a  b  c  d  e  f  g  h

===== 12242 ===== 
[d4, Nf6, c4, e6, g3, Bb4+, Nd2, d5, Bg2, O-O, Nf3] ...
Nf3 Gives us inValid move: more than one valid move, The notation is disambiguous
8 ♖  ♘  ♗  ♕  .  ♖  ♔  .  
7 ♙  ♙  ♙  .  .  ♙  ♙  ♙  
6 .  .  .  .  ♙  ♘  .  .  
5 .  .  .  ♙  .  .  .  .  
4 .  ♗  ♟  ♟  .  .  .  .  
3 .  .  .  .  .  .  ♟  .  
2 ♟  ♟  .  ♞  ♟  ♟  ♝  ♟  
1 ♜  .  ♝  ♛  ♚  .  ♞  ♜  
  a  b  c  d  e  f  g  h

===== 12255 ===== 
[d4, Nf6, Nf3, b6, c4, Bb7, Nc3, g6, d5, d6, e4, Bg7, Be2, Nbd7, O-O, Nc5, Qc2, a5, Be3, O-O, Rad1, Qc8, Rfe1, e5, dxe6] ...
dxe6 Gives us inValid move: No such move for piece found: []
8 ♖  .  ♕  .  .  ♖  ♔  .  
7 .  ♗  ♙  .  .  ♙  ♗  ♙  
6 .  ♙  .  ♙  .  ♘  ♙  .  
5 ♙  .  ♘  ♟  ♙  .  .  .  
4 .  .  ♟  .  ♟  .  .  .  
3 .  .  ♞  .  ♝  ♞  .  .  
2 ♟  ♟  ♛  .  ♝  ♟  ♟  ♟  
1 .  .  .  ♜  ♜  .  ♚  .  
  a  b  c  d  e  f  g  h

===== 12286 ===== 
[d4, d5, Nf3, Nf6, e3, Bf5, c4, c6, Nc3, e6, Nh4, Be4, f3, Bg6, Qb3, Qc7, Bd2, a5, cxd5, Nxd5, g3, Nd7, e4, Nxc3, bxc3, b5, a3, Be7, Nxg6, hxg6, Kf2, Rb8, Be2, g5, Be3, Nb6, Kg2, Kf8, Rhf1, Kg8, Rf2, Nd7, f4, gxf4, Bxf4, Bd6, e5, Be7, Bg4, a4, Qa2, Nf8, Raf1, Rh7, h4, Qd8, Be3, g5, h5, Qd5+, Bf3, Qxa2, Rxa2, Rc8, g4, f5, exf6] ...
exf6 Gives us inValid move: No such move for piece found: []
8 .  .  ♖  .  .  ♘  ♔  .  
7 .  .  .  .  ♗  .  .  ♖  
6 .  .  ♙  .  ♙  .  .  .  
5 .  ♙  .  .  ♟  ♙  ♙  ♟  
4 ♙  .  .  ♟  .  .  ♟  .  
3 ♟  .  ♟  .  ♝  ♝  .  .  
2 ♜  .  .  .  .  .  ♚  .  
1 .  .  .  .  .  ♜  .  .  
  a  b  c  d  e  f  g  h

===== 12301 ===== 
[e4, e5, Bc4, Nf6, d3, c6, Nf3, d5, Bb3, a5, a4, Bb4+, c3, Bd6, exd5, cxd5, Bg5, Be6, Na3, Nc6, Nb5, Bb8, Qe2, O-O, O-O-O, Re8, Rhe1, h6, Bh4, d4, Qc2, Bxb3, Qxb3, Ba7, Kb1, dxc3, bxc3, Bb6, Nd2, Bc5, Bxf6, Qxf6, Nc7, Qg6, Ne4, Be7, Re3, Kh8, Nxa8, Rxa8, Rg3, Qh5, Rf3, Rf8, Ng3, Qg6, Nf5, Bg5, g4, Bf4, h3, Rb8, Kc2, Na7, Qd5, f6, Rb1, Qe8, Qxa5, Nc6, Qc7, Qg8, Rb3, Rc8, Qxb7, Na5, Ne7, Nxb7, Nxg8, Rc7, Nxf6, gxf6, d4, Kg7, Rb5, Nd6, Rc5, Ra7, a5, Ne4, Rb5, Ng5, Rd3, e4, Rd1, Nxh3, Rf1, Kg6, c4, Bc7, Ra1, Nxf2, a6, Bf4, Rb7, Ra8, Re7, Nxg4, Rxe4, Kf5, Re7, h5, a7, h4, Rh7, Bg3, Kc3, Kg6, Rb7, h3, c5, h2, c6, Nf2, c7, Bxc7, Rxc7, h1=Q, Rxh1] ...
Rxh1 Gives us inValid move: Invalid Rook move
8 ♖  .  .  .  .  .  .  .  
7 ♟  .  ♜  .  .  .  .  .  
6 .  .  .  .  .  ♙  ♔  .  
5 .  .  .  .  .  .  .  .  
4 .  .  .  ♟  .  .  .  .  
3 .  .  ♚  .  .  .  .  .  
2 .  .  .  .  .  ♘  .  ♙  
1 ♜  .  .  .  .  .  .  .  
  a  b  c  d  e  f  g  h

===== 12318 ===== 
[e4, c5, Nf3, e6, d4, cxd4, Nxd4, a6, Nc3, b5, Bd3, Bb7, O-O, Nc6, Nxc6, Bxc6, Re1, Bd6, e5, Bc7, a4, b4, Qg4, Ne7, Qxb4, Ng6, Qg4, Qb8, f4, O-O, Ne4, f5, exf6] ...
exf6 Gives us inValid move: No such move for piece found: []
8 ♖  ♕  .  .  .  ♖  ♔  .  
7 .  .  ♗  ♙  .  .  ♙  ♙  
6 ♙  .  ♗  .  ♙  .  ♘  .  
5 .  .  .  .  ♟  ♙  .  .  
4 ♟  .  .  .  ♞  ♟  ♛  .  
3 .  .  .  ♝  .  .  .  .  
2 .  ♟  ♟  .  .  .  ♟  ♟  
1 ♜  .  ♝  .  ♜  .  ♚  .  
  a  b  c  d  e  f  g  h

===== 12330 ===== 
[d4, d5, c4, e6, Nf3, Nf6, Nc3, c6, g3, dxc4, Bg2, Nbd7, a4, Be7, O-O, O-O, a5, Nd5, h4, Bb4, Bg5, N7f6, Qc2, Bxa5, e4, Bxc3, bxc3, Ne7, Ne5, b5, Qc1, Kh8, Qf4, Neg8, Nxc6, Qb6, Qd6, Bb7, e5, Bxc6, Bxc6, Rad8, Qc5, Qxc5, dxc5, h6, Bc1, Nd5, Bxb5, Nxc3, Bxc4, Rd4, Ba6, Nd5, c6, Nge7, Ba3, Re8, Rfc1, Nc7, Bf1, Ned5, Bc5, Rd2, Rxa7, Rc8, Bd6, f5, exf6] ...
exf6 Gives us inValid move: No such move for piece found: []
8 .  .  ♖  .  .  .  .  ♔  
7 ♜  .  ♘  .  .  .  ♙  .  
6 .  .  ♟  ♝  ♙  .  .  ♙  
5 .  .  .  ♘  ♟  ♙  .  .  
4 .  .  .  .  .  .  .  ♟  
3 .  .  .  .  .  .  ♟  .  
2 .  .  .  ♖  .  ♟  .  .  
1 .  .  ♜  .  .  ♝  ♚  .  
  a  b  c  d  e  f  g  h

===== 12335 ===== 
[e4, c5, Nf3, g6, d4, cxd4, Nxd4, Bg7, c4, Nc6, Be3, Qb6, Nb5, Qa5+, N5c3, Qb4, Qc1, d6, Nd2, Be6, Be2, Bd4, Bxd4, Nxd4, Bd3, Rc8, O-O, Nf6, Re1, Ng4, h3, Ne5, Bf1, O-O, a3, Qb6, Nd5, Bxd5, exd5, e6, Ne4, f5, c5, dxc5, Ng5, Qd6, Qe3, Nf7, Nxe6, Rfe8, Bc4, Nd8, Rad1, N8xe6, dxe6, Re7, b4, b6, bxc5, bxc5, h4, f4, Qe4, Kg7, Rb1, Nf5, Red1, Nd4, h5, Kf6, Re1, Rce8, Rbd1, gxh5, Rd3, Rg8, Rh3, Rg5, Rh4, f3, Rf4+, Kg7, g3, h4, Rxh4, Rxg3+, Kh1, Rg6, Rg1, Rxe6] ...
Rxe6 Gives us inValid move: more than one valid move, The notation is disambiguous
8 .  .  .  .  .  .  .  .  
7 ♙  .  .  .  ♖  .  ♔  ♙  
6 .  .  .  ♕  ♟  .  ♖  .  
5 .  .  ♙  .  .  .  .  .  
4 .  .  ♝  ♘  ♛  .  .  ♜  
3 ♟  .  .  .  .  ♙  .  .  
2 .  .  .  .  .  ♟  .  .  
1 .  .  .  .  .  .  ♜  ♚  
  a  b  c  d  e  f  g  h

===== 12334 ===== 
[d4, Nf6, c4, g6, h4, Bg7, Nc3, d6, e4, Nc6, Nge2, O-O, f3, e5, d5, Nd4, Be3, c5, dxc6] ...
dxc6 Gives us inValid move: No such move for piece found: []
8 ♖  .  ♗  ♕  .  ♖  ♔  .  
7 ♙  ♙  .  .  .  ♙  ♗  ♙  
6 .  .  .  ♙  .  ♘  ♙  .  
5 .  .  ♙  ♟  ♙  .  .  .  
4 .  .  ♟  ♘  ♟  .  .  ♟  
3 .  .  ♞  .  ♝  ♟  .  .  
2 ♟  ♟  .  .  ♞  .  ♟  .  
1 ♜  .  .  ♛  ♚  ♝  .  ♜  
  a  b  c  d  e  f  g  h

===== 12333 ===== 
[b3, e5, Bb2, Nc6, e3, g6, d4, exd4, Nf3, Bb4+, Nbd2, Nf6, Nxd4, Ne4, Nf3] ...
Nf3 Gives us inValid move: more than one valid move, The notation is disambiguous
8 ♖  .  ♗  ♕  ♔  .  .  ♖  
7 ♙  ♙  ♙  ♙  .  ♙  .  ♙  
6 .  .  ♘  .  .  .  ♙  .  
5 .  .  .  .  .  .  .  .  
4 .  ♗  .  ♞  ♘  .  .  .  
3 .  ♟  .  .  ♟  .  .  .  
2 ♟  ♝  ♟  ♞  .  ♟  ♟  ♟  
1 ♜  .  .  ♛  ♚  ♝  .  ♜  
  a  b  c  d  e  f  g  h

===== 12372 ===== 
[Nf3, c5, e3, Nf6, d4, g6, d5, Bg7, Nc3, O-O, e4, d6, Be2, Bg4, O-O, Bxf3, Bxf3, Nbd7, a4, Ne8, Be2, Nc7, Bf4, Rb8, Qd2, Re8, Bh6, Bh8, Ra3, a6, a5, b5, axb6] ...
axb6 Gives us inValid move: No such move for piece found: []
8 .  ♖  .  ♕  ♖  .  ♔  ♗  
7 .  .  ♘  ♘  ♙  ♙  .  ♙  
6 ♙  .  .  ♙  .  .  ♙  ♝  
5 ♟  ♙  ♙  ♟  .  .  .  .  
4 .  .  .  .  ♟  .  .  .  
3 ♜  .  ♞  .  .  .  .  .  
2 .  ♟  ♟  ♛  ♝  ♟  ♟  ♟  
1 .  .  .  .  .  ♜  ♚  .  
  a  b  c  d  e  f  g  h

===== 12374 ===== 
[e4, d6, d4, Nf6, Nc3, e5, dxe5, dxe5, Qxd8+, Kxd8, Bc4, Ke8, f4, Nc6, Nf3, Bb4, Bd3, Be6, f5, Bxf5, exf5, e4, Bg5, exd3, Bxf6, gxf6, O-O-O, Bxc3, bxc3, dxc2, Rhe1+, Ne7, Rd3, Rd8, Rde3, Rd1+, Rxd1, cxd1=Q+, Kxd1] ...
Kxd1 Gives us inValid move: Invalid Rook move
8 .  .  .  .  ♔  .  .  ♖  
7 ♙  ♙  ♙  .  ♘  ♙  .  ♙  
6 .  .  .  .  .  ♙  .  .  
5 .  .  .  .  .  ♟  .  .  
4 .  .  .  .  .  .  .  .  
3 .  .  ♟  .  ♜  ♞  .  .  
2 ♟  .  ♙  .  .  .  ♟  ♟  
1 .  .  ♚  ♜  .  .  .  .  
  a  b  c  d  e  f  g  h

===== 12394 ===== 
[d4, Nf6, Nc3, d5, Bf4, a6, e3, e6, a3, c5, Nf3, b5, dxc5, Bxc5, Bd3, Bb7, O-O, Nbd7, Qe2, Qe7, e4, d4, Nb1, e5, Bg3, Nh5, Nbd2, Nxg3, fxg3, O-O, g4, g6, Kh1, Nf6, h3, h5, Nh2, Bc8, Qf2, Kg7, b4, Bd6, g5, Nh7, h4, f6, gxf6+, Nxf6, Qg3, Bd7, Ndf3, a5, Rab1, axb4, axb4, Ra4, Qg5, Re8, Nxd4, exd4, e5, Ne4, Qxe7+, Bxe7, Bxe4, Bxh4, Bd5, Re7, Nf3, Bg3, Nxd4, Bxe5, Nc6, Bxc6, Bxc6, Ra2, Bxb5, Rxc2, Rfe1, Kf6, Bd3, Rc3, Re3, Rd7, Rf1+, Kg7, Rxe5, Rdxd3, b5, Rb3, Rf2, Kh6, Kh2, Rb1, Rf6, Rb4, Ree6, Rh4+, Kg1, Rg4, b6, Rb3, Kh2, Rb2, Kh1, Rgxg2, b7, Rg4, Rf7, Rc4, Re1, Rcb4, Kg1, Rxb7, Rf8, Rb1, Rh8+, Kg5, Re8] ...
Re8 Gives us inValid move: more than one valid move, The notation is disambiguous
8 .  .  .  .  .  .  .  ♜  
7 .  ♖  .  .  .  .  .  .  
6 .  .  .  .  .  .  ♙  .  
5 .  .  .  .  .  .  ♔  ♙  
4 .  .  .  .  .  .  .  .  
3 .  .  .  .  .  .  .  .  
2 .  .  .  .  .  .  .  .  
1 .  ♖  .  .  ♜  .  ♚  .  
  a  b  c  d  e  f  g  h

===== 12399 ===== 
[e4, c5, Nf3, d6, Bb5+, Bd7, Bxd7+, Qxd7, c4, Nc6, d4, cxd4, Nxd4, g6, Nc3, Bg7, Be3, Nf6, h3, O-O, O-O, Rac8, b3, b6, Rc1, Rfe8, Re1, Qb7, Nxc6, Qxc6, Bd4, Nd7, Bxg7, Kxg7, Nd5, Nf6, Qd2, Nxd5, exd5, Qd7, Rc3, e5, dxe6] ...
dxe6 Gives us inValid move: No such move for piece found: []
8 .  .  ♖  .  ♖  .  .  .  
7 ♙  .  .  ♕  .  ♙  ♔  ♙  
6 .  ♙  .  ♙  .  .  ♙  .  
5 .  .  .  ♟  ♙  .  .  .  
4 .  .  ♟  .  .  .  .  .  
3 .  ♟  ♜  .  .  .  .  ♟  
2 ♟  .  .  ♛  .  ♟  ♟  .  
1 .  .  .  .  ♜  .  ♚  .  
  a  b  c  d  e  f  g  h

===== 12418 ===== 
[Nf3, c5, e3, Nc6, Bb5, Nf6, O-O, a6, Bxc6, dxc6, a4, Bg4, h3, Bh5, d3, Nd7, e4, e5, a5, Bd6, Nbd2, Bc7, Nc4, f6, b3, Nf8, Bd2, Ne6, Ne3, O-O, Nf5, Kh8, Ng3, Bf7, Kh1, Qd7, Be3, Rad8, Nd2, g6, Nc4, Qe7, Bd2, Nd4, Ne2, f5, Nxd4, cxd4, f3, f4, Qe2, Be6, Kg1, Rf7, Qe1, g5, Kf2, h5, Ke2, Rh7, Rh1, Rg8, Kd1, g4, hxg4, hxg4, Kc1, g3, Kb2, Rg7] ...
Rg7 Gives us inValid move: more than one valid move, The notation is disambiguous
8 .  .  .  .  .  .  ♖  ♔  
7 .  ♙  ♗  .  ♕  .  .  ♖  
6 ♙  .  ♙  .  ♗  .  .  .  
5 ♟  .  .  .  ♙  .  .  .  
4 .  .  ♞  ♙  ♟  ♙  .  .  
3 .  ♟  .  ♟  .  ♟  ♙  .  
2 .  ♚  ♟  ♝  .  .  ♟  .  
1 ♜  .  .  .  ♛  .  .  ♜  
  a  b  c  d  e  f  g  h

===== 12417 ===== 
[e4, e5, Nf3, Nc6, Bb5, a6, Ba4, Nf6, Nc3, Be7, O-O, b5, Bb3, O-O, d3, d6, a4, Rb8, axb5, axb5, h3, h6, Re1, Re8, Ne2, Bf8, Ng3, Be6, c3, Bxb3, Qxb3, d5, Be3, Qd7, Ra6, Re6, Rea1, b4, c4, d4, Bd2, Qe8, Qa4, g6, Ne2, Nh7, Nc1, f5, exf5, gxf5, Nb3, Rd8, Re1, e4, Bf4, exf3, Rxe6, Qxe6, Qxc6, Qe1+, Kh2, Qxf2, Qxf3, Qxf3, gxf3, Re8, Nxd4, Bg7, Nxf5, Bxb2, Nxh6+, Kf8, Bxc7, Re2+, Kg3, b3, Rb6, Bc1, Bd6+, Ke8, Nf5, b2, c5, Nf6, c6, Nd5, Rb8+, Kf7, c7, Rc2, Nd4, Rc3, Rb7, Ke8, Be5, Kd7, Nf5, Rc2, c8=Q+, Kxc8] ...
Kxc8 Gives us inValid move: Pawn can move diagonally only when capturing
8 .  .  .  .  .  .  .  .  
7 .  ♜  ♟  ♔  .  .  .  .  
6 .  .  .  .  .  .  .  .  
5 .  .  .  ♘  ♝  ♞  .  .  
4 .  .  .  .  .  .  .  .  
3 .  .  .  ♟  .  ♟  ♚  ♟  
2 .  ♙  ♖  .  .  .  .  .  
1 .  .  ♗  .  .  .  .  .  
  a  b  c  d  e  f  g  h

===== 12421 ===== 
[g3, Nf6, Bg2, g6, Nh3, Bg7, f4, d5, Nf2, c5, d3, d4, c4, O-O, O-O, Nc6, Nd2, Qc7, a3, a5, Rb1, a4, b4, axb3] ...
axb3 Gives us inValid move: No such move for piece found: []
8 ♖  .  ♗  .  .  ♖  ♔  .  
7 .  ♙  ♕  .  ♙  ♙  ♗  ♙  
6 .  .  ♘  .  .  ♘  ♙  .  
5 .  .  ♙  .  .  .  .  .  
4 ♙  ♟  ♟  ♙  .  ♟  .  .  
3 ♟  .  .  ♟  .  .  ♟  .  
2 .  .  .  ♞  ♟  ♞  ♝  ♟  
1 .  ♜  ♝  ♛  .  ♜  ♚  .  
  a  b  c  d  e  f  g  h

===== 12423 ===== 
[e4, c5, Nf3, e6, d4, cxd4, Nxd4, Nc6, Nc3, Qc7, Be2, a6, O-O, Nxd4, Qxd4, b5, a3, Bb7, Be3, Qd6, Rfd1, Qxd4, Bxd4, Rc8, f3, Ne7, Be3, f5, Bd3, g6, Bd4, Rg8, a4, b4, Ne2, Nc6, Be3, Ne5, Bd4, Bc5, Bxc5, Rxc5, Nd4, fxe4, fxe4, Ke7, Nb3, Rc7, Na5, Ba8, Rd2, g5, Re1, h5, Bxa6, Ra7, Nc4, Nxc4, Bxc4, Rxa4, Bb5, Ra7, c4, bxc3] ...
bxc3 Gives us inValid move: No such move for piece found: []
8 ♗  .  .  .  .  .  ♖  .  
7 ♖  .  .  ♙  ♔  .  .  .  
6 .  .  .  .  ♙  .  .  .  
5 .  ♝  .  .  .  .  ♙  ♙  
4 .  ♙  ♟  .  ♟  .  .  .  
3 .  .  .  .  .  .  .  .  
2 .  ♟  .  ♜  .  .  ♟  ♟  
1 .  .  .  .  ♜  .  ♚  .  
  a  b  c  d  e  f  g  h

===== 12427 ===== 
[e4, e6, d4, d5, Nc3, Bb4, e5, c5, a3, Bxc3+, bxc3, Nc6, h4, Qa5, Bd2, Nge7, h5, h6, a4, c4, Ne2, Bd7, g3, Nc8, Bc1, Nb6, Ba3, Nxa4, Bd6, b5, Bg2, Qb6, O-O, Ne7, Qd2, a5, g4, Nc8, Ba3, Qd8, f4, Ncb6, Qe3, Qh4, Bf3, O-O-O, Kg2, Rdg8, g5, hxg5, Rh1, gxf4, Nxf4, Qd8, Bd6, Bc6, Kf2, Kb7, Rag1, Nc8, Ba3, Ne7, Bg4, Rh6, Ke2, Rgh8, Rh3, g5, hxg6] ...
hxg6 Gives us inValid move: No such move for piece found: []
8 .  .  .  ♕  .  .  .  ♖  
7 .  ♔  .  .  ♘  ♙  .  .  
6 .  .  ♗  .  ♙  .  .  ♖  
5 ♙  ♙  .  ♙  ♟  .  ♙  ♟  
4 ♘  .  ♙  ♟  .  ♞  ♝  .  
3 ♝  .  ♟  .  ♛  .  .  ♜  
2 .  .  ♟  .  ♚  .  .  .  
1 .  .  .  .  .  .  ♜  .  
  a  b  c  d  e  f  g  h

===== 12454 ===== 
[h4, e5, c4, Nc6, Nf3, Nf6, Nc3, Bc5, e3, d6, d4, exd4, exd4, Bb4, Bd3, O-O, Qc2, Bg4, Be3, d5, O-O-O, Bxc3, bxc3, dxc4, Bxc4, Qe7, Rhe1, Qa3+, Qb2, Qxb2+, Kxb2, b5, Bd3, Rab8, d5, Nxd5, Bxh7+, Kxh7, Rxd5, f6, Bf4, Na5, Nd2, Nc4+, Nxc4, bxc4+, Ka3, Rfd8, Rxd8, Rxd8, Re4, Rd5, Bxc7, Bf5, Rxc4, Be6, Rc6, Bf7, Bg3, Ra5+, Kb4, Rxa2, c4, a5+, Kc5, Rc2, Kd4, a4, Rc7, Be6, Re7, Bxc4, Rc7, Bb3, Ra7, Rc4+, Kd3, Rc1, Bf4, Rd1+, Kc3, Rd8, g3, Rc8+, Kb4, Rc4+, Ka3, Rc2, Be3, Ra2+, Kb4, Kg8, h5, Bd1, Ra5, Rb2+, Kc3, Rc2+, Kd3, Rc8, Ke4, Re8+, Kf4, Re5, Ra8+, Kf7, g4, Rb5, Ra7+, Kg8, Kg3, Rb4, f3, Rb3, Kf2, a3, g5, fxg5, Bd4, Rxf3+, Ke1, Rd3, Rxg7+, Kf8, Rd7, Ke8, Rd5, a2, Re5+, Kf7, Ba1, Bxh5, Kf2, Rd1, Re1, Rxe1, Kxe1, Ke6, Kd2, Kf5, Kc1, Bf7, Bd4, Ke4, Bf6, g4, Kb2, g3, Bh4, g2, Bf2, Kf3, Bg1, Ke2, Ka1, Kf1, Ba7, Bd5, Bb6, Be6, Ba7, g1=Q, Bxg1] ...
Bxg1 Gives us inValid move: Pawn can move diagonally only when capturing
8 .  .  .  .  .  .  .  .  
7 ♝  .  .  .  .  .  .  .  
6 .  .  .  .  ♗  .  .  .  
5 .  .  .  .  .  .  .  .  
4 .  .  .  .  .  .  .  .  
3 .  .  .  .  .  .  .  .  
2 ♙  .  .  .  .  .  ♙  .  
1 ♚  .  .  .  .  ♔  .  .  
  a  b  c  d  e  f  g  h

===== 12451 ===== 
[e4, c5, Nf3, Nc6, Bb5, Nf6, Bxc6, dxc6, d3, Bg4, h3, Bh5, g4, Bg6, Ne5, Nd7, Nxd7, Qxd7, f4, f6, Be3, e6, Nc3, O-O-O, Qe2, c4, O-O-O, Bb4, dxc4, Qc7, f5, Bf7, Bd2, exf5, gxf5, Rhe8, Rhg1, g5, fxg6] ...
fxg6 Gives us inValid move: No such move for piece found: []
8 .  .  ♔  ♖  ♖  .  .  .  
7 ♙  ♙  ♕  .  .  ♗  .  ♙  
6 .  .  ♙  .  .  ♙  .  .  
5 .  .  .  .  .  ♟  ♙  .  
4 .  ♗  ♟  .  ♟  .  .  .  
3 .  .  ♞  .  .  .  .  ♟  
2 ♟  ♟  ♟  ♝  ♛  .  .  .  
1 .  .  ♚  ♜  .  .  ♜  .  
  a  b  c  d  e  f  g  h

===== 12464 ===== 
[e4, e5, Nf3, Nc6, Bb5, a6, Ba4, Nf6, O-O, Be7, d3, b5, Bb3, O-O, Nc3, d6, a3, Rb8, h3, h6, Be3, Re8, Ne2, Bf8, c3, d5, Bc2, dxe4, dxe4, Qxd1, Rfxd1, Na5, b3, Be6, Nc1, Nd7, Nd2, c5, b4, Nb7, Nf3, Rec8, Bb3, c4, Bc2, a5, Ne2, Ra8, Nh4, Ra6, f4, exf4, Nxf4, Ne5, Nf3, Nxf3+, gxf3, Rca8, Rac1, axb4, axb4, Ra3, Bd4, Nd8, e5, g5, Nh5, Nc6, Be4, Nxd4, cxd4, Rd8, d5, Bxh3, d6, Bg7, Rd5, Bd7, Rc5, Bh8, Kf2, Kf8, Re1, Ra2+, Kg3, Re8, Nf6, Bxf6, exf6, Re6, Rc7, Rxd6, Rh1, Rxf6, Rxd7, Rb2, Rb1, Rxb1, Bxb1, Ra6, Rb7, c3, Rxb5, Ra1, Be4, Ra4, Kg4, Kg7, Rb6, Ra2, Rc6, Rb2, Rc4, Kf6, f4, gxf4, Kxf4, h5, Bd3, h4, b5, h3, Rxc3, h2, Rc6+, Ke7, Rh6, f6, Ke4, Ke6, Bc4+, Kd6, Kd4, Rf2, Bd3, Ke6, Be4, Rb2, Kc5, Ke5, Bc6, Rc2+, Kb6, f5, Kc7, f4, b6, f3, b7, f2, b8=Q, f1=Q, Qh8+] ...
Qh8+ Gives us inValid move: Pawn can move diagonally only when capturing
8 .  .  .  .  .  .  .  .  
7 .  ♟  ♚  .  .  .  .  .  
6 .  .  ♝  .  .  .  .  ♜  
5 .  .  .  .  ♔  .  .  .  
4 .  .  .  .  .  .  .  .  
3 .  .  .  .  .  .  .  .  
2 .  .  ♖  .  .  .  .  ♙  
1 .  .  .  .  .  ♕  .  .  
  a  b  c  d  e  f  g  h

===== 12463 ===== 
[Nf3, d5, g3, Nf6, Bg2, c5, O-O, Nc6, d3, g6, Bf4, Nh5, Bd2, Bg7, Qc1, O-O, Nc3, Nf6, e4, dxe4, dxe4, Bg4, h3, Bxf3, Bxf3, Nd7, Bg2, Nde5, Bh6, Nd4, Bxg7, Kxg7, f4, Nec6, Rf2, c4, Nd5, Qd6, c3, Ne6, e5, Qc5, b4, cxb3] ...
cxb3 Gives us inValid move: No such move for piece found: []
8 ♖  .  .  .  .  ♖  .  .  
7 ♙  ♙  .  .  ♙  ♙  ♔  ♙  
6 .  .  ♘  .  ♘  .  ♙  .  
5 .  .  ♕  ♞  ♟  .  .  .  
4 .  ♟  ♙  .  .  ♟  .  .  
3 .  .  ♟  .  .  .  ♟  ♟  
2 ♟  .  .  .  .  ♜  ♝  .  
1 ♜  .  ♛  .  .  .  ♚  .  
  a  b  c  d  e  f  g  h

===== 12467 ===== 
[e4, c5, Nf3, d6, d4, cxd4, Nxd4, Nf6, Nc3, a6, Be2, e5, Nb3, Be7, Bg5, Be6, Bxf6, Bxf6, Qd3, O-O, O-O-O, Be7, Nd5, Bxd5, Qxd5, Qb6, Rhf1, Nd7, Nd2, Bg5, Kb1, Nf6, Qb3, Qc7, Nc4, b5, Nxd6, Rad8, Qa3, Qc6, f3, g6, c4, b4, Qxb4, Be3, Nb7, Rb8, Na5, Qc7, Qa4, Rb6, Nb3, Bc5, Nxc5, Qxc5, Rd2, Rfb8, Rfd1, Kg7, Rc2, a5, a3, h5, h4, Rb3, Ka2, Qb6, Rdd2, Nd7, Qxd7, Rxa3+, Kb1, Qb3, Rd3, Qa2+, Kc1, Qa1+, Kd2, Ra2, b3, a4, Rxa2, Qxa2+, Ke3, axb3, Qc7, b2, Qxe5+, Kh7, Rd7, Rf8, Bd3, b1=Q, Bxb1] ...
Bxb1 Gives us inValid move: Pawn can move diagonally only when capturing
8 .  .  .  .  .  ♖  .  .  
7 .  .  .  ♜  .  ♙  .  ♔  
6 .  .  .  .  .  .  ♙  .  
5 .  .  .  .  ♛  .  .  ♙  
4 .  .  ♟  .  ♟  .  .  ♟  
3 .  .  .  ♝  ♚  ♟  .  .  
2 ♕  ♙  .  .  .  .  ♟  .  
1 .  .  .  .  .  .  .  .  
  a  b  c  d  e  f  g  h

===== 12477 ===== 
[d4, Nf6, c4, e6, Nc3, Bb4, e3, c5, Ne2] ...
Ne2 Gives us inValid move: more than one valid move, The notation is disambiguous
8 ♖  ♘  ♗  ♕  ♔  .  .  ♖  
7 ♙  ♙  .  ♙  .  ♙  ♙  ♙  
6 .  .  .  .  ♙  ♘  .  .  
5 .  .  ♙  .  .  .  .  .  
4 .  ♗  ♟  ♟  .  .  .  .  
3 .  .  ♞  .  ♟  .  .  .  
2 ♟  ♟  .  .  .  ♟  ♟  ♟  
1 ♜  .  ♝  ♛  ♚  ♝  ♞  ♜  
  a  b  c  d  e  f  g  h

===== 12486 ===== 
[d4, d5, Bf4, c5, e3, cxd4, exd4, Nc6, c3, f6, Bb5, Bf5, Ne2, e6, Nd2, Bd6, O-O, Ne7] ...
Ne7 Gives us inValid move: more than one valid move, The notation is disambiguous
8 ♖  .  .  ♕  ♔  .  ♘  ♖  
7 ♙  ♙  .  .  .  .  ♙  ♙  
6 .  .  ♘  ♗  ♙  ♙  .  .  
5 .  ♝  .  ♙  .  ♗  .  .  
4 .  .  .  ♟  .  ♝  .  .  
3 .  .  ♟  .  .  .  .  .  
2 ♟  ♟  .  ♞  ♞  ♟  ♟  ♟  
1 ♜  .  .  ♛  .  ♜  ♚  .  
  a  b  c  d  e  f  g  h

===== 12490 ===== 
[Nf3, c5, g3, Nc6, Bg2, g6, c4, Bg7, Nc3, d6, O-O, e6, e3, Nge7, d4, O-O, Rb1, cxd4, exd4, d5, b3, b6, Ba3, Ba6, Re1, Re8, cxd5, Nxd5, Nxd5, exd5, Qd2, Qd7, h4, h6, Ne5, Nxe5, dxe5, Rxe5, Rxe5, Bxe5, Qxh6, Bg7, Qg5, Re8, Qxd5, Qxd5, Bxd5, Re2, Rd1, Rxa2, Be7, Rc2, Bg5, Be2, Rd2, Rxd2, Bxd2, Bd4, Kg2, Kg7, b4, f6, Bc6, Be5, f3, Bd4, g4, f5, gxf5, gxf5, h5, Bc4, Bd7, Kf6, Kg3, Be5+, Kh4, f4, Kg4, Bd6, b5, a5, bxa6] ...
bxa6 Gives us inValid move: No such move for piece found: []
8 .  .  .  .  .  .  .  .  
7 .  .  .  ♝  .  .  .  .  
6 .  ♙  .  ♗  .  ♔  .  .  
5 ♙  ♟  .  .  .  .  .  ♟  
4 .  .  ♗  .  .  ♙  ♚  .  
3 .  .  .  .  .  ♟  .  .  
2 .  .  .  ♝  .  .  .  .  
1 .  .  .  .  .  .  .  .  
  a  b  c  d  e  f  g  h

===== 12495 ===== 
[d4, Nf6, Nf3, g6, Bg5, Bg7, Nbd2, h6, Bh4, d6, e4, g5, Bg3, Nh5, c3, e6, Nc4, Qe7, Ne3, Nd7, Nd2, Nxg3, hxg3, b6, a4, a6, Bd3, Bb7, Qe2, c5, d5, Ne5, Ndc4, exd5, exd5, Nxc4, Bxc4, Bc8, Bd3, Kd8, Bf5, Bb7, Bg4, Kc7, Nf5, Qxe2+, Kxe2, Rae8+, Kd2, Be5, Bf3, h5, Rae1, g4, Be4, Bc8, f4, gxf3] ...
gxf3 Gives us inValid move: No such move for piece found: []
8 .  .  ♗  .  ♖  .  .  ♖  
7 .  .  ♔  .  .  ♙  .  .  
6 ♙  ♙  .  ♙  .  .  .  .  
5 .  .  ♙  ♟  ♗  ♞  .  ♙  
4 ♟  .  .  .  ♝  ♟  ♙  .  
3 .  .  ♟  .  .  .  ♟  .  
2 .  ♟  .  ♚  .  .  ♟  .  
1 .  .  .  .  ♜  .  .  ♜  
  a  b  c  d  e  f  g  h

===== 12500 ===== 
[Nf3, Nf6, g3, d5, Bg2, c5, O-O, Nc6, d3, h6, Nbd2, e5, e4, d4, Nc4, Qc7, a4, Be6, Nfd2, g5, Qe2, Rg8, a5, Be7, Nb3, h5, f4, gxf4, gxf4, Bg4, Qd2, Bh3, Rf2, Qd7, f5, O-O-O, Kh1, Bxg2+, Rxg2, Rxg2, Qxg2, Rg8, Qf3, Qd8, Bd2, Kc7, Be1, Ng4, h3, Bh4, f6, Bxe1, Rxe1, Nxf6, Rf1, Nd7, Qxh5, Rh8, Qg4, Qe7, Kh2, f6, Rg1, b5, axb6+] ...
axb6+ Gives us inValid move: No such move for piece found: []
8 .  .  .  .  .  .  .  ♖  
7 ♙  .  ♔  ♘  ♕  .  .  .  
6 .  .  ♘  .  .  ♙  .  .  
5 ♟  ♙  ♙  .  ♙  .  .  .  
4 .  .  ♞  ♙  ♟  .  ♛  .  
3 .  ♞  .  ♟  .  .  .  ♟  
2 .  ♟  ♟  .  .  .  .  ♚  
1 .  .  .  .  .  .  ♜  .  
  a  b  c  d  e  f  g  h

===== 12502 ===== 
[e4, e5, Nf3, Nc6, Nc3, Nf6, d4, exd4, Nxd4, Bb4, Nxc6, bxc6, Bd3, d5, exd5, O-O, O-O, Bg4, Ne2, cxd5, h3, Bh5, c4, dxc4, Bxc4, Qe7, Qb3, Bxe2, Bxe2, Qxe2, Qxb4, Rfe8, Qb7, Qe5, Bd2, Reb8, Bc3, Rxb7, Bxe5, Nd5, Rfd1, c6, Rac1, f6, Bd4, Rd8, Kf1, Rbd7, Ke1, Nf4, g3, Rxd4, Rxd4, Rxd4, gxf4, Rxf4, Rxc6, a5, Kf1, Kf7, Rc5, a4, Rb5, g5, Kg2, Kg6, Rb8, Rd4, Rb7, h6, Rb6, h5, Rb8, Kf5, Rb6, Ke5, b3, h4, a3, axb3, Rxb3, Ra4, Rb5+, Ke6, Rb6+, Kf5, Rb5+, Kg6, Rb3, Ra5, Rc3, f5, Rb3, Kf6, Rc3, Kg6, Rb3, Kh5, Rc3, g4, hxg4+, fxg4, Rc8, h3+, Kh2, Rf5, Kg1, Rb5, Rh8+, Kg5, Rg8+, Kf4, Rf8+, Ke4, Re8+, Re5, Rxe5+, Kxe5, a4, Ke4, a5, Kd5, Kh2, Kc6, a6, Kb6, f3, gxf3, Kxh3, f2, Kg2, f1=R, Kxf1] ...
Kxf1 Gives us inValid move: Pawn can move diagonally only when capturing
8 .  .  .  .  .  .  .  .  
7 .  .  .  .  .  .  .  .  
6 ♟  ♔  .  .  .  .  .  .  
5 .  .  .  .  .  .  .  .  
4 .  .  .  .  .  .  .  .  
3 .  .  .  .  .  .  .  .  
2 .  .  .  .  .  ♙  ♚  .  
1 .  .  .  .  .  .  .  .  
  a  b  c  d  e  f  g  h

===== 12519 ===== 
[e4, e5, Nf3, Nc6, Bb5, a6, Ba4, Nf6, O-O, Nxe4, d4, b5, Bb3, d5, dxe5, Be6, Qe2, Be7, Rd1, O-O, c3, f5, exf6] ...
exf6 Gives us inValid move: No such move for piece found: []
8 ♖  .  .  ♕  .  ♖  ♔  .  
7 .  .  ♙  .  ♗  .  ♙  ♙  
6 ♙  .  ♘  .  ♗  .  .  .  
5 .  ♙  .  ♙  ♟  ♙  .  .  
4 .  .  .  .  ♘  .  .  .  
3 .  ♝  ♟  .  .  ♞  .  .  
2 ♟  ♟  .  .  ♛  ♟  ♟  ♟  
1 ♜  ♞  ♝  ♜  .  .  ♚  .  
  a  b  c  d  e  f  g  h

===== 12527 ===== 
[e4, c5, c3, Nf6, e5, Nd5, Nf3, e6, d4, cxd4, Bc4, Nb6, Bb3, dxc3, Nxc3, d5, exd6] ...
exd6 Gives us inValid move: No such move for piece found: []
8 ♖  ♘  ♗  ♕  ♔  ♗  .  ♖  
7 ♙  ♙  .  .  .  ♙  ♙  ♙  
6 .  ♘  .  .  ♙  .  .  .  
5 .  .  .  ♙  ♟  .  .  .  
4 .  .  .  .  .  .  .  .  
3 .  ♝  ♞  .  .  ♞  .  .  
2 ♟  ♟  .  .  .  ♟  ♟  ♟  
1 ♜  .  ♝  ♛  ♚  .  .  ♜  
  a  b  c  d  e  f  g  h

===== 12556 ===== 
[d4, Nf6, c4, g6, Nc3, Bg7, e4, d6, Nf3, O-O, h3, e5, d5, a5, g4, Na6, Be3, Nd7, a3, c6, Rg1, Rb8, Nd2, Ndc5, Rb1, Nd7, Qf3, Ndc5, Qd1, Ra8, Rg3, Kh8, b4, axb4, axb4, Nd7, Ra1, Rb8, Rxa6, bxa6, dxc6, Nb6, Qa1, Qc7, c5, dxc5, bxc5, Na8, Qa4, Qa7, Nc4, Be6, Bd3, Rfd8, Ke2, Nc7, Nb6, Bf6, Bc4, Bxc4+, Qxc4, Ne6, Ncd5, Bg7, Rf3, Re8, c7, Rb7, c8=Q, Rxc8] ...
Rxc8 Gives us inValid move: Invalid Rook move
8 .  .  .  .  ♖  .  .  ♔  
7 ♕  ♖  ♟  .  .  ♙  ♗  ♙  
6 ♙  ♞  .  .  ♘  .  ♙  .  
5 .  .  ♟  ♞  ♙  .  .  .  
4 .  .  ♛  .  ♟  .  ♟  .  
3 .  .  .  .  ♝  ♜  .  ♟  
2 .  .  .  .  ♚  ♟  .  .  
1 .  .  .  .  .  .  .  .  
  a  b  c  d  e  f  g  h

===== 12588 ===== 
[e4, c5, Nc3, Nc6, Bb5, Nd4, a4, a6, Be2, g6, Nf3, Bg7, d3, e6, Nxd4, cxd4, Nb1, Ne7, Nd2, d5, b3, dxe4, Nxe4, f5, Nd2, Nd5, Nc4, O-O, O-O, e5, Bb2, Be6, Bf3, Qc7, Re1, Bf7, a5, Rad8, Qd2, Rfe8, g3, h6, Bg2, Kh7, Ra4, Re7, Re2, g5, Qe1, Be8, Ra1, Bh5, Bh3, Bg6, Bg2, Bh5, Bh3, Kg6, Rd2, Bf3, Qf1, Qc6, Bg2, Nc7, Bxf3, Qxf3, Re1, Nb5, Rde2, Rde8, Nd2, Qc6, Nc4, Qf3, Qg2, g4, Nd2, Qxg2+, Kxg2, h5, f3, Bf6, h3, gxf3+, Kxf3, h4, g4, e4+, dxe4, fxg4+, Kxg4, Rf7, Rf2, Rg8, Rf5, Nd6, Rh5, Be5, Rf1, Rxf1, Nxf1, Nf7, Bc1, Rc8, c4, dxc3] ...
dxc3 Gives us inValid move: No such move for piece found: []
8 .  .  ♖  .  .  .  .  .  
7 .  ♙  .  .  .  ♘  .  .  
6 ♙  .  .  .  .  .  ♔  .  
5 ♟  .  .  .  ♗  .  .  ♜  
4 .  .  ♟  ♙  ♟  .  ♚  ♙  
3 .  ♟  .  .  .  .  .  ♟  
2 .  .  .  .  .  .  .  .  
1 .  .  ♝  .  .  ♞  .  .  
  a  b  c  d  e  f  g  h

